npm warn Unknown project config "timeout". This will stop working in the next major version of npm.
.vscode/extensions/test-extension/main.ts(20,41): error TS2503: Cannot find namespace 'vscode'.
.vscode/extensions/test-extension/main.ts(39,31): error TS7006: Parameter 'token' implicitly has an 'any' type.
.vscode/extensions/test-extension/main.ts(43,34): error TS2503: Cannot find namespace 'vscode'.
.vscode/extensions/test-extension/main.ts(63,46): error TS2503: Cannot find namespace 'vscode'.
.vscode/extensions/test-extension/main.ts(63,127): error TS2503: Cannot find namespace 'vscode'.
.vscode/extensions/test-extension/main.ts(73,33): error TS2503: Cannot find namespace 'vscode'.
.vscode/extensions/test-extension/main.ts(74,16): error TS2503: Cannot find namespace 'vscode'.
.vscode/extensions/test-extension/main.ts(148,26): error TS2503: Cannot find namespace 'vscode'.
.vscode/extensions/test-extension/main.ts(206,91): error TS7006: Parameter 'request' implicitly has an 'any' type.
.vscode/extensions/test-extension/main.ts(206,100): error TS7006: Parameter 'token' implicitly has an 'any' type.
.vscode/extensions/test-extension/main.ts(210,102): error TS7006: Parameter 'request' implicitly has an 'any' type.
.vscode/extensions/test-extension/main.ts(210,111): error TS7006: Parameter 'token' implicitly has an 'any' type.
.vscode/extensions/test-extension/main.ts(213,120): error TS7006: Parameter 'request' implicitly has an 'any' type.
.vscode/extensions/test-extension/main.ts(213,129): error TS7006: Parameter 'token' implicitly has an 'any' type.
.vscode/extensions/test-extension/main.ts(229,112): error TS7006: Parameter 'request' implicitly has an 'any' type.
.vscode/extensions/test-extension/main.ts(229,121): error TS7006: Parameter 'token' implicitly has an 'any' type.
.vscode/extensions/test-extension/main.ts(243,27): error TS2503: Cannot find namespace 'vscode'.
.vscode/extensions/test-extension/main.ts(261,31): error TS7006: Parameter 'session' implicitly has an 'any' type.
.vscode/extensions/test-extension/main.ts(275,24): error TS7031: Binding element 'type' implicitly has an 'any' type.
.vscode/extensions/test-extension/main.ts(275,30): error TS7031: Binding element 'event' implicitly has an 'any' type.
.vscode/extensions/test-extension/main.ts(275,37): error TS7031: Binding element 'body' implicitly has an 'any' type.
.vscode/extensions/test-extension/main.ts(283,52): error TS7006: Parameter 'session' implicitly has an 'any' type.
src/extension/agentDebug/vscode-node/toolResultContentRenderer.ts(17,16): error TS18046: 'part' is of type 'unknown'.
src/extension/agentDebug/vscode-node/toolResultContentRenderer.ts(22,32): error TS18046: 'part' is of type 'unknown'.
src/extension/agents/vscode-node/askAgentProvider.ts(42,61): error TS2503: Cannot find namespace 'vscode'.
src/extension/agents/vscode-node/askAgentProvider.ts(69,11): error TS2503: Cannot find namespace 'vscode'.
src/extension/agents/vscode-node/askAgentProvider.ts(70,13): error TS2503: Cannot find namespace 'vscode'.
src/extension/agents/vscode-node/askAgentProvider.ts(77,58): error TS2503: Cannot find namespace 'vscode'.
src/extension/agents/vscode-node/askAgentProvider.ts(79,27): error TS2339: Property 'globalStorageUri' does not exist on type 'IVSCodeExtensionContext'.
src/extension/agents/vscode-node/editModeAgentProvider.ts(49,66): error TS2503: Cannot find namespace 'vscode'.
src/extension/agents/vscode-node/editModeAgentProvider.ts(65,11): error TS2503: Cannot find namespace 'vscode'.
src/extension/agents/vscode-node/editModeAgentProvider.ts(66,13): error TS2503: Cannot find namespace 'vscode'.
src/extension/agents/vscode-node/editModeAgentProvider.ts(72,58): error TS2503: Cannot find namespace 'vscode'.
src/extension/agents/vscode-node/editModeAgentProvider.ts(74,27): error TS2339: Property 'globalStorageUri' does not exist on type 'IVSCodeExtensionContext'.
src/extension/agents/vscode-node/exploreAgentProvider.ts(50,65): error TS2503: Cannot find namespace 'vscode'.
src/extension/agents/vscode-node/exploreAgentProvider.ts(77,11): error TS2503: Cannot find namespace 'vscode'.
src/extension/agents/vscode-node/exploreAgentProvider.ts(78,13): error TS2503: Cannot find namespace 'vscode'.
src/extension/agents/vscode-node/exploreAgentProvider.ts(85,58): error TS2503: Cannot find namespace 'vscode'.
src/extension/agents/vscode-node/exploreAgentProvider.ts(87,27): error TS2339: Property 'globalStorageUri' does not exist on type 'IVSCodeExtensionContext'.
src/extension/agents/vscode-node/githubOrgChatResourcesService.ts(56,63): error TS2503: Cannot find namespace 'vscode'.
src/extension/agents/vscode-node/githubOrgChatResourcesService.ts(241,59): error TS2503: Cannot find namespace 'vscode'.
src/extension/agents/vscode-node/githubOrgChatResourcesService.ts(245,26): error TS2339: Property 'globalStorageUri' does not exist on type 'IVSCodeExtensionContext'.
src/extension/agents/vscode-node/githubOrgChatResourcesService.ts(252,81): error TS2503: Cannot find namespace 'vscode'.
src/extension/agents/vscode-node/githubOrgChatResourcesService.ts(335,69): error TS2503: Cannot find namespace 'vscode'.
src/extension/agents/vscode-node/githubOrgChatResourcesService.ts(336,20): error TS2503: Cannot find namespace 'vscode'.
src/extension/agents/vscode-node/githubOrgCustomAgentProvider.ts(20,73): error TS2503: Cannot find namespace 'vscode'.
src/extension/agents/vscode-node/githubOrgCustomAgentProvider.ts(35,54): error TS2503: Cannot find namespace 'vscode'.
src/extension/agents/vscode-node/githubOrgCustomAgentProvider.ts(35,89): error TS2503: Cannot find namespace 'vscode'.
src/extension/agents/vscode-node/githubOrgInstructionsProvider.ts(16,74): error TS2503: Cannot find namespace 'vscode'.
src/extension/agents/vscode-node/githubOrgInstructionsProvider.ts(34,10): error TS2503: Cannot find namespace 'vscode'.
src/extension/agents/vscode-node/githubOrgInstructionsProvider.ts(35,13): error TS2503: Cannot find namespace 'vscode'.
src/extension/agents/vscode-node/planAgentProvider.ts(40,62): error TS2503: Cannot find namespace 'vscode'.
src/extension/agents/vscode-node/planAgentProvider.ts(76,11): error TS2503: Cannot find namespace 'vscode'.
src/extension/agents/vscode-node/planAgentProvider.ts(77,13): error TS2503: Cannot find namespace 'vscode'.
src/extension/agents/vscode-node/planAgentProvider.ts(89,57): error TS2503: Cannot find namespace 'vscode'.
src/extension/agents/vscode-node/planAgentProvider.ts(91,26): error TS2339: Property 'globalStorageUri' does not exist on type 'IVSCodeExtensionContext'.
src/extension/agents/vscode-node/promptFileContrib.ts(32,78): error TS2503: Cannot find namespace 'vscode'.
src/extension/agents/vscode-node/promptFileContrib.ts(54,35): error TS2503: Cannot find namespace 'vscode'.
src/extension/agents/vscode-node/promptFileContrib.ts(67,77): error TS2503: Cannot find namespace 'vscode'.
src/extension/agents/vscode-node/promptFileContrib.ts(92,42): error TS2503: Cannot find namespace 'vscode'.
src/extension/agents/vscode-node/test/askAgentProvider.spec.ts(10,1): error TS6133: 'vscode' is declared but its value is never read.
src/extension/agents/vscode-node/test/askAgentProvider.spec.ts(54,40): error TS2503: Cannot find namespace 'vscode'.
src/extension/agents/vscode-node/test/githubOrgChatResourcesService.spec.ts(8,15): error TS2305: Module '"vscode"' has no exported member 'ExtensionContext'.
src/extension/agents/vscode-node/test/githubOrgCustomAgentProvider.spec.ts(8,15): error TS2305: Module '"vscode"' has no exported member 'ExtensionContext'.
src/extension/agents/vscode-node/test/githubOrgInstructionsProvider.spec.ts(8,15): error TS2305: Module '"vscode"' has no exported member 'ExtensionContext'.
src/extension/agents/vscode-node/test/planAgentProvider.spec.ts(10,1): error TS6133: 'vscode' is declared but its value is never read.
src/extension/agents/vscode-node/test/planAgentProvider.spec.ts(56,40): error TS2503: Cannot find namespace 'vscode'.
src/extension/api/vscode/extensionApi.ts(6,10): error TS2305: Module '"vscode"' has no exported member 'TextEditor'.
src/extension/api/vscode/extensionApi.ts(6,22): error TS2305: Module '"vscode"' has no exported member 'window'.
src/extension/api/vscode/vscodeContextProviderApi.ts(6,10): error TS2305: Module '"vscode"' has no exported member 'Disposable'.
src/extension/authentication/vscode-node/authentication.contribution.ts(5,10): error TS2305: Module '"vscode"' has no exported member 'commands'.
src/extension/authentication/vscode-node/authentication.contribution.ts(5,20): error TS2305: Module '"vscode"' has no exported member 'window'.
src/extension/authentication/vscode-node/authentication.contribution.ts(75,28): error TS2339: Property 'globalState' does not exist on type 'IVSCodeExtensionContext'.
src/extension/authentication/vscode-node/authentication.contribution.ts(82,61): error TS7006: Parameter 'e' implicitly has an 'any' type.
src/extension/authentication/vscode-node/authentication.contribution.ts(95,27): error TS2339: Property 'globalState' does not exist on type 'IVSCodeExtensionContext'.
src/extension/authentication/vscode-node/authentication.contribution.ts(106,26): error TS2339: Property 'globalState' does not exist on type 'IVSCodeExtensionContext'.
src/extension/byok/common/anthropicMessageConverter.ts(7,15): error TS2305: Module '"vscode"' has no exported member 'LanguageModelChatMessage'.
src/extension/byok/common/anthropicMessageConverter.ts(102,32): error TS7006: Parameter 'p' implicitly has an 'any' type.
src/extension/byok/common/anthropicMessageConverter.ts(145,46): error TS7006: Parameter 'p' implicitly has an 'any' type.
src/extension/byok/common/byokFailover.ts(7,15): error TS2305: Module '"vscode"' has no exported member 'Progress'.
src/extension/byok/common/byokProvider.ts(5,15): error TS2305: Module '"vscode"' has no exported member 'Disposable'.
src/extension/byok/common/byokProvider.ts(5,27): error TS2305: Module '"vscode"' has no exported member 'LanguageModelChatInformation'.
src/extension/byok/common/byokProvider.ts(5,57): error TS2305: Module '"vscode"' has no exported member 'LanguageModelDataPart'.
src/extension/byok/common/byokProvider.ts(5,80): error TS2305: Module '"vscode"' has no exported member 'LanguageModelTextPart'.
src/extension/byok/common/byokProvider.ts(5,103): error TS2305: Module '"vscode"' has no exported member 'LanguageModelThinkingPart'.
src/extension/byok/common/byokProvider.ts(5,130): error TS2305: Module '"vscode"' has no exported member 'LanguageModelToolCallPart'.
src/extension/byok/common/byokProvider.ts(5,157): error TS2305: Module '"vscode"' has no exported member 'LanguageModelToolResultPart'.
src/extension/byok/common/byokStubChatEndpoint.ts(44,15): error TS2305: Module '"vscode"' has no exported member 'LanguageModelChatTool'.
src/extension/byok/common/geminiMessageConverter.ts(7,15): error TS2305: Module '"vscode"' has no exported member 'LanguageModelChatMessage'.
src/extension/byok/common/geminiMessageConverter.ts(97,14): error TS7006: Parameter 'p' implicitly has an 'any' type.
src/extension/byok/common/geminiMessageConverter.ts(98,10): error TS7006: Parameter 'p' implicitly has an 'any' type.
src/extension/byok/common/geminiMessageConverter.ts(102,44): error TS7006: Parameter 'p' implicitly has an 'any' type.
src/extension/byok/common/geminiMessageConverter.ts(112,96): error TS7006: Parameter 'p' implicitly has an 'any' type.
src/extension/byok/common/geminiMessageConverter.ts(135,46): error TS7006: Parameter 'p' implicitly has an 'any' type.
src/extension/byok/common/geminiMessageConverter.ts(144,29): error TS7006: Parameter 'p' implicitly has an 'any' type.
src/extension/byok/common/geminiMessageConverter.ts(197,14): error TS7006: Parameter 'p' implicitly has an 'any' type.
src/extension/byok/common/geminiMessageConverter.ts(198,10): error TS7006: Parameter 'p' implicitly has an 'any' type.
src/extension/byok/common/test/contextBreakdown.spec.ts(7,15): error TS2305: Module '"vscode"' has no exported member 'LanguageModelChatTool'.
src/extension/byok/common/test/geminiMessageConverter.spec.ts(8,15): error TS2305: Module '"vscode"' has no exported member 'LanguageModelChatMessage'.
src/extension/byok/node/openAIEndpoint.ts(5,15): error TS2305: Module '"vscode"' has no exported member 'CancellationToken'.
src/extension/byok/vscode-node/abstractLanguageModelChatProvider.ts(6,10): error TS2305: Module '"vscode"' has no exported member 'CancellationToken'.
src/extension/byok/vscode-node/abstractLanguageModelChatProvider.ts(6,29): error TS2305: Module '"vscode"' has no exported member 'commands'.
src/extension/byok/vscode-node/abstractLanguageModelChatProvider.ts(6,39): error TS2305: Module '"vscode"' has no exported member 'LanguageModelChatInformation'.
src/extension/byok/vscode-node/abstractLanguageModelChatProvider.ts(6,69): error TS2305: Module '"vscode"' has no exported member 'LanguageModelChatMessage'.
src/extension/byok/vscode-node/abstractLanguageModelChatProvider.ts(6,95): error TS2305: Module '"vscode"' has no exported member 'LanguageModelChatMessage2'.
src/extension/byok/vscode-node/abstractLanguageModelChatProvider.ts(6,122): error TS2305: Module '"vscode"' has no exported member 'LanguageModelChatProvider'.
src/extension/byok/vscode-node/abstractLanguageModelChatProvider.ts(6,149): error TS2305: Module '"vscode"' has no exported member 'LanguageModelResponsePart2'.
src/extension/byok/vscode-node/abstractLanguageModelChatProvider.ts(6,177): error TS2305: Module '"vscode"' has no exported member 'PrepareLanguageModelChatModelOptions'.
src/extension/byok/vscode-node/abstractLanguageModelChatProvider.ts(6,215): error TS2305: Module '"vscode"' has no exported member 'Progress'.
src/extension/byok/vscode-node/abstractLanguageModelChatProvider.ts(6,225): error TS2305: Module '"vscode"' has no exported member 'ProvideLanguageModelChatResponseOptions'.
src/extension/byok/vscode-node/abstractLanguageModelChatProvider.ts(230,45): error TS2339: Property 'id' does not exist on type 'OpenAICompatibleLanguageModelChatInformation<T>'.
src/extension/byok/vscode-node/anthropicProvider.ts(8,10): error TS2305: Module '"vscode"' has no exported member 'CancellationToken'.
src/extension/byok/vscode-node/anthropicProvider.ts(8,29): error TS2305: Module '"vscode"' has no exported member 'LanguageModelChatInformation'.
src/extension/byok/vscode-node/anthropicProvider.ts(8,59): error TS2305: Module '"vscode"' has no exported member 'LanguageModelChatMessage'.
src/extension/byok/vscode-node/anthropicProvider.ts(8,85): error TS2305: Module '"vscode"' has no exported member 'LanguageModelChatMessage2'.
src/extension/byok/vscode-node/anthropicProvider.ts(8,112): error TS2305: Module '"vscode"' has no exported member 'LanguageModelDataPart'.
src/extension/byok/vscode-node/anthropicProvider.ts(8,135): error TS2305: Module '"vscode"' has no exported member 'LanguageModelResponsePart2'.
src/extension/byok/vscode-node/anthropicProvider.ts(8,163): error TS2305: Module '"vscode"' has no exported member 'LanguageModelTextPart'.
src/extension/byok/vscode-node/anthropicProvider.ts(8,186): error TS2305: Module '"vscode"' has no exported member 'LanguageModelThinkingPart'.
src/extension/byok/vscode-node/anthropicProvider.ts(8,213): error TS2305: Module '"vscode"' has no exported member 'LanguageModelToolCallPart'.
src/extension/byok/vscode-node/anthropicProvider.ts(8,240): error TS2305: Module '"vscode"' has no exported member 'LanguageModelToolResultPart'.
src/extension/byok/vscode-node/anthropicProvider.ts(8,269): error TS2305: Module '"vscode"' has no exported member 'Progress'.
src/extension/byok/vscode-node/anthropicProvider.ts(8,279): error TS2305: Module '"vscode"' has no exported member 'ProvideLanguageModelChatResponseOptions'.
src/extension/byok/vscode-node/anthropicProvider.ts(273,67): error TS2339: Property 'id' does not exist on type 'ExtendedLanguageModelChatInformation<LanguageModelChatConfiguration>'.
src/extension/byok/vscode-node/anthropicProvider.ts(275,86): error TS2339: Property 'id' does not exist on type 'ExtendedLanguageModelChatInformation<LanguageModelChatConfiguration>'.
src/extension/byok/vscode-node/anthropicProvider.ts(276,112): error TS2339: Property 'id' does not exist on type 'ExtendedLanguageModelChatInformation<LanguageModelChatConfiguration>'.
src/extension/byok/vscode-node/anthropicProvider.ts(278,59): error TS2339: Property 'id' does not exist on type 'ExtendedLanguageModelChatInformation<LanguageModelChatConfiguration>'.
src/extension/byok/vscode-node/anthropicProvider.ts(286,13): error TS7006: Parameter 'value' implicitly has an 'any' type.
src/extension/byok/vscode-node/anthropicProvider.ts(333,19): error TS2339: Property 'id' does not exist on type 'ExtendedLanguageModelChatInformation<LanguageModelChatConfiguration>'.
src/extension/byok/vscode-node/anthropicProvider.ts(334,34): error TS2339: Property 'maxInputTokens' does not exist on type 'ExtendedLanguageModelChatInformation<LanguageModelChatConfiguration>'.
src/extension/byok/vscode-node/anthropicProvider.ts(338,19): error TS2339: Property 'id' does not exist on type 'ExtendedLanguageModelChatInformation<LanguageModelChatConfiguration>'.
src/extension/byok/vscode-node/anthropicProvider.ts(343,34): error TS7006: Parameter 'tool' implicitly has an 'any' type.
src/extension/byok/vscode-node/anthropicProvider.ts(354,56): error TS2339: Property 'id' does not exist on type 'ExtendedLanguageModelChatInformation<LanguageModelChatConfiguration>'.
src/extension/byok/vscode-node/anthropicProvider.ts(358,60): error TS2339: Property 'id' does not exist on type 'ExtendedLanguageModelChatInformation<LanguageModelChatConfiguration>'.
src/extension/byok/vscode-node/anthropicProvider.ts(359,30): error TS7006: Parameter 't' implicitly has an 'any' type.
src/extension/byok/vscode-node/anthropicProvider.ts(442,57): error TS2339: Property 'id' does not exist on type 'ExtendedLanguageModelChatInformation<LanguageModelChatConfiguration>'.
src/extension/byok/vscode-node/anthropicProvider.ts(442,67): error TS2339: Property 'maxOutputTokens' does not exist on type 'ExtendedLanguageModelChatInformation<LanguageModelChatConfiguration>'.
src/extension/byok/vscode-node/anthropicProvider.ts(445,56): error TS2339: Property 'id' does not exist on type 'ExtendedLanguageModelChatInformation<LanguageModelChatConfiguration>'.
src/extension/byok/vscode-node/anthropicProvider.ts(450,69): error TS2339: Property 'id' does not exist on type 'ExtendedLanguageModelChatInformation<LanguageModelChatConfiguration>'.
src/extension/byok/vscode-node/anthropicProvider.ts(547,18): error TS2339: Property 'id' does not exist on type 'ExtendedLanguageModelChatInformation<LanguageModelChatConfiguration>'.
src/extension/byok/vscode-node/anthropicProvider.ts(549,23): error TS2339: Property 'maxOutputTokens' does not exist on type 'ExtendedLanguageModelChatInformation<LanguageModelChatConfiguration>'.
src/extension/byok/vscode-node/anthropicProvider.ts(577,31): error TS2339: Property 'TokenUsage' does not exist on type 'typeof CustomDataPartMimeTypes'.
src/extension/byok/vscode-node/anthropicProvider.ts(583,22): error TS18046: 'i' is of type 'unknown'.
src/extension/byok/vscode-node/anthropicProvider.ts(588,15): error TS18046: 'i' is of type 'unknown'.
src/extension/byok/vscode-node/anthropicProvider.ts(589,35): error TS18046: 'i' is of type 'unknown'.
src/extension/byok/vscode-node/anthropicProvider.ts(590,13): error TS18046: 'i' is of type 'unknown'.
src/extension/byok/vscode-node/anthropicProvider.ts(595,26): error TS18046: 'i' is of type 'unknown'.
src/extension/byok/vscode-node/anthropicProvider.ts(595,40): error TS7006: Parameter 'c' implicitly has an 'any' type.
src/extension/byok/vscode-node/anthropicProvider.ts(597,30): error TS18046: 'i' is of type 'unknown'.
src/extension/byok/vscode-node/anthropicProvider.ts(619,27): error TS2339: Property 'id' does not exist on type 'ExtendedLanguageModelChatInformation<LanguageModelChatConfiguration>'.
src/extension/byok/vscode-node/anthropicProvider.ts(630,41): error TS2339: Property 'id' does not exist on type 'ExtendedLanguageModelChatInformation<LanguageModelChatConfiguration>'.
src/extension/byok/vscode-node/anthropicProvider.ts(635,45): error TS2339: Property 'maxOutputTokens' does not exist on type 'ExtendedLanguageModelChatInformation<LanguageModelChatConfiguration>'.
src/extension/byok/vscode-node/anthropicProvider.ts(657,134): error TS2339: Property 'id' does not exist on type 'ExtendedLanguageModelChatInformation<LanguageModelChatConfiguration>'.
src/extension/byok/vscode-node/anthropicProvider.ts(657,159): error TS2339: Property 'id' does not exist on type 'ExtendedLanguageModelChatInformation<LanguageModelChatConfiguration>'.
src/extension/byok/vscode-node/anthropicProvider.ts(661,86): error TS2339: Property 'id' does not exist on type 'ExtendedLanguageModelChatInformation<LanguageModelChatConfiguration>'.
src/extension/byok/vscode-node/anthropicProvider.ts(667,21): error TS2339: Property 'id' does not exist on type 'ExtendedLanguageModelChatInformation<LanguageModelChatConfiguration>'.
src/extension/byok/vscode-node/anthropicProvider.ts(667,42): error TS2339: Property 'maxOutputTokens' does not exist on type 'ExtendedLanguageModelChatInformation<LanguageModelChatConfiguration>'.
src/extension/byok/vscode-node/anthropicProvider.ts(670,20): error TS2339: Property 'id' does not exist on type 'ExtendedLanguageModelChatInformation<LanguageModelChatConfiguration>'.
src/extension/byok/vscode-node/anthropicProvider.ts(732,19): error TS2339: Property 'id' does not exist on type 'ExtendedLanguageModelChatInformation<LanguageModelChatConfiguration>'.
src/extension/byok/vscode-node/anthropicProvider.ts(735,27): error TS2339: Property 'maxInputTokens' does not exist on type 'ExtendedLanguageModelChatInformation<LanguageModelChatConfiguration>'.
src/extension/byok/vscode-node/anthropicProvider.ts(736,27): error TS2339: Property 'maxOutputTokens' does not exist on type 'ExtendedLanguageModelChatInformation<LanguageModelChatConfiguration>'.
src/extension/byok/vscode-node/anthropicProvider.ts(756,22): error TS18046: 'i' is of type 'unknown'.
src/extension/byok/vscode-node/anthropicProvider.ts(761,15): error TS18046: 'i' is of type 'unknown'.
src/extension/byok/vscode-node/anthropicProvider.ts(762,35): error TS18046: 'i' is of type 'unknown'.
src/extension/byok/vscode-node/anthropicProvider.ts(763,13): error TS18046: 'i' is of type 'unknown'.
src/extension/byok/vscode-node/anthropicProvider.ts(768,26): error TS18046: 'i' is of type 'unknown'.
src/extension/byok/vscode-node/anthropicProvider.ts(768,40): error TS7006: Parameter 'c' implicitly has an 'any' type.
src/extension/byok/vscode-node/anthropicProvider.ts(770,30): error TS18046: 'i' is of type 'unknown'.
src/extension/byok/vscode-node/anthropicProvider.ts(782,57): error TS2339: Property 'id' does not exist on type 'ExtendedLanguageModelChatInformation<LanguageModelChatConfiguration>'.
src/extension/byok/vscode-node/anthropicProvider.ts(787,39): error TS2339: Property 'id' does not exist on type 'ExtendedLanguageModelChatInformation<LanguageModelChatConfiguration>'.
src/extension/byok/vscode-node/anthropicProvider.ts(789,49): error TS2339: Property 'maxInputTokens' does not exist on type 'ExtendedLanguageModelChatInformation<LanguageModelChatConfiguration>'.
src/extension/byok/vscode-node/anthropicProvider.ts(814,96): error TS18046: 'c' is of type 'unknown'.
src/extension/byok/vscode-node/azureProvider.ts(7,10): error TS2305: Module '"vscode"' has no exported member 'CancellationToken'.
src/extension/byok/vscode-node/azureProvider.ts(7,29): error TS2305: Module '"vscode"' has no exported member 'LanguageModelChatMessage'.
src/extension/byok/vscode-node/azureProvider.ts(7,55): error TS2305: Module '"vscode"' has no exported member 'LanguageModelChatMessage2'.
src/extension/byok/vscode-node/azureProvider.ts(7,82): error TS2305: Module '"vscode"' has no exported member 'LanguageModelResponsePart2'.
src/extension/byok/vscode-node/azureProvider.ts(7,110): error TS2305: Module '"vscode"' has no exported member 'Progress'.
src/extension/byok/vscode-node/azureProvider.ts(7,120): error TS2305: Module '"vscode"' has no exported member 'ProvideLanguageModelChatResponseOptions'.
src/extension/byok/vscode-node/azureProvider.ts(97,18): error TS2503: Cannot find namespace 'vscode'.
src/extension/byok/vscode-node/azureProvider.ts(106,37): error TS2339: Property 'id' does not exist on type 'OpenAICompatibleLanguageModelChatInformation<CustomOAIModelProviderConfig>'.
src/extension/byok/vscode-node/azureProvider.ts(107,84): error TS2339: Property 'id' does not exist on type 'OpenAICompatibleLanguageModelChatInformation<CustomOAIModelProviderConfig>'.
src/extension/byok/vscode-node/azureProvider.ts(109,26): error TS2339: Property 'maxInputTokens' does not exist on type 'OpenAICompatibleLanguageModelChatInformation<CustomOAIModelProviderConfig>'.
src/extension/byok/vscode-node/azureProvider.ts(110,27): error TS2339: Property 'maxOutputTokens' does not exist on type 'OpenAICompatibleLanguageModelChatInformation<CustomOAIModelProviderConfig>'.
src/extension/byok/vscode-node/azureProvider.ts(111,25): error TS2339: Property 'capabilities' does not exist on type 'OpenAICompatibleLanguageModelChatInformation<CustomOAIModelProviderConfig>'.
src/extension/byok/vscode-node/azureProvider.ts(112,20): error TS2339: Property 'capabilities' does not exist on type 'OpenAICompatibleLanguageModelChatInformation<CustomOAIModelProviderConfig>'.
src/extension/byok/vscode-node/azureProvider.ts(113,16): error TS2339: Property 'name' does not exist on type 'OpenAICompatibleLanguageModelChatInformation<CustomOAIModelProviderConfig>'.
src/extension/byok/vscode-node/azureProvider.ts(118,21): error TS2339: Property 'capabilities' does not exist on type 'OpenAICompatibleLanguageModelChatInformation<CustomOAIModelProviderConfig>'.
src/extension/byok/vscode-node/azureProvider.ts(121,44): error TS2339: Property 'id' does not exist on type 'OpenAICompatibleLanguageModelChatInformation<CustomOAIModelProviderConfig>'.
src/extension/byok/vscode-node/byokAutoProvider.ts(10,2): error TS2305: Module '"vscode"' has no exported member 'CancellationToken'.
src/extension/byok/vscode-node/byokAutoProvider.ts(11,2): error TS2305: Module '"vscode"' has no exported member 'LanguageModelChat'.
src/extension/byok/vscode-node/byokAutoProvider.ts(12,2): error TS2305: Module '"vscode"' has no exported member 'LanguageModelChatInformation'.
src/extension/byok/vscode-node/byokAutoProvider.ts(13,2): error TS2305: Module '"vscode"' has no exported member 'LanguageModelChatMessage'.
src/extension/byok/vscode-node/byokAutoProvider.ts(14,2): error TS2305: Module '"vscode"' has no exported member 'LanguageModelChatMessage2'.
src/extension/byok/vscode-node/byokAutoProvider.ts(15,2): error TS2305: Module '"vscode"' has no exported member 'LanguageModelChatProvider'.
src/extension/byok/vscode-node/byokAutoProvider.ts(16,2): error TS2305: Module '"vscode"' has no exported member 'LanguageModelResponsePart2'.
src/extension/byok/vscode-node/byokAutoProvider.ts(17,2): error TS2305: Module '"vscode"' has no exported member 'LanguageModelTextPart'.
src/extension/byok/vscode-node/byokAutoProvider.ts(18,2): error TS2305: Module '"vscode"' has no exported member 'PrepareLanguageModelChatModelOptions'.
src/extension/byok/vscode-node/byokAutoProvider.ts(19,2): error TS2305: Module '"vscode"' has no exported member 'Progress'.
src/extension/byok/vscode-node/byokAutoProvider.ts(20,2): error TS2305: Module '"vscode"' has no exported member 'ProvideLanguageModelChatResponseOptions'.
src/extension/byok/vscode-node/byokContribution.ts(5,10): error TS2305: Module '"vscode"' has no exported member 'LanguageModelChatInformation'.
src/extension/byok/vscode-node/byokContribution.ts(5,40): error TS2305: Module '"vscode"' has no exported member 'LanguageModelChatProvider'.
src/extension/byok/vscode-node/byokContribution.ts(5,67): error TS2305: Module '"vscode"' has no exported member 'lm'.
src/extension/byok/vscode-node/byokContribution.ts(18,1): error TS6133: 'BYOKAutoLMProvider' is declared but its value is never read.
src/extension/byok/vscode-node/byokContribution.ts(25,1): error TS6133: 'VertexAnthropicLMProvider' is declared but its value is never read.
src/extension/byok/vscode-node/byokModelInfo.ts(5,10): error TS2305: Module '"vscode"' has no exported member 'l10n'.
src/extension/byok/vscode-node/byokModelInfo.ts(5,21): error TS2305: Module '"vscode"' has no exported member 'LanguageModelChatInformation'.
src/extension/byok/vscode-node/byokModelInfo.ts(5,56): error TS2305: Module '"vscode"' has no exported member 'LanguageModelConfigurationSchema'.
src/extension/byok/vscode-node/byokStorageService.ts(68,50): error TS2339: Property 'secrets' does not exist on type 'IVSCodeExtensionContext'.
src/extension/byok/vscode-node/byokStorageService.ts(76,52): error TS2339: Property 'secrets' does not exist on type 'IVSCodeExtensionContext'.
src/extension/byok/vscode-node/byokStorageService.ts(96,33): error TS2339: Property 'secrets' does not exist on type 'IVSCodeExtensionContext'.
src/extension/byok/vscode-node/byokStorageService.ts(99,33): error TS2339: Property 'secrets' does not exist on type 'IVSCodeExtensionContext'.
src/extension/byok/vscode-node/byokStorageService.ts(110,33): error TS2339: Property 'secrets' does not exist on type 'IVSCodeExtensionContext'.
src/extension/byok/vscode-node/byokStorageService.ts(113,33): error TS2339: Property 'secrets' does not exist on type 'IVSCodeExtensionContext'.
src/extension/byok/vscode-node/byokStorageService.ts(118,33): error TS2339: Property 'globalState' does not exist on type 'IVSCodeExtensionContext'.
src/extension/byok/vscode-node/byokStorageService.ts(144,32): error TS2339: Property 'globalState' does not exist on type 'IVSCodeExtensionContext'.
src/extension/byok/vscode-node/byokStorageService.ts(155,33): error TS2339: Property 'globalState' does not exist on type 'IVSCodeExtensionContext'.
src/extension/byok/vscode-node/byokStorageService.ts(160,33): error TS2339: Property 'secrets' does not exist on type 'IVSCodeExtensionContext'.
src/extension/byok/vscode-node/byokStorageService.ts(163,33): error TS2339: Property 'globalState' does not exist on type 'IVSCodeExtensionContext'.
src/extension/byok/vscode-node/contextWindowStatusItem.ts(53,32): error TS2503: Cannot find namespace 'vscode'.
src/extension/byok/vscode-node/customOAIProvider.ts(92,53): error TS2339: Property 'globalState' does not exist on type 'IVSCodeExtensionContext'.
src/extension/byok/vscode-node/customOAIProvider.ts(110,33): error TS2339: Property 'globalState' does not exist on type 'IVSCodeExtensionContext'.
src/extension/byok/vscode-node/customOAIProvider.ts(136,37): error TS2339: Property 'id' does not exist on type 'OpenAICompatibleLanguageModelChatInformation<CustomOAIModelProviderConfig>'.
src/extension/byok/vscode-node/customOAIProvider.ts(137,84): error TS2339: Property 'id' does not exist on type 'OpenAICompatibleLanguageModelChatInformation<CustomOAIModelProviderConfig>'.
src/extension/byok/vscode-node/customOAIProvider.ts(139,26): error TS2339: Property 'maxInputTokens' does not exist on type 'OpenAICompatibleLanguageModelChatInformation<CustomOAIModelProviderConfig>'.
src/extension/byok/vscode-node/customOAIProvider.ts(140,27): error TS2339: Property 'maxOutputTokens' does not exist on type 'OpenAICompatibleLanguageModelChatInformation<CustomOAIModelProviderConfig>'.
src/extension/byok/vscode-node/customOAIProvider.ts(141,25): error TS2339: Property 'capabilities' does not exist on type 'OpenAICompatibleLanguageModelChatInformation<CustomOAIModelProviderConfig>'.
src/extension/byok/vscode-node/customOAIProvider.ts(142,20): error TS2339: Property 'capabilities' does not exist on type 'OpenAICompatibleLanguageModelChatInformation<CustomOAIModelProviderConfig>'.
src/extension/byok/vscode-node/customOAIProvider.ts(143,16): error TS2339: Property 'name' does not exist on type 'OpenAICompatibleLanguageModelChatInformation<CustomOAIModelProviderConfig>'.
src/extension/byok/vscode-node/customOAIProvider.ts(152,44): error TS2339: Property 'id' does not exist on type 'OpenAICompatibleLanguageModelChatInformation<CustomOAIModelProviderConfig>'.
src/extension/byok/vscode-node/deepseekProvider.ts(25,10): error TS2305: Module '"vscode"' has no exported member 'CancellationToken'.
src/extension/byok/vscode-node/deepseekProvider.ts(25,29): error TS2305: Module '"vscode"' has no exported member 'LanguageModelChatMessage'.
src/extension/byok/vscode-node/deepseekProvider.ts(25,55): error TS2305: Module '"vscode"' has no exported member 'LanguageModelChatMessage2'.
src/extension/byok/vscode-node/deepseekProvider.ts(25,82): error TS2305: Module '"vscode"' has no exported member 'LanguageModelResponsePart2'.
src/extension/byok/vscode-node/deepseekProvider.ts(25,110): error TS2305: Module '"vscode"' has no exported member 'LanguageModelTextPart'.
src/extension/byok/vscode-node/deepseekProvider.ts(25,133): error TS2305: Module '"vscode"' has no exported member 'LanguageModelToolCallPart'.
src/extension/byok/vscode-node/deepseekProvider.ts(25,160): error TS2305: Module '"vscode"' has no exported member 'Progress'.
src/extension/byok/vscode-node/deepseekProvider.ts(25,170): error TS2305: Module '"vscode"' has no exported member 'ProvideLanguageModelChatResponseOptions'.
src/extension/byok/vscode-node/geminiNativeProvider.ts(7,10): error TS2305: Module '"vscode"' has no exported member 'CancellationToken'.
src/extension/byok/vscode-node/geminiNativeProvider.ts(7,29): error TS2305: Module '"vscode"' has no exported member 'LanguageModelChatInformation'.
src/extension/byok/vscode-node/geminiNativeProvider.ts(7,59): error TS2305: Module '"vscode"' has no exported member 'LanguageModelChatMessage'.
src/extension/byok/vscode-node/geminiNativeProvider.ts(7,85): error TS2305: Module '"vscode"' has no exported member 'LanguageModelChatMessage2'.
src/extension/byok/vscode-node/geminiNativeProvider.ts(7,112): error TS2305: Module '"vscode"' has no exported member 'LanguageModelDataPart'.
src/extension/byok/vscode-node/geminiNativeProvider.ts(7,135): error TS2305: Module '"vscode"' has no exported member 'LanguageModelResponsePart2'.
src/extension/byok/vscode-node/geminiNativeProvider.ts(7,163): error TS2305: Module '"vscode"' has no exported member 'LanguageModelTextPart'.
src/extension/byok/vscode-node/geminiNativeProvider.ts(7,186): error TS2305: Module '"vscode"' has no exported member 'LanguageModelThinkingPart'.
src/extension/byok/vscode-node/geminiNativeProvider.ts(7,213): error TS2305: Module '"vscode"' has no exported member 'LanguageModelToolCallPart'.
src/extension/byok/vscode-node/geminiNativeProvider.ts(7,240): error TS2305: Module '"vscode"' has no exported member 'Progress'.
src/extension/byok/vscode-node/geminiNativeProvider.ts(7,250): error TS2305: Module '"vscode"' has no exported member 'ProvideLanguageModelChatResponseOptions'.
src/extension/byok/vscode-node/geminiNativeProvider.ts(210,19): error TS2339: Property 'id' does not exist on type 'ExtendedLanguageModelChatInformation<LanguageModelChatConfiguration>'.
src/extension/byok/vscode-node/geminiNativeProvider.ts(211,34): error TS2339: Property 'maxInputTokens' does not exist on type 'ExtendedLanguageModelChatInformation<LanguageModelChatConfiguration>'.
src/extension/byok/vscode-node/geminiNativeProvider.ts(215,19): error TS2339: Property 'id' does not exist on type 'ExtendedLanguageModelChatInformation<LanguageModelChatConfiguration>'.
src/extension/byok/vscode-node/geminiNativeProvider.ts(220,34): error TS7006: Parameter 'tool' implicitly has an 'any' type.
src/extension/byok/vscode-node/geminiNativeProvider.ts(233,53): error TS7006: Parameter 'tool' implicitly has an 'any' type.
src/extension/byok/vscode-node/geminiNativeProvider.ts(261,18): error TS2339: Property 'id' does not exist on type 'ExtendedLanguageModelChatInformation<LanguageModelChatConfiguration>'.
src/extension/byok/vscode-node/geminiNativeProvider.ts(266,29): error TS2339: Property 'maxOutputTokens' does not exist on type 'ExtendedLanguageModelChatInformation<LanguageModelChatConfiguration>'.
src/extension/byok/vscode-node/geminiNativeProvider.ts(288,31): error TS2339: Property 'TokenUsage' does not exist on type 'typeof CustomDataPartMimeTypes'.
src/extension/byok/vscode-node/geminiNativeProvider.ts(297,27): error TS2339: Property 'id' does not exist on type 'ExtendedLanguageModelChatInformation<LanguageModelChatConfiguration>'.
src/extension/byok/vscode-node/geminiNativeProvider.ts(301,50): error TS18046: 'i' is of type 'unknown'.
src/extension/byok/vscode-node/geminiNativeProvider.ts(303,14): error TS18046: 'i' is of type 'unknown'.
src/extension/byok/vscode-node/geminiNativeProvider.ts(304,34): error TS18046: 'i' is of type 'unknown'.
src/extension/byok/vscode-node/geminiNativeProvider.ts(305,12): error TS18046: 'i' is of type 'unknown'.
src/extension/byok/vscode-node/geminiNativeProvider.ts(322,41): error TS2339: Property 'id' does not exist on type 'ExtendedLanguageModelChatInformation<LanguageModelChatConfiguration>'.
src/extension/byok/vscode-node/geminiNativeProvider.ts(327,45): error TS2339: Property 'maxOutputTokens' does not exist on type 'ExtendedLanguageModelChatInformation<LanguageModelChatConfiguration>'.
src/extension/byok/vscode-node/geminiNativeProvider.ts(349,112): error TS2339: Property 'id' does not exist on type 'ExtendedLanguageModelChatInformation<LanguageModelChatConfiguration>'.
src/extension/byok/vscode-node/geminiNativeProvider.ts(349,137): error TS2339: Property 'id' does not exist on type 'ExtendedLanguageModelChatInformation<LanguageModelChatConfiguration>'.
src/extension/byok/vscode-node/geminiNativeProvider.ts(353,86): error TS2339: Property 'id' does not exist on type 'ExtendedLanguageModelChatInformation<LanguageModelChatConfiguration>'.
src/extension/byok/vscode-node/geminiNativeProvider.ts(359,21): error TS2339: Property 'id' does not exist on type 'ExtendedLanguageModelChatInformation<LanguageModelChatConfiguration>'.
src/extension/byok/vscode-node/geminiNativeProvider.ts(359,42): error TS2339: Property 'maxOutputTokens' does not exist on type 'ExtendedLanguageModelChatInformation<LanguageModelChatConfiguration>'.
src/extension/byok/vscode-node/geminiNativeProvider.ts(362,20): error TS2339: Property 'id' does not exist on type 'ExtendedLanguageModelChatInformation<LanguageModelChatConfiguration>'.
src/extension/byok/vscode-node/geminiNativeProvider.ts(424,19): error TS2339: Property 'id' does not exist on type 'ExtendedLanguageModelChatInformation<LanguageModelChatConfiguration>'.
src/extension/byok/vscode-node/geminiNativeProvider.ts(427,27): error TS2339: Property 'maxInputTokens' does not exist on type 'ExtendedLanguageModelChatInformation<LanguageModelChatConfiguration>'.
src/extension/byok/vscode-node/geminiNativeProvider.ts(428,27): error TS2339: Property 'maxOutputTokens' does not exist on type 'ExtendedLanguageModelChatInformation<LanguageModelChatConfiguration>'.
src/extension/byok/vscode-node/geminiNativeProvider.ts(461,50): error TS18046: 'i' is of type 'unknown'.
src/extension/byok/vscode-node/geminiNativeProvider.ts(463,14): error TS18046: 'i' is of type 'unknown'.
src/extension/byok/vscode-node/geminiNativeProvider.ts(464,34): error TS18046: 'i' is of type 'unknown'.
src/extension/byok/vscode-node/geminiNativeProvider.ts(465,12): error TS18046: 'i' is of type 'unknown'.
src/extension/byok/vscode-node/geminiNativeProvider.ts(482,57): error TS2339: Property 'id' does not exist on type 'ExtendedLanguageModelChatInformation<LanguageModelChatConfiguration>'.
src/extension/byok/vscode-node/geminiNativeProvider.ts(487,39): error TS2339: Property 'id' does not exist on type 'ExtendedLanguageModelChatInformation<LanguageModelChatConfiguration>'.
src/extension/byok/vscode-node/geminiNativeProvider.ts(489,49): error TS2339: Property 'maxInputTokens' does not exist on type 'ExtendedLanguageModelChatInformation<LanguageModelChatConfiguration>'.
src/extension/byok/vscode-node/ollamaProvider.ts(142,45): error TS2339: Property 'id' does not exist on type 'OpenAICompatibleLanguageModelChatInformation<OllamaConfig>'.
src/extension/byok/vscode-node/openRouterProvider.ts(87,45): error TS2339: Property 'id' does not exist on type 'OpenAICompatibleLanguageModelChatInformation<LanguageModelChatConfiguration>'.
src/extension/byok/vscode-node/openRouterProvider.ts(88,48): error TS2339: Property 'id' does not exist on type 'OpenAICompatibleLanguageModelChatInformation<LanguageModelChatConfiguration>'.
src/extension/byok/vscode-node/test/geminiNativeProvider.spec.ts(57,21): error TS2503: Cannot find namespace 'vscode'.
src/extension/byok/vscode-node/test/geminiNativeProvider.spec.ts(59,31): error TS2503: Cannot find namespace 'vscode'.
src/extension/byok/vscode-node/test/geminiNativeProvider.spec.ts(110,16): error TS2503: Cannot find namespace 'vscode'.
src/extension/byok/vscode-node/test/geminiNativeProvider.spec.ts(119,19): error TS2503: Cannot find namespace 'vscode'.
src/extension/byok/vscode-node/test/geminiNativeProvider.spec.ts(290,28): error TS2339: Property 'id' does not exist on type 'ExtendedLanguageModelChatInformation<LanguageModelChatConfiguration>'.
src/extension/byok/vscode-node/test/ollamaProvider.spec.ts(92,36): error TS2339: Property 'id' does not exist on type 'OpenAICompatibleLanguageModelChatInformation<OllamaConfig>'.
src/extension/byok/vscode-node/vertexAnthropicProvider.ts(279,89): error TS2339: Property 'id' does not exist on type 'ExtendedLanguageModelChatInformation<VertexAnthropicProviderConfig>'.
src/extension/byok/vscode-node/vertexAnthropicProvider.ts(281,86): error TS2339: Property 'id' does not exist on type 'ExtendedLanguageModelChatInformation<VertexAnthropicProviderConfig>'.
src/extension/byok/vscode-node/vertexAnthropicProvider.ts(296,34): error TS2339: Property 'id' does not exist on type 'ExtendedLanguageModelChatInformation<VertexAnthropicProviderConfig>'.
src/extension/byok/vscode-node/vertexGeminiProvider.ts(130,21): error TS4113: This member cannot have an 'override' modifier because it is not declared in the base class 'GeminiNativeBYOKLMProvider'.
src/extension/chat/test/vscode-node/chatHookService.spec.ts(7,15): error TS2305: Module '"vscode"' has no exported member 'ChatHookCommand'.
src/extension/chat/test/vscode-node/chatHookService.spec.ts(7,32): error TS2305: Module '"vscode"' has no exported member 'ChatHookResult'.
src/extension/chat/test/vscode-node/chatHookService.spec.ts(7,48): error TS2305: Module '"vscode"' has no exported member 'ChatHookResultKind'.
src/extension/chat/test/vscode-node/chatHookService.spec.ts(7,68): error TS2305: Module '"vscode"' has no exported member 'ChatRequestHooks'.
src/extension/chat/test/vscode-node/chatHookService.spec.ts(7,86): error TS2305: Module '"vscode"' has no exported member 'Uri'.
src/extension/chat/vscode-node/chatDebugFileLoggerService.ts(149,58): error TS7006: Parameter 'event' implicitly has an 'any' type.
src/extension/chat/vscode-node/chatDebugFileLoggerService.ts(190,45): error TS2339: Property 'storageUri' does not exist on type 'IVSCodeExtensionContext'.
src/extension/chat/vscode-node/chatDebugFileLoggerService.ts(842,35): error TS2503: Cannot find namespace 'vscode'.
src/extension/chat/vscode-node/chatHookService.ts(7,1): error TS6133: 'vscode' is declared but its value is never read.
src/extension/chat/vscode-node/chatHookService.ts(35,45): error TS2503: Cannot find namespace 'vscode'.
src/extension/chat/vscode-node/chatHookService.ts(35,66): error TS2503: Cannot find namespace 'vscode'.
src/extension/chat/vscode-node/chatHookService.ts(41,85): error TS2503: Cannot find namespace 'vscode'.
src/extension/chat/vscode-node/chatHookService.ts(96,28): error TS2503: Cannot find namespace 'vscode'.
src/extension/chat/vscode-node/chatHookService.ts(102,30): error TS2503: Cannot find namespace 'vscode'.
src/extension/chat/vscode-node/chatHookService.ts(102,58): error TS2503: Cannot find namespace 'vscode'.
src/extension/chat/vscode-node/chatHookService.ts(102,139): error TS2503: Cannot find namespace 'vscode'.
src/extension/chat/vscode-node/chatHookService.ts(102,174): error TS2503: Cannot find namespace 'vscode'.
src/extension/chat/vscode-node/chatHookService.ts(119,24): error TS2503: Cannot find namespace 'vscode'.
src/extension/chat/vscode-node/chatHookService.ts(136,19): error TS2503: Cannot find namespace 'vscode'.
src/extension/chat/vscode-node/chatHookService.ts(243,78): error TS2503: Cannot find namespace 'vscode'.
src/extension/chat/vscode-node/chatHookService.ts(332,95): error TS2503: Cannot find namespace 'vscode'.
src/extension/chat/vscode-node/chatHookService.ts(332,160): error TS2503: Cannot find namespace 'vscode'.
src/extension/chat/vscode-node/chatHookService.ts(332,201): error TS2503: Cannot find namespace 'vscode'.
src/extension/chat/vscode-node/chatHookService.ts(429,122): error TS2503: Cannot find namespace 'vscode'.
src/extension/chat/vscode-node/chatHookService.ts(429,187): error TS2503: Cannot find namespace 'vscode'.
src/extension/chat/vscode-node/chatHookService.ts(429,228): error TS2503: Cannot find namespace 'vscode'.
src/extension/chat/vscode-node/chatHookTelemetry.ts(6,1): error TS6133: 'vscode' is declared but its value is never read.
src/extension/chat/vscode-node/chatHookTelemetry.ts(15,28): error TS2503: Cannot find namespace 'vscode'.
src/extension/chat/vscode-node/chatQuota.contribution.ts(5,10): error TS2305: Module '"vscode"' has no exported member 'commands'.
src/extension/chat/vscode-node/chatQuota.contribution.ts(5,20): error TS2305: Module '"vscode"' has no exported member 'env'.
src/extension/chat/vscode-node/chatQuota.contribution.ts(5,25): error TS2305: Module '"vscode"' has no exported member 'Uri'.
src/extension/chat/vscode-node/hooksOutputChannel.ts(6,10): error TS2305: Module '"vscode"' has no exported member 'LogOutputChannel'.
src/extension/chat/vscode-node/hooksOutputChannel.ts(6,28): error TS2305: Module '"vscode"' has no exported member 'window'.
src/extension/chat/vscode-node/sessionTranscriptService.ts(62,45): error TS2339: Property 'storageUri' does not exist on type 'IVSCodeExtensionContext'.
src/extension/chatInputNotification/vscode-node/chatInputNotification.contribution.ts(37,25): error TS2503: Cannot find namespace 'vscode'.
src/extension/chatInputNotification/vscode-node/chatInputNotification.contribution.ts(283,33): error TS2503: Cannot find namespace 'vscode'.
src/extension/chatSessions/claude/common/claudeMessageDispatch.ts(10,1): error TS6133: 'vscode' is declared but its value is never read.
src/extension/chatSessions/claude/common/claudeMessageDispatch.ts(30,19): error TS2503: Cannot find namespace 'vscode'.
src/extension/chatSessions/claude/common/claudeMessageDispatch.ts(31,32): error TS2503: Cannot find namespace 'vscode'.
src/extension/chatSessions/claude/common/claudeMessageDispatch.ts(32,18): error TS2503: Cannot find namespace 'vscode'.
src/extension/chatSessions/claude/common/claudeMessageDispatch.ts(202,15): error TS2503: Cannot find namespace 'vscode'.
src/extension/chatSessions/claude/common/claudeSessionStateService.ts(7,1): error TS6133: 'vscode' is declared but its value is never read.
src/extension/chatSessions/claude/common/claudeSessionStateService.ts(18,36): error TS2503: Cannot find namespace 'vscode'.
src/extension/chatSessions/claude/common/claudeToolPermission.ts(7,1): error TS6133: 'vscode' is declared but its value is never read.
src/extension/chatSessions/claude/common/claudeToolPermission.ts(21,32): error TS2503: Cannot find namespace 'vscode'.
src/extension/chatSessions/claude/common/claudeToolPermission.ts(23,20): error TS2503: Cannot find namespace 'vscode'.
src/extension/chatSessions/claude/common/test/claudeMessageDispatch.spec.ts(9,1): error TS6133: 'vscode' is declared but its value is never read.
src/extension/chatSessions/claude/common/test/claudeMessageDispatch.spec.ts(95,13): error TS2503: Cannot find namespace 'vscode'.
src/extension/chatSessions/claude/common/test/claudeMessageDispatch.spec.ts(95,94): error TS2503: Cannot find namespace 'vscode'.
src/extension/chatSessions/claude/common/test/claudeMessageDispatch.spec.ts(96,30): error TS2503: Cannot find namespace 'vscode'.
src/extension/chatSessions/claude/common/test/claudeMessageDispatch.spec.ts(97,48): error TS2503: Cannot find namespace 'vscode'.
src/extension/chatSessions/claude/common/toolInvocationFormatter.ts(9,15): error TS2305: Module '"vscode"' has no exported member 'ChatSimpleToolResultData'.
src/extension/chatSessions/claude/common/toolInvocationFormatter.ts(9,41): error TS2305: Module '"vscode"' has no exported member 'ChatTerminalToolInvocationData'.
src/extension/chatSessions/claude/node/claudeCodeAgent.ts(9,1): error TS6133: 'vscode' is declared but its value is never read.
src/extension/chatSessions/claude/node/claudeCodeAgent.ts(63,12): error TS2503: Cannot find namespace 'vscode'.
src/extension/chatSessions/claude/node/claudeCodeAgent.ts(64,11): error TS2503: Cannot find namespace 'vscode'.
src/extension/chatSessions/claude/node/claudeCodeAgent.ts(65,10): error TS2503: Cannot find namespace 'vscode'.
src/extension/chatSessions/claude/node/claudeCodeAgent.ts(68,13): error TS2503: Cannot find namespace 'vscode'.
src/extension/chatSessions/claude/node/claudeCodeAgent.ts(118,20): error TS2503: Cannot find namespace 'vscode'.
src/extension/chatSessions/claude/node/claudeCodeAgent.ts(119,19): error TS2503: Cannot find namespace 'vscode'.
src/extension/chatSessions/claude/node/claudeCodeAgent.ts(120,18): error TS2503: Cannot find namespace 'vscode'.
src/extension/chatSessions/claude/node/claudeCodeAgent.ts(149,20): error TS2503: Cannot find namespace 'vscode'.
src/extension/chatSessions/claude/node/claudeCodeAgent.ts(318,12): error TS2503: Cannot find namespace 'vscode'.
src/extension/chatSessions/claude/node/claudeCodeAgent.ts(319,11): error TS2503: Cannot find namespace 'vscode'.
src/extension/chatSessions/claude/node/claudeCodeAgent.ts(321,10): error TS2503: Cannot find namespace 'vscode'.
src/extension/chatSessions/claude/node/claudeCodeAgent.ts(372,37): error TS2503: Cannot find namespace 'vscode'.
src/extension/chatSessions/claude/node/claudeCodeAgent.ts(388,39): error TS2503: Cannot find namespace 'vscode'.
src/extension/chatSessions/claude/node/claudeCodeAgent.ts(772,39): error TS2503: Cannot find namespace 'vscode'.
src/extension/chatSessions/claude/node/claudeCodeModels.ts(62,19): error TS2503: Cannot find namespace 'vscode'.
src/extension/chatSessions/claude/node/claudeCodeModels.ts(64,48): error TS7006: Parameter '_options' implicitly has an 'any' type.
src/extension/chatSessions/claude/node/claudeCodeModels.ts(64,58): error TS7006: Parameter '_token' implicitly has an 'any' type.
src/extension/chatSessions/claude/node/claudeCodeModels.ts(67,45): error TS7006: Parameter '_model' implicitly has an 'any' type.
src/extension/chatSessions/claude/node/claudeCodeModels.ts(67,53): error TS7006: Parameter '_messages' implicitly has an 'any' type.
src/extension/chatSessions/claude/node/claudeCodeModels.ts(67,64): error TS7006: Parameter '_options' implicitly has an 'any' type.
src/extension/chatSessions/claude/node/claudeCodeModels.ts(67,74): error TS7006: Parameter '_progress' implicitly has an 'any' type.
src/extension/chatSessions/claude/node/claudeCodeModels.ts(67,85): error TS7006: Parameter '_token' implicitly has an 'any' type.
src/extension/chatSessions/claude/node/claudeCodeModels.ts(70,30): error TS7006: Parameter '_model' implicitly has an 'any' type.
src/extension/chatSessions/claude/node/claudeCodeModels.ts(70,38): error TS7006: Parameter '_text' implicitly has an 'any' type.
src/extension/chatSessions/claude/node/claudeCodeModels.ts(70,45): error TS7006: Parameter '_token' implicitly has an 'any' type.
src/extension/chatSessions/claude/node/claudeCodeModels.ts(87,57): error TS2503: Cannot find namespace 'vscode'.
src/extension/chatSessions/claude/node/claudeCodeModels.ts(221,61): error TS2503: Cannot find namespace 'vscode'.
src/extension/chatSessions/claude/node/claudePromptResolver.ts(7,1): error TS6133: 'vscode' is declared but its value is never read.
src/extension/chatSessions/claude/node/claudePromptResolver.ts(27,61): error TS2503: Cannot find namespace 'vscode'.
src/extension/chatSessions/claude/node/claudeSkills.ts(6,15): error TS2305: Module '"vscode"' has no exported member 'Uri'.
src/extension/chatSessions/claude/node/sessionParser/claudeCodeSessionService.ts(16,15): error TS2305: Module '"vscode"' has no exported member 'CancellationToken'.
src/extension/chatSessions/claude/node/test/askUserQuestionHandler.spec.ts(8,1): error TS6133: 'vscode' is declared but its value is never read.
src/extension/chatSessions/claude/node/test/askUserQuestionHandler.spec.ts(29,32): error TS2503: Cannot find namespace 'vscode'.
src/extension/chatSessions/claude/node/test/askUserQuestionHandler.spec.ts(31,48): error TS2503: Cannot find namespace 'vscode'.
src/extension/chatSessions/claude/node/test/askUserQuestionHandler.spec.ts(33,19): error TS2503: Cannot find namespace 'vscode'.
src/extension/chatSessions/claude/node/test/askUserQuestionHandler.spec.ts(55,42): error TS2503: Cannot find namespace 'vscode'.
src/extension/chatSessions/claude/node/test/askUserQuestionHandler.spec.ts(55,103): error TS2503: Cannot find namespace 'vscode'.
src/extension/chatSessions/claude/node/test/askUserQuestionHandler.spec.ts(63,48): error TS2503: Cannot find namespace 'vscode'.
src/extension/chatSessions/claude/node/test/askUserQuestionHandler.spec.ts(63,148): error TS2503: Cannot find namespace 'vscode'.
src/extension/chatSessions/claude/node/test/askUserQuestionHandler.spec.ts(68,13): error TS2503: Cannot find namespace 'vscode'.
src/extension/chatSessions/claude/node/test/askUserQuestionHandler.spec.ts(69,32): error TS2503: Cannot find namespace 'vscode'.
src/extension/chatSessions/claude/node/test/askUserQuestionHandler.spec.ts(72,21): error TS2503: Cannot find namespace 'vscode'.
src/extension/chatSessions/claude/node/test/askUserQuestionHandler.spec.ts(77,30): error TS2503: Cannot find namespace 'vscode'.
src/extension/chatSessions/claude/node/test/claudeCodeAgent.spec.ts(9,1): error TS6133: 'vscode' is declared but its value is never read.
src/extension/chatSessions/claude/node/test/claudeCodeAgent.spec.ts(36,46): error TS2503: Cannot find namespace 'vscode'.
src/extension/chatSessions/claude/node/test/claudeCodeAgent.spec.ts(37,116): error TS2503: Cannot find namespace 'vscode'.
src/extension/chatSessions/claude/node/test/claudeCodeAgent.spec.ts(115,19): error TS2503: Cannot find namespace 'vscode'.
src/extension/chatSessions/claude/node/test/claudeCodeAgent.spec.ts(147,19): error TS2503: Cannot find namespace 'vscode'.
src/extension/chatSessions/claude/node/test/claudeCodeAgent.spec.ts(166,19): error TS2503: Cannot find namespace 'vscode'.
src/extension/chatSessions/claude/node/test/claudeCodeAgent.spec.ts(184,19): error TS2503: Cannot find namespace 'vscode'.
src/extension/chatSessions/claude/node/test/claudeCodeAgent.spec.ts(190,18): error TS2503: Cannot find namespace 'vscode'.
src/extension/chatSessions/claude/node/test/claudeCodeAgent.spec.ts(795,135): error TS2503: Cannot find namespace 'vscode'.
src/extension/chatSessions/claude/node/test/claudeCodeAgent.spec.ts(796,22): error TS2503: Cannot find namespace 'vscode'.
src/extension/chatSessions/claude/node/test/claudeCodeAgent.spec.ts(802,19): error TS2503: Cannot find namespace 'vscode'.
src/extension/chatSessions/claude/node/test/claudeCodeAgent.spec.ts(812,135): error TS2503: Cannot find namespace 'vscode'.
src/extension/chatSessions/claude/node/test/claudeCodeAgent.spec.ts(819,19): error TS2503: Cannot find namespace 'vscode'.
src/extension/chatSessions/claude/node/test/claudeCodeAgentOTel.spec.ts(10,1): error TS6133: 'vscode' is declared but its value is never read.
src/extension/chatSessions/claude/node/test/claudeCodeAgentOTel.spec.ts(38,46): error TS2503: Cannot find namespace 'vscode'.
src/extension/chatSessions/claude/node/test/claudeCodeAgentOTel.spec.ts(39,116): error TS2503: Cannot find namespace 'vscode'.
src/extension/chatSessions/claude/node/test/claudeCodeModels.spec.ts(211,82): error TS2503: Cannot find namespace 'vscode'.
src/extension/chatSessions/claude/node/test/claudeCodeModels.spec.ts(212,26): error TS2503: Cannot find namespace 'vscode'.
src/extension/chatSessions/claude/node/test/claudeCodeModels.spec.ts(214,62): error TS2503: Cannot find namespace 'vscode'.
src/extension/chatSessions/claude/node/test/claudeCodeModels.spec.ts(222,113): error TS2503: Cannot find namespace 'vscode'.
src/extension/chatSessions/claude/node/test/claudeCodeModels.spec.ts(222,168): error TS2503: Cannot find namespace 'vscode'.
src/extension/chatSessions/claude/node/test/claudePluginService.spec.ts(7,15): error TS2305: Module '"vscode"' has no exported member 'ChatPlugin'.
src/extension/chatSessions/claude/node/test/claudePluginService.spec.ts(7,27): error TS2305: Module '"vscode"' has no exported member 'ChatSkill'.
src/extension/chatSessions/claude/node/test/claudeToolPermissionService.spec.ts(7,1): error TS6133: 'vscode' is declared but its value is never read.
src/extension/chatSessions/claude/node/test/claudeToolPermissionService.spec.ts(38,32): error TS2503: Cannot find namespace 'vscode'.
src/extension/chatSessions/claude/node/test/claudeToolPermissionService.spec.ts(66,48): error TS2503: Cannot find namespace 'vscode'.
src/extension/chatSessions/claude/node/test/claudeToolPermissionService.spec.ts(66,144): error TS2503: Cannot find namespace 'vscode'.
src/extension/chatSessions/claude/node/test/claudeToolPermissionService.spec.ts(66,180): error TS2503: Cannot find namespace 'vscode'.
src/extension/chatSessions/claude/node/test/claudeToolPermissionService.spec.ts(70,48): error TS2503: Cannot find namespace 'vscode'.
src/extension/chatSessions/claude/node/test/claudeToolPermissionService.spec.ts(74,12): error TS2503: Cannot find namespace 'vscode'.
src/extension/chatSessions/claude/node/test/claudeToolPermissionService.spec.ts(75,13): error TS2503: Cannot find namespace 'vscode'.
src/extension/chatSessions/claude/node/test/claudeToolPermissionService.spec.ts(107,13): error TS2503: Cannot find namespace 'vscode'.
src/extension/chatSessions/claude/node/test/claudeToolPermissionService.spec.ts(111,32): error TS2503: Cannot find namespace 'vscode'.
src/extension/chatSessions/claude/node/test/claudeToolPermissionService.spec.ts(123,21): error TS2503: Cannot find namespace 'vscode'.
src/extension/chatSessions/claude/node/test/claudeToolPermissionService.spec.ts(133,30): error TS2503: Cannot find namespace 'vscode'.
src/extension/chatSessions/claude/node/test/claudeToolPermissionService.spec.ts(428,55): error TS2503: Cannot find namespace 'vscode'.
src/extension/chatSessions/claude/node/test/claudeToolPermissionService.spec.ts(558,43): error TS2503: Cannot find namespace 'vscode'.
src/extension/chatSessions/claude/node/test/claudeToolPermissionService.spec.ts(576,43): error TS2503: Cannot find namespace 'vscode'.
src/extension/chatSessions/claude/node/test/resolvePromptToContentBlocks.spec.ts(8,1): error TS6133: 'vscode' is declared but its value is never read.
src/extension/chatSessions/claude/node/test/resolvePromptToContentBlocks.spec.ts(17,9): error TS2503: Cannot find namespace 'vscode'.
src/extension/chatSessions/claude/node/test/resolvePromptToContentBlocks.spec.ts(19,4): error TS2503: Cannot find namespace 'vscode'.
src/extension/chatSessions/claude/node/test/resolvePromptToContentBlocks.spec.ts(20,53): error TS2503: Cannot find namespace 'vscode'.
src/extension/chatSessions/claude/node/test/resolvePromptToContentBlocks.spec.ts(27,4): error TS2503: Cannot find namespace 'vscode'.
src/extension/chatSessions/claude/node/test/resolvePromptToContentBlocks.spec.ts(29,63): error TS2503: Cannot find namespace 'vscode'.
src/extension/chatSessions/claude/vscode-node/claudeSlashCommandService.ts(23,11): error TS2503: Cannot find namespace 'vscode'.
src/extension/chatSessions/claude/vscode-node/claudeSlashCommandService.ts(42,11): error TS2503: Cannot find namespace 'vscode'.
src/extension/chatSessions/claude/vscode-node/claudeSlashCommandService.ts(71,11): error TS2503: Cannot find namespace 'vscode'.
src/extension/chatSessions/claude/vscode-node/slashCommands/agentsCommand.ts(187,11): error TS2503: Cannot find namespace 'vscode'.
src/extension/chatSessions/claude/vscode-node/slashCommands/agentsCommand.ts(189,13): error TS2503: Cannot find namespace 'vscode'.
src/extension/chatSessions/claude/vscode-node/slashCommands/agentsCommand.ts(224,24): error TS2503: Cannot find namespace 'vscode'.
src/extension/chatSessions/claude/vscode-node/slashCommands/agentsCommand.ts(229,33): error TS2503: Cannot find namespace 'vscode'.
src/extension/chatSessions/claude/vscode-node/slashCommands/agentsCommand.ts(316,23): error TS2503: Cannot find namespace 'vscode'.
src/extension/chatSessions/claude/vscode-node/slashCommands/agentsCommand.ts(358,17): error TS2503: Cannot find namespace 'vscode'.
src/extension/chatSessions/claude/vscode-node/slashCommands/agentsCommand.ts(399,13): error TS7006: Parameter '_progress' implicitly has an 'any' type.
src/extension/chatSessions/claude/vscode-node/slashCommands/agentsCommand.ts(399,24): error TS7006: Parameter 'token' implicitly has an 'any' type.
src/extension/chatSessions/claude/vscode-node/slashCommands/agentsCommand.ts(444,19): error TS7006: Parameter 'value' implicitly has an 'any' type.
src/extension/chatSessions/claude/vscode-node/slashCommands/agentsCommand.ts(515,10): error TS2503: Cannot find namespace 'vscode'.
src/extension/chatSessions/claude/vscode-node/slashCommands/agentsCommand.ts(538,14): error TS7006: Parameter 'model' implicitly has an 'any' type.
src/extension/chatSessions/claude/vscode-node/slashCommands/agentsCommand.ts(539,13): error TS7006: Parameter 'a' implicitly has an 'any' type.
src/extension/chatSessions/claude/vscode-node/slashCommands/agentsCommand.ts(539,16): error TS7006: Parameter 'b' implicitly has an 'any' type.
src/extension/chatSessions/claude/vscode-node/slashCommands/agentsCommand.ts(586,23): error TS2503: Cannot find namespace 'vscode'.
src/extension/chatSessions/claude/vscode-node/slashCommands/agentsCommand.ts(592,29): error TS2503: Cannot find namespace 'vscode'.
src/extension/chatSessions/claude/vscode-node/slashCommands/agentsCommand.ts(596,29): error TS2503: Cannot find namespace 'vscode'.
src/extension/chatSessions/claude/vscode-node/slashCommands/agentsCommand.ts(642,34): error TS7006: Parameter 'item' implicitly has an 'any' type.
src/extension/chatSessions/claude/vscode-node/slashCommands/agentsCommand.ts(656,53): error TS7006: Parameter 'item' implicitly has an 'any' type.
src/extension/chatSessions/claude/vscode-node/slashCommands/agentsCommand.ts(658,50): error TS7006: Parameter 'button' implicitly has an 'any' type.
src/extension/chatSessions/claude/vscode-node/slashCommands/agentsCommand.ts(677,27): error TS7006: Parameter 'item' implicitly has an 'any' type.
src/extension/chatSessions/claude/vscode-node/slashCommands/agentsCommand.ts(677,56): error TS7006: Parameter 'item' implicitly has an 'any' type.
src/extension/chatSessions/claude/vscode-node/slashCommands/agentsCommand.ts(738,21): error TS2503: Cannot find namespace 'vscode'.
src/extension/chatSessions/claude/vscode-node/slashCommands/agentsCommand.ts(777,19): error TS2503: Cannot find namespace 'vscode'.
src/extension/chatSessions/claude/vscode-node/slashCommands/claudeSlashCommandRegistry.ts(6,1): error TS6133: 'vscode' is declared but its value is never read.
src/extension/chatSessions/claude/vscode-node/slashCommands/claudeSlashCommandRegistry.ts(7,10): error TS2305: Module '"vscode"' has no exported member 'CancellationToken'.
src/extension/chatSessions/claude/vscode-node/slashCommands/claudeSlashCommandRegistry.ts(45,11): error TS2503: Cannot find namespace 'vscode'.
src/extension/chatSessions/claude/vscode-node/slashCommands/claudeSlashCommandRegistry.ts(47,13): error TS2503: Cannot find namespace 'vscode'.
src/extension/chatSessions/claude/vscode-node/slashCommands/hooksCommand.ts(230,11): error TS2503: Cannot find namespace 'vscode'.
src/extension/chatSessions/claude/vscode-node/slashCommands/hooksCommand.ts(232,13): error TS2503: Cannot find namespace 'vscode'.
src/extension/chatSessions/claude/vscode-node/slashCommands/hooksCommand.ts(429,22): error TS2503: Cannot find namespace 'vscode'.
src/extension/chatSessions/claude/vscode-node/slashCommands/hooksCommand.ts(441,31): error TS2503: Cannot find namespace 'vscode'.
src/extension/chatSessions/claude/vscode-node/slashCommands/hooksCommand.ts(514,19): error TS2503: Cannot find namespace 'vscode'.
src/extension/chatSessions/claude/vscode-node/slashCommands/hooksCommand.ts(525,28): error TS2503: Cannot find namespace 'vscode'.
src/extension/chatSessions/claude/vscode-node/slashCommands/hooksCommand.ts(590,19): error TS2503: Cannot find namespace 'vscode'.
src/extension/chatSessions/claude/vscode-node/slashCommands/hooksCommand.ts(602,28): error TS2503: Cannot find namespace 'vscode'.
src/extension/chatSessions/claude/vscode-node/slashCommands/hooksCommand.ts(684,23): error TS2503: Cannot find namespace 'vscode'.
src/extension/chatSessions/claude/vscode-node/slashCommands/memoryCommand.ts(74,11): error TS2503: Cannot find namespace 'vscode'.
src/extension/chatSessions/claude/vscode-node/slashCommands/memoryCommand.ts(76,13): error TS2503: Cannot find namespace 'vscode'.
src/extension/chatSessions/claude/vscode-node/slashCommands/memoryCommand.ts(157,76): error TS2503: Cannot find namespace 'vscode'.
src/extension/chatSessions/claude/vscode-node/slashCommands/memoryCommand.ts(158,17): error TS2503: Cannot find namespace 'vscode'.
src/extension/chatSessions/claude/vscode-node/slashCommands/terminalCommand.ts(56,11): error TS2503: Cannot find namespace 'vscode'.
src/extension/chatSessions/claude/vscode-node/slashCommands/terminalCommand.ts(58,13): error TS2503: Cannot find namespace 'vscode'.
src/extension/chatSessions/claude/vscode-node/slashCommands/terminalCommand.ts(74,13): error TS7006: Parameter 'selection' implicitly has an 'any' type.
src/extension/chatSessions/claude/vscode-node/slashCommands/test/claudeSlashCommandRegistry.spec.ts(7,1): error TS6133: 'vscode' is declared but its value is never read.
src/extension/chatSessions/claude/vscode-node/slashCommands/test/claudeSlashCommandRegistry.spec.ts(8,10): error TS2305: Module '"vscode"' has no exported member 'CancellationToken'.
src/extension/chatSessions/claude/vscode-node/slashCommands/test/claudeSlashCommandRegistry.spec.ts(29,29): error TS2503: Cannot find namespace 'vscode'.
src/extension/chatSessions/claude/vscode-node/slashCommands/test/claudeSlashCommandRegistry.spec.ts(46,29): error TS2503: Cannot find namespace 'vscode'.
src/extension/chatSessions/claude/vscode-node/slashCommands/test/claudeSlashCommandRegistry.spec.ts(62,29): error TS2503: Cannot find namespace 'vscode'.
src/extension/chatSessions/claude/vscode-node/slashCommands/test/claudeSlashCommandRegistry.spec.ts(70,29): error TS2503: Cannot find namespace 'vscode'.
src/extension/chatSessions/claude/vscode-node/slashCommands/test/claudeSlashCommandRegistry.spec.ts(88,29): error TS2503: Cannot find namespace 'vscode'.
src/extension/chatSessions/claude/vscode-node/slashCommands/test/claudeSlashCommandRegistry.spec.ts(96,29): error TS2503: Cannot find namespace 'vscode'.
src/extension/chatSessions/claude/vscode-node/slashCommands/test/claudeSlashCommandRegistry.spec.ts(139,15): error TS2503: Cannot find namespace 'vscode'.
src/extension/chatSessions/claude/vscode-node/slashCommands/test/claudeSlashCommandRegistry.spec.ts(141,16): error TS2503: Cannot find namespace 'vscode'.
src/extension/chatSessions/claude/vscode-node/slashCommands/test/claudeSlashCommandRegistry.spec.ts(157,29): error TS2503: Cannot find namespace 'vscode'.
src/extension/chatSessions/claude/vscode-node/slashCommands/test/claudeSlashCommandRegistry.spec.ts(168,24): error TS2503: Cannot find namespace 'vscode'.
src/extension/chatSessions/claude/vscode-node/slashCommands/test/claudeSlashCommandRegistry.spec.ts(176,14): error TS2503: Cannot find namespace 'vscode'.
src/extension/chatSessions/claude/vscode-node/slashCommands/test/claudeSlashCommandRegistry.spec.ts(178,16): error TS2503: Cannot find namespace 'vscode'.
src/extension/chatSessions/claude/vscode-node/slashCommands/test/claudeSlashCommandRegistry.spec.ts(206,15): error TS2503: Cannot find namespace 'vscode'.
src/extension/chatSessions/claude/vscode-node/slashCommands/test/claudeSlashCommandRegistry.spec.ts(232,29): error TS2503: Cannot find namespace 'vscode'.
src/extension/chatSessions/claude/vscode-node/slashCommands/test/claudeSlashCommandRegistry.spec.ts(262,29): error TS2503: Cannot find namespace 'vscode'.
src/extension/chatSessions/claude/vscode-node/slashCommands/test/terminalCommand.spec.ts(8,15): error TS2305: Module '"vscode"' has no exported member 'Terminal'.
src/extension/chatSessions/claude/vscode-node/slashCommands/test/terminalCommand.spec.ts(8,25): error TS2305: Module '"vscode"' has no exported member 'TerminalOptions'.
src/extension/chatSessions/claude/vscode-node/test/claudeSlashCommandService.spec.ts(7,1): error TS6133: 'vscode' is declared but its value is never read.
src/extension/chatSessions/claude/vscode-node/test/claudeSlashCommandService.spec.ts(28,31): error TS2503: Cannot find namespace 'vscode'.
src/extension/chatSessions/claude/vscode-node/test/claudeSlashCommandService.spec.ts(28,105): error TS2503: Cannot find namespace 'vscode'.
src/extension/chatSessions/claude/vscode-node/test/claudeSlashCommandService.spec.ts(38,31): error TS2503: Cannot find namespace 'vscode'.
src/extension/chatSessions/claude/vscode-node/test/claudeSlashCommandService.spec.ts(38,105): error TS2503: Cannot find namespace 'vscode'.
src/extension/chatSessions/claude/vscode-node/test/claudeSlashCommandService.spec.ts(218,26): error TS2503: Cannot find namespace 'vscode'.
src/extension/chatSessions/common/chatSessionMetadataStore.ts(6,1): error TS6133: 'vscode' is declared but its value is never read.
src/extension/chatSessions/common/chatSessionMetadataStore.ts(129,41): error TS2503: Cannot find namespace 'vscode'.
src/extension/chatSessions/common/chatSessionMetadataStore.ts(136,56): error TS2503: Cannot find namespace 'vscode'.
src/extension/chatSessions/common/chatSessionMetadataStore.ts(166,33): error TS2503: Cannot find namespace 'vscode'.
src/extension/chatSessions/common/chatSessionMetadataStore.ts(170,30): error TS2503: Cannot find namespace 'vscode'.
src/extension/chatSessions/common/chatSessionWorkspaceFolderService.ts(6,1): error TS6133: 'vscode' is declared but its value is never read.
src/extension/chatSessions/common/chatSessionWorkspaceFolderService.ts(23,37): error TS2503: Cannot find namespace 'vscode'.
src/extension/chatSessions/common/chatSessionWorkspaceFolderService.ts(33,56): error TS2503: Cannot find namespace 'vscode'.
src/extension/chatSessions/common/chatSessionWorkspaceFolderService.ts(75,35): error TS2503: Cannot find namespace 'vscode'.
src/extension/chatSessions/common/chatSessionWorktreeService.ts(6,1): error TS6133: 'vscode' is declared but its value is never read.
src/extension/chatSessions/common/chatSessionWorktreeService.ts(69,30): error TS2503: Cannot find namespace 'vscode'.
src/extension/chatSessions/common/chatSessionWorktreeService.ts(71,33): error TS2503: Cannot find namespace 'vscode'.
src/extension/chatSessions/common/chatSessionWorktreeService.ts(71,54): error TS2503: Cannot find namespace 'vscode'.
src/extension/chatSessions/common/chatSessionWorktreeService.ts(78,46): error TS2503: Cannot find namespace 'vscode'.
src/extension/chatSessions/common/chatSessionWorktreeService.ts(82,58): error TS2503: Cannot find namespace 'vscode'.
src/extension/chatSessions/common/claudeWorkspaceFolderService.ts(6,1): error TS6133: 'vscode' is declared but its value is never read.
src/extension/chatSessions/common/claudeWorkspaceFolderService.ts(25,134): error TS2503: Cannot find namespace 'vscode'.
src/extension/chatSessions/common/externalEditTracker.ts(6,1): error TS6133: 'vscode' is declared but its value is never read.
src/extension/chatSessions/common/externalEditTracker.ts(40,9): error TS2503: Cannot find namespace 'vscode'.
src/extension/chatSessions/common/externalEditTracker.ts(41,11): error TS2503: Cannot find namespace 'vscode'.
src/extension/chatSessions/common/folderRepositoryManager.ts(6,1): error TS6133: 'vscode' is declared but its value is never read.
src/extension/chatSessions/common/folderRepositoryManager.ts(27,19): error TS2503: Cannot find namespace 'vscode'.
src/extension/chatSessions/common/folderRepositoryManager.ts(29,19): error TS2503: Cannot find namespace 'vscode'.
src/extension/chatSessions/common/folderRepositoryManager.ts(30,32): error TS2503: Cannot find namespace 'vscode'.
src/extension/chatSessions/common/folderRepositoryManager.ts(61,19): error TS2503: Cannot find namespace 'vscode'.
src/extension/chatSessions/common/folderRepositoryManager.ts(71,19): error TS2503: Cannot find namespace 'vscode'.
src/extension/chatSessions/common/folderRepositoryManager.ts(76,23): error TS2503: Cannot find namespace 'vscode'.
src/extension/chatSessions/common/folderRepositoryManager.ts(92,52): error TS2503: Cannot find namespace 'vscode'.
src/extension/chatSessions/common/folderRepositoryManager.ts(114,10): error TS2503: Cannot find namespace 'vscode'.
src/extension/chatSessions/common/folderRepositoryManager.ts(132,10): error TS2503: Cannot find namespace 'vscode'.
src/extension/chatSessions/common/folderRepositoryManager.ts(149,18): error TS2503: Cannot find namespace 'vscode'.
src/extension/chatSessions/common/folderRepositoryManager.ts(150,22): error TS2503: Cannot find namespace 'vscode'.
src/extension/chatSessions/common/folderRepositoryManager.ts(152,10): error TS2503: Cannot find namespace 'vscode'.
src/extension/chatSessions/common/folderRepositoryManager.ts(166,11): error TS2503: Cannot find namespace 'vscode'.
src/extension/chatSessions/common/folderRepositoryManager.ts(167,10): error TS2503: Cannot find namespace 'vscode'.
src/extension/chatSessions/common/folderRepositoryManager.ts(168,27): error TS2503: Cannot find namespace 'vscode'.
src/extension/chatSessions/common/folderRepositoryManager.ts(185,32): error TS2503: Cannot find namespace 'vscode'.
src/extension/chatSessions/common/folderRepositoryManager.ts(186,35): error TS2503: Cannot find namespace 'vscode'.
src/extension/chatSessions/common/test/mockChatSessionMetadataStore.ts(6,1): error TS6133: 'vscode' is declared but its value is never read.
src/extension/chatSessions/common/test/mockChatSessionMetadataStore.ts(12,41): error TS2503: Cannot find namespace 'vscode'.
src/extension/chatSessions/common/test/mockChatSessionMetadataStore.ts(53,41): error TS2503: Cannot find namespace 'vscode'.
src/extension/chatSessions/common/test/mockChatSessionMetadataStore.ts(61,63): error TS2503: Cannot find namespace 'vscode'.
src/extension/chatSessions/common/test/mockChatSessionMetadataStore.ts(156,33): error TS2503: Cannot find namespace 'vscode'.
src/extension/chatSessions/common/test/mockChatSessionMetadataStore.ts(172,30): error TS2503: Cannot find namespace 'vscode'.
src/extension/chatSessions/common/workspaceInfo.ts(6,1): error TS6133: 'vscode' is declared but its value is never read.
src/extension/chatSessions/common/workspaceInfo.ts(16,19): error TS2503: Cannot find namespace 'vscode'.
src/extension/chatSessions/common/workspaceInfo.ts(22,23): error TS2503: Cannot find namespace 'vscode'.
src/extension/chatSessions/common/workspaceInfo.ts(33,21): error TS2503: Cannot find namespace 'vscode'.
src/extension/chatSessions/common/workspaceInfo.ts(41,69): error TS2503: Cannot find namespace 'vscode'.
src/extension/chatSessions/common/workspaceInfo.ts(66,8): error TS2503: Cannot find namespace 'vscode'.
src/extension/chatSessions/copilotcli/common/copilotCLIPrompt.ts(6,15): error TS2305: Module '"vscode"' has no exported member 'ChatPromptReference'.
src/extension/chatSessions/copilotcli/common/copilotCLITools.ts(8,15): error TS2305: Module '"vscode"' has no exported member 'CancellationToken'.
src/extension/chatSessions/copilotcli/common/copilotCLITools.ts(8,34): error TS2305: Module '"vscode"' has no exported member 'ChatParticipantToolToken'.
src/extension/chatSessions/copilotcli/common/copilotCLITools.ts(8,60): error TS2305: Module '"vscode"' has no exported member 'ChatPromptReference'.
src/extension/chatSessions/copilotcli/common/copilotCLITools.ts(8,81): error TS2305: Module '"vscode"' has no exported member 'ChatSimpleToolResultData'.
src/extension/chatSessions/copilotcli/common/copilotCLITools.ts(8,107): error TS2305: Module '"vscode"' has no exported member 'ChatTerminalToolInvocationData'.
src/extension/chatSessions/copilotcli/common/copilotCLITools.ts(8,139): error TS2305: Module '"vscode"' has no exported member 'ExtendedChatResponsePart'.
src/extension/chatSessions/copilotcli/common/copilotCLITools.ts(8,165): error TS2305: Module '"vscode"' has no exported member 'LanguageModelToolDefinition'.
src/extension/chatSessions/copilotcli/common/copilotCLITools.ts(8,194): error TS2305: Module '"vscode"' has no exported member 'LanguageModelToolInformation'.
src/extension/chatSessions/copilotcli/common/copilotCLITools.ts(8,224): error TS2305: Module '"vscode"' has no exported member 'LanguageModelToolInvocationOptions'.
src/extension/chatSessions/copilotcli/common/copilotCLITools.ts(8,260): error TS2305: Module '"vscode"' has no exported member 'LanguageModelToolResult2'.
src/extension/chatSessions/copilotcli/common/customSessionTitleService.ts(6,15): error TS2305: Module '"vscode"' has no exported member 'CancellationToken'.
src/extension/chatSessions/copilotcli/common/delegationSummaryService.ts(7,15): error TS2305: Module '"vscode"' has no exported member 'CancellationToken'.
src/extension/chatSessions/copilotcli/common/delegationSummaryService.ts(7,34): error TS2305: Module '"vscode"' has no exported member 'ChatContext'.
src/extension/chatSessions/copilotcli/common/delegationSummaryService.ts(7,47): error TS2305: Module '"vscode"' has no exported member 'ChatPromptReference'.
src/extension/chatSessions/copilotcli/common/delegationSummaryService.ts(7,68): error TS2305: Module '"vscode"' has no exported member 'ChatSummarizer'.
src/extension/chatSessions/copilotcli/common/delegationSummaryService.ts(7,84): error TS2305: Module '"vscode"' has no exported member 'Uri'.
src/extension/chatSessions/copilotcli/common/delegationSummaryService.ts(57,33): error TS2339: Property 'globalState' does not exist on type 'IVSCodeExtensionContext'.
src/extension/chatSessions/copilotcli/common/delegationSummaryService.ts(64,9): error TS18046: 'value' is of type 'unknown'.
src/extension/chatSessions/copilotcli/common/delegationSummaryService.ts(69,23): error TS2339: Property 'globalState' does not exist on type 'IVSCodeExtensionContext'.
src/extension/chatSessions/copilotcli/common/delegationSummaryService.ts(76,32): error TS2339: Property 'globalState' does not exist on type 'IVSCodeExtensionContext'.
src/extension/chatSessions/copilotcli/common/test/copilotCLITools.spec.ts(7,15): error TS2305: Module '"vscode"' has no exported member 'ChatPromptReference'.
src/extension/chatSessions/copilotcli/common/test/copilotCLITools.spec.ts(357,30): error TS7006: Parameter 'r' implicitly has an 'any' type.
src/extension/chatSessions/copilotcli/common/test/copilotCLITools.spec.ts(379,29): error TS7006: Parameter 'r' implicitly has an 'any' type.
src/extension/chatSessions/copilotcli/common/test/copilotCLITools.spec.ts(400,27): error TS7006: Parameter 'r' implicitly has an 'any' type.
src/extension/chatSessions/copilotcli/common/test/copilotCLITools.spec.ts(425,50): error TS7006: Parameter 'r' implicitly has an 'any' type.
src/extension/chatSessions/copilotcli/common/utils.ts(6,15): error TS2305: Module '"vscode"' has no exported member 'Uri'.
src/extension/chatSessions/copilotcli/node/copilotCli.ts(81,32): error TS2503: Cannot find namespace 'vscode'.
src/extension/chatSessions/copilotcli/node/copilotCli.ts(130,50): error TS2339: Property 'globalState' does not exist on type 'IVSCodeExtensionContext'.
src/extension/chatSessions/copilotcli/node/copilotCli.ts(136,31): error TS2339: Property 'globalState' does not exist on type 'IVSCodeExtensionContext'.
src/extension/chatSessions/copilotcli/node/copilotCli.ts(174,19): error TS2503: Cannot find namespace 'vscode'.
src/extension/chatSessions/copilotcli/node/copilotCli.ts(176,48): error TS7006: Parameter '_options' implicitly has an 'any' type.
src/extension/chatSessions/copilotcli/node/copilotCli.ts(176,58): error TS7006: Parameter '_token' implicitly has an 'any' type.
src/extension/chatSessions/copilotcli/node/copilotCli.ts(183,45): error TS7006: Parameter '_model' implicitly has an 'any' type.
src/extension/chatSessions/copilotcli/node/copilotCli.ts(183,53): error TS7006: Parameter '_messages' implicitly has an 'any' type.
src/extension/chatSessions/copilotcli/node/copilotCli.ts(183,64): error TS7006: Parameter '_options' implicitly has an 'any' type.
src/extension/chatSessions/copilotcli/node/copilotCli.ts(183,74): error TS7006: Parameter '_progress' implicitly has an 'any' type.
src/extension/chatSessions/copilotcli/node/copilotCli.ts(183,85): error TS7006: Parameter '_token' implicitly has an 'any' type.
src/extension/chatSessions/copilotcli/node/copilotCli.ts(186,30): error TS7006: Parameter '_model' implicitly has an 'any' type.
src/extension/chatSessions/copilotcli/node/copilotCli.ts(186,38): error TS7006: Parameter '_text' implicitly has an 'any' type.
src/extension/chatSessions/copilotcli/node/copilotCli.ts(186,45): error TS7006: Parameter '_token' implicitly has an 'any' type.
src/extension/chatSessions/copilotcli/node/copilotCli.ts(195,59): error TS2503: Cannot find namespace 'vscode'.
src/extension/chatSessions/copilotcli/node/copilotCli.ts(198,21): error TS2503: Cannot find namespace 'vscode'.
src/extension/chatSessions/copilotcli/node/copilotCli.ts(200,21): error TS2503: Cannot find namespace 'vscode'.
src/extension/chatSessions/copilotcli/node/copilotCli.ts(231,62): error TS2503: Cannot find namespace 'vscode'.
src/extension/chatSessions/copilotcli/node/copilotCli.ts(250,68): error TS2503: Cannot find namespace 'vscode'.
src/extension/chatSessions/copilotcli/node/copilotCli.ts(332,103): error TS2339: Property 'workspaceState' does not exist on type 'IVSCodeExtensionContext'.
src/extension/chatSessions/copilotcli/node/copilotCli.ts(340,8): error TS18046: 'value' is of type 'unknown'.
src/extension/chatSessions/copilotcli/node/copilotCli.ts(345,31): error TS2339: Property 'workspaceState' does not exist on type 'IVSCodeExtensionContext'.
src/extension/chatSessions/copilotcli/node/copilotCli.ts(349,41): error TS2339: Property 'workspaceState' does not exist on type 'IVSCodeExtensionContext'.
src/extension/chatSessions/copilotcli/node/copilotCli.ts(417,37): error TS2503: Cannot find namespace 'vscode'.
src/extension/chatSessions/copilotcli/node/copilotCli.ts(425,43): error TS7006: Parameter 'tool' implicitly has an 'any' type.
src/extension/chatSessions/copilotcli/node/copilotCli.ts(496,43): error TS2339: Property 'workspaceState' does not exist on type 'IVSCodeExtensionContext'.
src/extension/chatSessions/copilotcli/node/copilotCli.ts(545,65): error TS2339: Property 'extensionPath' does not exist on type 'IVSCodeExtensionContext'.
src/extension/chatSessions/copilotcli/node/copilotCli.ts(550,44): error TS2339: Property 'extensionPath' does not exist on type 'IVSCodeExtensionContext'.
src/extension/chatSessions/copilotcli/node/copilotCli.ts(551,44): error TS2339: Property 'extensionPath' does not exist on type 'IVSCodeExtensionContext'.
src/extension/chatSessions/copilotcli/node/copilotCLIImageSupport.ts(45,47): error TS2339: Property 'globalStorageUri' does not exist on type 'IVSCodeExtensionContext'.
src/extension/chatSessions/copilotcli/node/copilotcliPromptResolver.ts(7,1): error TS6133: 'vscode' is declared but its value is never read.
src/extension/chatSessions/copilotcli/node/copilotcliPromptResolver.ts(45,38): error TS2503: Cannot find namespace 'vscode'.
src/extension/chatSessions/copilotcli/node/copilotcliPromptResolver.ts(45,108): error TS2503: Cannot find namespace 'vscode'.
src/extension/chatSessions/copilotcli/node/copilotcliPromptResolver.ts(45,216): error TS2503: Cannot find namespace 'vscode'.
src/extension/chatSessions/copilotcli/node/copilotcliPromptResolver.ts(45,308): error TS2503: Cannot find namespace 'vscode'.
src/extension/chatSessions/copilotcli/node/copilotcliPromptResolver.ts(50,13): error TS2322: Type 'string | undefined' is not assignable to type 'string'.
  Type 'undefined' is not assignable to type 'string'.
src/extension/chatSessions/copilotcli/node/copilotcliPromptResolver.ts(61,126): error TS2503: Cannot find namespace 'vscode'.
src/extension/chatSessions/copilotcli/node/copilotcliPromptResolver.ts(62,31): error TS2503: Cannot find namespace 'vscode'.
src/extension/chatSessions/copilotcli/node/copilotcliPromptResolver.ts(74,167): error TS2503: Cannot find namespace 'vscode'.
src/extension/chatSessions/copilotcli/node/copilotcliPromptResolver.ts(75,26): error TS2503: Cannot find namespace 'vscode'.
src/extension/chatSessions/copilotcli/node/copilotcliPromptResolver.ts(76,31): error TS2503: Cannot find namespace 'vscode'.
src/extension/chatSessions/copilotcli/node/copilotcliPromptResolver.ts(77,40): error TS2503: Cannot find namespace 'vscode'.
src/extension/chatSessions/copilotcli/node/copilotcliPromptResolver.ts(95,174): error TS2339: Property 'extensionUri' does not exist on type 'IVSCodeExtensionContext'.
src/extension/chatSessions/copilotcli/node/copilotcliPromptResolver.ts(186,73): error TS2503: Cannot find namespace 'vscode'.
src/extension/chatSessions/copilotcli/node/copilotcliPromptResolver.ts(186,110): error TS2503: Cannot find namespace 'vscode'.
src/extension/chatSessions/copilotcli/node/copilotcliPromptResolver.ts(278,64): error TS2503: Cannot find namespace 'vscode'.
src/extension/chatSessions/copilotcli/node/copilotcliPromptResolver.ts(278,196): error TS2503: Cannot find namespace 'vscode'.
src/extension/chatSessions/copilotcli/node/copilotcliPromptResolver.ts(278,216): error TS2503: Cannot find namespace 'vscode'.
src/extension/chatSessions/copilotcli/node/copilotcliPromptResolver.ts(278,251): error TS2503: Cannot find namespace 'vscode'.
src/extension/chatSessions/copilotcli/node/copilotcliPromptResolver.ts(298,77): error TS7031: Binding element 'uri' implicitly has an 'any' type.
src/extension/chatSessions/copilotcli/node/copilotcliPromptResolver.ts(298,82): error TS7031: Binding element 'diags' implicitly has an 'any' type.
src/extension/chatSessions/copilotcli/node/copilotcliPromptResolver.ts(300,40): error TS2503: Cannot find namespace 'vscode'.
src/extension/chatSessions/copilotcli/node/copilotcliPromptResolver.ts(300,52): error TS2503: Cannot find namespace 'vscode'.
src/extension/chatSessions/copilotcli/node/copilotcliPromptResolver.ts(314,64): error TS2503: Cannot find namespace 'vscode'.
src/extension/chatSessions/copilotcli/node/copilotcliPromptResolver.ts(314,180): error TS2503: Cannot find namespace 'vscode'.
src/extension/chatSessions/copilotcli/node/copilotcliPromptResolver.ts(314,200): error TS2503: Cannot find namespace 'vscode'.
src/extension/chatSessions/copilotcli/node/copilotcliPromptResolver.ts(314,235): error TS2503: Cannot find namespace 'vscode'.
src/extension/chatSessions/copilotcli/node/copilotcliPromptResolver.ts(332,42): error TS2503: Cannot find namespace 'vscode'.
src/extension/chatSessions/copilotcli/node/copilotcliPromptResolver.ts(332,132): error TS2503: Cannot find namespace 'vscode'.
src/extension/chatSessions/copilotcli/node/copilotcliPromptResolver.ts(332,167): error TS2503: Cannot find namespace 'vscode'.
src/extension/chatSessions/copilotcli/node/copilotcliPromptResolver.ts(368,44): error TS2503: Cannot find namespace 'vscode'.
src/extension/chatSessions/copilotcli/node/copilotcliPromptResolver.ts(372,42): error TS2503: Cannot find namespace 'vscode'.
src/extension/chatSessions/copilotcli/node/copilotcliSession.ts(10,1): error TS6133: 'vscode' is declared but its value is never read.
src/extension/chatSessions/copilotcli/node/copilotcliSession.ts(11,15): error TS2305: Module '"vscode"' has no exported member 'ChatParticipantToolToken'.
src/extension/chatSessions/copilotcli/node/copilotcliSession.ts(93,38): error TS2694: Namespace 'shim' has no exported member 'Uri'.
src/extension/chatSessions/copilotcli/node/copilotcliSession.ts(721,29): error TS2503: Cannot find namespace 'vscode'.
src/extension/chatSessions/copilotcli/node/copilotcliSession.ts(722,19): error TS2503: Cannot find namespace 'vscode'.
src/extension/chatSessions/copilotcli/node/copilotcliSession.ts(723,30): error TS2503: Cannot find namespace 'vscode'.
src/extension/chatSessions/copilotcli/node/copilotcliSession.ts(723,43): error TS2503: Cannot find namespace 'vscode'.
src/extension/chatSessions/copilotcli/node/copilotcliSession.ts(727,23): error TS2503: Cannot find namespace 'vscode'.
src/extension/chatSessions/copilotcli/node/copilotcliSession.ts(730,91): error TS2503: Cannot find namespace 'vscode'.
src/extension/chatSessions/copilotcli/node/copilotcliSession.ts(735,10): error TS2503: Cannot find namespace 'vscode'.
src/extension/chatSessions/copilotcli/node/copilotcliSession.ts(749,20): error TS2503: Cannot find namespace 'vscode'.
src/extension/chatSessions/copilotcli/node/copilotcliSession.ts(750,23): error TS2503: Cannot find namespace 'vscode'.
src/extension/chatSessions/copilotcli/node/copilotcliSession.ts(753,61): error TS2503: Cannot find namespace 'vscode'.
src/extension/chatSessions/copilotcli/node/copilotcliSession.ts(763,20): error TS2503: Cannot find namespace 'vscode'.
src/extension/chatSessions/copilotcli/node/copilotcliSession.ts(827,23): error TS2503: Cannot find namespace 'vscode'.
src/extension/chatSessions/copilotcli/node/copilotcliSession.ts(870,91): error TS2503: Cannot find namespace 'vscode'.
src/extension/chatSessions/copilotcli/node/copilotcliSession.ts(875,10): error TS2503: Cannot find namespace 'vscode'.
src/extension/chatSessions/copilotcli/node/copilotcliSession.ts(923,10): error TS2503: Cannot find namespace 'vscode'.
src/extension/chatSessions/copilotcli/node/copilotcliSession.ts(960,91): error TS2503: Cannot find namespace 'vscode'.
src/extension/chatSessions/copilotcli/node/copilotcliSession.ts(964,10): error TS2503: Cannot find namespace 'vscode'.
src/extension/chatSessions/copilotcli/node/copilotcliSession.ts(1015,91): error TS2503: Cannot find namespace 'vscode'.
src/extension/chatSessions/copilotcli/node/copilotcliSession.ts(1019,10): error TS2503: Cannot find namespace 'vscode'.
src/extension/chatSessions/copilotcli/node/copilotcliSession.ts(1114,9): error TS6133: 'echoStripper' is declared but its value is never read.
src/extension/chatSessions/copilotcli/node/copilotcliSession.ts(1114,24): error TS2304: Cannot find name 'createEchoedSystemNotificationStripper'.
src/extension/chatSessions/copilotcli/node/copilotcliSession.ts(2000,46): error TS2503: Cannot find namespace 'vscode'.
src/extension/chatSessions/copilotcli/node/copilotcliSession.ts(2383,25): error TS7006: Parameter 'err' implicitly has an 'any' type.
src/extension/chatSessions/copilotcli/node/copilotcliSession.ts(2634,20): error TS2503: Cannot find namespace 'vscode'.
src/extension/chatSessions/copilotcli/node/copilotcliSessionService.ts(11,15): error TS2305: Module '"vscode"' has no exported member 'ChatCustomAgent'.
src/extension/chatSessions/copilotcli/node/copilotcliSessionService.ts(11,32): error TS2305: Module '"vscode"' has no exported member 'ChatRequest'.
src/extension/chatSessions/copilotcli/node/copilotcliSessionService.ts(11,45): error TS2305: Module '"vscode"' has no exported member 'ChatSessionItem'.
src/extension/chatSessions/copilotcli/node/copilotcliSessionService.ts(471,46): error TS7006: Parameter 'e' implicitly has an 'any' type.
src/extension/chatSessions/copilotcli/node/copilotcliSessionService.ts(482,39): error TS7006: Parameter 'e' implicitly has an 'any' type.
src/extension/chatSessions/copilotcli/node/copilotcliSessionService.ts(490,40): error TS7006: Parameter 'e' implicitly has an 'any' type.
src/extension/chatSessions/copilotcli/node/copilotcliSessionService.ts(1423,45): error TS2339: Property 'globalStorageUri' does not exist on type 'IVSCodeExtensionContext'.
src/extension/chatSessions/copilotcli/node/copilotcliSessionService.ts(1424,46): error TS2339: Property 'globalStorageUri' does not exist on type 'IVSCodeExtensionContext'.
src/extension/chatSessions/copilotcli/node/copilotcliSessionService.ts(1427,42): error TS2339: Property 'workspaceState' does not exist on type 'IVSCodeExtensionContext'.
src/extension/chatSessions/copilotcli/node/copilotcliSessionService.ts(1430,25): error TS2339: Property 'workspaceState' does not exist on type 'IVSCodeExtensionContext'.
src/extension/chatSessions/copilotcli/node/copilotcliSessionService.ts(1432,43): error TS2339: Property 'globalStorageUri' does not exist on type 'IVSCodeExtensionContext'.
src/extension/chatSessions/copilotcli/node/copilotCLISkills.ts(6,15): error TS2305: Module '"vscode"' has no exported member 'Uri'.
src/extension/chatSessions/copilotcli/node/exitPlanModeHandler.ts(8,15): error TS2305: Module '"vscode"' has no exported member 'CancellationToken'.
src/extension/chatSessions/copilotcli/node/exitPlanModeHandler.ts(8,34): error TS2305: Module '"vscode"' has no exported member 'ChatParticipantToolToken'.
src/extension/chatSessions/copilotcli/node/exitPlanModeHandler.ts(8,60): error TS2305: Module '"vscode"' has no exported member 'TextDocument'.
src/extension/chatSessions/copilotcli/node/exitPlanModeHandler.ts(46,53): error TS7006: Parameter 'e' implicitly has an 'any' type.
src/extension/chatSessions/copilotcli/node/mcpHandler.ts(7,15): error TS2305: Module '"vscode"' has no exported member 'CancellationToken'.
src/extension/chatSessions/copilotcli/node/permissionHelpers.ts(8,15): error TS2305: Module '"vscode"' has no exported member 'CancellationToken'.
src/extension/chatSessions/copilotcli/node/permissionHelpers.ts(8,34): error TS2305: Module '"vscode"' has no exported member 'ChatParticipantToolToken'.
src/extension/chatSessions/copilotcli/node/permissionHelpers.ts(8,60): error TS2305: Module '"vscode"' has no exported member 'ChatResponseStream'.
src/extension/chatSessions/copilotcli/node/test/copilotCliAgents.spec.ts(18,15): error TS2305: Module '"vscode"' has no exported member 'ChatCustomAgent'.
src/extension/chatSessions/copilotcli/node/test/copilotCliModels.spec.ts(7,15): error TS2305: Module '"vscode"' has no exported member 'AuthenticationSession'.
src/extension/chatSessions/copilotcli/node/test/copilotcliSession.spec.ts(8,15): error TS2305: Module '"vscode"' has no exported member 'ChatParticipantToolToken'.
src/extension/chatSessions/copilotcli/node/test/copilotcliSession.spec.ts(196,43): error TS2694: Namespace 'shim' has no exported member 'ChatResultUsage'.
src/extension/chatSessions/copilotcli/node/test/copilotcliSession.spec.ts(200,37): error TS2694: Namespace 'shim' has no exported member 'ChatResultUsage'.
src/extension/chatSessions/copilotcli/node/test/copilotcliSession.spec.ts(315,62): error TS7006: Parameter 's' implicitly has an 'any' type.
src/extension/chatSessions/copilotcli/node/test/copilotcliSession.spec.ts(330,62): error TS7006: Parameter 's' implicitly has an 'any' type.
src/extension/chatSessions/copilotcli/node/test/copilotcliSession.spec.ts(781,77): error TS2694: Namespace 'shim' has no exported member 'Uri'.
src/extension/chatSessions/copilotcli/node/test/copilotcliSession.spec.ts(851,77): error TS2694: Namespace 'shim' has no exported member 'Uri'.
src/extension/chatSessions/copilotcli/node/test/copilotcliSession.spec.ts(911,77): error TS2694: Namespace 'shim' has no exported member 'Uri'.
src/extension/chatSessions/copilotcli/node/test/copilotcliSession.spec.ts(996,77): error TS2694: Namespace 'shim' has no exported member 'Uri'.
src/extension/chatSessions/copilotcli/node/test/copilotcliSession.spec.ts(1068,77): error TS2694: Namespace 'shim' has no exported member 'Uri'.
src/extension/chatSessions/copilotcli/node/test/copilotcliSession.spec.ts(1125,77): error TS2694: Namespace 'shim' has no exported member 'Uri'.
src/extension/chatSessions/copilotcli/node/test/copilotcliSession.spec.ts(1159,77): error TS2694: Namespace 'shim' has no exported member 'Uri'.
src/extension/chatSessions/copilotcli/node/test/copilotcliSession.spec.ts(1183,77): error TS2694: Namespace 'shim' has no exported member 'Uri'.
src/extension/chatSessions/copilotcli/node/test/copilotcliSession.spec.ts(1240,77): error TS2694: Namespace 'shim' has no exported member 'Uri'.
src/extension/chatSessions/copilotcli/node/test/copilotcliSession.spec.ts(1271,77): error TS2694: Namespace 'shim' has no exported member 'Uri'.
src/extension/chatSessions/copilotcli/node/test/copilotcliSession.spec.ts(1304,77): error TS2694: Namespace 'shim' has no exported member 'Uri'.
src/extension/chatSessions/copilotcli/node/test/copilotcliSession.spec.ts(1337,77): error TS2694: Namespace 'shim' has no exported member 'Uri'.
src/extension/chatSessions/copilotcli/node/test/copilotcliSession.spec.ts(1374,77): error TS2694: Namespace 'shim' has no exported member 'Uri'.
src/extension/chatSessions/copilotcli/node/test/copilotcliSession.spec.ts(1434,77): error TS2694: Namespace 'shim' has no exported member 'Uri'.
src/extension/chatSessions/copilotcli/node/test/copilotcliSession.spec.ts(1471,77): error TS2694: Namespace 'shim' has no exported member 'Uri'.
src/extension/chatSessions/copilotcli/node/test/copilotcliSession.spec.ts(1504,77): error TS2694: Namespace 'shim' has no exported member 'Uri'.
src/extension/chatSessions/copilotcli/node/test/copilotcliSession.spec.ts(1536,77): error TS2694: Namespace 'shim' has no exported member 'Uri'.
src/extension/chatSessions/copilotcli/node/test/copilotcliSession.spec.ts(1884,46): error TS7006: Parameter 's' implicitly has an 'any' type.
src/extension/chatSessions/copilotcli/node/test/copilotCliSessionService.spec.ts(11,15): error TS2305: Module '"vscode"' has no exported member 'ChatContext'.
src/extension/chatSessions/copilotcli/node/test/copilotCliSessionService.spec.ts(11,28): error TS2305: Module '"vscode"' has no exported member 'ChatCustomAgent'.
src/extension/chatSessions/copilotcli/node/test/copilotCliSessionService.spec.ts(11,45): error TS2305: Module '"vscode"' has no exported member 'ChatParticipantToolToken'.
src/extension/chatSessions/copilotcli/node/test/copilotCliSessionService.spec.ts(11,71): error TS2305: Module '"vscode"' has no exported member 'Uri'.
src/extension/chatSessions/copilotcli/node/test/copilotCliShims.spec.ts(22,27): error TS4113: This member cannot have an 'override' modifier because it is not declared in the base class 'IVSCodeExtensionContext'.
src/extension/chatSessions/copilotcli/node/test/copilotCliShims.spec.ts(28,14): error TS4113: This member cannot have an 'override' modifier because it is not declared in the base class 'IVSCodeExtensionContext'.
src/extension/chatSessions/copilotcli/node/test/copilotCLISkills.spec.ts(7,15): error TS2305: Module '"vscode"' has no exported member 'ChatSkill'.
src/extension/chatSessions/copilotcli/node/test/exitPlanModeHandler.spec.ts(8,1): error TS6133: 'vscode' is declared but its value is never read.
src/extension/chatSessions/copilotcli/node/test/exitPlanModeHandler.spec.ts(9,15): error TS2305: Module '"vscode"' has no exported member 'CancellationToken'.
src/extension/chatSessions/copilotcli/node/test/exitPlanModeHandler.spec.ts(9,34): error TS2305: Module '"vscode"' has no exported member 'ChatParticipantToolToken'.
src/extension/chatSessions/copilotcli/node/test/exitPlanModeHandler.spec.ts(9,60): error TS2305: Module '"vscode"' has no exported member 'TextDocumentChangeEvent'.
src/extension/chatSessions/copilotcli/node/test/exitPlanModeHandler.spec.ts(46,32): error TS2503: Cannot find namespace 'vscode'.
src/extension/chatSessions/copilotcli/node/test/exitPlanModeHandler.spec.ts(48,48): error TS2503: Cannot find namespace 'vscode'.
src/extension/chatSessions/copilotcli/node/test/exitPlanModeHandler.spec.ts(50,19): error TS2503: Cannot find namespace 'vscode'.
src/extension/chatSessions/copilotcli/node/test/exitPlanModeHandler.spec.ts(63,42): error TS2503: Cannot find namespace 'vscode'.
src/extension/chatSessions/copilotcli/node/test/exitPlanModeHandler.spec.ts(63,103): error TS2503: Cannot find namespace 'vscode'.
src/extension/chatSessions/copilotcli/node/test/exitPlanModeHandler.spec.ts(68,48): error TS2503: Cannot find namespace 'vscode'.
src/extension/chatSessions/copilotcli/node/test/exitPlanModeHandler.spec.ts(68,148): error TS2503: Cannot find namespace 'vscode'.
src/extension/chatSessions/copilotcli/node/test/exitPlanModeHandler.spec.ts(73,13): error TS2503: Cannot find namespace 'vscode'.
src/extension/chatSessions/copilotcli/node/test/exitPlanModeHandler.spec.ts(74,32): error TS2503: Cannot find namespace 'vscode'.
src/extension/chatSessions/copilotcli/node/test/exitPlanModeHandler.spec.ts(77,21): error TS2503: Cannot find namespace 'vscode'.
src/extension/chatSessions/copilotcli/node/test/exitPlanModeHandler.spec.ts(286,37): error TS2503: Cannot find namespace 'vscode'.
src/extension/chatSessions/copilotcli/node/test/exitPlanModeHandler.spec.ts(287,56): error TS2503: Cannot find namespace 'vscode'.
src/extension/chatSessions/copilotcli/node/test/exitPlanModeHandler.spec.ts(288,24): error TS2503: Cannot find namespace 'vscode'.
src/extension/chatSessions/copilotcli/node/test/exitPlanModeHandler.spec.ts(321,37): error TS2503: Cannot find namespace 'vscode'.
src/extension/chatSessions/copilotcli/node/test/exitPlanModeHandler.spec.ts(322,56): error TS2503: Cannot find namespace 'vscode'.
src/extension/chatSessions/copilotcli/node/test/exitPlanModeHandler.spec.ts(323,24): error TS2503: Cannot find namespace 'vscode'.
src/extension/chatSessions/copilotcli/node/test/exitPlanModeHandler.spec.ts(352,37): error TS2503: Cannot find namespace 'vscode'.
src/extension/chatSessions/copilotcli/node/test/exitPlanModeHandler.spec.ts(353,56): error TS2503: Cannot find namespace 'vscode'.
src/extension/chatSessions/copilotcli/node/test/exitPlanModeHandler.spec.ts(354,24): error TS2503: Cannot find namespace 'vscode'.
src/extension/chatSessions/copilotcli/node/test/missionControlApiClient.spec.ts(6,15): error TS2305: Module '"vscode"' has no exported member 'AuthenticationSession'.
src/extension/chatSessions/copilotcli/node/test/permissionHelpers.spec.ts(7,15): error TS2305: Module '"vscode"' has no exported member 'CancellationToken'.
src/extension/chatSessions/copilotcli/node/test/permissionHelpers.spec.ts(7,34): error TS2305: Module '"vscode"' has no exported member 'ChatParticipantToolToken'.
src/extension/chatSessions/copilotcli/node/test/testHelpers.ts(7,15): error TS2305: Module '"vscode"' has no exported member 'CancellationToken'.
src/extension/chatSessions/copilotcli/node/test/testHelpers.ts(7,34): error TS2305: Module '"vscode"' has no exported member 'Uri'.
src/extension/chatSessions/copilotcli/node/userInputHelpers.ts(7,15): error TS2305: Module '"vscode"' has no exported member 'CancellationToken'.
src/extension/chatSessions/copilotcli/node/userInputHelpers.ts(7,34): error TS2305: Module '"vscode"' has no exported member 'ChatParticipantToolToken'.
src/extension/chatSessions/copilotcli/vscode-node/askUserQuestionHandler.ts(6,10): error TS2305: Module '"vscode"' has no exported member 'ChatParticipantToolToken'.
src/extension/chatSessions/copilotcli/vscode-node/askUserQuestionHandler.ts(6,36): error TS2305: Module '"vscode"' has no exported member 'commands'.
src/extension/chatSessions/copilotcli/vscode-node/askUserQuestionHandler.ts(6,46): error TS2305: Module '"vscode"' has no exported member 'LanguageModelTextPart'.
src/extension/chatSessions/copilotcli/vscode-node/chatSessionMetadataStoreImpl.ts(6,1): error TS6133: 'vscode' is declared but its value is never read.
src/extension/chatSessions/copilotcli/vscode-node/chatSessionMetadataStoreImpl.ts(7,10): error TS2305: Module '"vscode"' has no exported member 'Uri'.
src/extension/chatSessions/copilotcli/vscode-node/chatSessionMetadataStoreImpl.ts(99,40): error TS2503: Cannot find namespace 'vscode'.
src/extension/chatSessions/copilotcli/vscode-node/chatSessionMetadataStoreImpl.ts(103,37): error TS2503: Cannot find namespace 'vscode'.
src/extension/chatSessions/copilotcli/vscode-node/chatSessionMetadataStoreImpl.ts(185,48): error TS2503: Cannot find namespace 'vscode'.
src/extension/chatSessions/copilotcli/vscode-node/chatSessionMetadataStoreImpl.ts(189,55): error TS2503: Cannot find namespace 'vscode'.
src/extension/chatSessions/copilotcli/vscode-node/chatSessionMetadataStoreImpl.ts(253,62): error TS2503: Cannot find namespace 'vscode'.
src/extension/chatSessions/copilotcli/vscode-node/chatSessionMetadataStoreImpl.ts(656,29): error TS2339: Property 'globalState' does not exist on type 'IVSCodeExtensionContext'.
src/extension/chatSessions/copilotcli/vscode-node/chatSessionMetadataStoreImpl.ts(660,62): error TS2339: Property 'globalStorageUri' does not exist on type 'IVSCodeExtensionContext'.
src/extension/chatSessions/copilotcli/vscode-node/chatSessionMetadataStoreImpl.ts(667,32): error TS2339: Property 'globalState' does not exist on type 'IVSCodeExtensionContext'.
src/extension/chatSessions/copilotcli/vscode-node/chatSessionMetadataStoreImpl.ts(706,32): error TS2339: Property 'globalState' does not exist on type 'IVSCodeExtensionContext'.
src/extension/chatSessions/copilotcli/vscode-node/commands/addFileReference.ts(14,140): error TS2503: Cannot find namespace 'vscode'.
src/extension/chatSessions/copilotcli/vscode-node/commands/addFileReference.ts(15,82): error TS2503: Cannot find namespace 'vscode'.
src/extension/chatSessions/copilotcli/vscode-node/commands/addSelection.ts(14,136): error TS2503: Cannot find namespace 'vscode'.
src/extension/chatSessions/copilotcli/vscode-node/commands/context.ts(6,10): error TS2305: Module '"vscode"' has no exported member 'commands'.
src/extension/chatSessions/copilotcli/vscode-node/commands/diffCommands.ts(13,85): error TS2503: Cannot find namespace 'vscode'.
src/extension/chatSessions/copilotcli/vscode-node/commands/diffCommands.ts(14,21): error TS2503: Cannot find namespace 'vscode'.
src/extension/chatSessions/copilotcli/vscode-node/commands/sendContext.ts(36,47): error TS2503: Cannot find namespace 'vscode'.
src/extension/chatSessions/copilotcli/vscode-node/commands/sendContext.ts(70,7): error TS2503: Cannot find namespace 'vscode'.
src/extension/chatSessions/copilotcli/vscode-node/contribution.ts(53,51): error TS7006: Parameter 'sessionId' implicitly has an 'any' type.
src/extension/chatSessions/copilotcli/vscode-node/copilotCLIChatSessionInitializer.ts(8,1): error TS6133: 'vscode' is declared but its value is never read.
src/extension/chatSessions/copilotcli/vscode-node/copilotCLIChatSessionInitializer.ts(32,11): error TS2503: Cannot find namespace 'vscode'.
src/extension/chatSessions/copilotcli/vscode-node/copilotCLIChatSessionInitializer.ts(34,10): error TS2503: Cannot find namespace 'vscode'.
src/extension/chatSessions/copilotcli/vscode-node/copilotCLIChatSessionInitializer.ts(47,12): error TS2503: Cannot find namespace 'vscode'.
src/extension/chatSessions/copilotcli/vscode-node/copilotCLIChatSessionInitializer.ts(48,17): error TS2503: Cannot find namespace 'vscode'.
src/extension/chatSessions/copilotcli/vscode-node/copilotCLIChatSessionInitializer.ts(51,10): error TS2503: Cannot find namespace 'vscode'.
src/extension/chatSessions/copilotcli/vscode-node/copilotCLIChatSessionInitializer.ts(59,17): error TS2503: Cannot find namespace 'vscode'.
src/extension/chatSessions/copilotcli/vscode-node/copilotCLIChatSessionInitializer.ts(61,24): error TS2503: Cannot find namespace 'vscode'.
src/extension/chatSessions/copilotcli/vscode-node/copilotCLIChatSessionInitializer.ts(62,10): error TS2503: Cannot find namespace 'vscode'.
src/extension/chatSessions/copilotcli/vscode-node/copilotCLIChatSessionInitializer.ts(70,12): error TS2503: Cannot find namespace 'vscode'.
src/extension/chatSessions/copilotcli/vscode-node/copilotCLIChatSessionInitializer.ts(73,10): error TS2503: Cannot find namespace 'vscode'.
src/extension/chatSessions/copilotcli/vscode-node/copilotCLIChatSessionInitializer.ts(95,12): error TS2503: Cannot find namespace 'vscode'.
src/extension/chatSessions/copilotcli/vscode-node/copilotCLIChatSessionInitializer.ts(96,17): error TS2503: Cannot find namespace 'vscode'.
src/extension/chatSessions/copilotcli/vscode-node/copilotCLIChatSessionInitializer.ts(99,10): error TS2503: Cannot find namespace 'vscode'.
src/extension/chatSessions/copilotcli/vscode-node/copilotCLIChatSessionInitializer.ts(137,17): error TS2503: Cannot find namespace 'vscode'.
src/extension/chatSessions/copilotcli/vscode-node/copilotCLIChatSessionInitializer.ts(139,24): error TS2503: Cannot find namespace 'vscode'.
src/extension/chatSessions/copilotcli/vscode-node/copilotCLIChatSessionInitializer.ts(140,10): error TS2503: Cannot find namespace 'vscode'.
src/extension/chatSessions/copilotcli/vscode-node/copilotCLIChatSessionInitializer.ts(144,27): error TS2503: Cannot find namespace 'vscode'.
src/extension/chatSessions/copilotcli/vscode-node/copilotCLIChatSessionInitializer.ts(177,12): error TS2503: Cannot find namespace 'vscode'.
src/extension/chatSessions/copilotcli/vscode-node/copilotCLIChatSessionInitializer.ts(180,10): error TS2503: Cannot find namespace 'vscode'.
src/extension/chatSessions/copilotcli/vscode-node/copilotCLIChatSessionInitializer.ts(195,30): error TS2503: Cannot find namespace 'vscode'.
src/extension/chatSessions/copilotcli/vscode-node/copilotCLIChatSessionInitializer.ts(195,69): error TS2503: Cannot find namespace 'vscode'.
src/extension/chatSessions/copilotcli/vscode-node/copilotCLIChatSessionInitializer.ts(223,30): error TS2503: Cannot find namespace 'vscode'.
src/extension/chatSessions/copilotcli/vscode-node/copilotCLIChatSessionInitializer.ts(223,69): error TS2503: Cannot find namespace 'vscode'.
src/extension/chatSessions/copilotcli/vscode-node/copilotCLIChatSessionInitializer.ts(227,72): error TS7006: Parameter 't' implicitly has an 'any' type.
src/extension/chatSessions/copilotcli/vscode-node/copilotCLIChatSessionInitializer.ts(237,50): error TS2503: Cannot find namespace 'vscode'.
src/extension/chatSessions/copilotcli/vscode-node/copilotCLIChatSessionInitializer.ts(237,77): error TS2503: Cannot find namespace 'vscode'.
src/extension/chatSessions/copilotcli/vscode-node/copilotCLICustomizationProvider.ts(21,76): error TS2503: Cannot find namespace 'vscode'.
src/extension/chatSessions/copilotcli/vscode-node/copilotCLICustomizationProvider.ts(26,25): error TS2503: Cannot find namespace 'vscode'.
src/extension/chatSessions/copilotcli/vscode-node/copilotCLICustomizationProvider.ts(36,23): error TS2503: Cannot find namespace 'vscode'.
src/extension/chatSessions/copilotcli/vscode-node/copilotCLICustomizationProvider.ts(58,48): error TS2503: Cannot find namespace 'vscode'.
src/extension/chatSessions/copilotcli/vscode-node/copilotCLICustomizationProvider.ts(58,83): error TS2503: Cannot find namespace 'vscode'.
src/extension/chatSessions/copilotcli/vscode-node/copilotCLICustomizationProvider.ts(89,38): error TS2503: Cannot find namespace 'vscode'.
src/extension/chatSessions/copilotcli/vscode-node/copilotCLICustomizationProvider.ts(89,73): error TS2503: Cannot find namespace 'vscode'.
src/extension/chatSessions/copilotcli/vscode-node/copilotCLICustomizationProvider.ts(109,71): error TS2503: Cannot find namespace 'vscode'.
src/extension/chatSessions/copilotcli/vscode-node/copilotCLICustomizationProvider.ts(126,16): error TS2503: Cannot find namespace 'vscode'.
src/extension/chatSessions/copilotcli/vscode-node/copilotCLICustomizationProvider.ts(196,37): error TS2503: Cannot find namespace 'vscode'.
src/extension/chatSessions/copilotcli/vscode-node/copilotCLICustomizationProvider.ts(196,72): error TS2503: Cannot find namespace 'vscode'.
src/extension/chatSessions/copilotcli/vscode-node/copilotCLICustomizationProvider.ts(211,36): error TS2503: Cannot find namespace 'vscode'.
src/extension/chatSessions/copilotcli/vscode-node/copilotCLICustomizationProvider.ts(211,71): error TS2503: Cannot find namespace 'vscode'.
src/extension/chatSessions/copilotcli/vscode-node/copilotCLICustomizationProvider.ts(225,38): error TS2503: Cannot find namespace 'vscode'.
src/extension/chatSessions/copilotcli/vscode-node/copilotCLICustomizationProvider.ts(225,73): error TS2503: Cannot find namespace 'vscode'.
src/extension/chatSessions/copilotcli/vscode-node/copilotCLIFolderMru.ts(6,10): error TS2305: Module '"vscode"' has no exported member 'CancellationToken'.
src/extension/chatSessions/copilotcli/vscode-node/copilotCLIFolderMru.ts(6,29): error TS2305: Module '"vscode"' has no exported member 'Uri'.
src/extension/chatSessions/copilotcli/vscode-node/copilotCLIPromptReferences.ts(8,15): error TS2305: Module '"vscode"' has no exported member 'ChatPromptReference'.
src/extension/chatSessions/copilotcli/vscode-node/copilotCLISessionTracker.ts(7,10): error TS2305: Module '"vscode"' has no exported member 'l10n'.
src/extension/chatSessions/copilotcli/vscode-node/copilotCLISessionTracker.ts(7,16): error TS2305: Module '"vscode"' has no exported member 'Terminal'.
src/extension/chatSessions/copilotcli/vscode-node/copilotCLISessionTracker.ts(7,26): error TS2305: Module '"vscode"' has no exported member 'window'.
src/extension/chatSessions/copilotcli/vscode-node/copilotCLISessionTracker.ts(64,44): error TS7006: Parameter 'closedTerminal' implicitly has an 'any' type.
src/extension/chatSessions/copilotcli/vscode-node/copilotCLISessionTracker.ts(145,45): error TS7006: Parameter 't' implicitly has an 'any' type.
src/extension/chatSessions/copilotcli/vscode-node/copilotCLISessionTracker.ts(145,67): error TS7006: Parameter 'pid' implicitly has an 'any' type.
src/extension/chatSessions/copilotcli/vscode-node/customSessionTitleServiceImpl.ts(6,10): error TS2305: Module '"vscode"' has no exported member 'CancellationToken'.
src/extension/chatSessions/copilotcli/vscode-node/customSessionTitleServiceImpl.ts(6,29): error TS2305: Module '"vscode"' has no exported member 'ChatContext'.
src/extension/chatSessions/copilotcli/vscode-node/customSessionTitleServiceImpl.ts(6,42): error TS2305: Module '"vscode"' has no exported member 'ChatRequestTurn2'.
src/extension/chatSessions/copilotcli/vscode-node/customSessionTitleServiceImpl.ts(29,23): error TS2339: Property 'globalState' does not exist on type 'IVSCodeExtensionContext'.
src/extension/chatSessions/copilotcli/vscode-node/customSessionTitleServiceImpl.ts(50,17): error TS2339: Property 'globalState' does not exist on type 'IVSCodeExtensionContext'.
src/extension/chatSessions/copilotcli/vscode-node/diffState.ts(13,15): error TS2503: Cannot find namespace 'vscode'.
src/extension/chatSessions/copilotcli/vscode-node/diffState.ts(14,15): error TS2503: Cannot find namespace 'vscode'.
src/extension/chatSessions/copilotcli/vscode-node/diffState.ts(20,25): error TS2503: Cannot find namespace 'vscode'.
src/extension/chatSessions/copilotcli/vscode-node/diffState.ts(20,45): error TS2503: Cannot find namespace 'vscode'.
src/extension/chatSessions/copilotcli/vscode-node/diffState.ts(20,67): error TS2503: Cannot find namespace 'vscode'.
src/extension/chatSessions/copilotcli/vscode-node/diffState.ts(53,16): error TS2503: Cannot find namespace 'vscode'.
src/extension/chatSessions/copilotcli/vscode-node/diffState.ts(97,26): error TS2503: Cannot find namespace 'vscode'.
src/extension/chatSessions/copilotcli/vscode-node/diffState.ts(98,22): error TS2503: Cannot find namespace 'vscode'.
src/extension/chatSessions/copilotcli/vscode-node/diffState.ts(115,131): error TS7006: Parameter 'err' implicitly has an 'any' type.
src/extension/chatSessions/copilotcli/vscode-node/inProcHttpServer.ts(101,26): error TS2503: Cannot find namespace 'vscode'.
src/extension/chatSessions/copilotcli/vscode-node/lockFile.ts(26,30): error TS2503: Cannot find namespace 'vscode'.
src/extension/chatSessions/copilotcli/vscode-node/lockFile.ts(31,47): error TS2503: Cannot find namespace 'vscode'.
src/extension/chatSessions/copilotcli/vscode-node/lockFile.ts(45,68): error TS7006: Parameter 'f' implicitly has an 'any' type.
src/extension/chatSessions/copilotcli/vscode-node/lockFile.ts(77,49): error TS2503: Cannot find namespace 'vscode'.
src/extension/chatSessions/copilotcli/vscode-node/lockFile.ts(86,66): error TS7006: Parameter 'f' implicitly has an 'any' type.
src/extension/chatSessions/copilotcli/vscode-node/readonlyContentProvider.ts(6,10): error TS2305: Module '"vscode"' has no exported member 'Disposable'.
src/extension/chatSessions/copilotcli/vscode-node/readonlyContentProvider.ts(6,22): error TS2305: Module '"vscode"' has no exported member 'TextDocumentContentProvider'.
src/extension/chatSessions/copilotcli/vscode-node/readonlyContentProvider.ts(6,51): error TS2305: Module '"vscode"' has no exported member 'Uri'.
src/extension/chatSessions/copilotcli/vscode-node/readonlyContentProvider.ts(6,56): error TS2305: Module '"vscode"' has no exported member 'workspace'.
src/extension/chatSessions/copilotcli/vscode-node/test/askUserQuestionHandler.spec.ts(7,10): error TS2305: Module '"vscode"' has no exported member 'LanguageModelToolInvocationOptions'.
src/extension/chatSessions/copilotcli/vscode-node/test/askUserQuestionHandler.spec.ts(35,52): error TS2694: Namespace 'shim' has no exported member 'ChatParticipantToolToken'.
src/extension/chatSessions/copilotcli/vscode-node/test/chatSessionInitializer.spec.ts(8,1): error TS6133: 'vscode' is declared but its value is never read.
src/extension/chatSessions/copilotcli/vscode-node/test/chatSessionInitializer.spec.ts(45,48): error TS2503: Cannot find namespace 'vscode'.
src/extension/chatSessions/copilotcli/vscode-node/test/chatSessionInitializer.spec.ts(53,48): error TS2503: Cannot find namespace 'vscode'.
src/extension/chatSessions/copilotcli/vscode-node/test/chatSessionInitializer.spec.ts(110,49): error TS2503: Cannot find namespace 'vscode'.
src/extension/chatSessions/copilotcli/vscode-node/test/chatSessionInitializer.spec.ts(123,42): error TS2503: Cannot find namespace 'vscode'.
src/extension/chatSessions/copilotcli/vscode-node/test/chatSessionInitializer.spec.ts(123,64): error TS2503: Cannot find namespace 'vscode'.
src/extension/chatSessions/copilotcli/vscode-node/test/chatSessionInitializer.spec.ts(130,30): error TS2503: Cannot find namespace 'vscode'.
src/extension/chatSessions/copilotcli/vscode-node/test/chatSessionInitializer.spec.ts(134,18): error TS2503: Cannot find namespace 'vscode'.
src/extension/chatSessions/copilotcli/vscode-node/test/chatSessionInitializer.spec.ts(137,24): error TS2503: Cannot find namespace 'vscode'.
src/extension/chatSessions/copilotcli/vscode-node/test/chatSessionInitializer.spec.ts(141,18): error TS2503: Cannot find namespace 'vscode'.
src/extension/chatSessions/copilotcli/vscode-node/test/chatSessionInitializer.spec.ts(144,72): error TS2503: Cannot find namespace 'vscode'.
src/extension/chatSessions/copilotcli/vscode-node/test/chatSessionInitializer.spec.ts(145,81): error TS2503: Cannot find namespace 'vscode'.
src/extension/chatSessions/copilotcli/vscode-node/test/chatSessionInitializer.spec.ts(197,76): error TS2503: Cannot find namespace 'vscode'.
src/extension/chatSessions/copilotcli/vscode-node/test/chatSessionInitializer.spec.ts(204,78): error TS2503: Cannot find namespace 'vscode'.
src/extension/chatSessions/copilotcli/vscode-node/test/chatSessionInitializer.spec.ts(217,64): error TS2503: Cannot find namespace 'vscode'.
src/extension/chatSessions/copilotcli/vscode-node/test/chatSessionInitializer.spec.ts(226,76): error TS2503: Cannot find namespace 'vscode'.
src/extension/chatSessions/copilotcli/vscode-node/test/chatSessionInitializer.spec.ts(245,47): error TS2503: Cannot find namespace 'vscode'.
src/extension/chatSessions/copilotcli/vscode-node/test/chatSessionInitializer.spec.ts(250,17): error TS2503: Cannot find namespace 'vscode'.
src/extension/chatSessions/copilotcli/vscode-node/test/chatSessionInitializer.spec.ts(270,17): error TS2503: Cannot find namespace 'vscode'.
src/extension/chatSessions/copilotcli/vscode-node/test/chatSessionInitializer.spec.ts(290,17): error TS2503: Cannot find namespace 'vscode'.
src/extension/chatSessions/copilotcli/vscode-node/test/chatSessionInitializer.spec.ts(308,17): error TS2503: Cannot find namespace 'vscode'.
src/extension/chatSessions/copilotcli/vscode-node/test/chatSessionInitializer.spec.ts(323,11): error TS2503: Cannot find namespace 'vscode'.
src/extension/chatSessions/copilotcli/vscode-node/test/chatSessionInitializer.spec.ts(339,11): error TS2503: Cannot find namespace 'vscode'.
src/extension/chatSessions/copilotcli/vscode-node/test/chatSessionInitializer.spec.ts(351,11): error TS2503: Cannot find namespace 'vscode'.
src/extension/chatSessions/copilotcli/vscode-node/test/chatSessionInitializer.spec.ts(363,50): error TS2503: Cannot find namespace 'vscode'.
src/extension/chatSessions/copilotcli/vscode-node/test/chatSessionInitializer.spec.ts(374,11): error TS2503: Cannot find namespace 'vscode'.
src/extension/chatSessions/copilotcli/vscode-node/test/chatSessionInitializer.spec.ts(396,11): error TS2503: Cannot find namespace 'vscode'.
src/extension/chatSessions/copilotcli/vscode-node/test/chatSessionInitializer.spec.ts(411,55): error TS2503: Cannot find namespace 'vscode'.
src/extension/chatSessions/copilotcli/vscode-node/test/chatSessionInitializer.spec.ts(416,11): error TS2503: Cannot find namespace 'vscode'.
src/extension/chatSessions/copilotcli/vscode-node/test/chatSessionInitializer.spec.ts(512,50): error TS2503: Cannot find namespace 'vscode'.
src/extension/chatSessions/copilotcli/vscode-node/test/chatSessionInitializer.spec.ts(513,49): error TS2503: Cannot find namespace 'vscode'.
src/extension/chatSessions/copilotcli/vscode-node/test/chatSessionInitializer.spec.ts(515,51): error TS2503: Cannot find namespace 'vscode'.
src/extension/chatSessions/copilotcli/vscode-node/test/chatSessionInitializer.spec.ts(571,50): error TS2503: Cannot find namespace 'vscode'.
src/extension/chatSessions/copilotcli/vscode-node/test/chatSessionInitializer.spec.ts(590,50): error TS2503: Cannot find namespace 'vscode'.
src/extension/chatSessions/copilotcli/vscode-node/test/chatSessionInitializer.spec.ts(591,49): error TS2503: Cannot find namespace 'vscode'.
src/extension/chatSessions/copilotcli/vscode-node/test/chatSessionInitializer.spec.ts(593,51): error TS2503: Cannot find namespace 'vscode'.
src/extension/chatSessions/copilotcli/vscode-node/test/chatSessionMetadataStoreImpl.spec.ts(7,1): error TS6133: 'vscode' is declared but its value is never read.
src/extension/chatSessions/copilotcli/vscode-node/test/chatSessionMetadataStoreImpl.spec.ts(8,10): error TS2305: Module '"vscode"' has no exported member 'Uri'.
src/extension/chatSessions/copilotcli/vscode-node/test/chatSessionMetadataStoreImpl.spec.ts(40,34): error TS2503: Cannot find namespace 'vscode'.
src/extension/chatSessions/copilotcli/vscode-node/test/chatSessionMetadataStoreImpl.spec.ts(73,18): error TS4113: This member cannot have an 'override' modifier because it is not declared in the base class 'IVSCodeExtensionContext'.
src/extension/chatSessions/copilotcli/vscode-node/test/chatSessionMetadataStoreImpl.spec.ts(74,11): error TS4113: This member cannot have an 'override' modifier because it is not declared in the base class 'IVSCodeExtensionContext'.
src/extension/chatSessions/copilotcli/vscode-node/test/chatSessionMetadataStoreImpl.spec.ts(75,11): error TS4113: This member cannot have an 'override' modifier because it is not declared in the base class 'IVSCodeExtensionContext'.
src/extension/chatSessions/copilotcli/vscode-node/test/chatSessionMetadataStoreImpl.spec.ts(76,11): error TS4113: This member cannot have an 'override' modifier because it is not declared in the base class 'IVSCodeExtensionContext'.
src/extension/chatSessions/copilotcli/vscode-node/test/chatSessionMetadataStoreImpl.spec.ts(77,11): error TS4113: This member cannot have an 'override' modifier because it is not declared in the base class 'IVSCodeExtensionContext'.
src/extension/chatSessions/copilotcli/vscode-node/test/chatSessionMetadataStoreImpl.spec.ts(78,11): error TS4113: This member cannot have an 'override' modifier because it is not declared in the base class 'IVSCodeExtensionContext'.
src/extension/chatSessions/copilotcli/vscode-node/test/chatSessionMetadataStoreImpl.spec.ts(79,11): error TS4113: This member cannot have an 'override' modifier because it is not declared in the base class 'IVSCodeExtensionContext'.
src/extension/chatSessions/copilotcli/vscode-node/test/chatSessionMetadataStoreImpl.spec.ts(80,11): error TS4113: This member cannot have an 'override' modifier because it is not declared in the base class 'IVSCodeExtensionContext'.
src/extension/chatSessions/copilotcli/vscode-node/test/copilotCLICustomizationProvider.spec.ts(57,102): error TS2503: Cannot find namespace 'vscode'.
src/extension/chatSessions/copilotcli/vscode-node/test/copilotCLICustomizationProvider.spec.ts(62,45): error TS2503: Cannot find namespace 'vscode'.
src/extension/chatSessions/copilotcli/vscode-node/test/copilotCLICustomizationProvider.spec.ts(67,30): error TS2503: Cannot find namespace 'vscode'.
src/extension/chatSessions/copilotcli/vscode-node/test/copilotCLICustomizationProvider.spec.ts(72,32): error TS2503: Cannot find namespace 'vscode'.
src/extension/chatSessions/copilotcli/vscode-node/test/copilotCLICustomizationProvider.spec.ts(150,91): error TS7006: Parameter 't' implicitly has an 'any' type.
src/extension/chatSessions/copilotcli/vscode-node/test/copilotCLICustomizationProvider.spec.ts(179,40): error TS2503: Cannot find namespace 'vscode'.
src/extension/chatSessions/copilotcli/vscode-node/test/copilotCLICustomizationProvider.spec.ts(190,40): error TS2503: Cannot find namespace 'vscode'.
src/extension/chatSessions/copilotcli/vscode-node/test/copilotCLICustomizationProvider.spec.ts(200,40): error TS2503: Cannot find namespace 'vscode'.
src/extension/chatSessions/copilotcli/vscode-node/test/copilotCLICustomizationProvider.spec.ts(281,39): error TS2503: Cannot find namespace 'vscode'.
src/extension/chatSessions/copilotcli/vscode-node/test/diffCommands.spec.ts(38,80): error TS2503: Cannot find namespace 'vscode'.
src/extension/chatSessions/copilotcli/vscode-node/test/diffCommands.spec.ts(39,80): error TS2503: Cannot find namespace 'vscode'.
src/extension/chatSessions/copilotcli/vscode-node/test/diffCommands.spec.ts(51,54): error TS2503: Cannot find namespace 'vscode'.
src/extension/chatSessions/copilotcli/vscode-node/test/diffCommands.spec.ts(55,53): error TS2503: Cannot find namespace 'vscode'.
src/extension/chatSessions/copilotcli/vscode-node/test/getSelection.spec.ts(37,71): error TS2694: Namespace 'shim' has no exported member 'TextEditor'.
src/extension/chatSessions/copilotcli/vscode-node/test/getSelection.spec.ts(51,71): error TS2694: Namespace 'shim' has no exported member 'TextEditor'.
src/extension/chatSessions/copilotcli/vscode-node/test/getSelection.spec.ts(59,71): error TS2694: Namespace 'shim' has no exported member 'TextEditor'.
src/extension/chatSessions/copilotcli/vscode-node/test/readonlyContentProvider.spec.ts(28,15): error TS2305: Module '"vscode"' has no exported member 'Uri'.
src/extension/chatSessions/copilotcli/vscode-node/tools/getDiagnostics.ts(26,22): error TS2503: Cannot find namespace 'vscode'.
src/extension/chatSessions/copilotcli/vscode-node/tools/getDiagnostics.ts(26,43): error TS2503: Cannot find namespace 'vscode'.
src/extension/chatSessions/copilotcli/vscode-node/tools/getSelection.ts(22,42): error TS2503: Cannot find namespace 'vscode'.
src/extension/chatSessions/copilotcli/vscode-node/tools/openDiff.ts(78,25): error TS2503: Cannot find namespace 'vscode'.
src/extension/chatSessions/copilotcli/vscode-node/tools/openDiff.ts(141,47): error TS7006: Parameter 'event' implicitly has an 'any' type.
src/extension/chatSessions/copilotcli/vscode-node/tools/push/diagnosticsChanged.ts(25,37): error TS2503: Cannot find namespace 'vscode'.
src/extension/chatSessions/copilotcli/vscode-node/tools/push/diagnosticsChanged.ts(40,36): error TS2503: Cannot find namespace 'vscode'.
src/extension/chatSessions/copilotcli/vscode-node/tools/push/diagnosticsChanged.ts(44,32): error TS7006: Parameter 'd' implicitly has an 'any' type.
src/extension/chatSessions/copilotcli/vscode-node/tools/push/diagnosticsChanged.ts(57,104): error TS2503: Cannot find namespace 'vscode'.
src/extension/chatSessions/copilotcli/vscode-node/tools/push/diagnosticsChanged.ts(58,21): error TS2503: Cannot find namespace 'vscode'.
src/extension/chatSessions/copilotcli/vscode-node/tools/push/diagnosticsChanged.ts(61,42): error TS2503: Cannot find namespace 'vscode'.
src/extension/chatSessions/copilotcli/vscode-node/tools/push/diagnosticsChanged.ts(63,64): error TS7006: Parameter 'uri' implicitly has an 'any' type.
src/extension/chatSessions/copilotcli/vscode-node/tools/push/selectionChanged.ts(12,134): error TS2503: Cannot find namespace 'vscode'.
src/extension/chatSessions/copilotcli/vscode-node/tools/push/selectionChanged.ts(13,21): error TS2503: Cannot find namespace 'vscode'.
src/extension/chatSessions/copilotcli/vscode-node/tools/push/selectionChanged.ts(16,40): error TS2503: Cannot find namespace 'vscode'.
src/extension/chatSessions/vscode-node/agentSessionsWorkspace.ts(6,10): error TS2305: Module '"vscode"' has no exported member 'workspace'.
src/extension/chatSessions/vscode-node/chatHistoryBuilder.ts(18,38): error TS2503: Cannot find namespace 'vscode'.
src/extension/chatSessions/vscode-node/chatHistoryBuilder.ts(187,82): error TS2503: Cannot find namespace 'vscode'.
src/extension/chatSessions/vscode-node/chatHistoryBuilder.ts(188,20): error TS2503: Cannot find namespace 'vscode'.
src/extension/chatSessions/vscode-node/chatHistoryBuilder.ts(233,126): error TS2503: Cannot find namespace 'vscode'.
src/extension/chatSessions/vscode-node/chatHistoryBuilder.ts(261,106): error TS2503: Cannot find namespace 'vscode'.
src/extension/chatSessions/vscode-node/chatHistoryBuilder.ts(261,140): error TS2503: Cannot find namespace 'vscode'.
src/extension/chatSessions/vscode-node/chatHistoryBuilder.ts(261,182): error TS2503: Cannot find namespace 'vscode'.
src/extension/chatSessions/vscode-node/chatHistoryBuilder.ts(262,19): error TS2503: Cannot find namespace 'vscode'.
src/extension/chatSessions/vscode-node/chatHistoryBuilder.ts(262,53): error TS2503: Cannot find namespace 'vscode'.
src/extension/chatSessions/vscode-node/chatHistoryBuilder.ts(262,95): error TS2503: Cannot find namespace 'vscode'.
src/extension/chatSessions/vscode-node/chatHistoryBuilder.ts(310,4): error TS2503: Cannot find namespace 'vscode'.
src/extension/chatSessions/vscode-node/chatHistoryBuilder.ts(315,15): error TS2503: Cannot find namespace 'vscode'.
src/extension/chatSessions/vscode-node/chatHistoryBuilder.ts(387,124): error TS2503: Cannot find namespace 'vscode'.
src/extension/chatSessions/vscode-node/chatHistoryBuilder.ts(387,150): error TS2503: Cannot find namespace 'vscode'.
src/extension/chatSessions/vscode-node/chatHistoryBuilder.ts(388,17): error TS2503: Cannot find namespace 'vscode'.
src/extension/chatSessions/vscode-node/chatHistoryBuilder.ts(388,43): error TS2503: Cannot find namespace 'vscode'.
src/extension/chatSessions/vscode-node/chatHistoryBuilder.ts(395,29): error TS2503: Cannot find namespace 'vscode'.
src/extension/chatSessions/vscode-node/chatHistoryBuilder.ts(395,63): error TS2503: Cannot find namespace 'vscode'.
src/extension/chatSessions/vscode-node/chatHistoryBuilder.ts(395,105): error TS2503: Cannot find namespace 'vscode'.
src/extension/chatSessions/vscode-node/chatHistoryBuilder.ts(399,60): error TS2503: Cannot find namespace 'vscode'.
src/extension/chatSessions/vscode-node/chatSessionRepositoryTracker.ts(32,64): error TS7006: Parameter 'e' implicitly has an 'any' type.
src/extension/chatSessions/vscode-node/chatSessionRepositoryTracker.ts(37,47): error TS2503: Cannot find namespace 'vscode'.
src/extension/chatSessions/vscode-node/chatSessionRepositoryTracker.ts(38,134): error TS7006: Parameter 'f' implicitly has an 'any' type.
src/extension/chatSessions/vscode-node/chatSessionRepositoryTracker.ts(38,191): error TS7006: Parameter 'f' implicitly has an 'any' type.
src/extension/chatSessions/vscode-node/chatSessionRepositoryTracker.ts(51,45): error TS2503: Cannot find namespace 'vscode'.
src/extension/chatSessions/vscode-node/chatSessionRepositoryTracker.ts(72,48): error TS2503: Cannot find namespace 'vscode'.
src/extension/chatSessions/vscode-node/chatSessionRepositoryTracker.ts(76,40): error TS2503: Cannot find namespace 'vscode'.
src/extension/chatSessions/vscode-node/chatSessionRepositoryTracker.ts(96,68): error TS2503: Cannot find namespace 'vscode'.
src/extension/chatSessions/vscode-node/chatSessions.ts(118,95): error TS2554: Expected 1 arguments, but got 2.
src/extension/chatSessions/vscode-node/chatSessions.ts(120,38): error TS2503: Cannot find namespace 'vscode'.
src/extension/chatSessions/vscode-node/chatSessions.ts(306,104): error TS2503: Cannot find namespace 'vscode'.
src/extension/chatSessions/vscode-node/chatSessions.ts(306,117): error TS2503: Cannot find namespace 'vscode'.
src/extension/chatSessions/vscode-node/chatSessions.ts(308,58): error TS7006: Parameter 'item' implicitly has an 'any' type.
src/extension/chatSessions/vscode-node/chatSessions.ts(387,107): error TS2503: Cannot find namespace 'vscode'.
src/extension/chatSessions/vscode-node/chatSessionWorkspaceFolderServiceImpl.ts(83,62): error TS2503: Cannot find namespace 'vscode'.
src/extension/chatSessions/vscode-node/chatSessionWorkspaceFolderServiceImpl.ts(222,58): error TS2339: Property 'globalStorageUri' does not exist on type 'IVSCodeExtensionContext'.
src/extension/chatSessions/vscode-node/chatSessionWorkspaceFolderServiceImpl.ts(223,57): error TS2339: Property 'globalStorageUri' does not exist on type 'IVSCodeExtensionContext'.
src/extension/chatSessions/vscode-node/chatSessionWorkspaceFolderServiceImpl.ts(313,35): error TS2503: Cannot find namespace 'vscode'.
src/extension/chatSessions/vscode-node/chatSessionWorkspaceFolderServiceImpl.ts(314,55): error TS2503: Cannot find namespace 'vscode'.
src/extension/chatSessions/vscode-node/chatSessionWorkspaceFolderServiceImpl.ts(332,35): error TS2503: Cannot find namespace 'vscode'.
src/extension/chatSessions/vscode-node/chatSessionWorktreeCheckpointServiceImpl.ts(8,10): error TS2305: Module '"vscode"' has no exported member 'Uri'.
src/extension/chatSessions/vscode-node/chatSessionWorktreeCheckpointServiceImpl.ts(141,63): error TS2339: Property 'globalStorageUri' does not exist on type 'IVSCodeExtensionContext'.
src/extension/chatSessions/vscode-node/chatSessionWorktreeCheckpointServiceImpl.ts(142,56): error TS2339: Property 'globalStorageUri' does not exist on type 'IVSCodeExtensionContext'.
src/extension/chatSessions/vscode-node/chatSessionWorktreeCheckpointServiceImpl.ts(285,63): error TS2339: Property 'globalStorageUri' does not exist on type 'IVSCodeExtensionContext'.
src/extension/chatSessions/vscode-node/chatSessionWorktreeCheckpointServiceImpl.ts(286,56): error TS2339: Property 'globalStorageUri' does not exist on type 'IVSCodeExtensionContext'.
src/extension/chatSessions/vscode-node/chatSessionWorktreeServiceImpl.ts(54,39): error TS2503: Cannot find namespace 'vscode'.
src/extension/chatSessions/vscode-node/chatSessionWorktreeServiceImpl.ts(54,60): error TS2503: Cannot find namespace 'vscode'.
src/extension/chatSessions/vscode-node/chatSessionWorktreeServiceImpl.ts(60,91): error TS7006: Parameter 'progress' implicitly has an 'any' type.
src/extension/chatSessions/vscode-node/chatSessionWorktreeServiceImpl.ts(71,48): error TS2503: Cannot find namespace 'vscode'.
src/extension/chatSessions/vscode-node/chatSessionWorktreeServiceImpl.ts(71,71): error TS2503: Cannot find namespace 'vscode'.
src/extension/chatSessions/vscode-node/chatSessionWorktreeServiceImpl.ts(71,87): error TS2503: Cannot find namespace 'vscode'.
src/extension/chatSessions/vscode-node/chatSessionWorktreeServiceImpl.ts(224,52): error TS2503: Cannot find namespace 'vscode'.
src/extension/chatSessions/vscode-node/chatSessionWorktreeServiceImpl.ts(347,64): error TS2503: Cannot find namespace 'vscode'.
src/extension/chatSessions/vscode-node/chatSessionWorktreeServiceImpl.ts(745,58): error TS2339: Property 'globalStorageUri' does not exist on type 'IVSCodeExtensionContext'.
src/extension/chatSessions/vscode-node/chatSessionWorktreeServiceImpl.ts(746,57): error TS2339: Property 'globalStorageUri' does not exist on type 'IVSCodeExtensionContext'.
src/extension/chatSessions/vscode-node/chatSessionWorktreeServiceImpl.ts(828,141): error TS2503: Cannot find namespace 'vscode'.
src/extension/chatSessions/vscode-node/claudeChatSessionContentProvider.ts(7,10): error TS2305: Module '"vscode"' has no exported member 'ChatExtendedRequestHandler'.
src/extension/chatSessions/vscode-node/claudeChatSessionContentProvider.ts(55,53): error TS2503: Cannot find namespace 'vscode'.
src/extension/chatSessions/vscode-node/claudeChatSessionContentProvider.ts(55,78): error TS2503: Cannot find namespace 'vscode'.
src/extension/chatSessions/vscode-node/claudeChatSessionContentProvider.ts(55,91): error TS2503: Cannot find namespace 'vscode'.
src/extension/chatSessions/vscode-node/claudeChatSessionContentProvider.ts(67,53): error TS2503: Cannot find namespace 'vscode'.
src/extension/chatSessions/vscode-node/claudeChatSessionContentProvider.ts(72,43): error TS2503: Cannot find namespace 'vscode'.
src/extension/chatSessions/vscode-node/claudeChatSessionContentProvider.ts(73,51): error TS7006: Parameter 'group' implicitly has an 'any' type.
src/extension/chatSessions/vscode-node/claudeChatSessionContentProvider.ts(77,77): error TS2503: Cannot find namespace 'vscode'.
src/extension/chatSessions/vscode-node/claudeChatSessionContentProvider.ts(96,39): error TS2503: Cannot find namespace 'vscode'.
src/extension/chatSessions/vscode-node/claudeChatSessionContentProvider.ts(96,74): error TS2503: Cannot find namespace 'vscode'.
src/extension/chatSessions/vscode-node/claudeChatSessionContentProvider.ts(96,115): error TS2503: Cannot find namespace 'vscode'.
src/extension/chatSessions/vscode-node/claudeChatSessionContentProvider.ts(107,26): error TS2503: Cannot find namespace 'vscode'.
src/extension/chatSessions/vscode-node/claudeChatSessionContentProvider.ts(107,55): error TS2503: Cannot find namespace 'vscode'.
src/extension/chatSessions/vscode-node/claudeChatSessionContentProvider.ts(107,83): error TS2503: Cannot find namespace 'vscode'.
src/extension/chatSessions/vscode-node/claudeChatSessionContentProvider.ts(107,117): error TS2503: Cannot find namespace 'vscode'.
src/extension/chatSessions/vscode-node/claudeChatSessionContentProvider.ts(107,152): error TS2503: Cannot find namespace 'vscode'.
src/extension/chatSessions/vscode-node/claudeChatSessionContentProvider.ts(133,75): error TS7006: Parameter 'group' implicitly has an 'any' type.
src/extension/chatSessions/vscode-node/claudeChatSessionContentProvider.ts(164,16): error TS2503: Cannot find namespace 'vscode'.
src/extension/chatSessions/vscode-node/claudeChatSessionContentProvider.ts(197,51): error TS2503: Cannot find namespace 'vscode'.
src/extension/chatSessions/vscode-node/claudeChatSessionContentProvider.ts(197,70): error TS2503: Cannot find namespace 'vscode'.
src/extension/chatSessions/vscode-node/claudeChatSessionContentProvider.ts(197,129): error TS2503: Cannot find namespace 'vscode'.
src/extension/chatSessions/vscode-node/claudeChatSessionContentProvider.ts(197,170): error TS2503: Cannot find namespace 'vscode'.
src/extension/chatSessions/vscode-node/claudeChatSessionContentProvider.ts(205,42): error TS2503: Cannot find namespace 'vscode'.
src/extension/chatSessions/vscode-node/claudeChatSessionContentProvider.ts(232,77): error TS2503: Cannot find namespace 'vscode'.
src/extension/chatSessions/vscode-node/claudeChatSessionContentProvider.ts(274,32): error TS2503: Cannot find namespace 'vscode'.
src/extension/chatSessions/vscode-node/claudeChatSessionContentProvider.ts(276,54): error TS2503: Cannot find namespace 'vscode'.
src/extension/chatSessions/vscode-node/claudeChatSessionContentProvider.ts(328,55): error TS7006: Parameter 'context' implicitly has an 'any' type.
src/extension/chatSessions/vscode-node/claudeChatSessionContentProvider.ts(328,64): error TS7006: Parameter '_token' implicitly has an 'any' type.
src/extension/chatSessions/vscode-node/claudeChatSessionContentProvider.ts(348,58): error TS2503: Cannot find namespace 'vscode'.
src/extension/chatSessions/vscode-node/claudeChatSessionContentProvider.ts(348,79): error TS2503: Cannot find namespace 'vscode'.
src/extension/chatSessions/vscode-node/claudeChatSessionContentProvider.ts(348,151): error TS2503: Cannot find namespace 'vscode'.
src/extension/chatSessions/vscode-node/claudeChatSessionContentProvider.ts(437,10): error TS2503: Cannot find namespace 'vscode'.
src/extension/chatSessions/vscode-node/claudeChatSessionContentProvider.ts(447,48): error TS2503: Cannot find namespace 'vscode'.
src/extension/chatSessions/vscode-node/claudeChatSessionContentProvider.ts(473,42): error TS7006: Parameter 'i' implicitly has an 'any' type.
src/extension/chatSessions/vscode-node/claudeChatSessionContentProvider.ts(477,31): error TS2503: Cannot find namespace 'vscode'.
src/extension/chatSessions/vscode-node/claudeChatSessionContentProvider.ts(502,18): error TS2503: Cannot find namespace 'vscode'.
src/extension/chatSessions/vscode-node/claudeChatSessionContentProvider.ts(520,54): error TS7006: Parameter 'sessionResource' implicitly has an 'any' type.
src/extension/chatSessions/vscode-node/claudeChatSessionContentProvider.ts(520,71): error TS7006: Parameter 'context' implicitly has an 'any' type.
src/extension/chatSessions/vscode-node/claudeChatSessionContentProvider.ts(520,80): error TS7006: Parameter 'token' implicitly has an 'any' type.
src/extension/chatSessions/vscode-node/claudeChatSessionContentProvider.ts(521,15): error TS2503: Cannot find namespace 'vscode'.
src/extension/chatSessions/vscode-node/claudeChatSessionContentProvider.ts(570,46): error TS2503: Cannot find namespace 'vscode'.
src/extension/chatSessions/vscode-node/claudeChatSessionContentProvider.ts(573,34): error TS2503: Cannot find namespace 'vscode'.
src/extension/chatSessions/vscode-node/claudeChatSessionContentProvider.ts(583,29): error TS2503: Cannot find namespace 'vscode'.
src/extension/chatSessions/vscode-node/claudeChatSessionContentProvider.ts(595,63): error TS7006: Parameter 'i' implicitly has an 'any' type.
src/extension/chatSessions/vscode-node/claudeChatSessionContentProvider.ts(603,61): error TS2503: Cannot find namespace 'vscode'.
src/extension/chatSessions/vscode-node/claudeChatSessionContentProvider.ts(603,82): error TS2503: Cannot find namespace 'vscode'.
src/extension/chatSessions/vscode-node/claudeChatSessionContentProvider.ts(699,52): error TS2503: Cannot find namespace 'vscode'.
src/extension/chatSessions/vscode-node/claudeChatSessionContentProvider.ts(752,37): error TS2503: Cannot find namespace 'vscode'.
src/extension/chatSessions/vscode-node/claudeChatSessionContentProvider.ts(755,16): error TS2503: Cannot find namespace 'vscode'.
src/extension/chatSessions/vscode-node/claudeChatSessionContentProvider.ts(769,87): error TS2503: Cannot find namespace 'vscode'.
src/extension/chatSessions/vscode-node/claudeChatSessionContentProvider.ts(770,14): error TS2503: Cannot find namespace 'vscode'.
src/extension/chatSessions/vscode-node/claudeChatSessionContentProvider.ts(851,92): error TS2503: Cannot find namespace 'vscode'.
src/extension/chatSessions/vscode-node/claudeChatSessionContentProvider.ts(851,117): error TS2503: Cannot find namespace 'vscode'.
src/extension/chatSessions/vscode-node/claudeChatSessionContentProvider.ts(864,112): error TS2503: Cannot find namespace 'vscode'.
src/extension/chatSessions/vscode-node/claudeChatSessionContentProvider.ts(873,20): error TS7006: Parameter 'value' implicitly has an 'any' type.
src/extension/chatSessions/vscode-node/claudeChatSessionContentProvider.ts(898,136): error TS2503: Cannot find namespace 'vscode'.
src/extension/chatSessions/vscode-node/claudeChatSessionContentProvider.ts(898,161): error TS2503: Cannot find namespace 'vscode'.
src/extension/chatSessions/vscode-node/claudeCustomizationProvider.ts(62,72): error TS2503: Cannot find namespace 'vscode'.
src/extension/chatSessions/vscode-node/claudeCustomizationProvider.ts(67,25): error TS2503: Cannot find namespace 'vscode'.
src/extension/chatSessions/vscode-node/claudeCustomizationProvider.ts(96,48): error TS2503: Cannot find namespace 'vscode'.
src/extension/chatSessions/vscode-node/claudeCustomizationProvider.ts(96,83): error TS2503: Cannot find namespace 'vscode'.
src/extension/chatSessions/vscode-node/claudeCustomizationProvider.ts(97,16): error TS2503: Cannot find namespace 'vscode'.
src/extension/chatSessions/vscode-node/claudeCustomizationProvider.ts(143,21): error TS2503: Cannot find namespace 'vscode'.
src/extension/chatSessions/vscode-node/claudeCustomizationProvider.ts(146,17): error TS2503: Cannot find namespace 'vscode'.
src/extension/chatSessions/vscode-node/claudeCustomizationProvider.ts(169,48): error TS2503: Cannot find namespace 'vscode'.
src/extension/chatSessions/vscode-node/claudeCustomizationProvider.ts(170,16): error TS2503: Cannot find namespace 'vscode'.
src/extension/chatSessions/vscode-node/claudeCustomizationProvider.ts(213,41): error TS2503: Cannot find namespace 'vscode'.
src/extension/chatSessions/vscode-node/claudeCustomizationProvider.ts(214,16): error TS2503: Cannot find namespace 'vscode'.
src/extension/chatSessions/vscode-node/claudeSessionOptionBuilder.ts(8,1): error TS6133: 'vscode' is declared but its value is never read.
src/extension/chatSessions/vscode-node/claudeSessionOptionBuilder.ts(45,41): error TS2503: Cannot find namespace 'vscode'.
src/extension/chatSessions/vscode-node/claudeSessionOptionBuilder.ts(46,17): error TS2503: Cannot find namespace 'vscode'.
src/extension/chatSessions/vscode-node/claudeSessionOptionBuilder.ts(54,57): error TS7006: Parameter 'i' implicitly has an 'any' type.
src/extension/chatSessions/vscode-node/claudeSessionOptionBuilder.ts(63,104): error TS2503: Cannot find namespace 'vscode'.
src/extension/chatSessions/vscode-node/claudeSessionOptionBuilder.ts(64,17): error TS2503: Cannot find namespace 'vscode'.
src/extension/chatSessions/vscode-node/claudeSessionOptionBuilder.ts(71,51): error TS7006: Parameter 'i' implicitly has an 'any' type.
src/extension/chatSessions/vscode-node/claudeSessionOptionBuilder.ts(80,30): error TS2503: Cannot find namespace 'vscode'.
src/extension/chatSessions/vscode-node/claudeSessionOptionBuilder.ts(85,39): error TS2503: Cannot find namespace 'vscode'.
src/extension/chatSessions/vscode-node/claudeSessionOptionBuilder.ts(101,44): error TS2503: Cannot find namespace 'vscode'.
src/extension/chatSessions/vscode-node/claudeSessionOptionBuilder.ts(102,21): error TS2503: Cannot find namespace 'vscode'.
src/extension/chatSessions/vscode-node/claudeSessionOptionBuilder.ts(115,40): error TS2503: Cannot find namespace 'vscode'.
src/extension/chatSessions/vscode-node/claudeSessionOptionBuilder.ts(146,33): error TS2503: Cannot find namespace 'vscode'.
src/extension/chatSessions/vscode-node/claudeSessionOptionBuilder.ts(167,67): error TS2503: Cannot find namespace 'vscode'.
src/extension/chatSessions/vscode-node/claudeSessionOptionBuilder.ts(168,15): error TS2503: Cannot find namespace 'vscode'.
src/extension/chatSessions/vscode-node/claudeWorkspaceFolderServiceImpl.ts(29,44): error TS2503: Cannot find namespace 'vscode'.
src/extension/chatSessions/vscode-node/claudeWorkspaceFolderServiceImpl.ts(30,55): error TS2503: Cannot find namespace 'vscode'.
src/extension/chatSessions/vscode-node/claudeWorkspaceFolderServiceImpl.ts(52,13): error TS2503: Cannot find namespace 'vscode'.
src/extension/chatSessions/vscode-node/claudeWorkspaceFolderServiceImpl.ts(81,13): error TS2503: Cannot find namespace 'vscode'.
src/extension/chatSessions/vscode-node/claudeWorkspaceFolderServiceImpl.ts(151,59): error TS2339: Property 'globalStorageUri' does not exist on type 'IVSCodeExtensionContext'.
src/extension/chatSessions/vscode-node/claudeWorkspaceFolderServiceImpl.ts(152,58): error TS2339: Property 'globalStorageUri' does not exist on type 'IVSCodeExtensionContext'.
src/extension/chatSessions/vscode-node/copilotCLIChatSessions.ts(8,10): error TS2305: Module '"vscode"' has no exported member 'ChatExtendedRequestHandler'.
src/extension/chatSessions/vscode-node/copilotCLIChatSessions.ts(8,38): error TS2305: Module '"vscode"' has no exported member 'ChatRequestTurn2'.
src/extension/chatSessions/vscode-node/copilotCLIChatSessions.ts(8,56): error TS2305: Module '"vscode"' has no exported member 'Uri'.
src/extension/chatSessions/vscode-node/copilotCLIChatSessions.ts(116,12): error TS2503: Cannot find namespace 'vscode'.
src/extension/chatSessions/vscode-node/copilotCLIChatSessions.ts(133,81): error TS2503: Cannot find namespace 'vscode'.
src/extension/chatSessions/vscode-node/copilotCLIChatSessions.ts(134,88): error TS2503: Cannot find namespace 'vscode'.
src/extension/chatSessions/vscode-node/copilotCLIChatSessions.ts(134,122): error TS2503: Cannot find namespace 'vscode'.
src/extension/chatSessions/vscode-node/copilotCLIChatSessions.ts(135,64): error TS2503: Cannot find namespace 'vscode'.
src/extension/chatSessions/vscode-node/copilotCLIChatSessions.ts(135,98): error TS2503: Cannot find namespace 'vscode'.
src/extension/chatSessions/vscode-node/copilotCLIChatSessions.ts(137,31): error TS2503: Cannot find namespace 'vscode'.
src/extension/chatSessions/vscode-node/copilotCLIChatSessions.ts(138,49): error TS2503: Cannot find namespace 'vscode'.
src/extension/chatSessions/vscode-node/copilotCLIChatSessions.ts(189,81): error TS7006: Parameter 'e' implicitly has an 'any' type.
src/extension/chatSessions/vscode-node/copilotCLIChatSessions.ts(192,72): error TS7006: Parameter 'e' implicitly has an 'any' type.
src/extension/chatSessions/vscode-node/copilotCLIChatSessions.ts(195,49): error TS7006: Parameter 'context' implicitly has an 'any' type.
src/extension/chatSessions/vscode-node/copilotCLIChatSessions.ts(216,104): error TS2503: Cannot find namespace 'vscode'.
src/extension/chatSessions/vscode-node/copilotCLIChatSessions.ts(229,47): error TS7006: Parameter 'item' implicitly has an 'any' type.
src/extension/chatSessions/vscode-node/copilotCLIChatSessions.ts(229,53): error TS7006: Parameter 'token' implicitly has an 'any' type.
src/extension/chatSessions/vscode-node/copilotCLIChatSessions.ts(260,69): error TS7006: Parameter 'item' implicitly has an 'any' type.
src/extension/chatSessions/vscode-node/copilotCLIChatSessions.ts(283,33): error TS2503: Cannot find namespace 'vscode'.
src/extension/chatSessions/vscode-node/copilotCLIChatSessions.ts(284,48): error TS7006: Parameter 'sessionResource' implicitly has an 'any' type.
src/extension/chatSessions/vscode-node/copilotCLIChatSessions.ts(284,65): error TS7006: Parameter 'context' implicitly has an 'any' type.
src/extension/chatSessions/vscode-node/copilotCLIChatSessions.ts(284,74): error TS7006: Parameter 'token' implicitly has an 'any' type.
src/extension/chatSessions/vscode-node/copilotCLIChatSessions.ts(329,64): error TS2503: Cannot find namespace 'vscode'.
src/extension/chatSessions/vscode-node/copilotCLIChatSessions.ts(329,105): error TS2503: Cannot find namespace 'vscode'.
src/extension/chatSessions/vscode-node/copilotCLIChatSessions.ts(356,123): error TS2503: Cannot find namespace 'vscode'.
src/extension/chatSessions/vscode-node/copilotCLIChatSessions.ts(356,158): error TS2503: Cannot find namespace 'vscode'.
src/extension/chatSessions/vscode-node/copilotCLIChatSessions.ts(405,21): error TS2503: Cannot find namespace 'vscode'.
src/extension/chatSessions/vscode-node/copilotCLIChatSessions.ts(406,13): error TS2503: Cannot find namespace 'vscode'.
src/extension/chatSessions/vscode-node/copilotCLIChatSessions.ts(442,21): error TS2503: Cannot find namespace 'vscode'.
src/extension/chatSessions/vscode-node/copilotCLIChatSessions.ts(444,13): error TS2503: Cannot find namespace 'vscode'.
src/extension/chatSessions/vscode-node/copilotCLIChatSessions.ts(445,18): error TS2503: Cannot find namespace 'vscode'.
src/extension/chatSessions/vscode-node/copilotCLIChatSessions.ts(479,21): error TS2503: Cannot find namespace 'vscode'.
src/extension/chatSessions/vscode-node/copilotCLIChatSessions.ts(571,56): error TS2503: Cannot find namespace 'vscode'.
src/extension/chatSessions/vscode-node/copilotCLIChatSessions.ts(571,115): error TS2503: Cannot find namespace 'vscode'.
src/extension/chatSessions/vscode-node/copilotCLIChatSessions.ts(571,156): error TS2503: Cannot find namespace 'vscode'.
src/extension/chatSessions/vscode-node/copilotCLIChatSessions.ts(587,35): error TS2503: Cannot find namespace 'vscode'.
src/extension/chatSessions/vscode-node/copilotCLIChatSessions.ts(612,35): error TS2503: Cannot find namespace 'vscode'.
src/extension/chatSessions/vscode-node/copilotCLIChatSessions.ts(631,91): error TS2503: Cannot find namespace 'vscode'.
src/extension/chatSessions/vscode-node/copilotCLIChatSessions.ts(708,39): error TS2503: Cannot find namespace 'vscode'.
src/extension/chatSessions/vscode-node/copilotCLIChatSessions.ts(708,68): error TS2503: Cannot find namespace 'vscode'.
src/extension/chatSessions/vscode-node/copilotCLIChatSessions.ts(708,96): error TS2503: Cannot find namespace 'vscode'.
src/extension/chatSessions/vscode-node/copilotCLIChatSessions.ts(708,130): error TS2503: Cannot find namespace 'vscode'.
src/extension/chatSessions/vscode-node/copilotCLIChatSessions.ts(708,165): error TS2503: Cannot find namespace 'vscode'.
src/extension/chatSessions/vscode-node/copilotCLIChatSessions.ts(726,49): error TS2503: Cannot find namespace 'vscode'.
src/extension/chatSessions/vscode-node/copilotCLIChatSessions.ts(726,78): error TS2503: Cannot find namespace 'vscode'.
src/extension/chatSessions/vscode-node/copilotCLIChatSessions.ts(772,12): error TS2503: Cannot find namespace 'vscode'.
src/extension/chatSessions/vscode-node/copilotCLIChatSessions.ts(775,10): error TS2503: Cannot find namespace 'vscode'.
src/extension/chatSessions/vscode-node/copilotCLIChatSessions.ts(797,41): error TS2503: Cannot find namespace 'vscode'.
src/extension/chatSessions/vscode-node/copilotCLIChatSessions.ts(797,68): error TS2503: Cannot find namespace 'vscode'.
src/extension/chatSessions/vscode-node/copilotCLIChatSessions.ts(799,22): error TS2503: Cannot find namespace 'vscode'.
src/extension/chatSessions/vscode-node/copilotCLIChatSessions.ts(806,43): error TS2503: Cannot find namespace 'vscode'.
src/extension/chatSessions/vscode-node/copilotCLIChatSessions.ts(806,72): error TS2503: Cannot find namespace 'vscode'.
src/extension/chatSessions/vscode-node/copilotCLIChatSessions.ts(806,100): error TS2503: Cannot find namespace 'vscode'.
src/extension/chatSessions/vscode-node/copilotCLIChatSessions.ts(806,134): error TS2503: Cannot find namespace 'vscode'.
src/extension/chatSessions/vscode-node/copilotCLIChatSessions.ts(806,169): error TS2503: Cannot find namespace 'vscode'.
src/extension/chatSessions/vscode-node/copilotCLIChatSessions.ts(909,44): error TS2503: Cannot find namespace 'vscode'.
src/extension/chatSessions/vscode-node/copilotCLIChatSessions.ts(909,78): error TS2503: Cannot find namespace 'vscode'.
src/extension/chatSessions/vscode-node/copilotCLIChatSessions.ts(909,156): error TS2503: Cannot find namespace 'vscode'.
src/extension/chatSessions/vscode-node/copilotCLIChatSessions.ts(923,78): error TS2503: Cannot find namespace 'vscode'.
src/extension/chatSessions/vscode-node/copilotCLIChatSessions.ts(923,107): error TS2503: Cannot find namespace 'vscode'.
src/extension/chatSessions/vscode-node/copilotCLIChatSessions.ts(923,135): error TS2503: Cannot find namespace 'vscode'.
src/extension/chatSessions/vscode-node/copilotCLIChatSessions.ts(923,169): error TS2503: Cannot find namespace 'vscode'.
src/extension/chatSessions/vscode-node/copilotCLIChatSessions.ts(945,12): error TS2503: Cannot find namespace 'vscode'.
src/extension/chatSessions/vscode-node/copilotCLIChatSessions.ts(947,29): error TS2503: Cannot find namespace 'vscode'.
src/extension/chatSessions/vscode-node/copilotCLIChatSessions.ts(948,12): error TS2503: Cannot find namespace 'vscode'.
src/extension/chatSessions/vscode-node/copilotCLIChatSessions.ts(949,11): error TS2503: Cannot find namespace 'vscode'.
src/extension/chatSessions/vscode-node/copilotCLIChatSessions.ts(951,10): error TS2503: Cannot find namespace 'vscode'.
src/extension/chatSessions/vscode-node/copilotCLIChatSessions.ts(952,13): error TS2503: Cannot find namespace 'vscode'.
src/extension/chatSessions/vscode-node/copilotCLIChatSessions.ts(989,22): error TS7006: Parameter 'error' implicitly has an 'any' type.
src/extension/chatSessions/vscode-node/copilotCLIChatSessions.ts(999,51): error TS2503: Cannot find namespace 'vscode'.
src/extension/chatSessions/vscode-node/copilotCLIChatSessions.ts(999,76): error TS2503: Cannot find namespace 'vscode'.
src/extension/chatSessions/vscode-node/copilotCLIChatSessions.ts(1015,11): error TS2503: Cannot find namespace 'vscode'.
src/extension/chatSessions/vscode-node/copilotCLIChatSessions.ts(1075,113): error TS2503: Cannot find namespace 'vscode'.
src/extension/chatSessions/vscode-node/copilotCLIChatSessions.ts(1096,120): error TS2503: Cannot find namespace 'vscode'.
src/extension/chatSessions/vscode-node/copilotCLIChatSessions.ts(1123,123): error TS2503: Cannot find namespace 'vscode'.
src/extension/chatSessions/vscode-node/copilotCLIChatSessions.ts(1148,113): error TS2503: Cannot find namespace 'vscode'.
src/extension/chatSessions/vscode-node/copilotCLIChatSessions.ts(1156,19): error TS7006: Parameter 'value' implicitly has an 'any' type.
src/extension/chatSessions/vscode-node/copilotCLIChatSessions.ts(1171,115): error TS2503: Cannot find namespace 'vscode'.
src/extension/chatSessions/vscode-node/copilotCLIChatSessions.ts(1199,130): error TS2503: Cannot find namespace 'vscode'.
src/extension/chatSessions/vscode-node/copilotCLIChatSessions.ts(1211,129): error TS2503: Cannot find namespace 'vscode'.
src/extension/chatSessions/vscode-node/copilotCLIChatSessions.ts(1223,129): error TS2503: Cannot find namespace 'vscode'.
src/extension/chatSessions/vscode-node/copilotCLIChatSessions.ts(1246,68): error TS2503: Cannot find namespace 'vscode'.
src/extension/chatSessions/vscode-node/copilotCLIChatSessions.ts(1274,11): error TS18048: 'candidate.sourceControl' is possibly 'undefined'.
src/extension/chatSessions/vscode-node/copilotCLIChatSessions.ts(1278,11): error TS18048: 'candidate.repository' is possibly 'undefined'.
src/extension/chatSessions/vscode-node/copilotCLIChatSessions.ts(1285,119): error TS2503: Cannot find namespace 'vscode'.
src/extension/chatSessions/vscode-node/copilotCLIChatSessions.ts(1285,166): error TS2503: Cannot find namespace 'vscode'.
src/extension/chatSessions/vscode-node/copilotCLIChatSessions.ts(1292,37): error TS2503: Cannot find namespace 'vscode'.
src/extension/chatSessions/vscode-node/copilotCLIChatSessions.ts(1292,74): error TS2503: Cannot find namespace 'vscode'.
src/extension/chatSessions/vscode-node/copilotCLIChatSessions.ts(1393,54): error TS2503: Cannot find namespace 'vscode'.
src/extension/chatSessions/vscode-node/copilotCLIChatSessions.ts(1393,79): error TS2503: Cannot find namespace 'vscode'.
src/extension/chatSessions/vscode-node/copilotCLIChatSessions.ts(1396,29): error TS2339: Property 'resource' does not exist on type 'never'.
src/extension/chatSessions/vscode-node/copilotCLIChatSessions.ts(1413,69): error TS7006: Parameter 'g' implicitly has an 'any' type.
src/extension/chatSessions/vscode-node/copilotCLIChatSessions.ts(1414,17): error TS7031: Binding element 'input' implicitly has an 'any' type.
src/extension/chatSessions/vscode-node/copilotCLIChatSessions.ts(1414,99): error TS7006: Parameter 'input' implicitly has an 'any' type.
src/extension/chatSessions/vscode-node/copilotCLIChatSessions.ts(1434,54): error TS2503: Cannot find namespace 'vscode'.
src/extension/chatSessions/vscode-node/copilotCLIChatSessions.ts(1434,79): error TS2503: Cannot find namespace 'vscode'.
src/extension/chatSessions/vscode-node/copilotCLIChatSessions.ts(1488,149): error TS2503: Cannot find namespace 'vscode'.
src/extension/chatSessions/vscode-node/copilotCLIChatSessions.ts(1488,174): error TS2503: Cannot find namespace 'vscode'.
src/extension/chatSessions/vscode-node/copilotCLIChatSessions.ts(1492,156): error TS2503: Cannot find namespace 'vscode'.
src/extension/chatSessions/vscode-node/copilotCLIChatSessions.ts(1492,181): error TS2503: Cannot find namespace 'vscode'.
src/extension/chatSessions/vscode-node/copilotCLIChatSessions.ts(1496,114): error TS2503: Cannot find namespace 'vscode'.
src/extension/chatSessions/vscode-node/copilotCLIChatSessions.ts(1513,133): error TS2503: Cannot find namespace 'vscode'.
src/extension/chatSessions/vscode-node/copilotCLIChatSessions.ts(1513,158): error TS2503: Cannot find namespace 'vscode'.
src/extension/chatSessions/vscode-node/copilotCLIChatSessions.ts(1643,119): error TS2503: Cannot find namespace 'vscode'.
src/extension/chatSessions/vscode-node/copilotCLIChatSessions.ts(1643,144): error TS2503: Cannot find namespace 'vscode'.
src/extension/chatSessions/vscode-node/copilotCLIChatSessions.ts(1662,126): error TS2503: Cannot find namespace 'vscode'.
src/extension/chatSessions/vscode-node/copilotCLIChatSessions.ts(1662,151): error TS2503: Cannot find namespace 'vscode'.
src/extension/chatSessions/vscode-node/copilotCLIChatSessions.ts(1681,117): error TS2503: Cannot find namespace 'vscode'.
src/extension/chatSessions/vscode-node/copilotCLIChatSessions.ts(1681,142): error TS2503: Cannot find namespace 'vscode'.
src/extension/chatSessions/vscode-node/copilotCLIChatSessions.ts(1700,120): error TS2503: Cannot find namespace 'vscode'.
src/extension/chatSessions/vscode-node/copilotCLIChatSessions.ts(1700,159): error TS2503: Cannot find namespace 'vscode'.
src/extension/chatSessions/vscode-node/copilotCLIChatSessions.ts(1741,58): error TS2503: Cannot find namespace 'vscode'.
src/extension/chatSessions/vscode-node/copilotCLIChatSessions.ts(1741,83): error TS2503: Cannot find namespace 'vscode'.
src/extension/chatSessions/vscode-node/copilotCLIChatSessions.ts(1796,157): error TS2503: Cannot find namespace 'vscode'.
src/extension/chatSessions/vscode-node/copilotCLIChatSessions.ts(1796,182): error TS2503: Cannot find namespace 'vscode'.
src/extension/chatSessions/vscode-node/copilotCLIChatSessions.ts(1800,167): error TS2503: Cannot find namespace 'vscode'.
src/extension/chatSessions/vscode-node/copilotCLIChatSessions.ts(1800,192): error TS2503: Cannot find namespace 'vscode'.
src/extension/chatSessions/vscode-node/copilotCLIChatSessions.ts(1804,132): error TS2503: Cannot find namespace 'vscode'.
src/extension/chatSessions/vscode-node/copilotCLIChatSessions.ts(1804,154): error TS2503: Cannot find namespace 'vscode'.
src/extension/chatSessions/vscode-node/copilotCLIChatSessions.ts(1848,136): error TS2503: Cannot find namespace 'vscode'.
src/extension/chatSessions/vscode-node/copilotCLIChatSessions.ts(1848,158): error TS2503: Cannot find namespace 'vscode'.
src/extension/chatSessions/vscode-node/copilotCLIChatSessions.ts(1893,42): error TS2503: Cannot find namespace 'vscode'.
src/extension/chatSessions/vscode-node/copilotCLIChatSessionsContribution.ts(9,10): error TS2305: Module '"vscode"' has no exported member 'ChatExtendedRequestHandler'.
src/extension/chatSessions/vscode-node/copilotCLIChatSessionsContribution.ts(9,38): error TS2305: Module '"vscode"' has no exported member 'ChatRequestTurn2'.
src/extension/chatSessions/vscode-node/copilotCLIChatSessionsContribution.ts(9,56): error TS2305: Module '"vscode"' has no exported member 'ChatSessionProviderOptionItem'.
src/extension/chatSessions/vscode-node/copilotCLIChatSessionsContribution.ts(9,87): error TS2305: Module '"vscode"' has no exported member 'Uri'.
src/extension/chatSessions/vscode-node/copilotCLIChatSessionsContribution.ts(86,50): error TS2503: Cannot find namespace 'vscode'.
src/extension/chatSessions/vscode-node/copilotCLIChatSessionsContribution.ts(92,34): error TS2503: Cannot find namespace 'vscode'.
src/extension/chatSessions/vscode-node/copilotCLIChatSessionsContribution.ts(96,42): error TS2503: Cannot find namespace 'vscode'.
src/extension/chatSessions/vscode-node/copilotCLIChatSessionsContribution.ts(144,12): error TS2503: Cannot find namespace 'vscode'.
src/extension/chatSessions/vscode-node/copilotCLIChatSessionsContribution.ts(161,78): error TS2503: Cannot find namespace 'vscode'.
src/extension/chatSessions/vscode-node/copilotCLIChatSessionsContribution.ts(177,88): error TS2503: Cannot find namespace 'vscode'.
src/extension/chatSessions/vscode-node/copilotCLIChatSessionsContribution.ts(177,122): error TS2503: Cannot find namespace 'vscode'.
src/extension/chatSessions/vscode-node/copilotCLIChatSessionsContribution.ts(178,64): error TS2503: Cannot find namespace 'vscode'.
src/extension/chatSessions/vscode-node/copilotCLIChatSessionsContribution.ts(178,98): error TS2503: Cannot find namespace 'vscode'.
src/extension/chatSessions/vscode-node/copilotCLIChatSessionsContribution.ts(188,41): error TS2503: Cannot find namespace 'vscode'.
src/extension/chatSessions/vscode-node/copilotCLIChatSessionsContribution.ts(188,72): error TS2503: Cannot find namespace 'vscode'.
src/extension/chatSessions/vscode-node/copilotCLIChatSessionsContribution.ts(188,109): error TS2503: Cannot find namespace 'vscode'.
src/extension/chatSessions/vscode-node/copilotCLIChatSessionsContribution.ts(213,47): error TS2503: Cannot find namespace 'vscode'.
src/extension/chatSessions/vscode-node/copilotCLIChatSessionsContribution.ts(213,78): error TS2503: Cannot find namespace 'vscode'.
src/extension/chatSessions/vscode-node/copilotCLIChatSessionsContribution.ts(213,113): error TS2503: Cannot find namespace 'vscode'.
src/extension/chatSessions/vscode-node/copilotCLIChatSessionsContribution.ts(268,24): error TS2503: Cannot find namespace 'vscode'.
src/extension/chatSessions/vscode-node/copilotCLIChatSessionsContribution.ts(268,58): error TS2503: Cannot find namespace 'vscode'.
src/extension/chatSessions/vscode-node/copilotCLIChatSessionsContribution.ts(272,46): error TS2503: Cannot find namespace 'vscode'.
src/extension/chatSessions/vscode-node/copilotCLIChatSessionsContribution.ts(272,81): error TS2503: Cannot find namespace 'vscode'.
src/extension/chatSessions/vscode-node/copilotCLIChatSessionsContribution.ts(300,122): error TS2503: Cannot find namespace 'vscode'.
src/extension/chatSessions/vscode-node/copilotCLIChatSessionsContribution.ts(300,182): error TS2503: Cannot find namespace 'vscode'.
src/extension/chatSessions/vscode-node/copilotCLIChatSessionsContribution.ts(309,14): error TS2503: Cannot find namespace 'vscode'.
src/extension/chatSessions/vscode-node/copilotCLIChatSessionsContribution.ts(335,16): error TS2503: Cannot find namespace 'vscode'.
src/extension/chatSessions/vscode-node/copilotCLIChatSessionsContribution.ts(445,15): error TS2503: Cannot find namespace 'vscode'.
src/extension/chatSessions/vscode-node/copilotCLIChatSessionsContribution.ts(463,21): error TS2503: Cannot find namespace 'vscode'.
src/extension/chatSessions/vscode-node/copilotCLIChatSessionsContribution.ts(464,10): error TS2503: Cannot find namespace 'vscode'.
src/extension/chatSessions/vscode-node/copilotCLIChatSessionsContribution.ts(465,13): error TS2503: Cannot find namespace 'vscode'.
src/extension/chatSessions/vscode-node/copilotCLIChatSessionsContribution.ts(466,18): error TS2503: Cannot find namespace 'vscode'.
src/extension/chatSessions/vscode-node/copilotCLIChatSessionsContribution.ts(544,62): error TS2503: Cannot find namespace 'vscode'.
src/extension/chatSessions/vscode-node/copilotCLIChatSessionsContribution.ts(581,81): error TS2503: Cannot find namespace 'vscode'.
src/extension/chatSessions/vscode-node/copilotCLIChatSessionsContribution.ts(582,79): error TS2503: Cannot find namespace 'vscode'.
src/extension/chatSessions/vscode-node/copilotCLIChatSessionsContribution.ts(630,46): error TS2503: Cannot find namespace 'vscode'.
src/extension/chatSessions/vscode-node/copilotCLIChatSessionsContribution.ts(630,117): error TS2503: Cannot find namespace 'vscode'.
src/extension/chatSessions/vscode-node/copilotCLIChatSessionsContribution.ts(638,106): error TS2503: Cannot find namespace 'vscode'.
src/extension/chatSessions/vscode-node/copilotCLIChatSessionsContribution.ts(654,56): error TS2503: Cannot find namespace 'vscode'.
src/extension/chatSessions/vscode-node/copilotCLIChatSessionsContribution.ts(654,91): error TS2503: Cannot find namespace 'vscode'.
src/extension/chatSessions/vscode-node/copilotCLIChatSessionsContribution.ts(669,53): error TS2503: Cannot find namespace 'vscode'.
src/extension/chatSessions/vscode-node/copilotCLIChatSessionsContribution.ts(676,74): error TS2503: Cannot find namespace 'vscode'.
src/extension/chatSessions/vscode-node/copilotCLIChatSessionsContribution.ts(676,109): error TS2503: Cannot find namespace 'vscode'.
src/extension/chatSessions/vscode-node/copilotCLIChatSessionsContribution.ts(686,42): error TS2503: Cannot find namespace 'vscode'.
src/extension/chatSessions/vscode-node/copilotCLIChatSessionsContribution.ts(711,37): error TS2339: Property 'globalState' does not exist on type 'IVSCodeExtensionContext'.
src/extension/chatSessions/vscode-node/copilotCLIChatSessionsContribution.ts(747,74): error TS2503: Cannot find namespace 'vscode'.
src/extension/chatSessions/vscode-node/copilotCLIChatSessionsContribution.ts(747,109): error TS2503: Cannot find namespace 'vscode'.
src/extension/chatSessions/vscode-node/copilotCLIChatSessionsContribution.ts(762,42): error TS2503: Cannot find namespace 'vscode'.
src/extension/chatSessions/vscode-node/copilotCLIChatSessionsContribution.ts(821,25): error TS7006: Parameter 'sessionResource' implicitly has an 'any' type.
src/extension/chatSessions/vscode-node/copilotCLIChatSessionsContribution.ts(821,42): error TS7006: Parameter 'requestTurn' implicitly has an 'any' type.
src/extension/chatSessions/vscode-node/copilotCLIChatSessionsContribution.ts(821,55): error TS7006: Parameter 'token' implicitly has an 'any' type.
src/extension/chatSessions/vscode-node/copilotCLIChatSessionsContribution.ts(837,113): error TS2503: Cannot find namespace 'vscode'.
src/extension/chatSessions/vscode-node/copilotCLIChatSessionsContribution.ts(850,91): error TS2503: Cannot find namespace 'vscode'.
src/extension/chatSessions/vscode-node/copilotCLIChatSessionsContribution.ts(870,53): error TS2503: Cannot find namespace 'vscode'.
src/extension/chatSessions/vscode-node/copilotCLIChatSessionsContribution.ts(871,23): error TS2503: Cannot find namespace 'vscode'.
src/extension/chatSessions/vscode-node/copilotCLIChatSessionsContribution.ts(897,20): error TS2503: Cannot find namespace 'vscode'.
src/extension/chatSessions/vscode-node/copilotCLIChatSessionsContribution.ts(942,68): error TS2503: Cannot find namespace 'vscode'.
src/extension/chatSessions/vscode-node/copilotCLIChatSessionsContribution.ts(943,76): error TS2503: Cannot find namespace 'vscode'.
src/extension/chatSessions/vscode-node/copilotCLIChatSessionsContribution.ts(963,109): error TS2503: Cannot find namespace 'vscode'.
src/extension/chatSessions/vscode-node/copilotCLIChatSessionsContribution.ts(973,17): error TS2503: Cannot find namespace 'vscode'.
src/extension/chatSessions/vscode-node/copilotCLIChatSessionsContribution.ts(974,18): error TS2503: Cannot find namespace 'vscode'.
src/extension/chatSessions/vscode-node/copilotCLIChatSessionsContribution.ts(978,17): error TS2503: Cannot find namespace 'vscode'.
src/extension/chatSessions/vscode-node/copilotCLIChatSessionsContribution.ts(1083,73): error TS2503: Cannot find namespace 'vscode'.
src/extension/chatSessions/vscode-node/copilotCLIChatSessionsContribution.ts(1083,113): error TS2503: Cannot find namespace 'vscode'.
src/extension/chatSessions/vscode-node/copilotCLIChatSessionsContribution.ts(1114,65): error TS2503: Cannot find namespace 'vscode'.
src/extension/chatSessions/vscode-node/copilotCLIChatSessionsContribution.ts(1164,24): error TS2339: Property 'globalState' does not exist on type 'IVSCodeExtensionContext'.
src/extension/chatSessions/vscode-node/copilotCLIChatSessionsContribution.ts(1170,63): error TS2503: Cannot find namespace 'vscode'.
src/extension/chatSessions/vscode-node/copilotCLIChatSessionsContribution.ts(1226,68): error TS2339: Property 'rootUri' does not exist on type 'never'.
src/extension/chatSessions/vscode-node/copilotCLIChatSessionsContribution.ts(1227,65): error TS2339: Property 'kind' does not exist on type 'never'.
src/extension/chatSessions/vscode-node/copilotCLIChatSessionsContribution.ts(1235,14): error TS2503: Cannot find namespace 'vscode'.
src/extension/chatSessions/vscode-node/copilotCLIChatSessionsContribution.ts(1244,14): error TS2503: Cannot find namespace 'vscode'.
src/extension/chatSessions/vscode-node/copilotCLIChatSessionsContribution.ts(1294,92): error TS2503: Cannot find namespace 'vscode'.
src/extension/chatSessions/vscode-node/copilotCLIChatSessionsContribution.ts(1307,65): error TS2503: Cannot find namespace 'vscode'.
src/extension/chatSessions/vscode-node/copilotCLIChatSessionsContribution.ts(1330,39): error TS2503: Cannot find namespace 'vscode'.
src/extension/chatSessions/vscode-node/copilotCLIChatSessionsContribution.ts(1330,68): error TS2503: Cannot find namespace 'vscode'.
src/extension/chatSessions/vscode-node/copilotCLIChatSessionsContribution.ts(1330,96): error TS2503: Cannot find namespace 'vscode'.
src/extension/chatSessions/vscode-node/copilotCLIChatSessionsContribution.ts(1330,130): error TS2503: Cannot find namespace 'vscode'.
src/extension/chatSessions/vscode-node/copilotCLIChatSessionsContribution.ts(1330,165): error TS2503: Cannot find namespace 'vscode'.
src/extension/chatSessions/vscode-node/copilotCLIChatSessionsContribution.ts(1340,98): error TS2503: Cannot find namespace 'vscode'.
src/extension/chatSessions/vscode-node/copilotCLIChatSessionsContribution.ts(1359,49): error TS2503: Cannot find namespace 'vscode'.
src/extension/chatSessions/vscode-node/copilotCLIChatSessionsContribution.ts(1359,78): error TS2503: Cannot find namespace 'vscode'.
src/extension/chatSessions/vscode-node/copilotCLIChatSessionsContribution.ts(1383,43): error TS2503: Cannot find namespace 'vscode'.
src/extension/chatSessions/vscode-node/copilotCLIChatSessionsContribution.ts(1383,72): error TS2503: Cannot find namespace 'vscode'.
src/extension/chatSessions/vscode-node/copilotCLIChatSessionsContribution.ts(1383,100): error TS2503: Cannot find namespace 'vscode'.
src/extension/chatSessions/vscode-node/copilotCLIChatSessionsContribution.ts(1383,134): error TS2503: Cannot find namespace 'vscode'.
src/extension/chatSessions/vscode-node/copilotCLIChatSessionsContribution.ts(1383,169): error TS2503: Cannot find namespace 'vscode'.
src/extension/chatSessions/vscode-node/copilotCLIChatSessionsContribution.ts(1443,18): error TS2503: Cannot find namespace 'vscode'.
src/extension/chatSessions/vscode-node/copilotCLIChatSessionsContribution.ts(1491,23): error TS2503: Cannot find namespace 'vscode'.
src/extension/chatSessions/vscode-node/copilotCLIChatSessionsContribution.ts(1530,101): error TS2503: Cannot find namespace 'vscode'.
src/extension/chatSessions/vscode-node/copilotCLIChatSessionsContribution.ts(1605,146): error TS2503: Cannot find namespace 'vscode'.
src/extension/chatSessions/vscode-node/copilotCLIChatSessionsContribution.ts(1630,50): error TS2503: Cannot find namespace 'vscode'.
src/extension/chatSessions/vscode-node/copilotCLIChatSessionsContribution.ts(1630,77): error TS2503: Cannot find namespace 'vscode'.
src/extension/chatSessions/vscode-node/copilotCLIChatSessionsContribution.ts(1644,55): error TS2503: Cannot find namespace 'vscode'.
src/extension/chatSessions/vscode-node/copilotCLIChatSessionsContribution.ts(1679,52): error TS2503: Cannot find namespace 'vscode'.
src/extension/chatSessions/vscode-node/copilotCLIChatSessionsContribution.ts(1679,79): error TS2503: Cannot find namespace 'vscode'.
src/extension/chatSessions/vscode-node/copilotCLIChatSessionsContribution.ts(1706,55): error TS2503: Cannot find namespace 'vscode'.
src/extension/chatSessions/vscode-node/copilotCLIChatSessionsContribution.ts(1706,111): error TS2503: Cannot find namespace 'vscode'.
src/extension/chatSessions/vscode-node/copilotCLIChatSessionsContribution.ts(1860,65): error TS2503: Cannot find namespace 'vscode'.
src/extension/chatSessions/vscode-node/copilotCLIChatSessionsContribution.ts(1860,104): error TS2503: Cannot find namespace 'vscode'.
src/extension/chatSessions/vscode-node/copilotCLIChatSessionsContribution.ts(1865,72): error TS7006: Parameter 't' implicitly has an 'any' type.
src/extension/chatSessions/vscode-node/copilotCLIChatSessionsContribution.ts(1876,50): error TS2503: Cannot find namespace 'vscode'.
src/extension/chatSessions/vscode-node/copilotCLIChatSessionsContribution.ts(1876,77): error TS2503: Cannot find namespace 'vscode'.
src/extension/chatSessions/vscode-node/copilotCLIChatSessionsContribution.ts(1889,44): error TS2503: Cannot find namespace 'vscode'.
src/extension/chatSessions/vscode-node/copilotCLIChatSessionsContribution.ts(1889,84): error TS2503: Cannot find namespace 'vscode'.
src/extension/chatSessions/vscode-node/copilotCLIChatSessionsContribution.ts(1889,119): error TS2503: Cannot find namespace 'vscode'.
src/extension/chatSessions/vscode-node/copilotCLIChatSessionsContribution.ts(1889,388): error TS2503: Cannot find namespace 'vscode'.
src/extension/chatSessions/vscode-node/copilotCLIChatSessionsContribution.ts(1936,36): error TS2503: Cannot find namespace 'vscode'.
src/extension/chatSessions/vscode-node/copilotCLIChatSessionsContribution.ts(1936,75): error TS2503: Cannot find namespace 'vscode'.
src/extension/chatSessions/vscode-node/copilotCLIChatSessionsContribution.ts(1961,78): error TS2503: Cannot find namespace 'vscode'.
src/extension/chatSessions/vscode-node/copilotCLIChatSessionsContribution.ts(1961,107): error TS2503: Cannot find namespace 'vscode'.
src/extension/chatSessions/vscode-node/copilotCLIChatSessionsContribution.ts(1961,135): error TS2503: Cannot find namespace 'vscode'.
src/extension/chatSessions/vscode-node/copilotCLIChatSessionsContribution.ts(1961,169): error TS2503: Cannot find namespace 'vscode'.
src/extension/chatSessions/vscode-node/copilotCLIChatSessionsContribution.ts(1983,23): error TS2503: Cannot find namespace 'vscode'.
src/extension/chatSessions/vscode-node/copilotCLIChatSessionsContribution.ts(1984,11): error TS2503: Cannot find namespace 'vscode'.
src/extension/chatSessions/vscode-node/copilotCLIChatSessionsContribution.ts(1985,24): error TS2503: Cannot find namespace 'vscode'.
src/extension/chatSessions/vscode-node/copilotCLIChatSessionsContribution.ts(1986,10): error TS2503: Cannot find namespace 'vscode'.
src/extension/chatSessions/vscode-node/copilotCLIChatSessionsContribution.ts(2021,42): error TS2503: Cannot find namespace 'vscode'.
src/extension/chatSessions/vscode-node/copilotCLIChatSessionsContribution.ts(2032,12): error TS2503: Cannot find namespace 'vscode'.
src/extension/chatSessions/vscode-node/copilotCLIChatSessionsContribution.ts(2034,29): error TS2503: Cannot find namespace 'vscode'.
src/extension/chatSessions/vscode-node/copilotCLIChatSessionsContribution.ts(2035,12): error TS2503: Cannot find namespace 'vscode'.
src/extension/chatSessions/vscode-node/copilotCLIChatSessionsContribution.ts(2036,11): error TS2503: Cannot find namespace 'vscode'.
src/extension/chatSessions/vscode-node/copilotCLIChatSessionsContribution.ts(2038,10): error TS2503: Cannot find namespace 'vscode'.
src/extension/chatSessions/vscode-node/copilotCLIChatSessionsContribution.ts(2039,13): error TS2503: Cannot find namespace 'vscode'.
src/extension/chatSessions/vscode-node/copilotCLIChatSessionsContribution.ts(2100,51): error TS2503: Cannot find namespace 'vscode'.
src/extension/chatSessions/vscode-node/copilotCLIChatSessionsContribution.ts(2100,76): error TS2503: Cannot find namespace 'vscode'.
src/extension/chatSessions/vscode-node/copilotCLIChatSessionsContribution.ts(2116,11): error TS2503: Cannot find namespace 'vscode'.
src/extension/chatSessions/vscode-node/copilotCLIChatSessionsContribution.ts(2168,113): error TS2503: Cannot find namespace 'vscode'.
src/extension/chatSessions/vscode-node/copilotCLIChatSessionsContribution.ts(2191,120): error TS2503: Cannot find namespace 'vscode'.
src/extension/chatSessions/vscode-node/copilotCLIChatSessionsContribution.ts(2221,123): error TS2503: Cannot find namespace 'vscode'.
src/extension/chatSessions/vscode-node/copilotCLIChatSessionsContribution.ts(2226,113): error TS2503: Cannot find namespace 'vscode'.
src/extension/chatSessions/vscode-node/copilotCLIChatSessionsContribution.ts(2233,19): error TS7006: Parameter 'value' implicitly has an 'any' type.
src/extension/chatSessions/vscode-node/copilotCLIChatSessionsContribution.ts(2250,115): error TS2503: Cannot find namespace 'vscode'.
src/extension/chatSessions/vscode-node/copilotCLIChatSessionsContribution.ts(2272,130): error TS2503: Cannot find namespace 'vscode'.
src/extension/chatSessions/vscode-node/copilotCLIChatSessionsContribution.ts(2285,129): error TS2503: Cannot find namespace 'vscode'.
src/extension/chatSessions/vscode-node/copilotCLIChatSessionsContribution.ts(2298,129): error TS2503: Cannot find namespace 'vscode'.
src/extension/chatSessions/vscode-node/copilotCLIChatSessionsContribution.ts(2322,68): error TS2503: Cannot find namespace 'vscode'.
src/extension/chatSessions/vscode-node/copilotCLIChatSessionsContribution.ts(2350,11): error TS18048: 'candidate.sourceControl' is possibly 'undefined'.
src/extension/chatSessions/vscode-node/copilotCLIChatSessionsContribution.ts(2354,11): error TS18048: 'candidate.repository' is possibly 'undefined'.
src/extension/chatSessions/vscode-node/copilotCLIChatSessionsContribution.ts(2360,111): error TS2503: Cannot find namespace 'vscode'.
src/extension/chatSessions/vscode-node/copilotCLIChatSessionsContribution.ts(2371,37): error TS2503: Cannot find namespace 'vscode'.
src/extension/chatSessions/vscode-node/copilotCLIChatSessionsContribution.ts(2371,74): error TS2503: Cannot find namespace 'vscode'.
src/extension/chatSessions/vscode-node/copilotCLIChatSessionsContribution.ts(2470,54): error TS2503: Cannot find namespace 'vscode'.
src/extension/chatSessions/vscode-node/copilotCLIChatSessionsContribution.ts(2470,79): error TS2503: Cannot find namespace 'vscode'.
src/extension/chatSessions/vscode-node/copilotCLIChatSessionsContribution.ts(2490,69): error TS7006: Parameter 'g' implicitly has an 'any' type.
src/extension/chatSessions/vscode-node/copilotCLIChatSessionsContribution.ts(2491,17): error TS7031: Binding element 'input' implicitly has an 'any' type.
src/extension/chatSessions/vscode-node/copilotCLIChatSessionsContribution.ts(2491,99): error TS7006: Parameter 'input' implicitly has an 'any' type.
src/extension/chatSessions/vscode-node/copilotCLIChatSessionsContribution.ts(2511,54): error TS2503: Cannot find namespace 'vscode'.
src/extension/chatSessions/vscode-node/copilotCLIChatSessionsContribution.ts(2511,79): error TS2503: Cannot find namespace 'vscode'.
src/extension/chatSessions/vscode-node/copilotCLIChatSessionsContribution.ts(2563,149): error TS2503: Cannot find namespace 'vscode'.
src/extension/chatSessions/vscode-node/copilotCLIChatSessionsContribution.ts(2563,174): error TS2503: Cannot find namespace 'vscode'.
src/extension/chatSessions/vscode-node/copilotCLIChatSessionsContribution.ts(2567,156): error TS2503: Cannot find namespace 'vscode'.
src/extension/chatSessions/vscode-node/copilotCLIChatSessionsContribution.ts(2567,181): error TS2503: Cannot find namespace 'vscode'.
src/extension/chatSessions/vscode-node/copilotCLIChatSessionsContribution.ts(2571,114): error TS2503: Cannot find namespace 'vscode'.
src/extension/chatSessions/vscode-node/copilotCLIChatSessionsContribution.ts(2588,133): error TS2503: Cannot find namespace 'vscode'.
src/extension/chatSessions/vscode-node/copilotCLIChatSessionsContribution.ts(2588,158): error TS2503: Cannot find namespace 'vscode'.
src/extension/chatSessions/vscode-node/copilotCLIChatSessionsContribution.ts(2718,119): error TS2503: Cannot find namespace 'vscode'.
src/extension/chatSessions/vscode-node/copilotCLIChatSessionsContribution.ts(2718,144): error TS2503: Cannot find namespace 'vscode'.
src/extension/chatSessions/vscode-node/copilotCLIChatSessionsContribution.ts(2737,126): error TS2503: Cannot find namespace 'vscode'.
src/extension/chatSessions/vscode-node/copilotCLIChatSessionsContribution.ts(2737,151): error TS2503: Cannot find namespace 'vscode'.
src/extension/chatSessions/vscode-node/copilotCLIChatSessionsContribution.ts(2756,117): error TS2503: Cannot find namespace 'vscode'.
src/extension/chatSessions/vscode-node/copilotCLIChatSessionsContribution.ts(2756,142): error TS2503: Cannot find namespace 'vscode'.
src/extension/chatSessions/vscode-node/copilotCLIChatSessionsContribution.ts(2775,120): error TS2503: Cannot find namespace 'vscode'.
src/extension/chatSessions/vscode-node/copilotCLIChatSessionsContribution.ts(2775,159): error TS2503: Cannot find namespace 'vscode'.
src/extension/chatSessions/vscode-node/copilotCLIChatSessionsContribution.ts(2816,58): error TS2503: Cannot find namespace 'vscode'.
src/extension/chatSessions/vscode-node/copilotCLIChatSessionsContribution.ts(2816,83): error TS2503: Cannot find namespace 'vscode'.
src/extension/chatSessions/vscode-node/copilotCLIChatSessionsContribution.ts(2871,157): error TS2503: Cannot find namespace 'vscode'.
src/extension/chatSessions/vscode-node/copilotCLIChatSessionsContribution.ts(2871,182): error TS2503: Cannot find namespace 'vscode'.
src/extension/chatSessions/vscode-node/copilotCLIChatSessionsContribution.ts(2875,167): error TS2503: Cannot find namespace 'vscode'.
src/extension/chatSessions/vscode-node/copilotCLIChatSessionsContribution.ts(2875,192): error TS2503: Cannot find namespace 'vscode'.
src/extension/chatSessions/vscode-node/copilotCLIChatSessionsContribution.ts(2879,132): error TS2503: Cannot find namespace 'vscode'.
src/extension/chatSessions/vscode-node/copilotCLIChatSessionsContribution.ts(2879,154): error TS2503: Cannot find namespace 'vscode'.
src/extension/chatSessions/vscode-node/copilotCLIChatSessionsContribution.ts(2921,136): error TS2503: Cannot find namespace 'vscode'.
src/extension/chatSessions/vscode-node/copilotCLIChatSessionsContribution.ts(2921,158): error TS2503: Cannot find namespace 'vscode'.
src/extension/chatSessions/vscode-node/copilotCLIChatSessionsContribution.ts(2997,42): error TS2503: Cannot find namespace 'vscode'.
src/extension/chatSessions/vscode-node/copilotCLIModelDetails.ts(6,1): error TS6133: 'vscode' is declared but its value is never read.
src/extension/chatSessions/vscode-node/copilotCLIModelDetails.ts(14,19): error TS2503: Cannot find namespace 'vscode'.
src/extension/chatSessions/vscode-node/copilotCLIPythonEnvironmentApi.ts(7,2): error TS2305: Module '"vscode"' has no exported member 'Disposable'.
src/extension/chatSessions/vscode-node/copilotCLIPythonEnvironmentApi.ts(8,2): error TS2305: Module '"vscode"' has no exported member 'Event'.
src/extension/chatSessions/vscode-node/copilotCLIPythonEnvironmentApi.ts(9,2): error TS2305: Module '"vscode"' has no exported member 'FileChangeType'.
src/extension/chatSessions/vscode-node/copilotCLIPythonEnvironmentApi.ts(10,2): error TS2305: Module '"vscode"' has no exported member 'LogOutputChannel'.
src/extension/chatSessions/vscode-node/copilotCLIPythonEnvironmentApi.ts(11,2): error TS2305: Module '"vscode"' has no exported member 'MarkdownString'.
src/extension/chatSessions/vscode-node/copilotCLIPythonEnvironmentApi.ts(12,2): error TS2305: Module '"vscode"' has no exported member 'TaskExecution'.
src/extension/chatSessions/vscode-node/copilotCLIPythonEnvironmentApi.ts(13,2): error TS2305: Module '"vscode"' has no exported member 'Terminal'.
src/extension/chatSessions/vscode-node/copilotCLIPythonEnvironmentApi.ts(14,2): error TS2305: Module '"vscode"' has no exported member 'TerminalOptions'.
src/extension/chatSessions/vscode-node/copilotCLIPythonEnvironmentApi.ts(15,2): error TS2305: Module '"vscode"' has no exported member 'ThemeIcon'.
src/extension/chatSessions/vscode-node/copilotCLIPythonEnvironmentApi.ts(16,2): error TS2305: Module '"vscode"' has no exported member 'Uri'.
src/extension/chatSessions/vscode-node/copilotCLIPythonTerminalService.ts(25,39): error TS2503: Cannot find namespace 'vscode'.
src/extension/chatSessions/vscode-node/copilotCLITerminalIntegration.ts(7,10): error TS2305: Module '"vscode"' has no exported member 'Terminal'.
src/extension/chatSessions/vscode-node/copilotCLITerminalIntegration.ts(7,20): error TS2305: Module '"vscode"' has no exported member 'TerminalLocation'.
src/extension/chatSessions/vscode-node/copilotCLITerminalIntegration.ts(7,38): error TS2305: Module '"vscode"' has no exported member 'TerminalOptions'.
src/extension/chatSessions/vscode-node/copilotCLITerminalIntegration.ts(7,55): error TS2305: Module '"vscode"' has no exported member 'TerminalProfile'.
src/extension/chatSessions/vscode-node/copilotCLITerminalIntegration.ts(7,72): error TS2305: Module '"vscode"' has no exported member 'ThemeIcon'.
src/extension/chatSessions/vscode-node/copilotCLITerminalIntegration.ts(7,83): error TS2305: Module '"vscode"' has no exported member 'Uri'.
src/extension/chatSessions/vscode-node/copilotCLITerminalIntegration.ts(7,88): error TS2305: Module '"vscode"' has no exported member 'ViewColumn'.
src/extension/chatSessions/vscode-node/copilotCLITerminalIntegration.ts(7,100): error TS2305: Module '"vscode"' has no exported member 'window'.
src/extension/chatSessions/vscode-node/copilotCLITerminalIntegration.ts(7,108): error TS2305: Module '"vscode"' has no exported member 'workspace'.
src/extension/chatSessions/vscode-node/copilotCLITerminalIntegration.ts(93,41): error TS2339: Property 'globalStorageUri' does not exist on type 'IVSCodeExtensionContext'.
src/extension/chatSessions/vscode-node/copilotCLITerminalIntegration.ts(269,96): error TS7006: Parameter 'e' implicitly has an 'any' type.
src/extension/chatSessions/vscode-node/copilotCLITerminalLinkProvider.ts(8,10): error TS2305: Module '"vscode"' has no exported member 'CancellationToken'.
src/extension/chatSessions/vscode-node/copilotCLITerminalLinkProvider.ts(8,29): error TS2305: Module '"vscode"' has no exported member 'FileType'.
src/extension/chatSessions/vscode-node/copilotCLITerminalLinkProvider.ts(8,39): error TS2305: Module '"vscode"' has no exported member 'Range'.
src/extension/chatSessions/vscode-node/copilotCLITerminalLinkProvider.ts(8,46): error TS2305: Module '"vscode"' has no exported member 'Terminal'.
src/extension/chatSessions/vscode-node/copilotCLITerminalLinkProvider.ts(8,56): error TS2305: Module '"vscode"' has no exported member 'TerminalLink'.
src/extension/chatSessions/vscode-node/copilotCLITerminalLinkProvider.ts(8,70): error TS2305: Module '"vscode"' has no exported member 'TerminalLinkContext'.
src/extension/chatSessions/vscode-node/copilotCLITerminalLinkProvider.ts(8,91): error TS2305: Module '"vscode"' has no exported member 'TerminalLinkProvider'.
src/extension/chatSessions/vscode-node/copilotCLITerminalLinkProvider.ts(8,113): error TS2305: Module '"vscode"' has no exported member 'Uri'.
src/extension/chatSessions/vscode-node/copilotCLITerminalLinkProvider.ts(8,118): error TS2305: Module '"vscode"' has no exported member 'window'.
src/extension/chatSessions/vscode-node/copilotCLITerminalLinkProvider.ts(8,126): error TS2305: Module '"vscode"' has no exported member 'workspace'.
src/extension/chatSessions/vscode-node/copilotCLITerminalLinkProvider.ts(144,6): error TS2353: Object literal may only specify known properties, and 'startIndex' does not exist in type 'CopilotCLITerminalLink'.
src/extension/chatSessions/vscode-node/copilotCLITerminalLinkProvider.ts(168,5): error TS2353: Object literal may only specify known properties, and 'startIndex' does not exist in type 'CopilotCLITerminalLink'.
src/extension/chatSessions/vscode-node/copilotCLITerminalLinkProvider.ts(396,61): error TS7006: Parameter 'f' implicitly has an 'any' type.
src/extension/chatSessions/vscode-node/copilotCLITerminalLinkProvider.ts(411,61): error TS7006: Parameter 'f' implicitly has an 'any' type.
src/extension/chatSessions/vscode-node/copilotCloudGitOperationsManager.ts(138,13): error TS7006: Parameter '_' implicitly has an 'any' type.
src/extension/chatSessions/vscode-node/copilotCloudGitOperationsManager.ts(138,16): error TS7006: Parameter 'token' implicitly has an 'any' type.
src/extension/chatSessions/vscode-node/copilotCloudGitOperationsManager.ts(151,24): error TS2503: Cannot find namespace 'vscode'.
src/extension/chatSessions/vscode-node/copilotCloudGitOperationsManager.ts(152,27): error TS2503: Cannot find namespace 'vscode'.
src/extension/chatSessions/vscode-node/copilotCloudGitOperationsManager.ts(153,31): error TS2503: Cannot find namespace 'vscode'.
src/extension/chatSessions/vscode-node/copilotCloudGitOperationsManager.ts(185,58): error TS7006: Parameter 'closedTerminal' implicitly has an 'any' type.
src/extension/chatSessions/vscode-node/copilotCloudSessionContentBuilder.ts(8,10): error TS2305: Module '"vscode"' has no exported member 'ChatRequestTurn'.
src/extension/chatSessions/vscode-node/copilotCloudSessionContentBuilder.ts(8,27): error TS2305: Module '"vscode"' has no exported member 'ChatRequestTurn2'.
src/extension/chatSessions/vscode-node/copilotCloudSessionContentBuilder.ts(8,45): error TS2305: Module '"vscode"' has no exported member 'ChatResponseMarkdownPart'.
src/extension/chatSessions/vscode-node/copilotCloudSessionContentBuilder.ts(8,71): error TS2305: Module '"vscode"' has no exported member 'ChatResponseMultiDiffPart'.
src/extension/chatSessions/vscode-node/copilotCloudSessionContentBuilder.ts(8,98): error TS2305: Module '"vscode"' has no exported member 'ChatResponseProgressPart'.
src/extension/chatSessions/vscode-node/copilotCloudSessionContentBuilder.ts(8,124): error TS2305: Module '"vscode"' has no exported member 'ChatResponseThinkingProgressPart'.
src/extension/chatSessions/vscode-node/copilotCloudSessionContentBuilder.ts(8,158): error TS2305: Module '"vscode"' has no exported member 'ChatResponseTurn2'.
src/extension/chatSessions/vscode-node/copilotCloudSessionContentBuilder.ts(8,177): error TS2305: Module '"vscode"' has no exported member 'ChatResult'.
src/extension/chatSessions/vscode-node/copilotCloudSessionContentBuilder.ts(8,189): error TS2305: Module '"vscode"' has no exported member 'ChatToolInvocationPart'.
src/extension/chatSessions/vscode-node/copilotCloudSessionContentBuilder.ts(8,213): error TS2305: Module '"vscode"' has no exported member 'MarkdownString'.
src/extension/chatSessions/vscode-node/copilotCloudSessionContentBuilder.ts(8,229): error TS2305: Module '"vscode"' has no exported member 'Uri'.
src/extension/chatSessions/vscode-node/copilotCloudSessionContentBuilder.ts(110,30): error TS2503: Cannot find namespace 'vscode'.
src/extension/chatSessions/vscode-node/copilotCloudSessionsProvider.ts(9,10): error TS2305: Module '"vscode"' has no exported member 'l10n'.
src/extension/chatSessions/vscode-node/copilotCloudSessionsProvider.ts(9,16): error TS2305: Module '"vscode"' has no exported member 'Uri'.
src/extension/chatSessions/vscode-node/copilotCloudSessionsProvider.ts(44,24): error TS2503: Cannot find namespace 'vscode'.
src/extension/chatSessions/vscode-node/copilotCloudSessionsProvider.ts(45,15): error TS2503: Cannot find namespace 'vscode'.
src/extension/chatSessions/vscode-node/copilotCloudSessionsProvider.ts(50,27): error TS2503: Cannot find namespace 'vscode'.
src/extension/chatSessions/vscode-node/copilotCloudSessionsProvider.ts(89,54): error TS2503: Cannot find namespace 'vscode'.
src/extension/chatSessions/vscode-node/copilotCloudSessionsProvider.ts(101,114): error TS2503: Cannot find namespace 'vscode'.
src/extension/chatSessions/vscode-node/copilotCloudSessionsProvider.ts(249,73): error TS2503: Cannot find namespace 'vscode'.
src/extension/chatSessions/vscode-node/copilotCloudSessionsProvider.ts(249,108): error TS2503: Cannot find namespace 'vscode'.
src/extension/chatSessions/vscode-node/copilotCloudSessionsProvider.ts(253,100): error TS2503: Cannot find namespace 'vscode'.
src/extension/chatSessions/vscode-node/copilotCloudSessionsProvider.ts(253,134): error TS2503: Cannot find namespace 'vscode'.
src/extension/chatSessions/vscode-node/copilotCloudSessionsProvider.ts(257,91): error TS2503: Cannot find namespace 'vscode'.
src/extension/chatSessions/vscode-node/copilotCloudSessionsProvider.ts(260,43): error TS2503: Cannot find namespace 'vscode'.
src/extension/chatSessions/vscode-node/copilotCloudSessionsProvider.ts(265,67): error TS2503: Cannot find namespace 'vscode'.
src/extension/chatSessions/vscode-node/copilotCloudSessionsProvider.ts(266,103): error TS7006: Parameter 'request' implicitly has an 'any' type.
src/extension/chatSessions/vscode-node/copilotCloudSessionsProvider.ts(266,112): error TS7006: Parameter 'context' implicitly has an 'any' type.
src/extension/chatSessions/vscode-node/copilotCloudSessionsProvider.ts(266,121): error TS7006: Parameter 'stream' implicitly has an 'any' type.
src/extension/chatSessions/vscode-node/copilotCloudSessionsProvider.ts(266,129): error TS7006: Parameter 'token' implicitly has an 'any' type.
src/extension/chatSessions/vscode-node/copilotCloudSessionsProvider.ts(271,31): error TS2503: Cannot find namespace 'vscode'.
src/extension/chatSessions/vscode-node/copilotCloudSessionsProvider.ts(286,49): error TS2503: Cannot find namespace 'vscode'.
src/extension/chatSessions/vscode-node/copilotCloudSessionsProvider.ts(381,58): error TS7006: Parameter 'e' implicitly has an 'any' type.
src/extension/chatSessions/vscode-node/copilotCloudSessionsProvider.ts(401,27): error TS2503: Cannot find namespace 'vscode'.
src/extension/chatSessions/vscode-node/copilotCloudSessionsProvider.ts(401,52): error TS2503: Cannot find namespace 'vscode'.
src/extension/chatSessions/vscode-node/copilotCloudSessionsProvider.ts(452,63): error TS2503: Cannot find namespace 'vscode'.
src/extension/chatSessions/vscode-node/copilotCloudSessionsProvider.ts(452,88): error TS2503: Cannot find namespace 'vscode'.
src/extension/chatSessions/vscode-node/copilotCloudSessionsProvider.ts(463,59): error TS2503: Cannot find namespace 'vscode'.
src/extension/chatSessions/vscode-node/copilotCloudSessionsProvider.ts(463,93): error TS2503: Cannot find namespace 'vscode'.
src/extension/chatSessions/vscode-node/copilotCloudSessionsProvider.ts(485,62): error TS2503: Cannot find namespace 'vscode'.
src/extension/chatSessions/vscode-node/copilotCloudSessionsProvider.ts(516,64): error TS7006: Parameter 'value' implicitly has an 'any' type.
src/extension/chatSessions/vscode-node/copilotCloudSessionsProvider.ts(846,49): error TS2503: Cannot find namespace 'vscode'.
src/extension/chatSessions/vscode-node/copilotCloudSessionsProvider.ts(846,84): error TS2503: Cannot find namespace 'vscode'.
src/extension/chatSessions/vscode-node/copilotCloudSessionsProvider.ts(876,23): error TS2503: Cannot find namespace 'vscode'.
src/extension/chatSessions/vscode-node/copilotCloudSessionsProvider.ts(908,30): error TS2503: Cannot find namespace 'vscode'.
src/extension/chatSessions/vscode-node/copilotCloudSessionsProvider.ts(928,23): error TS2503: Cannot find namespace 'vscode'.
src/extension/chatSessions/vscode-node/copilotCloudSessionsProvider.ts(947,19): error TS2503: Cannot find namespace 'vscode'.
src/extension/chatSessions/vscode-node/copilotCloudSessionsProvider.ts(959,23): error TS2503: Cannot find namespace 'vscode'.
src/extension/chatSessions/vscode-node/copilotCloudSessionsProvider.ts(976,18): error TS2503: Cannot find namespace 'vscode'.
src/extension/chatSessions/vscode-node/copilotCloudSessionsProvider.ts(989,105): error TS2503: Cannot find namespace 'vscode'.
src/extension/chatSessions/vscode-node/copilotCloudSessionsProvider.ts(990,16): error TS2503: Cannot find namespace 'vscode'.
src/extension/chatSessions/vscode-node/copilotCloudSessionsProvider.ts(1037,72): error TS2503: Cannot find namespace 'vscode'.
src/extension/chatSessions/vscode-node/copilotCloudSessionsProvider.ts(1052,67): error TS2503: Cannot find namespace 'vscode'.
src/extension/chatSessions/vscode-node/copilotCloudSessionsProvider.ts(1052,107): error TS2503: Cannot find namespace 'vscode'.
src/extension/chatSessions/vscode-node/copilotCloudSessionsProvider.ts(1092,39): error TS2503: Cannot find namespace 'vscode'.
src/extension/chatSessions/vscode-node/copilotCloudSessionsProvider.ts(1092,74): error TS2503: Cannot find namespace 'vscode'.
src/extension/chatSessions/vscode-node/copilotCloudSessionsProvider.ts(1179,47): error TS7006: Parameter 'change' implicitly has an 'any' type.
src/extension/chatSessions/vscode-node/copilotCloudSessionsProvider.ts(1213,17): error TS2503: Cannot find namespace 'vscode'.
src/extension/chatSessions/vscode-node/copilotCloudSessionsProvider.ts(1222,13): error TS7006: Parameter 'item' implicitly has an 'any' type.
src/extension/chatSessions/vscode-node/copilotCloudSessionsProvider.ts(1224,13): error TS7006: Parameter 'item' implicitly has an 'any' type.
src/extension/chatSessions/vscode-node/copilotCloudSessionsProvider.ts(1261,56): error TS2503: Cannot find namespace 'vscode'.
src/extension/chatSessions/vscode-node/copilotCloudSessionsProvider.ts(1261,91): error TS2503: Cannot find namespace 'vscode'.
src/extension/chatSessions/vscode-node/copilotCloudSessionsProvider.ts(1276,48): error TS2503: Cannot find namespace 'vscode'.
src/extension/chatSessions/vscode-node/copilotCloudSessionsProvider.ts(1364,46): error TS2503: Cannot find namespace 'vscode'.
src/extension/chatSessions/vscode-node/copilotCloudSessionsProvider.ts(1389,15): error TS2503: Cannot find namespace 'vscode'.
src/extension/chatSessions/vscode-node/copilotCloudSessionsProvider.ts(1389,49): error TS2503: Cannot find namespace 'vscode'.
src/extension/chatSessions/vscode-node/copilotCloudSessionsProvider.ts(1402,95): error TS2503: Cannot find namespace 'vscode'.
src/extension/chatSessions/vscode-node/copilotCloudSessionsProvider.ts(1402,129): error TS2503: Cannot find namespace 'vscode'.
src/extension/chatSessions/vscode-node/copilotCloudSessionsProvider.ts(1403,25): error TS2503: Cannot find namespace 'vscode'.
src/extension/chatSessions/vscode-node/copilotCloudSessionsProvider.ts(1403,59): error TS2503: Cannot find namespace 'vscode'.
src/extension/chatSessions/vscode-node/copilotCloudSessionsProvider.ts(1409,45): error TS2503: Cannot find namespace 'vscode'.
src/extension/chatSessions/vscode-node/copilotCloudSessionsProvider.ts(1477,61): error TS2503: Cannot find namespace 'vscode'.
src/extension/chatSessions/vscode-node/copilotCloudSessionsProvider.ts(1492,95): error TS2503: Cannot find namespace 'vscode'.
src/extension/chatSessions/vscode-node/copilotCloudSessionsProvider.ts(1507,63): error TS2503: Cannot find namespace 'vscode'.
src/extension/chatSessions/vscode-node/copilotCloudSessionsProvider.ts(1549,51): error TS2503: Cannot find namespace 'vscode'.
src/extension/chatSessions/vscode-node/copilotCloudSessionsProvider.ts(1549,76): error TS2503: Cannot find namespace 'vscode'.
src/extension/chatSessions/vscode-node/copilotCloudSessionsProvider.ts(1563,12): error TS2503: Cannot find namespace 'vscode'.
src/extension/chatSessions/vscode-node/copilotCloudSessionsProvider.ts(1564,11): error TS2503: Cannot find namespace 'vscode'.
src/extension/chatSessions/vscode-node/copilotCloudSessionsProvider.ts(1565,12): error TS2503: Cannot find namespace 'vscode'.
src/extension/chatSessions/vscode-node/copilotCloudSessionsProvider.ts(1566,10): error TS2503: Cannot find namespace 'vscode'.
src/extension/chatSessions/vscode-node/copilotCloudSessionsProvider.ts(1570,13): error TS2503: Cannot find namespace 'vscode'.
src/extension/chatSessions/vscode-node/copilotCloudSessionsProvider.ts(1683,48): error TS2503: Cannot find namespace 'vscode'.
src/extension/chatSessions/vscode-node/copilotCloudSessionsProvider.ts(1683,76): error TS2503: Cannot find namespace 'vscode'.
src/extension/chatSessions/vscode-node/copilotCloudSessionsProvider.ts(1683,112): error TS2503: Cannot find namespace 'vscode'.
src/extension/chatSessions/vscode-node/copilotCloudSessionsProvider.ts(1683,139): error TS2503: Cannot find namespace 'vscode'.
src/extension/chatSessions/vscode-node/copilotCloudSessionsProvider.ts(1776,26): error TS2339: Property 'workspaceState' does not exist on type 'IVSCodeExtensionContext'.
src/extension/chatSessions/vscode-node/copilotCloudSessionsProvider.ts(1780,33): error TS2339: Property 'workspaceState' does not exist on type 'IVSCodeExtensionContext'.
src/extension/chatSessions/vscode-node/copilotCloudSessionsProvider.ts(1785,27): error TS2339: Property 'workspaceState' does not exist on type 'IVSCodeExtensionContext'.
src/extension/chatSessions/vscode-node/copilotCloudSessionsProvider.ts(1786,13): error TS7006: Parameter 'key' implicitly has an 'any' type.
src/extension/chatSessions/vscode-node/copilotCloudSessionsProvider.ts(1789,27): error TS2339: Property 'workspaceState' does not exist on type 'IVSCodeExtensionContext'.
src/extension/chatSessions/vscode-node/copilotCloudSessionsProvider.ts(1805,26): error TS2339: Property 'globalState' does not exist on type 'IVSCodeExtensionContext'.
src/extension/chatSessions/vscode-node/copilotCloudSessionsProvider.ts(1814,40): error TS2339: Property 'globalState' does not exist on type 'IVSCodeExtensionContext'.
src/extension/chatSessions/vscode-node/copilotCloudSessionsProvider.ts(1816,35): error TS7006: Parameter 'r' implicitly has an 'any' type.
src/extension/chatSessions/vscode-node/copilotCloudSessionsProvider.ts(1820,27): error TS2339: Property 'globalState' does not exist on type 'IVSCodeExtensionContext'.
src/extension/chatSessions/vscode-node/copilotCloudSessionsProvider.ts(1878,43): error TS2503: Cannot find namespace 'vscode'.
src/extension/chatSessions/vscode-node/copilotCloudSessionsProvider.ts(1948,45): error TS2503: Cannot find namespace 'vscode'.
src/extension/chatSessions/vscode-node/copilotCloudSessionsProvider.ts(1948,74): error TS2503: Cannot find namespace 'vscode'.
src/extension/chatSessions/vscode-node/copilotCloudSessionsProvider.ts(1948,102): error TS2503: Cannot find namespace 'vscode'.
src/extension/chatSessions/vscode-node/copilotCloudSessionsProvider.ts(1948,136): error TS2503: Cannot find namespace 'vscode'.
src/extension/chatSessions/vscode-node/copilotCloudSessionsProvider.ts(2045,40): error TS2503: Cannot find namespace 'vscode'.
src/extension/chatSessions/vscode-node/copilotCloudSessionsProvider.ts(2045,69): error TS2503: Cannot find namespace 'vscode'.
src/extension/chatSessions/vscode-node/copilotCloudSessionsProvider.ts(2045,97): error TS2503: Cannot find namespace 'vscode'.
src/extension/chatSessions/vscode-node/copilotCloudSessionsProvider.ts(2045,131): error TS2503: Cannot find namespace 'vscode'.
src/extension/chatSessions/vscode-node/copilotCloudSessionsProvider.ts(2104,55): error TS2503: Cannot find namespace 'vscode'.
src/extension/chatSessions/vscode-node/copilotCloudSessionsProvider.ts(2104,187): error TS2503: Cannot find namespace 'vscode'.
src/extension/chatSessions/vscode-node/copilotCloudSessionsProvider.ts(2108,30): error TS2503: Cannot find namespace 'vscode'.
src/extension/chatSessions/vscode-node/copilotCloudSessionsProvider.ts(2178,42): error TS2503: Cannot find namespace 'vscode'.
src/extension/chatSessions/vscode-node/copilotCloudSessionsProvider.ts(2178,131): error TS2503: Cannot find namespace 'vscode'.
src/extension/chatSessions/vscode-node/copilotCloudSessionsProvider.ts(2272,80): error TS2503: Cannot find namespace 'vscode'.
src/extension/chatSessions/vscode-node/copilotCloudSessionsProvider.ts(2374,11): error TS2503: Cannot find namespace 'vscode'.
src/extension/chatSessions/vscode-node/copilotCloudSessionsProvider.ts(2426,11): error TS2503: Cannot find namespace 'vscode'.
src/extension/chatSessions/vscode-node/copilotCloudSessionsProvider.ts(2427,10): error TS2503: Cannot find namespace 'vscode'.
src/extension/chatSessions/vscode-node/copilotCloudSessionsProvider.ts(2506,11): error TS2503: Cannot find namespace 'vscode'.
src/extension/chatSessions/vscode-node/copilotCloudSessionsProvider.ts(2536,81): error TS2503: Cannot find namespace 'vscode'.
src/extension/chatSessions/vscode-node/copilotCloudSessionsProvider.ts(2536,115): error TS2503: Cannot find namespace 'vscode'.
src/extension/chatSessions/vscode-node/folderRepositoryManagerImpl.ts(8,10): error TS2305: Module '"vscode"' has no exported member 'LanguageModelTextPart'.
src/extension/chatSessions/vscode-node/folderRepositoryManagerImpl.ts(61,65): error TS2503: Cannot find namespace 'vscode'.
src/extension/chatSessions/vscode-node/folderRepositoryManagerImpl.ts(79,52): error TS2503: Cannot find namespace 'vscode'.
src/extension/chatSessions/vscode-node/folderRepositoryManagerImpl.ts(94,74): error TS2503: Cannot find namespace 'vscode'.
src/extension/chatSessions/vscode-node/folderRepositoryManagerImpl.ts(102,11): error TS2503: Cannot find namespace 'vscode'.
src/extension/chatSessions/vscode-node/folderRepositoryManagerImpl.ts(184,11): error TS2503: Cannot find namespace 'vscode'.
src/extension/chatSessions/vscode-node/folderRepositoryManagerImpl.ts(185,11): error TS2503: Cannot find namespace 'vscode'.
src/extension/chatSessions/vscode-node/folderRepositoryManagerImpl.ts(186,27): error TS2503: Cannot find namespace 'vscode'.
src/extension/chatSessions/vscode-node/folderRepositoryManagerImpl.ts(194,98): error TS2503: Cannot find namespace 'vscode'.
src/extension/chatSessions/vscode-node/folderRepositoryManagerImpl.ts(194,130): error TS2503: Cannot find namespace 'vscode'.
src/extension/chatSessions/vscode-node/folderRepositoryManagerImpl.ts(194,164): error TS2503: Cannot find namespace 'vscode'.
src/extension/chatSessions/vscode-node/folderRepositoryManagerImpl.ts(200,22): error TS2503: Cannot find namespace 'vscode'.
src/extension/chatSessions/vscode-node/folderRepositoryManagerImpl.ts(202,17): error TS2503: Cannot find namespace 'vscode'.
src/extension/chatSessions/vscode-node/folderRepositoryManagerImpl.ts(362,10): error TS2503: Cannot find namespace 'vscode'.
src/extension/chatSessions/vscode-node/folderRepositoryManagerImpl.ts(447,18): error TS2503: Cannot find namespace 'vscode'.
src/extension/chatSessions/vscode-node/folderRepositoryManagerImpl.ts(448,22): error TS2503: Cannot find namespace 'vscode'.
src/extension/chatSessions/vscode-node/folderRepositoryManagerImpl.ts(450,10): error TS2503: Cannot find namespace 'vscode'.
src/extension/chatSessions/vscode-node/folderRepositoryManagerImpl.ts(461,33): error TS2503: Cannot find namespace 'vscode'.
src/extension/chatSessions/vscode-node/folderRepositoryManagerImpl.ts(497,37): error TS2503: Cannot find namespace 'vscode'.
src/extension/chatSessions/vscode-node/folderRepositoryManagerImpl.ts(497,61): error TS2503: Cannot find namespace 'vscode'.
src/extension/chatSessions/vscode-node/folderRepositoryManagerImpl.ts(497,101): error TS2503: Cannot find namespace 'vscode'.
src/extension/chatSessions/vscode-node/folderRepositoryManagerImpl.ts(497,127): error TS2503: Cannot find namespace 'vscode'.
src/extension/chatSessions/vscode-node/folderRepositoryManagerImpl.ts(526,28): error TS2503: Cannot find namespace 'vscode'.
src/extension/chatSessions/vscode-node/folderRepositoryManagerImpl.ts(584,24): error TS2503: Cannot find namespace 'vscode'.
src/extension/chatSessions/vscode-node/folderRepositoryManagerImpl.ts(585,31): error TS2503: Cannot find namespace 'vscode'.
src/extension/chatSessions/vscode-node/folderRepositoryManagerImpl.ts(585,57): error TS2503: Cannot find namespace 'vscode'.
src/extension/chatSessions/vscode-node/folderRepositoryManagerImpl.ts(586,10): error TS2503: Cannot find namespace 'vscode'.
src/extension/chatSessions/vscode-node/folderRepositoryManagerImpl.ts(650,18): error TS2503: Cannot find namespace 'vscode'.
src/extension/chatSessions/vscode-node/folderRepositoryManagerImpl.ts(652,24): error TS2503: Cannot find namespace 'vscode'.
src/extension/chatSessions/vscode-node/folderRepositoryManagerImpl.ts(653,10): error TS2503: Cannot find namespace 'vscode'.
src/extension/chatSessions/vscode-node/folderRepositoryManagerImpl.ts(697,11): error TS2503: Cannot find namespace 'vscode'.
src/extension/chatSessions/vscode-node/folderRepositoryManagerImpl.ts(715,15): error TS2503: Cannot find namespace 'vscode'.
src/extension/chatSessions/vscode-node/folderRepositoryManagerImpl.ts(717,10): error TS2503: Cannot find namespace 'vscode'.
src/extension/chatSessions/vscode-node/folderRepositoryManagerImpl.ts(718,27): error TS2503: Cannot find namespace 'vscode'.
src/extension/chatSessions/vscode-node/folderRepositoryManagerImpl.ts(718,67): error TS2503: Cannot find namespace 'vscode'.
src/extension/chatSessions/vscode-node/folderRepositoryManagerImpl.ts(718,93): error TS2503: Cannot find namespace 'vscode'.
src/extension/chatSessions/vscode-node/folderRepositoryManagerImpl.ts(741,18): error TS2503: Cannot find namespace 'vscode'.
src/extension/chatSessions/vscode-node/folderRepositoryManagerImpl.ts(743,10): error TS2503: Cannot find namespace 'vscode'.
src/extension/chatSessions/vscode-node/folderRepositoryManagerImpl.ts(744,26): error TS2503: Cannot find namespace 'vscode'.
src/extension/chatSessions/vscode-node/folderRepositoryManagerImpl.ts(744,52): error TS2503: Cannot find namespace 'vscode'.
src/extension/chatSessions/vscode-node/folderRepositoryManagerImpl.ts(750,48): error TS2503: Cannot find namespace 'vscode'.
src/extension/chatSessions/vscode-node/folderRepositoryManagerImpl.ts(750,74): error TS2503: Cannot find namespace 'vscode'.
src/extension/chatSessions/vscode-node/folderRepositoryManagerImpl.ts(766,41): error TS2503: Cannot find namespace 'vscode'.
src/extension/chatSessions/vscode-node/folderRepositoryManagerImpl.ts(766,61): error TS2503: Cannot find namespace 'vscode'.
src/extension/chatSessions/vscode-node/folderRepositoryManagerImpl.ts(784,19): error TS2503: Cannot find namespace 'vscode'.
src/extension/chatSessions/vscode-node/folderRepositoryManagerImpl.ts(785,17): error TS2503: Cannot find namespace 'vscode'.
src/extension/chatSessions/vscode-node/folderRepositoryManagerImpl.ts(787,11): error TS2503: Cannot find namespace 'vscode'.
src/extension/chatSessions/vscode-node/folderRepositoryManagerImpl.ts(788,10): error TS2503: Cannot find namespace 'vscode'.
src/extension/chatSessions/vscode-node/folderRepositoryManagerImpl.ts(867,71): error TS2503: Cannot find namespace 'vscode'.
src/extension/chatSessions/vscode-node/folderRepositoryManagerImpl.ts(876,42): error TS2503: Cannot find namespace 'vscode'.
src/extension/chatSessions/vscode-node/folderRepositoryManagerImpl.ts(911,71): error TS2503: Cannot find namespace 'vscode'.
src/extension/chatSessions/vscode-node/prContentProvider.ts(37,4): error TS2503: Cannot find namespace 'vscode'.
src/extension/chatSessions/vscode-node/prContentProvider.ts(48,39): error TS2503: Cannot find namespace 'vscode'.
src/extension/chatSessions/vscode-node/prContentProvider.ts(72,62): error TS2503: Cannot find namespace 'vscode'.
src/extension/chatSessions/vscode-node/prContentProvider.ts(74,64): error TS2503: Cannot find namespace 'vscode'.
src/extension/chatSessions/vscode-node/prContentProvider.ts(92,40): error TS2503: Cannot find namespace 'vscode'.
src/extension/chatSessions/vscode-node/pullRequestCreationService.ts(7,1): error TS6133: 'vscode' is declared but its value is never read.
src/extension/chatSessions/vscode-node/pullRequestCreationService.ts(25,26): error TS2503: Cannot find namespace 'vscode'.
src/extension/chatSessions/vscode-node/pullRequestCreationService.ts(41,62): error TS2503: Cannot find namespace 'vscode'.
src/extension/chatSessions/vscode-node/pullRequestCreationService.ts(57,68): error TS2503: Cannot find namespace 'vscode'.
src/extension/chatSessions/vscode-node/pullRequestFileChangesService.ts(18,75): error TS2503: Cannot find namespace 'vscode'.
src/extension/chatSessions/vscode-node/pullRequestFileChangesService.ts(29,81): error TS2503: Cannot find namespace 'vscode'.
src/extension/chatSessions/vscode-node/pullRequestFileChangesService.ts(55,23): error TS2503: Cannot find namespace 'vscode'.
src/extension/chatSessions/vscode-node/sessionOptionGroupBuilder.ts(92,10): error TS2305: Module '"vscode"' has no exported member 'ChatSessionProviderOptionItem'.
src/extension/chatSessions/vscode-node/sessionOptionGroupBuilder.ts(92,41): error TS2305: Module '"vscode"' has no exported member 'Uri'.
src/extension/chatSessions/vscode-node/sessionOptionGroupBuilder.ts(175,30): error TS2503: Cannot find namespace 'vscode'.
src/extension/chatSessions/vscode-node/sessionOptionGroupBuilder.ts(175,83): error TS2503: Cannot find namespace 'vscode'.
src/extension/chatSessions/vscode-node/sessionOptionGroupBuilder.ts(186,22): error TS2503: Cannot find namespace 'vscode'.
src/extension/chatSessions/vscode-node/sessionOptionGroupBuilder.ts(187,22): error TS2503: Cannot find namespace 'vscode'.
src/extension/chatSessions/vscode-node/sessionOptionGroupBuilder.ts(213,52): error TS2503: Cannot find namespace 'vscode'.
src/extension/chatSessions/vscode-node/sessionOptionGroupBuilder.ts(213,111): error TS2503: Cannot find namespace 'vscode'.
src/extension/chatSessions/vscode-node/sessionOptionGroupBuilder.ts(220,55): error TS2503: Cannot find namespace 'vscode'.
src/extension/chatSessions/vscode-node/sessionOptionGroupBuilder.ts(220,97): error TS2503: Cannot find namespace 'vscode'.
src/extension/chatSessions/vscode-node/sessionOptionGroupBuilder.ts(241,42): error TS2503: Cannot find namespace 'vscode'.
src/extension/chatSessions/vscode-node/sessionOptionGroupBuilder.ts(245,51): error TS7006: Parameter 'i' implicitly has an 'any' type.
src/extension/chatSessions/vscode-node/sessionOptionGroupBuilder.ts(249,37): error TS7006: Parameter 'i' implicitly has an 'any' type.
src/extension/chatSessions/vscode-node/sessionOptionGroupBuilder.ts(261,37): error TS2503: Cannot find namespace 'vscode'.
src/extension/chatSessions/vscode-node/sessionOptionGroupBuilder.ts(265,25): error TS2503: Cannot find namespace 'vscode'.
src/extension/chatSessions/vscode-node/sessionOptionGroupBuilder.ts(265,64): error TS2503: Cannot find namespace 'vscode'.
src/extension/chatSessions/vscode-node/sessionOptionGroupBuilder.ts(282,68): error TS2339: Property 'rootUri' does not exist on type 'never'.
src/extension/chatSessions/vscode-node/sessionOptionGroupBuilder.ts(283,65): error TS2339: Property 'kind' does not exist on type 'never'.
src/extension/chatSessions/vscode-node/sessionOptionGroupBuilder.ts(291,14): error TS2503: Cannot find namespace 'vscode'.
src/extension/chatSessions/vscode-node/sessionOptionGroupBuilder.ts(299,14): error TS2503: Cannot find namespace 'vscode'.
src/extension/chatSessions/vscode-node/sessionOptionGroupBuilder.ts(318,61): error TS2503: Cannot find namespace 'vscode'.
src/extension/chatSessions/vscode-node/sessionOptionGroupBuilder.ts(318,112): error TS2503: Cannot find namespace 'vscode'.
src/extension/chatSessions/vscode-node/sessionOptionGroupBuilder.ts(319,35): error TS2503: Cannot find namespace 'vscode'.
src/extension/chatSessions/vscode-node/sessionOptionGroupBuilder.ts(319,202): error TS2503: Cannot find namespace 'vscode'.
src/extension/chatSessions/vscode-node/sessionOptionGroupBuilder.ts(319,253): error TS2503: Cannot find namespace 'vscode'.
src/extension/chatSessions/vscode-node/sessionOptionGroupBuilder.ts(320,32): error TS2503: Cannot find namespace 'vscode'.
src/extension/chatSessions/vscode-node/sessionOptionGroupBuilder.ts(321,27): error TS2503: Cannot find namespace 'vscode'.
src/extension/chatSessions/vscode-node/sessionOptionGroupBuilder.ts(321,77): error TS2503: Cannot find namespace 'vscode'.
src/extension/chatSessions/vscode-node/sessionOptionGroupBuilder.ts(322,49): error TS2503: Cannot find namespace 'vscode'.
src/extension/chatSessions/vscode-node/sessionOptionGroupBuilder.ts(322,68): error TS2503: Cannot find namespace 'vscode'.
src/extension/chatSessions/vscode-node/sessionOptionGroupBuilder.ts(322,103): error TS2503: Cannot find namespace 'vscode'.
src/extension/chatSessions/vscode-node/sessionOptionGroupBuilder.ts(323,95): error TS2503: Cannot find namespace 'vscode'.
src/extension/chatSessions/vscode-node/sessionOptionGroupBuilder.ts(324,30): error TS2503: Cannot find namespace 'vscode'.
src/extension/chatSessions/vscode-node/sessionOptionGroupBuilder.ts(329,30): error TS2503: Cannot find namespace 'vscode'.
src/extension/chatSessions/vscode-node/sessionOptionGroupBuilder.ts(334,34): error TS2503: Cannot find namespace 'vscode'.
src/extension/chatSessions/vscode-node/sessionOptionGroupBuilder.ts(341,53): error TS2503: Cannot find namespace 'vscode'.
src/extension/chatSessions/vscode-node/sessionOptionGroupBuilder.ts(341,91): error TS2503: Cannot find namespace 'vscode'.
src/extension/chatSessions/vscode-node/sessionOptionGroupBuilder.ts(343,55): error TS2503: Cannot find namespace 'vscode'.
src/extension/chatSessions/vscode-node/sessionOptionGroupBuilder.ts(343,85): error TS2503: Cannot find namespace 'vscode'.
src/extension/chatSessions/vscode-node/sessionOptionGroupBuilder.ts(360,42): error TS2503: Cannot find namespace 'vscode'.
src/extension/chatSessions/vscode-node/sessionOptionGroupBuilder.ts(371,67): error TS2503: Cannot find namespace 'vscode'.
src/extension/chatSessions/vscode-node/sessionOptionGroupBuilder.ts(371,129): error TS2503: Cannot find namespace 'vscode'.
src/extension/chatSessions/vscode-node/sessionOptionGroupBuilder.ts(371,150): error TS2503: Cannot find namespace 'vscode'.
src/extension/chatSessions/vscode-node/sessionOptionGroupBuilder.ts(372,23): error TS2503: Cannot find namespace 'vscode'.
src/extension/chatSessions/vscode-node/sessionOptionGroupBuilder.ts(377,34): error TS2339: Property 'globalState' does not exist on type 'IVSCodeExtensionContext'.
src/extension/chatSessions/vscode-node/sessionOptionGroupBuilder.ts(402,20): error TS2503: Cannot find namespace 'vscode'.
src/extension/chatSessions/vscode-node/sessionOptionGroupBuilder.ts(404,15): error TS2503: Cannot find namespace 'vscode'.
src/extension/chatSessions/vscode-node/sessionOptionGroupBuilder.ts(500,13): error TS2503: Cannot find namespace 'vscode'.
src/extension/chatSessions/vscode-node/sessionOptionGroupBuilder.ts(504,22): error TS2503: Cannot find namespace 'vscode'.
src/extension/chatSessions/vscode-node/sessionOptionGroupBuilder.ts(505,5): error TS2503: Cannot find namespace 'vscode'.
src/extension/chatSessions/vscode-node/sessionOptionGroupBuilder.ts(531,38): error TS2503: Cannot find namespace 'vscode'.
src/extension/chatSessions/vscode-node/sessionOptionGroupBuilder.ts(535,22): error TS2339: Property 'globalState' does not exist on type 'IVSCodeExtensionContext'.
src/extension/chatSessions/vscode-node/sessionOptionGroupBuilder.ts(550,33): error TS2503: Cannot find namespace 'vscode'.
src/extension/chatSessions/vscode-node/sessionOptionGroupBuilder.ts(550,83): error TS2503: Cannot find namespace 'vscode'.
src/extension/chatSessions/vscode-node/sessionOptionGroupBuilder.ts(564,34): error TS2503: Cannot find namespace 'vscode'.
src/extension/chatSessions/vscode-node/sessionOptionGroupBuilder.ts(564,84): error TS2503: Cannot find namespace 'vscode'.
src/extension/chatSessions/vscode-node/sessionOptionGroupBuilder.ts(564,105): error TS2503: Cannot find namespace 'vscode'.
src/extension/chatSessions/vscode-node/sessionOptionGroupBuilder.ts(576,55): error TS2503: Cannot find namespace 'vscode'.
src/extension/chatSessions/vscode-node/sessionOptionGroupBuilder.ts(576,74): error TS2503: Cannot find namespace 'vscode'.
src/extension/chatSessions/vscode-node/sessionOptionGroupBuilder.ts(576,109): error TS2503: Cannot find namespace 'vscode'.
src/extension/chatSessions/vscode-node/sessionOptionGroupBuilder.ts(578,23): error TS2503: Cannot find namespace 'vscode'.
src/extension/chatSessions/vscode-node/sessionOptionGroupBuilder.ts(585,21): error TS2503: Cannot find namespace 'vscode'.
src/extension/chatSessions/vscode-node/sessionOptionGroupBuilder.ts(645,101): error TS2503: Cannot find namespace 'vscode'.
src/extension/chatSessions/vscode-node/sessionOptionGroupBuilder.ts(655,17): error TS2503: Cannot find namespace 'vscode'.
src/extension/chatSessions/vscode-node/sessionOptionGroupBuilder.ts(656,18): error TS2503: Cannot find namespace 'vscode'.
src/extension/chatSessions/vscode-node/sessionOptionGroupBuilder.ts(657,26): error TS2503: Cannot find namespace 'vscode'.
src/extension/chatSessions/vscode-node/sessionOptionGroupBuilder.ts(666,17): error TS2503: Cannot find namespace 'vscode'.
src/extension/chatSessions/vscode-node/sessionOptionGroupBuilder.ts(732,30): error TS2503: Cannot find namespace 'vscode'.
src/extension/chatSessions/vscode-node/sessionOptionGroupBuilder.ts(736,34): error TS2503: Cannot find namespace 'vscode'.
src/extension/chatSessions/vscode-node/sessionOptionGroupBuilder.ts(737,46): error TS7006: Parameter 'g' implicitly has an 'any' type.
src/extension/chatSessions/vscode-node/sessionOptionGroupBuilder.ts(741,25): error TS2503: Cannot find namespace 'vscode'.
src/extension/chatSessions/vscode-node/sessionOptionGroupBuilder.ts(747,22): error TS2503: Cannot find namespace 'vscode'.
src/extension/chatSessions/vscode-node/sessionOptionGroupBuilder.ts(760,45): error TS2503: Cannot find namespace 'vscode'.
src/extension/chatSessions/vscode-node/sessionOptionGroupBuilder.ts(761,34): error TS7006: Parameter 'group' implicitly has an 'any' type.
src/extension/chatSessions/vscode-node/sessionOptionGroupBuilder.ts(763,26): error TS7006: Parameter 'item' implicitly has an 'any' type.
src/extension/chatSessions/vscode-node/sessionRequestLifecycle.ts(26,43): error TS2503: Cannot find namespace 'vscode'.
src/extension/chatSessions/vscode-node/sessionRequestLifecycle.ts(34,41): error TS2503: Cannot find namespace 'vscode'.
src/extension/chatSessions/vscode-node/sessionRequestLifecycle.ts(34,100): error TS2503: Cannot find namespace 'vscode'.
src/extension/chatSessions/vscode-node/sessionRequestLifecycle.ts(38,19): error TS2503: Cannot find namespace 'vscode'.
src/extension/chatSessions/vscode-node/sessionRequestLifecycle.ts(59,65): error TS2503: Cannot find namespace 'vscode'.
src/extension/chatSessions/vscode-node/sessionRequestLifecycle.ts(72,49): error TS2503: Cannot find namespace 'vscode'.
src/extension/chatSessions/vscode-node/sessionRequestLifecycle.ts(92,75): error TS2503: Cannot find namespace 'vscode'.
src/extension/chatSessions/vscode-node/sessionRequestLifecycle.ts(101,47): error TS2503: Cannot find namespace 'vscode'.
src/extension/chatSessions/vscode-node/sessionRequestLifecycle.ts(101,106): error TS2503: Cannot find namespace 'vscode'.
src/extension/chatSessions/vscode-node/sessionRequestLifecycle.ts(150,53): error TS2503: Cannot find namespace 'vscode'.
src/extension/chatSessions/vscode-node/test/chatHistoryBuilder.spec.ts(8,1): error TS6133: 'vscode' is declared but its value is never read.
src/extension/chatSessions/vscode-node/test/chatHistoryBuilder.spec.ts(87,51): error TS2503: Cannot find namespace 'vscode'.
src/extension/chatSessions/vscode-node/test/chatHistoryBuilder.spec.ts(87,76): error TS2503: Cannot find namespace 'vscode'.
src/extension/chatSessions/vscode-node/test/chatHistoryBuilder.spec.ts(97,30): error TS7006: Parameter 'part' implicitly has an 'any' type.
src/extension/chatSessions/vscode-node/test/chatHistoryBuilder.spec.ts(535,34): error TS2503: Cannot find namespace 'vscode'.
src/extension/chatSessions/vscode-node/test/chatHistoryBuilder.spec.ts(736,34): error TS2503: Cannot find namespace 'vscode'.
src/extension/chatSessions/vscode-node/test/chatHistoryBuilder.spec.ts(737,48): error TS7006: Parameter 'p' implicitly has an 'any' type.
src/extension/chatSessions/vscode-node/test/chatHistoryBuilder.spec.ts(737,57): error TS2503: Cannot find namespace 'vscode'.
src/extension/chatSessions/vscode-node/test/chatHistoryBuilder.spec.ts(772,34): error TS2503: Cannot find namespace 'vscode'.
src/extension/chatSessions/vscode-node/test/chatHistoryBuilder.spec.ts(773,48): error TS7006: Parameter 'p' implicitly has an 'any' type.
src/extension/chatSessions/vscode-node/test/chatHistoryBuilder.spec.ts(773,57): error TS2503: Cannot find namespace 'vscode'.
src/extension/chatSessions/vscode-node/test/chatHistoryBuilder.spec.ts(799,34): error TS2503: Cannot find namespace 'vscode'.
src/extension/chatSessions/vscode-node/test/chatHistoryBuilder.spec.ts(800,48): error TS7006: Parameter 'p' implicitly has an 'any' type.
src/extension/chatSessions/vscode-node/test/chatHistoryBuilder.spec.ts(800,57): error TS2503: Cannot find namespace 'vscode'.
src/extension/chatSessions/vscode-node/test/chatHistoryBuilder.spec.ts(805,43): error TS7006: Parameter 't' implicitly has an 'any' type.
src/extension/chatSessions/vscode-node/test/chatHistoryBuilder.spec.ts(832,34): error TS2503: Cannot find namespace 'vscode'.
src/extension/chatSessions/vscode-node/test/chatHistoryBuilder.spec.ts(833,48): error TS7006: Parameter 'p' implicitly has an 'any' type.
src/extension/chatSessions/vscode-node/test/chatHistoryBuilder.spec.ts(833,57): error TS2503: Cannot find namespace 'vscode'.
src/extension/chatSessions/vscode-node/test/chatHistoryBuilder.spec.ts(865,34): error TS2503: Cannot find namespace 'vscode'.
src/extension/chatSessions/vscode-node/test/chatHistoryBuilder.spec.ts(866,48): error TS7006: Parameter 'p' implicitly has an 'any' type.
src/extension/chatSessions/vscode-node/test/chatHistoryBuilder.spec.ts(866,57): error TS2503: Cannot find namespace 'vscode'.
src/extension/chatSessions/vscode-node/test/chatHistoryBuilder.spec.ts(876,44): error TS7006: Parameter 't' implicitly has an 'any' type.
src/extension/chatSessions/vscode-node/test/chatHistoryBuilder.spec.ts(880,44): error TS7006: Parameter 't' implicitly has an 'any' type.
src/extension/chatSessions/vscode-node/test/chatHistoryBuilder.spec.ts(906,34): error TS2503: Cannot find namespace 'vscode'.
src/extension/chatSessions/vscode-node/test/chatHistoryBuilder.spec.ts(907,48): error TS7006: Parameter 'p' implicitly has an 'any' type.
src/extension/chatSessions/vscode-node/test/chatHistoryBuilder.spec.ts(907,57): error TS2503: Cannot find namespace 'vscode'.
src/extension/chatSessions/vscode-node/test/chatHistoryBuilder.spec.ts(918,43): error TS7006: Parameter 't' implicitly has an 'any' type.
src/extension/chatSessions/vscode-node/test/chatHistoryBuilder.spec.ts(948,34): error TS2503: Cannot find namespace 'vscode'.
src/extension/chatSessions/vscode-node/test/chatHistoryBuilder.spec.ts(949,48): error TS7006: Parameter 'p' implicitly has an 'any' type.
src/extension/chatSessions/vscode-node/test/chatHistoryBuilder.spec.ts(949,57): error TS2503: Cannot find namespace 'vscode'.
src/extension/chatSessions/vscode-node/test/chatHistoryBuilder.spec.ts(955,28): error TS7006: Parameter 't' implicitly has an 'any' type.
src/extension/chatSessions/vscode-node/test/chatHistoryBuilder.spec.ts(956,28): error TS7006: Parameter 't' implicitly has an 'any' type.
src/extension/chatSessions/vscode-node/test/chatHistoryBuilder.spec.ts(974,34): error TS2503: Cannot find namespace 'vscode'.
src/extension/chatSessions/vscode-node/test/chatHistoryBuilder.spec.ts(975,48): error TS7006: Parameter 'p' implicitly has an 'any' type.
src/extension/chatSessions/vscode-node/test/chatHistoryBuilder.spec.ts(975,57): error TS2503: Cannot find namespace 'vscode'.
src/extension/chatSessions/vscode-node/test/chatHistoryBuilder.spec.ts(1006,37): error TS2503: Cannot find namespace 'vscode'.
src/extension/chatSessions/vscode-node/test/chatHistoryBuilder.spec.ts(1031,37): error TS2503: Cannot find namespace 'vscode'.
src/extension/chatSessions/vscode-node/test/chatHistoryBuilder.spec.ts(1052,37): error TS2503: Cannot find namespace 'vscode'.
src/extension/chatSessions/vscode-node/test/chatHistoryBuilder.spec.ts(1070,37): error TS2503: Cannot find namespace 'vscode'.
src/extension/chatSessions/vscode-node/test/chatHistoryBuilder.spec.ts(1085,37): error TS2503: Cannot find namespace 'vscode'.
src/extension/chatSessions/vscode-node/test/chatHistoryBuilder.spec.ts(1308,37): error TS2503: Cannot find namespace 'vscode'.
src/extension/chatSessions/vscode-node/test/chatHistoryBuilder.spec.ts(1321,37): error TS2503: Cannot find namespace 'vscode'.
src/extension/chatSessions/vscode-node/test/chatHistoryBuilder.spec.ts(1334,37): error TS2503: Cannot find namespace 'vscode'.
src/extension/chatSessions/vscode-node/test/chatHistoryBuilder.spec.ts(1345,37): error TS2503: Cannot find namespace 'vscode'.
src/extension/chatSessions/vscode-node/test/chatHistoryBuilder.spec.ts(1359,38): error TS2503: Cannot find namespace 'vscode'.
src/extension/chatSessions/vscode-node/test/chatHistoryBuilder.spec.ts(1362,39): error TS2503: Cannot find namespace 'vscode'.
src/extension/chatSessions/vscode-node/test/chatHistoryBuilder.spec.ts(1374,37): error TS2503: Cannot find namespace 'vscode'.
src/extension/chatSessions/vscode-node/test/chatHistoryBuilder.spec.ts(1387,37): error TS2503: Cannot find namespace 'vscode'.
src/extension/chatSessions/vscode-node/test/chatHistoryBuilder.spec.ts(1409,38): error TS2503: Cannot find namespace 'vscode'.
src/extension/chatSessions/vscode-node/test/chatHistoryBuilder.spec.ts(1421,38): error TS2503: Cannot find namespace 'vscode'.
src/extension/chatSessions/vscode-node/test/chatHistoryBuilder.spec.ts(1433,38): error TS2503: Cannot find namespace 'vscode'.
src/extension/chatSessions/vscode-node/test/chatHistoryBuilder.spec.ts(1447,39): error TS2503: Cannot find namespace 'vscode'.
src/extension/chatSessions/vscode-node/test/chatHistoryBuilder.spec.ts(1448,40): error TS2503: Cannot find namespace 'vscode'.
src/extension/chatSessions/vscode-node/test/chatHistoryBuilder.spec.ts(1464,38): error TS2503: Cannot find namespace 'vscode'.
src/extension/chatSessions/vscode-node/test/chatHistoryBuilder.spec.ts(1478,39): error TS2503: Cannot find namespace 'vscode'.
src/extension/chatSessions/vscode-node/test/chatHistoryBuilder.spec.ts(1479,40): error TS2503: Cannot find namespace 'vscode'.
src/extension/chatSessions/vscode-node/test/chatHistoryBuilder.spec.ts(1495,38): error TS2503: Cannot find namespace 'vscode'.
src/extension/chatSessions/vscode-node/test/chatHistoryBuilder.spec.ts(1508,38): error TS2503: Cannot find namespace 'vscode'.
src/extension/chatSessions/vscode-node/test/chatSessionWorkspaceFolderService.spec.ts(21,34): error TS2503: Cannot find namespace 'vscode'.
src/extension/chatSessions/vscode-node/test/chatSessionWorkspaceFolderService.spec.ts(50,18): error TS4113: This member cannot have an 'override' modifier because it is not declared in the base class 'IVSCodeExtensionContext'.
src/extension/chatSessions/vscode-node/test/chatSessionWorkspaceFolderService.spec.ts(52,11): error TS4113: This member cannot have an 'override' modifier because it is not declared in the base class 'IVSCodeExtensionContext'.
src/extension/chatSessions/vscode-node/test/chatSessionWorkspaceFolderService.spec.ts(53,11): error TS4113: This member cannot have an 'override' modifier because it is not declared in the base class 'IVSCodeExtensionContext'.
src/extension/chatSessions/vscode-node/test/chatSessionWorkspaceFolderService.spec.ts(54,11): error TS4113: This member cannot have an 'override' modifier because it is not declared in the base class 'IVSCodeExtensionContext'.
src/extension/chatSessions/vscode-node/test/chatSessionWorkspaceFolderService.spec.ts(55,11): error TS4113: This member cannot have an 'override' modifier because it is not declared in the base class 'IVSCodeExtensionContext'.
src/extension/chatSessions/vscode-node/test/chatSessionWorkspaceFolderService.spec.ts(56,11): error TS4113: This member cannot have an 'override' modifier because it is not declared in the base class 'IVSCodeExtensionContext'.
src/extension/chatSessions/vscode-node/test/chatSessionWorkspaceFolderService.spec.ts(57,11): error TS4113: This member cannot have an 'override' modifier because it is not declared in the base class 'IVSCodeExtensionContext'.
src/extension/chatSessions/vscode-node/test/chatSessionWorkspaceFolderService.spec.ts(58,11): error TS4113: This member cannot have an 'override' modifier because it is not declared in the base class 'IVSCodeExtensionContext'.
src/extension/chatSessions/vscode-node/test/chatSessionWorkspaceFolderService.spec.ts(84,81): error TS2503: Cannot find namespace 'vscode'.
src/extension/chatSessions/vscode-node/test/claudeChatSessionContentProvider.spec.ts(8,1): error TS6133: 'vscode' is declared but its value is never read.
src/extension/chatSessions/vscode-node/test/claudeChatSessionContentProvider.spec.ts(43,38): error TS2503: Cannot find namespace 'vscode'.
src/extension/chatSessions/vscode-node/test/claudeChatSessionContentProvider.spec.ts(45,41): error TS2503: Cannot find namespace 'vscode'.
src/extension/chatSessions/vscode-node/test/claudeChatSessionContentProvider.spec.ts(45,62): error TS2503: Cannot find namespace 'vscode'.
src/extension/chatSessions/vscode-node/test/claudeChatSessionContentProvider.spec.ts(45,137): error TS2503: Cannot find namespace 'vscode'.
src/extension/chatSessions/vscode-node/test/claudeChatSessionContentProvider.spec.ts(47,35): error TS2503: Cannot find namespace 'vscode'.
src/extension/chatSessions/vscode-node/test/claudeChatSessionContentProvider.spec.ts(57,37): error TS2503: Cannot find namespace 'vscode'.
src/extension/chatSessions/vscode-node/test/claudeChatSessionContentProvider.spec.ts(65,18): error TS2503: Cannot find namespace 'vscode'.
src/extension/chatSessions/vscode-node/test/claudeChatSessionContentProvider.spec.ts(67,23): error TS2503: Cannot find namespace 'vscode'.
src/extension/chatSessions/vscode-node/test/claudeChatSessionContentProvider.spec.ts(75,27): error TS2503: Cannot find namespace 'vscode'.
src/extension/chatSessions/vscode-node/test/claudeChatSessionContentProvider.spec.ts(81,43): error TS2503: Cannot find namespace 'vscode'.
src/extension/chatSessions/vscode-node/test/claudeChatSessionContentProvider.spec.ts(83,19): error TS2503: Cannot find namespace 'vscode'.
src/extension/chatSessions/vscode-node/test/claudeChatSessionContentProvider.spec.ts(100,43): error TS2503: Cannot find namespace 'vscode'.
src/extension/chatSessions/vscode-node/test/claudeChatSessionContentProvider.spec.ts(155,14): error TS2503: Cannot find namespace 'vscode'.
src/extension/chatSessions/vscode-node/test/claudeChatSessionContentProvider.spec.ts(166,74): error TS2503: Cannot find namespace 'vscode'.
src/extension/chatSessions/vscode-node/test/claudeChatSessionContentProvider.spec.ts(186,83): error TS2503: Cannot find namespace 'vscode'.
src/extension/chatSessions/vscode-node/test/claudeChatSessionContentProvider.spec.ts(202,120): error TS2503: Cannot find namespace 'vscode'.
src/extension/chatSessions/vscode-node/test/claudeChatSessionContentProvider.spec.ts(203,16): error TS2503: Cannot find namespace 'vscode'.
src/extension/chatSessions/vscode-node/test/claudeChatSessionContentProvider.spec.ts(281,20): error TS2503: Cannot find namespace 'vscode'.
src/extension/chatSessions/vscode-node/test/claudeChatSessionContentProvider.spec.ts(282,23): error TS2503: Cannot find namespace 'vscode'.
src/extension/chatSessions/vscode-node/test/claudeChatSessionContentProvider.spec.ts(283,12): error TS2503: Cannot find namespace 'vscode'.
src/extension/chatSessions/vscode-node/test/claudeChatSessionContentProvider.spec.ts(289,73): error TS2503: Cannot find namespace 'vscode'.
src/extension/chatSessions/vscode-node/test/claudeChatSessionContentProvider.spec.ts(294,26): error TS2503: Cannot find namespace 'vscode'.
src/extension/chatSessions/vscode-node/test/claudeChatSessionContentProvider.spec.ts(294,74): error TS2503: Cannot find namespace 'vscode'.
src/extension/chatSessions/vscode-node/test/claudeChatSessionContentProvider.spec.ts(295,27): error TS7006: Parameter 'g' implicitly has an 'any' type.
src/extension/chatSessions/vscode-node/test/claudeChatSessionContentProvider.spec.ts(320,17): error TS2503: Cannot find namespace 'vscode'.
src/extension/chatSessions/vscode-node/test/claudeChatSessionContentProvider.spec.ts(331,7): error TS2503: Cannot find namespace 'vscode'.
src/extension/chatSessions/vscode-node/test/claudeChatSessionContentProvider.spec.ts(398,49): error TS7006: Parameter 'i' implicitly has an 'any' type.
src/extension/chatSessions/vscode-node/test/claudeChatSessionContentProvider.spec.ts(399,50): error TS7006: Parameter 'g' implicitly has an 'any' type.
src/extension/chatSessions/vscode-node/test/claudeChatSessionContentProvider.spec.ts(483,34): error TS7006: Parameter 'i' implicitly has an 'any' type.
src/extension/chatSessions/vscode-node/test/claudeChatSessionContentProvider.spec.ts(533,40): error TS7006: Parameter 'i' implicitly has an 'any' type.
src/extension/chatSessions/vscode-node/test/claudeChatSessionContentProvider.spec.ts(538,36): error TS7006: Parameter 'i' implicitly has an 'any' type.
src/extension/chatSessions/vscode-node/test/claudeChatSessionContentProvider.spec.ts(654,89): error TS2503: Cannot find namespace 'vscode'.
src/extension/chatSessions/vscode-node/test/claudeChatSessionContentProvider.spec.ts(666,9): error TS2503: Cannot find namespace 'vscode'.
src/extension/chatSessions/vscode-node/test/claudeChatSessionContentProvider.spec.ts(762,85): error TS2503: Cannot find namespace 'vscode'.
src/extension/chatSessions/vscode-node/test/claudeChatSessionContentProvider.spec.ts(782,9): error TS2503: Cannot find namespace 'vscode'.
src/extension/chatSessions/vscode-node/test/claudeChatSessionContentProvider.spec.ts(840,50): error TS2503: Cannot find namespace 'vscode'.
src/extension/chatSessions/vscode-node/test/claudeChatSessionContentProvider.spec.ts(852,9): error TS2503: Cannot find namespace 'vscode'.
src/extension/chatSessions/vscode-node/test/claudeChatSessionContentProvider.spec.ts(940,50): error TS2503: Cannot find namespace 'vscode'.
src/extension/chatSessions/vscode-node/test/claudeChatSessionContentProvider.spec.ts(952,9): error TS2503: Cannot find namespace 'vscode'.
src/extension/chatSessions/vscode-node/test/claudeChatSessionContentProvider.spec.ts(1031,37): error TS7006: Parameter 'i' implicitly has an 'any' type.
src/extension/chatSessions/vscode-node/test/claudeChatSessionContentProvider.spec.ts(1035,37): error TS7006: Parameter 'i' implicitly has an 'any' type.
src/extension/chatSessions/vscode-node/test/claudeChatSessionContentProvider.spec.ts(1039,37): error TS7006: Parameter 'i' implicitly has an 'any' type.
src/extension/chatSessions/vscode-node/test/claudeChatSessionContentProvider.spec.ts(1050,34): error TS7006: Parameter 'i' implicitly has an 'any' type.
src/extension/chatSessions/vscode-node/test/claudeChatSessionContentProvider.spec.ts(1056,34): error TS7006: Parameter 'i' implicitly has an 'any' type.
src/extension/chatSessions/vscode-node/test/claudeChatSessionContentProvider.spec.ts(1066,34): error TS7006: Parameter 'i' implicitly has an 'any' type.
src/extension/chatSessions/vscode-node/test/claudeChatSessionContentProvider.spec.ts(1084,34): error TS7006: Parameter 'i' implicitly has an 'any' type.
src/extension/chatSessions/vscode-node/test/claudeChatSessionContentProvider.spec.ts(1152,35): error TS7006: Parameter 'i' implicitly has an 'any' type.
src/extension/chatSessions/vscode-node/test/claudeChatSessionContentProvider.spec.ts(1165,35): error TS7006: Parameter 'i' implicitly has an 'any' type.
src/extension/chatSessions/vscode-node/test/claudeChatSessionContentProvider.spec.ts(1178,24): error TS2503: Cannot find namespace 'vscode'.
src/extension/chatSessions/vscode-node/test/claudeChatSessionContentProvider.spec.ts(1178,90): error TS7006: Parameter 'g' implicitly has an 'any' type.
src/extension/chatSessions/vscode-node/test/claudeChatSessionContentProvider.spec.ts(1182,26): error TS7006: Parameter 'i' implicitly has an 'any' type.
src/extension/chatSessions/vscode-node/test/claudeChatSessionContentProvider.spec.ts(1187,26): error TS2503: Cannot find namespace 'vscode'.
src/extension/chatSessions/vscode-node/test/claudeChatSessionContentProvider.spec.ts(1194,34): error TS7006: Parameter 'i' implicitly has an 'any' type.
src/extension/chatSessions/vscode-node/test/claudeChatSessionContentProvider.spec.ts(1199,37): error TS7006: Parameter 'i' implicitly has an 'any' type.
src/extension/chatSessions/vscode-node/test/claudeChatSessionContentProvider.spec.ts(1206,37): error TS7006: Parameter 'i' implicitly has an 'any' type.
src/extension/chatSessions/vscode-node/test/claudeChatSessionContentProvider.spec.ts(1291,37): error TS7006: Parameter 'c' implicitly has an 'any' type.
src/extension/chatSessions/vscode-node/test/claudeChatSessionContentProvider.spec.ts(1320,39): error TS2503: Cannot find namespace 'vscode'.
src/extension/chatSessions/vscode-node/test/claudeChatSessionContentProvider.spec.ts(1975,55): error TS2503: Cannot find namespace 'vscode'.
src/extension/chatSessions/vscode-node/test/claudeChatSessionContentProvider.spec.ts(1986,55): error TS2503: Cannot find namespace 'vscode'.
src/extension/chatSessions/vscode-node/test/claudeChatSessionContentProvider.spec.ts(1997,61): error TS2503: Cannot find namespace 'vscode'.
src/extension/chatSessions/vscode-node/test/claudeChatSessionContentProvider.spec.ts(2008,55): error TS2503: Cannot find namespace 'vscode'.
src/extension/chatSessions/vscode-node/test/claudeCustomizationProvider.spec.ts(21,45): error TS2503: Cannot find namespace 'vscode'.
src/extension/chatSessions/vscode-node/test/claudeCustomizationProvider.spec.ts(22,117): error TS2503: Cannot find namespace 'vscode'.
src/extension/chatSessions/vscode-node/test/claudeCustomizationProvider.spec.ts(25,45): error TS2503: Cannot find namespace 'vscode'.
src/extension/chatSessions/vscode-node/test/claudeCustomizationProvider.spec.ts(26,81): error TS2503: Cannot find namespace 'vscode'.
src/extension/chatSessions/vscode-node/test/claudeCustomizationProvider.spec.ts(141,87): error TS7006: Parameter 't' implicitly has an 'any' type.
src/extension/chatSessions/vscode-node/test/claudeSessionOptionBuilder.spec.ts(7,1): error TS6133: 'vscode' is declared but its value is never read.
src/extension/chatSessions/vscode-node/test/claudeSessionOptionBuilder.spec.ts(62,27): error TS7006: Parameter 'i' implicitly has an 'any' type.
src/extension/chatSessions/vscode-node/test/claudeSessionOptionBuilder.spec.ts(70,27): error TS7006: Parameter 'i' implicitly has an 'any' type.
src/extension/chatSessions/vscode-node/test/claudeSessionOptionBuilder.spec.ts(92,28): error TS7006: Parameter 'i' implicitly has an 'any' type.
src/extension/chatSessions/vscode-node/test/claudeSessionOptionBuilder.spec.ts(119,29): error TS7006: Parameter 'i' implicitly has an 'any' type.
src/extension/chatSessions/vscode-node/test/claudeSessionOptionBuilder.spec.ts(160,34): error TS7006: Parameter 'i' implicitly has an 'any' type.
src/extension/chatSessions/vscode-node/test/claudeSessionOptionBuilder.spec.ts(189,18): error TS2503: Cannot find namespace 'vscode'.
src/extension/chatSessions/vscode-node/test/claudeSessionOptionBuilder.spec.ts(203,18): error TS2503: Cannot find namespace 'vscode'.
src/extension/chatSessions/vscode-node/test/claudeWorkspaceFolderService.spec.ts(27,11): error TS4113: This member cannot have an 'override' modifier because it is not declared in the base class 'IVSCodeExtensionContext'.
src/extension/chatSessions/vscode-node/test/copilotCLIChatSessionParticipant.spec.ts(9,10): error TS2305: Module '"vscode"' has no exported member 'Uri'.
src/extension/chatSessions/vscode-node/test/copilotCLIChatSessionParticipant.spec.ts(128,53): error TS2503: Cannot find namespace 'vscode'.
src/extension/chatSessions/vscode-node/test/copilotCLIChatSessionParticipant.spec.ts(129,64): error TS2503: Cannot find namespace 'vscode'.
src/extension/chatSessions/vscode-node/test/copilotCLIChatSessionParticipant.spec.ts(139,80): error TS2503: Cannot find namespace 'vscode'.
src/extension/chatSessions/vscode-node/test/copilotCLIChatSessionParticipant.spec.ts(160,64): error TS2503: Cannot find namespace 'vscode'.
src/extension/chatSessions/vscode-node/test/copilotCLIChatSessionParticipant.spec.ts(173,67): error TS2503: Cannot find namespace 'vscode'.
src/extension/chatSessions/vscode-node/test/copilotCLIChatSessionParticipant.spec.ts(175,69): error TS2503: Cannot find namespace 'vscode'.
src/extension/chatSessions/vscode-node/test/copilotCLIChatSessionParticipant.spec.ts(206,42): error TS2503: Cannot find namespace 'vscode'.
src/extension/chatSessions/vscode-node/test/copilotCLIChatSessionParticipant.spec.ts(216,56): error TS2503: Cannot find namespace 'vscode'.
src/extension/chatSessions/vscode-node/test/copilotCLIChatSessionParticipant.spec.ts(219,46): error TS2503: Cannot find namespace 'vscode'.
src/extension/chatSessions/vscode-node/test/copilotCLIChatSessionParticipant.spec.ts(236,101): error TS2503: Cannot find namespace 'vscode'.
src/extension/chatSessions/vscode-node/test/copilotCLIChatSessionParticipant.spec.ts(245,52): error TS2503: Cannot find namespace 'vscode'.
src/extension/chatSessions/vscode-node/test/copilotCLIChatSessionParticipant.spec.ts(247,8): error TS2503: Cannot find namespace 'vscode'.
src/extension/chatSessions/vscode-node/test/copilotCLIChatSessionParticipant.spec.ts(248,7): error TS2503: Cannot find namespace 'vscode'.
src/extension/chatSessions/vscode-node/test/copilotCLIChatSessionParticipant.spec.ts(256,207): error TS2503: Cannot find namespace 'vscode'.
src/extension/chatSessions/vscode-node/test/copilotCLIChatSessionParticipant.spec.ts(259,81): error TS2503: Cannot find namespace 'vscode'.
src/extension/chatSessions/vscode-node/test/copilotCLIChatSessionParticipant.spec.ts(259,132): error TS2503: Cannot find namespace 'vscode'.
src/extension/chatSessions/vscode-node/test/copilotCLIChatSessionParticipant.spec.ts(260,33): error TS2503: Cannot find namespace 'vscode'.
src/extension/chatSessions/vscode-node/test/copilotCLIChatSessionParticipant.spec.ts(262,25): error TS2503: Cannot find namespace 'vscode'.
src/extension/chatSessions/vscode-node/test/copilotCLIChatSessionParticipant.spec.ts(265,69): error TS2503: Cannot find namespace 'vscode'.
src/extension/chatSessions/vscode-node/test/copilotCLIChatSessionParticipant.spec.ts(265,120): error TS2503: Cannot find namespace 'vscode'.
src/extension/chatSessions/vscode-node/test/copilotCLIChatSessionParticipant.spec.ts(265,314): error TS2503: Cannot find namespace 'vscode'.
src/extension/chatSessions/vscode-node/test/copilotCLIChatSessionParticipant.spec.ts(283,48): error TS2503: Cannot find namespace 'vscode'.
src/extension/chatSessions/vscode-node/test/copilotCLIChatSessionParticipant.spec.ts(286,67): error TS2503: Cannot find namespace 'vscode'.
src/extension/chatSessions/vscode-node/test/copilotCLIChatSessionParticipant.spec.ts(290,57): error TS2503: Cannot find namespace 'vscode'.
src/extension/chatSessions/vscode-node/test/copilotCLIChatSessionParticipant.spec.ts(351,51): error TS2503: Cannot find namespace 'vscode'.
src/extension/chatSessions/vscode-node/test/copilotCLIChatSessionParticipant.spec.ts(351,122): error TS2503: Cannot find namespace 'vscode'.
src/extension/chatSessions/vscode-node/test/copilotCLIChatSessionParticipant.spec.ts(351,233): error TS2503: Cannot find namespace 'vscode'.
src/extension/chatSessions/vscode-node/test/copilotCLIChatSessionParticipant.spec.ts(365,42): error TS2503: Cannot find namespace 'vscode'.
src/extension/chatSessions/vscode-node/test/copilotCLIChatSessionParticipant.spec.ts(384,38): error TS2503: Cannot find namespace 'vscode'.
src/extension/chatSessions/vscode-node/test/copilotCLIChatSessionParticipant.spec.ts(384,65): error TS2503: Cannot find namespace 'vscode'.
src/extension/chatSessions/vscode-node/test/copilotCLIChatSessionParticipant.spec.ts(391,68): error TS2503: Cannot find namespace 'vscode'.
src/extension/chatSessions/vscode-node/test/copilotCLIChatSessionParticipant.spec.ts(391,108): error TS2503: Cannot find namespace 'vscode'.
src/extension/chatSessions/vscode-node/test/copilotCLIChatSessionParticipant.spec.ts(419,60): error TS2503: Cannot find namespace 'vscode'.
src/extension/chatSessions/vscode-node/test/copilotCLIChatSessionParticipant.spec.ts(419,132): error TS2503: Cannot find namespace 'vscode'.
src/extension/chatSessions/vscode-node/test/copilotCLIChatSessionParticipant.spec.ts(673,67): error TS2503: Cannot find namespace 'vscode'.
src/extension/chatSessions/vscode-node/test/copilotCLIChatSessionParticipant.spec.ts(865,138): error TS2503: Cannot find namespace 'vscode'.
src/extension/chatSessions/vscode-node/test/copilotCLIChatSessionParticipant.spec.ts(865,179): error TS2503: Cannot find namespace 'vscode'.
src/extension/chatSessions/vscode-node/test/copilotCLIChatSessionParticipant.spec.ts(900,40): error TS2503: Cannot find namespace 'vscode'.
src/extension/chatSessions/vscode-node/test/copilotCLIChatSessionParticipant.spec.ts(900,68): error TS2503: Cannot find namespace 'vscode'.
src/extension/chatSessions/vscode-node/test/copilotCLIChatSessionParticipant.spec.ts(976,56): error TS2503: Cannot find namespace 'vscode'.
src/extension/chatSessions/vscode-node/test/copilotCLIChatSessionParticipant.spec.ts(995,56): error TS2503: Cannot find namespace 'vscode'.
src/extension/chatSessions/vscode-node/test/copilotCLIChatSessionParticipant.spec.ts(1034,91): error TS2503: Cannot find namespace 'vscode'.
src/extension/chatSessions/vscode-node/test/copilotCLIChatSessionParticipant.spec.ts(1963,67): error TS2503: Cannot find namespace 'vscode'.
src/extension/chatSessions/vscode-node/test/copilotCLIChatSessionParticipant.spec.ts(1981,57): error TS2503: Cannot find namespace 'vscode'.
src/extension/chatSessions/vscode-node/test/copilotCLIChatSessionParticipant.spec.ts(2016,57): error TS2503: Cannot find namespace 'vscode'.
src/extension/chatSessions/vscode-node/test/copilotCLIChatSessionParticipant.spec.ts(2054,40): error TS2503: Cannot find namespace 'vscode'.
src/extension/chatSessions/vscode-node/test/copilotCLIChatSessionParticipant.spec.ts(2054,68): error TS2503: Cannot find namespace 'vscode'.
src/extension/chatSessions/vscode-node/test/copilotCLIChatSessions.spec.ts(7,1): error TS6133: 'vscode' is declared but its value is never read.
src/extension/chatSessions/vscode-node/test/copilotCLIChatSessions.spec.ts(55,38): error TS2503: Cannot find namespace 'vscode'.
src/extension/chatSessions/vscode-node/test/copilotCLIChatSessions.spec.ts(55,66): error TS2503: Cannot find namespace 'vscode'.
src/extension/chatSessions/vscode-node/test/copilotCLIChatSessions.spec.ts(99,69): error TS2503: Cannot find namespace 'vscode'.
src/extension/chatSessions/vscode-node/test/copilotCLIChatSessions.spec.ts(416,20): error TS2503: Cannot find namespace 'vscode'.
src/extension/chatSessions/vscode-node/test/copilotCLIChatSessions.spec.ts(424,20): error TS2503: Cannot find namespace 'vscode'.
src/extension/chatSessions/vscode-node/test/copilotCLIChatSessions.spec.ts(425,10): error TS2503: Cannot find namespace 'vscode'.
src/extension/chatSessions/vscode-node/test/copilotCLIChatSessions.spec.ts(465,26): error TS2503: Cannot find namespace 'vscode'.
src/extension/chatSessions/vscode-node/test/copilotCLIChatSessions.spec.ts(466,31): error TS2503: Cannot find namespace 'vscode'.
src/extension/chatSessions/vscode-node/test/copilotCLIChatSessions.spec.ts(480,26): error TS2503: Cannot find namespace 'vscode'.
src/extension/chatSessions/vscode-node/test/copilotCLITerminalIntegration.spec.ts(7,15): error TS2305: Module '"vscode"' has no exported member 'Terminal'.
src/extension/chatSessions/vscode-node/test/copilotCLITerminalIntegration.spec.ts(7,25): error TS2305: Module '"vscode"' has no exported member 'TerminalOptions'.
src/extension/chatSessions/vscode-node/test/copilotCLITerminalLinkProvider.spec.ts(7,15): error TS2305: Module '"vscode"' has no exported member 'CancellationToken'.
src/extension/chatSessions/vscode-node/test/copilotCLITerminalLinkProvider.spec.ts(7,34): error TS2305: Module '"vscode"' has no exported member 'Terminal'.
src/extension/chatSessions/vscode-node/test/copilotCLITerminalLinkProvider.spec.ts(7,44): error TS2305: Module '"vscode"' has no exported member 'TerminalLinkContext'.
src/extension/chatSessions/vscode-node/test/copilotCLITerminalLinkProvider.spec.ts(7,65): error TS2305: Module '"vscode"' has no exported member 'Uri'.
src/extension/chatSessions/vscode-node/test/folderRepositoryManager.spec.ts(35,58): error TS2503: Cannot find namespace 'vscode'.
src/extension/chatSessions/vscode-node/test/folderRepositoryManager.spec.ts(35,80): error TS2503: Cannot find namespace 'vscode'.
src/extension/chatSessions/vscode-node/test/folderRepositoryManager.spec.ts(39,68): error TS2503: Cannot find namespace 'vscode'.
src/extension/chatSessions/vscode-node/test/folderRepositoryManager.spec.ts(50,70): error TS2503: Cannot find namespace 'vscode'.
src/extension/chatSessions/vscode-node/test/folderRepositoryManager.spec.ts(64,53): error TS2503: Cannot find namespace 'vscode'.
src/extension/chatSessions/vscode-node/test/folderRepositoryManager.spec.ts(65,64): error TS2503: Cannot find namespace 'vscode'.
src/extension/chatSessions/vscode-node/test/folderRepositoryManager.spec.ts(78,80): error TS2503: Cannot find namespace 'vscode'.
src/extension/chatSessions/vscode-node/test/folderRepositoryManager.spec.ts(104,59): error TS2503: Cannot find namespace 'vscode'.
src/extension/chatSessions/vscode-node/test/folderRepositoryManager.spec.ts(108,64): error TS2503: Cannot find namespace 'vscode'.
src/extension/chatSessions/vscode-node/test/folderRepositoryManager.spec.ts(120,48): error TS2503: Cannot find namespace 'vscode'.
src/extension/chatSessions/vscode-node/test/folderRepositoryManager.spec.ts(122,67): error TS2503: Cannot find namespace 'vscode'.
src/extension/chatSessions/vscode-node/test/folderRepositoryManager.spec.ts(126,57): error TS2503: Cannot find namespace 'vscode'.
src/extension/chatSessions/vscode-node/test/folderRepositoryManager.spec.ts(136,42): error TS2503: Cannot find namespace 'vscode'.
src/extension/chatSessions/vscode-node/test/folderRepositoryManager.spec.ts(145,36): error TS2503: Cannot find namespace 'vscode'.
src/extension/chatSessions/vscode-node/test/folderRepositoryManager.spec.ts(149,56): error TS2503: Cannot find namespace 'vscode'.
src/extension/chatSessions/vscode-node/test/folderRepositoryManager.spec.ts(153,25): error TS2503: Cannot find namespace 'vscode'.
src/extension/chatSessions/vscode-node/test/folderRepositoryManager.spec.ts(157,46): error TS2503: Cannot find namespace 'vscode'.
src/extension/chatSessions/vscode-node/test/folderRepositoryManager.spec.ts(199,24): error TS2503: Cannot find namespace 'vscode'.
src/extension/chatSessions/vscode-node/test/folderRepositoryManager.spec.ts(202,23): error TS2503: Cannot find namespace 'vscode'.
src/extension/chatSessions/vscode-node/test/folderRepositoryManager.spec.ts(206,54): error TS2503: Cannot find namespace 'vscode'.
src/extension/chatSessions/vscode-node/test/folderRepositoryManager.spec.ts(217,52): error TS2503: Cannot find namespace 'vscode'.
src/extension/chatSessions/vscode-node/test/folderRepositoryManager.spec.ts(219,11): error TS2503: Cannot find namespace 'vscode'.
src/extension/chatSessions/vscode-node/test/folderRepositoryManager.spec.ts(220,15): error TS2503: Cannot find namespace 'vscode'.
src/extension/chatSessions/vscode-node/test/folderRepositoryManager.spec.ts(222,13): error TS2503: Cannot find namespace 'vscode'.
src/extension/chatSessions/vscode-node/test/folderRepositoryManager.spec.ts(227,70): error TS2503: Cannot find namespace 'vscode'.
src/extension/chatSessions/vscode-node/test/folderRepositoryManager.spec.ts(236,45): error TS2503: Cannot find namespace 'vscode'.
src/extension/chatSessions/vscode-node/test/folderRepositoryManager.spec.ts(237,11): error TS2503: Cannot find namespace 'vscode'.
src/extension/chatSessions/vscode-node/test/folderRepositoryManager.spec.ts(245,23): error TS2503: Cannot find namespace 'vscode'.
src/extension/chatSessions/vscode-node/test/folderRepositoryManager.spec.ts(245,71): error TS2503: Cannot find namespace 'vscode'.
src/extension/chatSessions/vscode-node/test/folderRepositoryManager.spec.ts(246,11): error TS2503: Cannot find namespace 'vscode'.
src/extension/chatSessions/vscode-node/test/folderRepositoryManager.spec.ts(268,12): error TS2503: Cannot find namespace 'vscode'.
src/extension/chatSessions/vscode-node/test/folderRepositoryManager.spec.ts(269,11): error TS2503: Cannot find namespace 'vscode'.
src/extension/chatSessions/vscode-node/test/folderRepositoryManager.spec.ts(275,11): error TS2503: Cannot find namespace 'vscode'.
src/extension/chatSessions/vscode-node/test/folderRepositoryManager.spec.ts(276,15): error TS2503: Cannot find namespace 'vscode'.
src/extension/chatSessions/vscode-node/test/folderRepositoryManager.spec.ts(278,13): error TS2503: Cannot find namespace 'vscode'.
src/extension/chatSessions/vscode-node/test/folderRepositoryManager.spec.ts(468,41): error TS2503: Cannot find namespace 'vscode'.
src/extension/chatSessions/vscode-node/test/folderRepositoryManager.spec.ts(569,41): error TS2503: Cannot find namespace 'vscode'.
src/extension/chatSessions/vscode-node/test/folderRepositoryManager.spec.ts(739,41): error TS2503: Cannot find namespace 'vscode'.
src/extension/chatSessions/vscode-node/test/folderRepositoryManager.spec.ts(989,41): error TS2503: Cannot find namespace 'vscode'.
src/extension/chatSessions/vscode-node/test/sessionOptionGroupBuilder.spec.ts(7,1): error TS6133: 'vscode' is declared but its value is never read.
src/extension/chatSessions/vscode-node/test/sessionOptionGroupBuilder.spec.ts(107,59): error TS2503: Cannot find namespace 'vscode'.
src/extension/chatSessions/vscode-node/test/sessionOptionGroupBuilder.spec.ts(107,101): error TS2503: Cannot find namespace 'vscode'.
src/extension/chatSessions/vscode-node/test/sessionOptionGroupBuilder.spec.ts(122,18): error TS2503: Cannot find namespace 'vscode'.
src/extension/chatSessions/vscode-node/test/sessionOptionGroupBuilder.spec.ts(133,18): error TS2503: Cannot find namespace 'vscode'.
src/extension/chatSessions/vscode-node/test/sessionOptionGroupBuilder.spec.ts(748,19): error TS2339: Property 'globalState' does not exist on type 'IVSCodeExtensionContext'.
src/extension/chatSessions/vscode-node/test/sessionOptionGroupBuilder.spec.ts(866,51): error TS7006: Parameter 'i' implicitly has an 'any' type.
src/extension/chatSessions/vscode-node/test/sessionOptionGroupBuilder.spec.ts(891,33): error TS7006: Parameter 'i' implicitly has an 'any' type.
src/extension/chatSessions/vscode-node/test/sessionOptionGroupBuilder.spec.ts(893,35): error TS7006: Parameter 'i' implicitly has an 'any' type.
src/extension/chatSessions/vscode-node/test/sessionOptionGroupBuilder.spec.ts(974,43): error TS7006: Parameter 'g' implicitly has an 'any' type.
src/extension/chatSessions/vscode-node/test/sessionOptionGroupBuilder.spec.ts(1001,43): error TS7006: Parameter 'g' implicitly has an 'any' type.
src/extension/chatSessions/vscode-node/test/sessionOptionGroupBuilder.spec.ts(1017,30): error TS7006: Parameter 'g' implicitly has an 'any' type.
src/extension/chatSessions/vscode-node/test/sessionOptionGroupBuilder.spec.ts(1033,20): error TS2339: Property 'globalState' does not exist on type 'IVSCodeExtensionContext'.
src/extension/chatSessions/vscode-node/test/sessionOptionGroupBuilder.spec.ts(1062,46): error TS7006: Parameter 'g' implicitly has an 'any' type.
src/extension/chatSessions/vscode-node/test/sessionOptionGroupBuilder.spec.ts(1093,46): error TS7006: Parameter 'g' implicitly has an 'any' type.
src/extension/chatSessions/vscode-node/test/sessionOptionGroupBuilder.spec.ts(1095,40): error TS7006: Parameter 'i' implicitly has an 'any' type.
src/extension/chatSessions/vscode-node/test/sessionOptionGroupBuilder.spec.ts(1264,41): error TS7006: Parameter 'g' implicitly has an 'any' type.
src/extension/chatSessions/vscode-node/test/sessionOptionGroupBuilder.spec.ts(1296,30): error TS7006: Parameter 'g' implicitly has an 'any' type.
src/extension/chatSessions/vscode-node/test/sessionOptionGroupBuilder.spec.ts(1319,43): error TS7006: Parameter 'g' implicitly has an 'any' type.
src/extension/chatSessions/vscode-node/test/sessionOptionGroupBuilder.spec.ts(1340,84): error TS7006: Parameter 'i' implicitly has an 'any' type.
src/extension/chatSessions/vscode-node/test/sessionOptionGroupBuilder.spec.ts(1354,44): error TS7006: Parameter 'g' implicitly has an 'any' type.
src/extension/chatSessions/vscode-node/test/sessionOptionGroupBuilder.spec.ts(1382,49): error TS7006: Parameter 'g' implicitly has an 'any' type.
src/extension/chatSessions/vscode-node/test/sessionOptionGroupBuilder.spec.ts(1403,49): error TS7006: Parameter 'g' implicitly has an 'any' type.
src/extension/chatSessions/vscode-node/test/sessionOptionGroupBuilder.spec.ts(1404,64): error TS7006: Parameter 'i' implicitly has an 'any' type.
src/extension/chatSessions/vscode-node/test/sessionOptionGroupBuilder.spec.ts(1424,43): error TS7006: Parameter 'g' implicitly has an 'any' type.
src/extension/chatSessions/vscode-node/test/sessionOptionGroupBuilder.spec.ts(1429,46): error TS7006: Parameter 'g' implicitly has an 'any' type.
src/extension/chatSessions/vscode-node/test/sessionOptionGroupBuilder.spec.ts(1452,43): error TS7006: Parameter 'g' implicitly has an 'any' type.
src/extension/chatSessions/vscode-node/test/sessionOptionGroupBuilder.spec.ts(1471,46): error TS7006: Parameter 'g' implicitly has an 'any' type.
src/extension/chatSessions/vscode-node/test/sessionOptionGroupBuilder.spec.ts(1477,30): error TS7006: Parameter 'g' implicitly has an 'any' type.
src/extension/chatSessions/vscode-node/test/sessionOptionGroupBuilder.spec.ts(1501,42): error TS7006: Parameter 'g' implicitly has an 'any' type.
src/extension/chatSessions/vscode-node/test/sessionOptionGroupBuilder.spec.ts(1502,35): error TS7006: Parameter 'i' implicitly has an 'any' type.
src/extension/chatSessions/vscode-node/test/sessionOptionGroupBuilder.spec.ts(1507,42): error TS7006: Parameter 'g' implicitly has an 'any' type.
src/extension/chatSessions/vscode-node/test/sessionOptionGroupBuilder.spec.ts(1508,35): error TS7006: Parameter 'i' implicitly has an 'any' type.
src/extension/chatSessions/vscode-node/test/sessionOptionGroupBuilder.spec.ts(1525,47): error TS7006: Parameter 'g' implicitly has an 'any' type.
src/extension/chatSessions/vscode-node/test/sessionOptionGroupBuilder.spec.ts(1526,40): error TS7006: Parameter 'i' implicitly has an 'any' type.
src/extension/chatSessions/vscode-node/test/sessionOptionGroupBuilder.spec.ts(1555,29): error TS7006: Parameter 'g' implicitly has an 'any' type.
src/extension/chatSessions/vscode-node/test/sessionOptionGroupBuilder.spec.ts(1556,29): error TS7006: Parameter 'g' implicitly has an 'any' type.
src/extension/chatSessions/vscode-node/test/sessionOptionGroupBuilder.spec.ts(1589,19): error TS2339: Property 'globalState' does not exist on type 'IVSCodeExtensionContext'.
src/extension/chatSessions/vscode-node/test/sessionOptionGroupBuilder.spec.ts(1595,44): error TS7006: Parameter 'g' implicitly has an 'any' type.
src/extension/chatSessions/vscode-node/test/sessionOptionGroupBuilder.spec.ts(1601,43): error TS7006: Parameter 'g' implicitly has an 'any' type.
src/extension/chatSessions/vscode-node/test/sessionOptionGroupBuilder.spec.ts(1623,30): error TS7006: Parameter 'g' implicitly has an 'any' type.
src/extension/chatSessions/vscode-node/test/sessionOptionGroupBuilder.spec.ts(1638,47): error TS7006: Parameter 'g' implicitly has an 'any' type.
src/extension/chatSessions/vscode-node/test/sessionOptionGroupBuilder.spec.ts(1643,46): error TS7006: Parameter 'g' implicitly has an 'any' type.
src/extension/chatSessions/vscode-node/test/sessionOptionGroupBuilder.spec.ts(1647,43): error TS7006: Parameter 'g' implicitly has an 'any' type.
src/extension/chatSessions/vscode-node/test/sessionRequestLifecycle.spec.ts(7,1): error TS6133: 'vscode' is declared but its value is never read.
src/extension/chatSessions/vscode-node/test/sessionRequestLifecycle.spec.ts(57,45): error TS2503: Cannot find namespace 'vscode'.
src/extension/chatSessions/vscode-node/test/sessionRequestLifecycle.spec.ts(58,30): error TS2503: Cannot find namespace 'vscode'.
src/extension/chatSessions/vscode-node/test/sessionRequestLifecycle.spec.ts(65,49): error TS2503: Cannot find namespace 'vscode'.
src/extension/chatSessions/vscode-node/test/sessionRequestLifecycle.spec.ts(79,49): error TS2503: Cannot find namespace 'vscode'.
src/extension/chatSessions/vscode-node/test/sessionRequestLifecycle.spec.ts(80,48): error TS2503: Cannot find namespace 'vscode'.
src/extension/chatSessions/vscode-node/test/sessionRequestLifecycle.spec.ts(82,50): error TS2503: Cannot find namespace 'vscode'.
src/extension/chatSessions/vscode-node/test/sessionRequestLifecycle.spec.ts(96,49): error TS2503: Cannot find namespace 'vscode'.
src/extension/chatSessions/vscode-node/test/sessionRequestLifecycle.spec.ts(97,96): error TS2503: Cannot find namespace 'vscode'.
src/extension/chatSessions/vscode-node/test/sessionRequestLifecycle.spec.ts(102,48): error TS2503: Cannot find namespace 'vscode'.
src/extension/chatSessions/vscode-node/test/sessionRequestLifecycle.spec.ts(113,47): error TS2503: Cannot find namespace 'vscode'.
src/extension/chatSessions/vscode-node/test/sessionRequestLifecycle.spec.ts(114,49): error TS2503: Cannot find namespace 'vscode'.
src/extension/chatSessions/vscode/chatSessionsUriHandler.ts(41,32): error TS2503: Cannot find namespace 'vscode'.
src/extension/chatSessions/vscode/chatSessionsUriHandler.ts(41,72): error TS2503: Cannot find namespace 'vscode'.
src/extension/chatSessions/vscode/chatSessionsUriHandler.ts(56,23): error TS2503: Cannot find namespace 'vscode'.
src/extension/chatSessions/vscode/chatSessionsUriHandler.ts(89,35): error TS2339: Property 'globalState' does not exist on type 'IVSCodeExtensionContext'.
src/extension/chatSessions/vscode/chatSessionsUriHandler.ts(115,33): error TS2339: Property 'globalState' does not exist on type 'IVSCodeExtensionContext'.
src/extension/chatSessions/vscode/chatSessionsUriHandler.ts(116,73): error TS2339: Property 'globalStorageUri' does not exist on type 'IVSCodeExtensionContext'.
src/extension/chatSessions/vscode/chatSessionsUriHandler.ts(124,28): error TS2503: Cannot find namespace 'vscode'.
src/extension/chatSessions/vscode/chatSessionsUriHandler.ts(126,22): error TS2503: Cannot find namespace 'vscode'.
src/extension/chatSessions/vscode/chatSessionsUriHandler.ts(128,29): error TS2503: Cannot find namespace 'vscode'.
src/extension/chatSessions/vscode/chatSessionsUriHandler.ts(128,60): error TS2503: Cannot find namespace 'vscode'.
src/extension/chatSessions/vscode/chatSessionsUriHandler.ts(133,26): error TS2503: Cannot find namespace 'vscode'.
src/extension/chatSessions/vscode/chatSessionsUriHandler.ts(133,57): error TS2503: Cannot find namespace 'vscode'.
src/extension/chatSessions/vscode/chatSessionsUriHandler.ts(139,19): error TS2503: Cannot find namespace 'vscode'.
src/extension/chatSessions/vscode/chatSessionsUriHandler.ts(139,50): error TS2503: Cannot find namespace 'vscode'.
src/extension/chatSessions/vscode/chatSessionsUriHandler.ts(184,27): error TS2503: Cannot find namespace 'vscode'.
src/extension/chatSessions/vscode/chatSessionsUriHandler.ts(246,32): error TS2339: Property 'globalState' does not exist on type 'IVSCodeExtensionContext'.
src/extension/chatSessions/vscode/copilotCodingAgentUtils.ts(106,34): error TS2503: Cannot find namespace 'vscode'.
src/extension/chatSessions/vscode/copilotCodingAgentUtils.ts(117,51): error TS2503: Cannot find namespace 'vscode'.
src/extension/chatSessions/vscode/copilotCodingAgentUtils.ts(126,13): error TS2503: Cannot find namespace 'vscode'.
src/extension/chronicle/vscode-node/remoteSessionExporter.ts(213,72): error TS2339: Property 'globalStorageUri' does not exist on type 'IVSCodeExtensionContext'.
src/extension/chronicle/vscode-node/remoteSessionExporter.ts(240,135): error TS2503: Cannot find namespace 'vscode'.
src/extension/chronicle/vscode-node/remoteSessionExporter.ts(253,72): error TS7006: Parameter 'e' implicitly has an 'any' type.
src/extension/chronicle/vscode-node/remoteSessionExporter.ts(334,10): error TS7006: Parameter 'choice' implicitly has an 'any' type.
src/extension/chronicle/vscode-node/remoteSessionExporter.ts(354,11): error TS7006: Parameter 'progress' implicitly has an 'any' type.
src/extension/chronicle/vscode-node/remoteSessionExporter.ts(354,21): error TS7006: Parameter 'token' implicitly has an 'any' type.
src/extension/chronicle/vscode-node/remoteSessionExporter.ts(396,31): error TS2503: Cannot find namespace 'vscode'.
src/extension/chronicle/vscode-node/remoteSessionExporter.ts(474,29): error TS2503: Cannot find namespace 'vscode'.
src/extension/chronicle/vscode-node/remoteSessionExporter.ts(634,10): error TS2503: Cannot find namespace 'vscode'.
src/extension/chronicle/vscode-node/sessionSyncStatus.ts(25,32): error TS2503: Cannot find namespace 'vscode'.
src/extension/chronicle/vscode-node/sessionSyncStatus.ts(41,60): error TS7006: Parameter 'e' implicitly has an 'any' type.
src/extension/codeBlocks/node/codeBlockProcessor.ts(6,15): error TS2305: Module '"vscode"' has no exported member 'ChatQuestion'.
src/extension/codeBlocks/node/codeBlockProcessor.ts(6,29): error TS2305: Module '"vscode"' has no exported member 'ChatResponseClearToPreviousToolInvocationReason'.
src/extension/codeBlocks/node/codeBlockProcessor.ts(6,78): error TS2305: Module '"vscode"' has no exported member 'ChatResponsePart'.
src/extension/codeBlocks/node/codeBlockProcessor.ts(6,96): error TS2305: Module '"vscode"' has no exported member 'ChatResponseStream'.
src/extension/codeBlocks/node/codeBlockProcessor.ts(6,116): error TS2305: Module '"vscode"' has no exported member 'ChatVulnerability'.
src/extension/codeBlocks/node/codeBlockProcessor.ts(6,135): error TS2305: Module '"vscode"' has no exported member 'ThinkingDelta'.
src/extension/codeBlocks/node/codeBlockProcessor.ts(6,150): error TS2305: Module '"vscode"' has no exported member 'Uri'.
src/extension/codeBlocks/node/test/codeBlockProcessor.spec.ts(8,15): error TS2305: Module '"vscode"' has no exported member 'ChatVulnerability'.
src/extension/codeBlocks/vscode-node/chatBlockLanguageFeatures.contribution.ts(6,10): error TS2305: Module '"vscode"' has no exported member 'Disposable'.
src/extension/codeBlocks/vscode-node/provider.ts(49,48): error TS2503: Cannot find namespace 'vscode'.
src/extension/codeBlocks/vscode-node/provider.ts(49,75): error TS2503: Cannot find namespace 'vscode'.
src/extension/codeBlocks/vscode-node/provider.ts(49,106): error TS2503: Cannot find namespace 'vscode'.
src/extension/codeBlocks/vscode-node/provider.ts(49,137): error TS2503: Cannot find namespace 'vscode'.
src/extension/codeBlocks/vscode-node/provider.ts(56,36): error TS2503: Cannot find namespace 'vscode'.
src/extension/codeBlocks/vscode-node/provider.ts(56,67): error TS2503: Cannot find namespace 'vscode'.
src/extension/codeBlocks/vscode-node/provider.ts(56,91): error TS2503: Cannot find namespace 'vscode'.
src/extension/codeBlocks/vscode-node/provider.ts(56,126): error TS2503: Cannot find namespace 'vscode'.
src/extension/codeBlocks/vscode-node/provider.ts(60,40): error TS2503: Cannot find namespace 'vscode'.
src/extension/codeBlocks/vscode-node/provider.ts(60,71): error TS2503: Cannot find namespace 'vscode'.
src/extension/codeBlocks/vscode-node/provider.ts(60,95): error TS2503: Cannot find namespace 'vscode'.
src/extension/codeBlocks/vscode-node/provider.ts(60,130): error TS2503: Cannot find namespace 'vscode'.
src/extension/codeBlocks/vscode-node/provider.ts(64,40): error TS2503: Cannot find namespace 'vscode'.
src/extension/codeBlocks/vscode-node/provider.ts(64,71): error TS2503: Cannot find namespace 'vscode'.
src/extension/codeBlocks/vscode-node/provider.ts(64,95): error TS2503: Cannot find namespace 'vscode'.
src/extension/codeBlocks/vscode-node/provider.ts(64,130): error TS2503: Cannot find namespace 'vscode'.
src/extension/codeBlocks/vscode-node/provider.ts(68,31): error TS2503: Cannot find namespace 'vscode'.
src/extension/codeBlocks/vscode-node/provider.ts(68,62): error TS2503: Cannot find namespace 'vscode'.
src/extension/codeBlocks/vscode-node/provider.ts(68,86): error TS2503: Cannot find namespace 'vscode'.
src/extension/codeBlocks/vscode-node/provider.ts(68,121): error TS2503: Cannot find namespace 'vscode'.
src/extension/codeBlocks/vscode-node/provider.ts(97,46): error TS2503: Cannot find namespace 'vscode'.
src/extension/codeBlocks/vscode-node/provider.ts(97,72): error TS2503: Cannot find namespace 'vscode'.
src/extension/codeBlocks/vscode-node/provider.ts(98,41): error TS2503: Cannot find namespace 'vscode'.
src/extension/codeBlocks/vscode-node/provider.ts(101,40): error TS2503: Cannot find namespace 'vscode'.
src/extension/codeBlocks/vscode-node/provider.ts(101,57): error TS2503: Cannot find namespace 'vscode'.
src/extension/codeBlocks/vscode-node/provider.ts(107,53): error TS2503: Cannot find namespace 'vscode'.
src/extension/codeBlocks/vscode-node/provider.ts(107,70): error TS2503: Cannot find namespace 'vscode'.
src/extension/codeBlocks/vscode-node/provider.ts(109,31): error TS7006: Parameter 'entry' implicitly has an 'any' type.
src/extension/codeBlocks/vscode-node/provider.ts(130,48): error TS2503: Cannot find namespace 'vscode'.
src/extension/codeBlocks/vscode-node/provider.ts(130,79): error TS2503: Cannot find namespace 'vscode'.
src/extension/codeBlocks/vscode-node/provider.ts(130,103): error TS2503: Cannot find namespace 'vscode'.
src/extension/codeBlocks/vscode-node/provider.ts(130,138): error TS2503: Cannot find namespace 'vscode'.
src/extension/codeBlocks/vscode-node/provider.ts(163,67): error TS2503: Cannot find namespace 'vscode'.
src/extension/codeBlocks/vscode-node/provider.ts(163,98): error TS2503: Cannot find namespace 'vscode'.
src/extension/codeBlocks/vscode-node/provider.ts(163,124): error TS2503: Cannot find namespace 'vscode'.
src/extension/codeBlocks/vscode-node/provider.ts(165,32): error TS2503: Cannot find namespace 'vscode'.
src/extension/codeBlocks/vscode-node/provider.ts(177,50): error TS2503: Cannot find namespace 'vscode'.
src/extension/codeBlocks/vscode-node/provider.ts(177,72): error TS2503: Cannot find namespace 'vscode'.
src/extension/codeBlocks/vscode-node/provider.ts(177,104): error TS2503: Cannot find namespace 'vscode'.
src/extension/codeBlocks/vscode-node/provider.ts(177,122): error TS2503: Cannot find namespace 'vscode'.
src/extension/codeBlocks/vscode-node/provider.ts(178,47): error TS2503: Cannot find namespace 'vscode'.
src/extension/codeBlocks/vscode-node/provider.ts(178,65): error TS2503: Cannot find namespace 'vscode'.
src/extension/codeBlocks/vscode-node/provider.ts(181,71): error TS2503: Cannot find namespace 'vscode'.
src/extension/codeBlocks/vscode-node/provider.ts(181,102): error TS2503: Cannot find namespace 'vscode'.
src/extension/codeBlocks/vscode-node/provider.ts(181,126): error TS2503: Cannot find namespace 'vscode'.
src/extension/codeBlocks/vscode-node/provider.ts(181,167): error TS2503: Cannot find namespace 'vscode'.
src/extension/codeBlocks/vscode-node/provider.ts(194,33): error TS2503: Cannot find namespace 'vscode'.
src/extension/codeBlocks/vscode-node/provider.ts(216,47): error TS2503: Cannot find namespace 'vscode'.
src/extension/codeBlocks/vscode-node/provider.ts(216,78): error TS2503: Cannot find namespace 'vscode'.
src/extension/codeBlocks/vscode-node/provider.ts(216,102): error TS2503: Cannot find namespace 'vscode'.
src/extension/codeBlocks/vscode-node/provider.ts(216,150): error TS2503: Cannot find namespace 'vscode'.
src/extension/codeBlocks/vscode-node/provider.ts(216,177): error TS2503: Cannot find namespace 'vscode'.
src/extension/codeBlocks/vscode-node/provider.ts(232,34): error TS2503: Cannot find namespace 'vscode'.
src/extension/codeBlocks/vscode-node/provider.ts(258,38): error TS2503: Cannot find namespace 'vscode'.
src/extension/codeBlocks/vscode-node/provider.ts(281,17): error TS2339: Property 'uri' does not exist on type 'never'.
src/extension/codeBlocks/vscode-node/provider.ts(282,48): error TS2339: Property 'value' does not exist on type 'never'.
src/extension/codeBlocks/vscode-node/provider.ts(282,68): error TS2339: Property 'value' does not exist on type 'never'.
src/extension/codeBlocks/vscode-node/provider.ts(289,55): error TS2503: Cannot find namespace 'vscode'.
src/extension/codeBlocks/vscode-node/provider.ts(291,18): error TS2503: Cannot find namespace 'vscode'.
src/extension/completions-core/vscode-node/completionsServiceBridges.ts(5,10): error TS2305: Module '"vscode"' has no exported member 'commands'.
src/extension/completions-core/vscode-node/completionsServiceBridges.ts(5,20): error TS2305: Module '"vscode"' has no exported member 'env'.
src/extension/completions-core/vscode-node/extension/src/codeReferencing/citationManager.ts(6,10): error TS2305: Module '"vscode"' has no exported member 'commands'.
src/extension/completions-core/vscode-node/extension/src/codeReferencing/codeReferenceEngagementTracker.ts(6,10): error TS2305: Module '"vscode"' has no exported member 'TextEditor'.
src/extension/completions-core/vscode-node/extension/src/codeReferencing/codeReferenceEngagementTracker.ts(6,22): error TS2305: Module '"vscode"' has no exported member 'window'.
src/extension/completions-core/vscode-node/extension/src/codeReferencing/codeReferenceEngagementTracker.ts(17,54): error TS7006: Parameter 'e' implicitly has an 'any' type.
src/extension/completions-core/vscode-node/extension/src/codeReferencing/codeReferenceEngagementTracker.ts(18,56): error TS7006: Parameter 'e' implicitly has an 'any' type.
src/extension/completions-core/vscode-node/extension/src/codeReferencing/index.ts(6,10): error TS2305: Module '"vscode"' has no exported member 'Disposable'.
src/extension/completions-core/vscode-node/extension/src/codeReferencing/matchNotifier.ts(6,10): error TS2305: Module '"vscode"' has no exported member 'commands'.
src/extension/completions-core/vscode-node/extension/src/codeReferencing/matchNotifier.ts(6,20): error TS2305: Module '"vscode"' has no exported member 'env'.
src/extension/completions-core/vscode-node/extension/src/codeReferencing/matchNotifier.ts(6,25): error TS2305: Module '"vscode"' has no exported member 'Uri'.
src/extension/completions-core/vscode-node/extension/src/codeReferencing/matchNotifier.ts(27,30): error TS2339: Property 'globalState' does not exist on type 'IVSCodeExtensionContext'.
src/extension/completions-core/vscode-node/extension/src/codeReferencing/matchNotifier.ts(57,19): error TS2339: Property 'globalState' does not exist on type 'IVSCodeExtensionContext'.
src/extension/completions-core/vscode-node/extension/src/codeReferencing/outputChannel.ts(6,10): error TS2305: Module '"vscode"' has no exported member 'window'.
src/extension/completions-core/vscode-node/extension/src/codeReferencing/outputChannel.ts(6,23): error TS2305: Module '"vscode"' has no exported member 'OutputChannel'.
src/extension/completions-core/vscode-node/extension/src/codeReferencing/test/codeReferenceEngagementTracker.test.ts(6,10): error TS2305: Module '"vscode"' has no exported member 'TextEditor'.
src/extension/completions-core/vscode-node/extension/src/codeReferencing/test/codeReferencing.test.ts(7,10): error TS2305: Module '"vscode"' has no exported member 'Disposable'.
src/extension/completions-core/vscode-node/extension/src/codeReferencing/test/codeReferencing.test.ts(7,22): error TS2305: Module '"vscode"' has no exported member 'ExtensionContext'.
src/extension/completions-core/vscode-node/extension/src/codeReferencing/test/codeReferencing.test.ts(33,42): error TS7006: Parameter 'sub' implicitly has an 'any' type.
src/extension/completions-core/vscode-node/extension/src/codeReferencing/test/matchNotifier.test.ts(7,10): error TS2305: Module '"vscode"' has no exported member 'commands'.
src/extension/completions-core/vscode-node/extension/src/codeReferencing/test/matchNotifier.test.ts(7,20): error TS2305: Module '"vscode"' has no exported member 'env'.
src/extension/completions-core/vscode-node/extension/src/codeReferencing/test/matchNotifier.test.ts(26,40): error TS2339: Property 'globalState' does not exist on type 'IVSCodeExtensionContext'.
src/extension/completions-core/vscode-node/extension/src/codeReferencing/test/matchNotifier.test.ts(109,40): error TS2339: Property 'globalState' does not exist on type 'IVSCodeExtensionContext'.
src/extension/completions-core/vscode-node/extension/src/config.ts(6,15): error TS2305: Module '"vscode"' has no exported member 'WorkspaceConfiguration'.
src/extension/completions-core/vscode-node/extension/src/config.ts(35,67): error TS7006: Parameter 'changeEvent' implicitly has an 'any' type.
src/extension/completions-core/vscode-node/extension/src/config.ts(62,8): error TS18046: 'event' is of type 'unknown'.
src/extension/completions-core/vscode-node/extension/src/config.ts(65,8): error TS18046: 'event' is of type 'unknown'.
src/extension/completions-core/vscode-node/extension/src/config.ts(157,86): error TS2503: Cannot find namespace 'vscode'.
src/extension/completions-core/vscode-node/extension/src/config.ts(165,48): error TS2503: Cannot find namespace 'vscode'.
src/extension/completions-core/vscode-node/extension/src/config.ts(166,50): error TS2503: Cannot find namespace 'vscode'.
src/extension/completions-core/vscode-node/extension/src/config.ts(175,52): error TS2503: Cannot find namespace 'vscode'.
src/extension/completions-core/vscode-node/extension/src/contextProviderMatch.ts(6,10): error TS2305: Module '"vscode"' has no exported member 'languages'.
src/extension/completions-core/vscode-node/extension/src/contextProviderMatch.ts(6,21): error TS2305: Module '"vscode"' has no exported member 'workspace'.
src/extension/completions-core/vscode-node/extension/src/contextProviderMatch.ts(17,46): error TS7006: Parameter 'td' implicitly has an 'any' type.
src/extension/completions-core/vscode-node/extension/src/copilotCompletionFeedbackTracker.ts(6,10): error TS2305: Module '"vscode"' has no exported member 'Command'.
src/extension/completions-core/vscode-node/extension/src/copilotCompletionFeedbackTracker.ts(6,19): error TS2305: Module '"vscode"' has no exported member 'commands'.
src/extension/completions-core/vscode-node/extension/src/copilotCompletionFeedbackTracker.ts(6,29): error TS2305: Module '"vscode"' has no exported member 'InlineCompletionItem'.
src/extension/completions-core/vscode-node/extension/src/copilotCompletionFeedbackTracker.ts(6,51): error TS2305: Module '"vscode"' has no exported member 'Uri'.
src/extension/completions-core/vscode-node/extension/src/copilotPanel/common.ts(6,10): error TS2305: Module '"vscode"' has no exported member 'Range'.
src/extension/completions-core/vscode-node/extension/src/copilotPanel/common.ts(6,17): error TS2305: Module '"vscode"' has no exported member 'commands'.
src/extension/completions-core/vscode-node/extension/src/copilotPanel/common.ts(6,27): error TS2305: Module '"vscode"' has no exported member 'window'.
src/extension/completions-core/vscode-node/extension/src/copilotPanel/common.ts(6,40): error TS2305: Module '"vscode"' has no exported member 'Disposable'.
src/extension/completions-core/vscode-node/extension/src/copilotPanel/copilotSuggestionsPanel.ts(6,10): error TS2305: Module '"vscode"' has no exported member 'TextDocument'.
src/extension/completions-core/vscode-node/extension/src/copilotPanel/copilotSuggestionsPanel.ts(6,24): error TS2305: Module '"vscode"' has no exported member 'WebviewPanel'.
src/extension/completions-core/vscode-node/extension/src/copilotPanel/copilotSuggestionsPanelManager.ts(6,10): error TS2305: Module '"vscode"' has no exported member 'TextDocument'.
src/extension/completions-core/vscode-node/extension/src/copilotPanel/copilotSuggestionsPanelManager.ts(6,24): error TS2305: Module '"vscode"' has no exported member 'WebviewPanel'.
src/extension/completions-core/vscode-node/extension/src/fileSystem.ts(6,10): error TS2305: Module '"vscode"' has no exported member 'FileType'.
src/extension/completions-core/vscode-node/extension/src/fileSystem.ts(6,20): error TS2305: Module '"vscode"' has no exported member 'Uri'.
src/extension/completions-core/vscode-node/extension/src/fileSystem.ts(6,25): error TS2305: Module '"vscode"' has no exported member 'workspace'.
src/extension/completions-core/vscode-node/extension/src/ghostText/ghostTextProvider.ts(7,2): error TS2305: Module '"vscode"' has no exported member 'CancellationToken'.
src/extension/completions-core/vscode-node/extension/src/ghostText/ghostTextProvider.ts(8,2): error TS2305: Module '"vscode"' has no exported member 'InlineCompletionContext'.
src/extension/completions-core/vscode-node/extension/src/ghostText/ghostTextProvider.ts(9,2): error TS2305: Module '"vscode"' has no exported member 'InlineCompletionEndOfLifeReason'.
src/extension/completions-core/vscode-node/extension/src/ghostText/ghostTextProvider.ts(10,2): error TS2305: Module '"vscode"' has no exported member 'InlineCompletionEndOfLifeReasonKind'.
src/extension/completions-core/vscode-node/extension/src/ghostText/ghostTextProvider.ts(11,2): error TS2305: Module '"vscode"' has no exported member 'InlineCompletionItem'.
src/extension/completions-core/vscode-node/extension/src/ghostText/ghostTextProvider.ts(12,2): error TS2305: Module '"vscode"' has no exported member 'InlineCompletionList'.
src/extension/completions-core/vscode-node/extension/src/ghostText/ghostTextProvider.ts(13,2): error TS2305: Module '"vscode"' has no exported member 'InlineCompletionTriggerKind'.
src/extension/completions-core/vscode-node/extension/src/ghostText/ghostTextProvider.ts(14,2): error TS2305: Module '"vscode"' has no exported member 'PartialAcceptInfo'.
src/extension/completions-core/vscode-node/extension/src/ghostText/ghostTextProvider.ts(15,2): error TS2305: Module '"vscode"' has no exported member 'Position'.
src/extension/completions-core/vscode-node/extension/src/ghostText/ghostTextProvider.ts(16,2): error TS2305: Module '"vscode"' has no exported member 'Range'.
src/extension/completions-core/vscode-node/extension/src/ghostText/ghostTextProvider.ts(17,2): error TS2305: Module '"vscode"' has no exported member 'TextDocument'.
src/extension/completions-core/vscode-node/extension/src/ghostText/ghostTextProvider.ts(18,2): error TS2305: Module '"vscode"' has no exported member 'window'.
src/extension/completions-core/vscode-node/extension/src/ghostText/ghostTextProvider.ts(77,60): error TS7006: Parameter 'e' implicitly has an 'any' type.
src/extension/completions-core/vscode-node/extension/src/ghostText/ghostTextProvider.ts(103,5): error TS2353: Object literal may only specify known properties, and 'insertText' does not exist in type 'GhostTextCompletionItem'.
src/extension/completions-core/vscode-node/extension/src/ghostText/ghostTextProvider.ts(151,17): error TS2345: Argument of type 'InlineCompletionEndOfLifeReason' is not assignable to parameter of type 'never'.
src/extension/completions-core/vscode-node/extension/src/lib/panelShared/common.ts(6,10): error TS2305: Module '"vscode"' has no exported member 'CancellationToken'.
src/extension/completions-core/vscode-node/extension/src/modelPicker.ts(5,10): error TS2305: Module '"vscode"' has no exported member 'commands'.
src/extension/completions-core/vscode-node/extension/src/modelPicker.ts(5,20): error TS2305: Module '"vscode"' has no exported member 'env'.
src/extension/completions-core/vscode-node/extension/src/modelPicker.ts(5,25): error TS2305: Module '"vscode"' has no exported member 'QuickPick'.
src/extension/completions-core/vscode-node/extension/src/modelPicker.ts(5,36): error TS2305: Module '"vscode"' has no exported member 'QuickPickItem'.
src/extension/completions-core/vscode-node/extension/src/modelPicker.ts(5,51): error TS2305: Module '"vscode"' has no exported member 'QuickPickItemKind'.
src/extension/completions-core/vscode-node/extension/src/modelPicker.ts(5,70): error TS2305: Module '"vscode"' has no exported member 'Uri'.
src/extension/completions-core/vscode-node/extension/src/modelPicker.ts(5,75): error TS2305: Module '"vscode"' has no exported member 'window'.
src/extension/completions-core/vscode-node/extension/src/modelPicker.ts(5,83): error TS2305: Module '"vscode"' has no exported member 'workspace'.
src/extension/completions-core/vscode-node/extension/src/modelPicker.ts(28,3): error TS2353: Object literal may only specify known properties, and 'kind' does not exist in type 'ModelPickerItem'.
src/extension/completions-core/vscode-node/extension/src/modelPicker.ts(37,3): error TS2353: Object literal may only specify known properties, and 'description' does not exist in type 'ModelPickerItem'.
src/extension/completions-core/vscode-node/extension/src/modelPicker.ts(148,45): error TS7006: Parameter 'item' implicitly has an 'any' type.
src/extension/completions-core/vscode-node/extension/src/panelShared/baseListDocument.ts(6,10): error TS2305: Module '"vscode"' has no exported member 'Position'.
src/extension/completions-core/vscode-node/extension/src/panelShared/baseListDocument.ts(6,20): error TS2305: Module '"vscode"' has no exported member 'Range'.
src/extension/completions-core/vscode-node/extension/src/panelShared/basePanelTypes.ts(6,10): error TS2305: Module '"vscode"' has no exported member 'CancellationToken'.
src/extension/completions-core/vscode-node/extension/src/panelShared/basePanelTypes.ts(6,29): error TS2305: Module '"vscode"' has no exported member 'Range'.
src/extension/completions-core/vscode-node/extension/src/panelShared/baseSuggestionsPanel.ts(7,2): error TS2305: Module '"vscode"' has no exported member 'CancellationTokenSource'.
src/extension/completions-core/vscode-node/extension/src/panelShared/baseSuggestionsPanel.ts(8,2): error TS2305: Module '"vscode"' has no exported member 'Disposable'.
src/extension/completions-core/vscode-node/extension/src/panelShared/baseSuggestionsPanel.ts(9,2): error TS2305: Module '"vscode"' has no exported member 'Event'.
src/extension/completions-core/vscode-node/extension/src/panelShared/baseSuggestionsPanel.ts(10,2): error TS2305: Module '"vscode"' has no exported member 'EventEmitter'.
src/extension/completions-core/vscode-node/extension/src/panelShared/baseSuggestionsPanel.ts(11,2): error TS2305: Module '"vscode"' has no exported member 'TextDocument'.
src/extension/completions-core/vscode-node/extension/src/panelShared/baseSuggestionsPanel.ts(12,2): error TS2305: Module '"vscode"' has no exported member 'Uri'.
src/extension/completions-core/vscode-node/extension/src/panelShared/baseSuggestionsPanel.ts(13,2): error TS2305: Module '"vscode"' has no exported member 'WebviewPanel'.
src/extension/completions-core/vscode-node/extension/src/panelShared/baseSuggestionsPanel.ts(14,2): error TS2305: Module '"vscode"' has no exported member 'WorkspaceEdit'.
src/extension/completions-core/vscode-node/extension/src/panelShared/baseSuggestionsPanel.ts(15,2): error TS2305: Module '"vscode"' has no exported member 'commands'.
src/extension/completions-core/vscode-node/extension/src/panelShared/baseSuggestionsPanel.ts(16,2): error TS2305: Module '"vscode"' has no exported member 'workspace'.
src/extension/completions-core/vscode-node/extension/src/panelShared/baseSuggestionsPanel.ts(107,38): error TS7006: Parameter 'e' implicitly has an 'any' type.
src/extension/completions-core/vscode-node/extension/src/panelShared/baseSuggestionsPanel.ts(135,37): error TS7006: Parameter 'e' implicitly has an 'any' type.
src/extension/completions-core/vscode-node/extension/src/panelShared/baseSuggestionsPanel.ts(148,58): error TS2339: Property 'extensionUri' does not exist on type 'IVSCodeExtensionContext'.
src/extension/completions-core/vscode-node/extension/src/panelShared/baseSuggestionsPanelManager.ts(6,10): error TS2305: Module '"vscode"' has no exported member 'TextDocument'.
src/extension/completions-core/vscode-node/extension/src/panelShared/baseSuggestionsPanelManager.ts(6,24): error TS2305: Module '"vscode"' has no exported member 'Uri'.
src/extension/completions-core/vscode-node/extension/src/panelShared/baseSuggestionsPanelManager.ts(6,29): error TS2305: Module '"vscode"' has no exported member 'ViewColumn'.
src/extension/completions-core/vscode-node/extension/src/panelShared/baseSuggestionsPanelManager.ts(6,41): error TS2305: Module '"vscode"' has no exported member 'WebviewPanel'.
src/extension/completions-core/vscode-node/extension/src/panelShared/baseSuggestionsPanelManager.ts(6,55): error TS2305: Module '"vscode"' has no exported member 'commands'.
src/extension/completions-core/vscode-node/extension/src/panelShared/baseSuggestionsPanelManager.ts(6,65): error TS2305: Module '"vscode"' has no exported member 'window'.
src/extension/completions-core/vscode-node/extension/src/panelShared/baseSuggestionsPanelManager.ts(51,61): error TS2339: Property 'extensionUri' does not exist on type 'IVSCodeExtensionContext'.
src/extension/completions-core/vscode-node/extension/src/panelShared/highlighter.ts(10,10): error TS2305: Module '"vscode"' has no exported member 'ColorThemeKind'.
src/extension/completions-core/vscode-node/extension/src/panelShared/highlighter.ts(10,26): error TS2305: Module '"vscode"' has no exported member 'window'.
src/extension/completions-core/vscode-node/extension/src/panelShared/highlighter.ts(10,34): error TS2305: Module '"vscode"' has no exported member 'workspace'.
src/extension/completions-core/vscode-node/extension/src/statusBar.ts(6,10): error TS2305: Module '"vscode"' has no exported member 'commands'.
src/extension/completions-core/vscode-node/extension/src/statusBar.ts(6,20): error TS2305: Module '"vscode"' has no exported member 'Disposable'.
src/extension/completions-core/vscode-node/extension/src/statusBar.ts(6,32): error TS2305: Module '"vscode"' has no exported member 'languages'.
src/extension/completions-core/vscode-node/extension/src/statusBar.ts(6,43): error TS2305: Module '"vscode"' has no exported member 'LanguageStatusItem'.
src/extension/completions-core/vscode-node/extension/src/statusBar.ts(6,63): error TS2305: Module '"vscode"' has no exported member 'LanguageStatusSeverity'.
src/extension/completions-core/vscode-node/extension/src/statusBar.ts(6,87): error TS2305: Module '"vscode"' has no exported member 'window'.
src/extension/completions-core/vscode-node/extension/src/statusBar.ts(6,95): error TS2305: Module '"vscode"' has no exported member 'workspace'.
src/extension/completions-core/vscode-node/extension/src/statusBar.ts(54,39): error TS7006: Parameter 'e' implicitly has an 'any' type.
src/extension/completions-core/vscode-node/extension/src/statusBarPicker.ts(5,10): error TS2305: Module '"vscode"' has no exported member 'Disposable'.
src/extension/completions-core/vscode-node/extension/src/statusBarPicker.ts(5,22): error TS2305: Module '"vscode"' has no exported member 'QuickPick'.
src/extension/completions-core/vscode-node/extension/src/statusBarPicker.ts(5,33): error TS2305: Module '"vscode"' has no exported member 'QuickPickItem'.
src/extension/completions-core/vscode-node/extension/src/statusBarPicker.ts(5,48): error TS2305: Module '"vscode"' has no exported member 'QuickPickItemKind'.
src/extension/completions-core/vscode-node/extension/src/statusBarPicker.ts(5,67): error TS2305: Module '"vscode"' has no exported member 'commands'.
src/extension/completions-core/vscode-node/extension/src/statusBarPicker.ts(5,77): error TS2305: Module '"vscode"' has no exported member 'l10n'.
src/extension/completions-core/vscode-node/extension/src/statusBarPicker.ts(5,83): error TS2305: Module '"vscode"' has no exported member 'window'.
src/extension/completions-core/vscode-node/extension/src/telemetry.ts(6,10): error TS2305: Module '"vscode"' has no exported member 'commands'.
src/extension/completions-core/vscode-node/extension/src/telemetry.ts(6,20): error TS2305: Module '"vscode"' has no exported member 'Disposable'.
src/extension/completions-core/vscode-node/extension/src/test/modelPicker.test.ts(8,10): error TS2305: Module '"vscode"' has no exported member 'commands'.
src/extension/completions-core/vscode-node/extension/src/test/modelPicker.test.ts(8,20): error TS2305: Module '"vscode"' has no exported member 'env'.
src/extension/completions-core/vscode-node/extension/src/textDocumentManager.ts(6,1): error TS6133: 'vscode' is declared but its value is never read.
src/extension/completions-core/vscode-node/extension/src/textDocumentManager.ts(7,10): error TS2305: Module '"vscode"' has no exported member 'window'.
src/extension/completions-core/vscode-node/extension/src/textDocumentManager.ts(7,18): error TS2305: Module '"vscode"' has no exported member 'workspace'.
src/extension/completions-core/vscode-node/extension/src/textDocumentManager.ts(23,30): error TS2503: Cannot find namespace 'vscode'.
src/extension/completions-core/vscode-node/extension/src/textDocumentManager.ts(42,11): error TS2416: Property 'onDidFocusTextDocument' in type 'ExtensionTextDocumentManager' is not assignable to the same property in base type 'TextDocumentManager'.
  Type 'Event<{ document: unknown; }>' is not assignable to type 'Event<TextDocumentFocusedEvent>'.
    Type '{ document: unknown; }' is not assignable to type 'TextDocumentFocusedEvent'.
      Types of property 'document' are incompatible.
        Type 'unknown' is not assignable to type 'TextDocumentIdentifier | undefined'.
src/extension/completions-core/vscode-node/extension/src/textDocumentManager.ts(43,44): error TS2339: Property 'document' does not exist on type '{}'.
src/extension/completions-core/vscode-node/extension/src/textDocumentManager.ts(47,28): error TS18046: 'e' is of type 'unknown'.
src/extension/completions-core/vscode-node/extension/src/textDocumentManager.ts(48,50): error TS18046: 'e' is of type 'unknown'.
src/extension/completions-core/vscode-node/extension/src/textDocumentManager.ts(57,29): error TS18046: 'e' is of type 'unknown'.
src/extension/completions-core/vscode-node/extension/src/textDocumentManager.ts(57,59): error TS18046: 'e' is of type 'unknown'.
src/extension/completions-core/vscode-node/extension/src/textDocumentManager.ts(57,82): error TS18046: 'e' is of type 'unknown'.
src/extension/completions-core/vscode-node/extension/src/textDocumentManager.ts(61,42): error TS18046: 'e' is of type 'unknown'.
src/extension/completions-core/vscode-node/extension/src/textDocumentManager.ts(69,12): error TS18046: 'e' is of type 'unknown'.
src/extension/completions-core/vscode-node/extension/src/textDocumentManager.ts(69,24): error TS7006: Parameter 'f' implicitly has an 'any' type.
src/extension/completions-core/vscode-node/extension/src/textDocumentManager.ts(70,14): error TS18046: 'e' is of type 'unknown'.
src/extension/completions-core/vscode-node/extension/src/textDocumentManager.ts(70,28): error TS7006: Parameter 'f' implicitly has an 'any' type.
src/extension/completions-core/vscode-node/extension/src/textDocumentManager.ts(88,33): error TS7006: Parameter 'cell' implicitly has an 'any' type.
src/extension/completions-core/vscode-node/extension/src/textDocumentManager.ts(90,46): error TS7006: Parameter 'cell' implicitly has an 'any' type.
src/extension/completions-core/vscode-node/extension/src/textDocumentManager.ts(92,45): error TS7006: Parameter 'cell' implicitly has an 'any' type.
src/extension/completions-core/vscode-node/extension/src/textDocumentManager.ts(100,17): error TS2503: Cannot find namespace 'vscode'.
src/extension/completions-core/vscode-node/extension/src/textDocumentManager.ts(118,36): error TS7006: Parameter 'f' implicitly has an 'any' type.
src/extension/completions-core/vscode-node/extension/src/vscodeInlineCompletionItemProvider.ts(8,2): error TS2305: Module '"vscode"' has no exported member 'CancellationToken'.
src/extension/completions-core/vscode-node/extension/src/vscodeInlineCompletionItemProvider.ts(9,2): error TS2305: Module '"vscode"' has no exported member 'InlineCompletionContext'.
src/extension/completions-core/vscode-node/extension/src/vscodeInlineCompletionItemProvider.ts(10,2): error TS2305: Module '"vscode"' has no exported member 'InlineCompletionEndOfLifeReason'.
src/extension/completions-core/vscode-node/extension/src/vscodeInlineCompletionItemProvider.ts(11,2): error TS2305: Module '"vscode"' has no exported member 'InlineCompletionItemProvider'.
src/extension/completions-core/vscode-node/extension/src/vscodeInlineCompletionItemProvider.ts(12,2): error TS2305: Module '"vscode"' has no exported member 'InlineCompletionList'.
src/extension/completions-core/vscode-node/extension/src/vscodeInlineCompletionItemProvider.ts(13,2): error TS2305: Module '"vscode"' has no exported member 'InlineCompletionsDisposeReason'.
src/extension/completions-core/vscode-node/extension/src/vscodeInlineCompletionItemProvider.ts(14,2): error TS2305: Module '"vscode"' has no exported member 'InlineCompletionsDisposeReasonKind'.
src/extension/completions-core/vscode-node/extension/src/vscodeInlineCompletionItemProvider.ts(15,2): error TS2305: Module '"vscode"' has no exported member 'InlineCompletionTriggerKind'.
src/extension/completions-core/vscode-node/extension/src/vscodeInlineCompletionItemProvider.ts(16,2): error TS2305: Module '"vscode"' has no exported member 'PartialAcceptInfo'.
src/extension/completions-core/vscode-node/extension/src/vscodeInlineCompletionItemProvider.ts(17,2): error TS2305: Module '"vscode"' has no exported member 'Position'.
src/extension/completions-core/vscode-node/extension/src/vscodeInlineCompletionItemProvider.ts(18,2): error TS2305: Module '"vscode"' has no exported member 'TextDocument'.
src/extension/completions-core/vscode-node/extension/src/vscodeInlineCompletionItemProvider.ts(19,2): error TS2305: Module '"vscode"' has no exported member 'workspace'.
src/extension/completions-core/vscode-node/extension/src/vscodeInlineCompletionItemProvider.ts(189,5): error TS2353: Object literal may only specify known properties, and 'commands' does not exist in type 'GhostTextCompletionList'.
src/extension/completions-core/vscode-node/lib/src/ghostText/test/ghostText.test.ts(8,15): error TS2305: Module '"vscode"' has no exported member 'CancellationToken'.
src/extension/completions-core/vscode-node/lib/src/openai/fetch.fake.ts(6,15): error TS2305: Module '"vscode"' has no exported member 'CancellationToken'.
src/extension/completions-core/vscode-node/lib/src/prompt/asyncUtils.ts(6,15): error TS2305: Module '"vscode"' has no exported member 'Disposable'.
src/extension/completions-core/vscode-node/lib/src/prompt/completionsPromptFactory/componentsCompletionsPromptFactory.tsx(9,10): error TS2305: Module '"vscode"' has no exported member 'DiagnosticSeverity'.
src/extension/completions-core/vscode-node/lib/src/prompt/completionsPromptFactory/componentsCompletionsPromptFactory.tsx(9,35): error TS2305: Module '"vscode"' has no exported member 'Diagnostic'.
src/extension/completions-core/vscode-node/lib/src/prompt/completionsPromptFactory/test/completionsPromptFactory.test.tsx(11,10): error TS2305: Module '"vscode"' has no exported member 'Diagnostic'.
src/extension/completions-core/vscode-node/lib/src/prompt/completionsPromptFactory/test/completionsPromptFactory.test.tsx(11,22): error TS2305: Module '"vscode"' has no exported member 'DiagnosticSeverity'.
src/extension/completions-core/vscode-node/lib/src/prompt/completionsPromptFactory/test/completionsPromptFactory.test.tsx(11,42): error TS2305: Module '"vscode"' has no exported member 'Range'.
src/extension/completions-core/vscode-node/lib/src/prompt/completionsPromptFactory/test/completionsPromptFactory.test.tsx(11,49): error TS2305: Module '"vscode"' has no exported member 'Uri'.
src/extension/completions-core/vscode-node/lib/src/prompt/components/diagnostics.tsx(8,10): error TS2305: Module '"vscode"' has no exported member 'DiagnosticSeverity'.
src/extension/completions-core/vscode-node/lib/src/prompt/components/diagnostics.tsx(8,35): error TS2305: Module '"vscode"' has no exported member 'Diagnostic'.
src/extension/completions-core/vscode-node/lib/src/prompt/contextProviders/contextItemSchemas.ts(6,10): error TS2305: Module '"vscode"' has no exported member 'Diagnostic'.
src/extension/completions-core/vscode-node/lib/src/prompt/similarFiles/test/relatedFiles.test.ts(8,15): error TS2305: Module '"vscode"' has no exported member 'CancellationToken'.
src/extension/completions-core/vscode-node/lib/src/suggestions/test/suggestions.test.ts(7,10): error TS2305: Module '"vscode"' has no exported member 'Position'.
src/extension/completions-core/vscode-node/types/src/contextProviderApiV1.ts(6,15): error TS2305: Module '"vscode"' has no exported member 'Diagnostic'.
src/extension/completions-core/vscode-node/types/src/contextProviderApiV1.ts(6,27): error TS2305: Module '"vscode"' has no exported member 'Uri'.
src/extension/completions/common/copilotInlineCompletionItemProviderService.ts(6,15): error TS2305: Module '"vscode"' has no exported member 'InlineCompletionItemProvider'.
src/extension/completions/vscode-node/completionsCoreContribution.ts(6,10): error TS2305: Module '"vscode"' has no exported member 'commands'.
src/extension/completions/vscode-node/completionsCoreContribution.ts(6,20): error TS2305: Module '"vscode"' has no exported member 'languages'.
src/extension/completions/vscode-node/completionsUnificationContribution.ts(6,10): error TS2305: Module '"vscode"' has no exported member 'languages'.
src/extension/completions/vscode-node/copilotInlineCompletionItemProviderService.ts(6,10): error TS2305: Module '"vscode"' has no exported member 'InlineCompletionItemProvider'.
src/extension/configuration/vscode-node/configurationMigration.ts(12,10): error TS2305: Module '"vscode"' has no exported member 'ConfigurationTarget'.
src/extension/configuration/vscode-node/configurationMigration.ts(12,31): error TS2305: Module '"vscode"' has no exported member 'l10n'.
src/extension/configuration/vscode-node/configurationMigration.ts(12,37): error TS2305: Module '"vscode"' has no exported member 'Uri'.
src/extension/configuration/vscode-node/configurationMigration.ts(12,42): error TS2305: Module '"vscode"' has no exported member 'window'.
src/extension/configuration/vscode-node/configurationMigration.ts(12,50): error TS2305: Module '"vscode"' has no exported member 'workspace'.
src/extension/configuration/vscode-node/configurationMigration.ts(12,61): error TS2305: Module '"vscode"' has no exported member 'WorkspaceFolder'.
src/extension/configuration/vscode-node/configurationMigration.ts(42,63): error TS7006: Parameter 'e' implicitly has an 'any' type.
src/extension/context/node/resolvers/fixSelection.ts(6,1): error TS6133: 'vscode' is declared but its value is never read.
src/extension/context/node/resolvers/fixSelection.ts(99,111): error TS2503: Cannot find namespace 'vscode'.
src/extension/context/node/resolvers/fixSelection.ts(99,134): error TS2503: Cannot find namespace 'vscode'.
src/extension/context/node/resolvers/fixSelection.ts(99,153): error TS2503: Cannot find namespace 'vscode'.
src/extension/context/node/resolvers/fixSelection.ts(99,196): error TS2503: Cannot find namespace 'vscode'.
src/extension/context/node/resolvers/genericInlineIntentInvocation.ts(8,15): error TS2305: Module '"vscode"' has no exported member 'CancellationToken'.
src/extension/context/node/resolvers/genericInlineIntentInvocation.ts(8,34): error TS2305: Module '"vscode"' has no exported member 'ChatResponseProgressPart'.
src/extension/context/node/resolvers/genericInlineIntentInvocation.ts(8,60): error TS2305: Module '"vscode"' has no exported member 'ChatResponseReferencePart'.
src/extension/context/node/resolvers/genericInlineIntentInvocation.ts(8,87): error TS2305: Module '"vscode"' has no exported member 'ChatResponseStream'.
src/extension/context/node/resolvers/genericInlineIntentInvocation.ts(8,107): error TS2305: Module '"vscode"' has no exported member 'Progress'.
src/extension/context/node/resolvers/genericPanelIntentInvocation.ts(8,1): error TS6133: 'vscode' is declared but its value is never read.
src/extension/context/node/resolvers/genericPanelIntentInvocation.ts(40,13): error TS2503: Cannot find namespace 'vscode'.
src/extension/context/node/resolvers/genericPanelIntentInvocation.ts(40,29): error TS2503: Cannot find namespace 'vscode'.
src/extension/context/node/resolvers/genericPanelIntentInvocation.ts(40,64): error TS2503: Cannot find namespace 'vscode'.
src/extension/context/node/resolvers/genericPanelIntentInvocation.ts(41,10): error TS2503: Cannot find namespace 'vscode'.
src/extension/context/node/resolvers/inlineChatSelection.ts(7,1): error TS6133: 'vscode' is declared but its value is never read.
src/extension/context/node/resolvers/inlineChatSelection.ts(29,13): error TS2503: Cannot find namespace 'vscode'.
src/extension/context/node/resolvers/inlineChatSelection.ts(30,9): error TS2503: Cannot find namespace 'vscode'.
src/extension/context/node/resolvers/inlineChatSelection.ts(31,14): error TS2503: Cannot find namespace 'vscode'.
src/extension/context/node/resolvers/inlineChatSelection.ts(187,16): error TS2503: Cannot find namespace 'vscode'.
src/extension/context/node/resolvers/inlineChatSelection.ts(263,8): error TS18048: 'belowCellIndex' is possibly 'undefined'.
src/extension/context/node/resolvers/inlineChatSelection.ts(279,5): error TS18048: 'belowCellIndex' is possibly 'undefined'.
src/extension/context/node/resolvers/inlineFixIntentInvocation.ts(8,15): error TS2305: Module '"vscode"' has no exported member 'CancellationToken'.
src/extension/context/node/resolvers/inlineFixIntentInvocation.ts(8,34): error TS2305: Module '"vscode"' has no exported member 'ChatResponseProgressPart'.
src/extension/context/node/resolvers/inlineFixIntentInvocation.ts(8,60): error TS2305: Module '"vscode"' has no exported member 'ChatResponseReferencePart'.
src/extension/context/node/resolvers/inlineFixIntentInvocation.ts(8,87): error TS2305: Module '"vscode"' has no exported member 'ChatResponseStream'.
src/extension/context/node/resolvers/inlineFixIntentInvocation.ts(8,107): error TS2305: Module '"vscode"' has no exported member 'ChatResult'.
src/extension/context/node/resolvers/inlineFixIntentInvocation.ts(8,119): error TS2305: Module '"vscode"' has no exported member 'Progress'.
src/extension/context/node/resolvers/selectionContextHelpers.ts(6,1): error TS6133: 'vscode' is declared but its value is never read.
src/extension/context/node/resolvers/selectionContextHelpers.ts(29,13): error TS2503: Cannot find namespace 'vscode'.
src/extension/context/node/resolvers/selectionContextHelpers.ts(119,13): error TS2503: Cannot find namespace 'vscode'.
src/extension/context/node/resolvers/selectionContextHelpers.ts(203,13): error TS2503: Cannot find namespace 'vscode'.
src/extension/context/node/resolvers/selectionContextHelpers.ts(323,49): error TS2503: Cannot find namespace 'vscode'.
src/extension/context/node/resolvers/selectionContextHelpers.ts(341,118): error TS2503: Cannot find namespace 'vscode'.
src/extension/context/node/resolvers/vscodeContext.ts(6,15): error TS2305: Module '"vscode"' has no exported member 'Command'.
src/extension/context/vscode/context.contribution.ts(6,10): error TS2305: Module '"vscode"' has no exported member 'Disposable'.
src/extension/context/vscode/context.contribution.ts(6,22): error TS2305: Module '"vscode"' has no exported member 'commands'.
src/extension/contextKeys/vscode-node/contextKeys.contribution.ts(5,10): error TS2305: Module '"vscode"' has no exported member 'commands'.
src/extension/contextKeys/vscode-node/contextKeys.contribution.ts(5,20): error TS2305: Module '"vscode"' has no exported member 'extensions'.
src/extension/contextKeys/vscode-node/contextKeys.contribution.ts(5,32): error TS2305: Module '"vscode"' has no exported member 'window'.
src/extension/conversation/common/languageModelAccess.ts(9,15): error TS2305: Module '"vscode"' has no exported member 'LanguageModelChatInformation'.
src/extension/conversation/common/languageModelChatMessageHelpers.ts(18,67): error TS18046: 'part' is of type 'unknown'.
src/extension/conversation/node/aiMappedEditsProvider.ts(5,1): error TS6133: 'vscode' is declared but its value is never read.
src/extension/conversation/node/aiMappedEditsProvider.ts(8,48): error TS2503: Cannot find namespace 'vscode'.
src/extension/conversation/node/aiMappedEditsProvider.ts(16,12): error TS2503: Cannot find namespace 'vscode'.
src/extension/conversation/node/aiMappedEditsProvider.ts(17,13): error TS2503: Cannot find namespace 'vscode'.
src/extension/conversation/node/aiMappedEditsProvider.ts(18,10): error TS2503: Cannot find namespace 'vscode'.
src/extension/conversation/node/aiMappedEditsProvider.ts(19,13): error TS2503: Cannot find namespace 'vscode'.
src/extension/conversation/node/githubPullRequestProviders.ts(6,15): error TS2305: Module '"vscode"' has no exported member 'Disposable'.
src/extension/conversation/node/githubPullRequestProviders.ts(139,9): error TS2532: Object is possibly 'undefined'.
src/extension/conversation/node/githubPullRequestProviders.ts(143,17): error TS2532: Object is possibly 'undefined'.
src/extension/conversation/vscode-node/chatParticipants.ts(60,36): error TS2503: Cannot find namespace 'vscode'.
src/extension/conversation/vscode-node/chatParticipants.ts(96,105): error TS2503: Cannot find namespace 'vscode'.
src/extension/conversation/vscode-node/chatParticipants.ts(99,30): error TS7006: Parameter 'e' implicitly has an 'any' type.
src/extension/conversation/vscode-node/chatParticipants.ts(102,28): error TS7006: Parameter 'e' implicitly has an 'any' type.
src/extension/conversation/vscode-node/chatParticipants.ts(157,34): error TS2503: Cannot find namespace 'vscode'.
src/extension/conversation/vscode-node/chatParticipants.ts(204,104): error TS2503: Cannot find namespace 'vscode'.
src/extension/conversation/vscode-node/chatParticipants.ts(205,17): error TS7006: Parameter 'request' implicitly has an 'any' type.
src/extension/conversation/vscode-node/chatParticipants.ts(205,26): error TS7006: Parameter 'context' implicitly has an 'any' type.
src/extension/conversation/vscode-node/chatParticipants.ts(205,35): error TS7006: Parameter 'stream' implicitly has an 'any' type.
src/extension/conversation/vscode-node/chatParticipants.ts(205,43): error TS7006: Parameter 'token' implicitly has an 'any' type.
src/extension/conversation/vscode-node/chatParticipants.ts(205,59): error TS2503: Cannot find namespace 'vscode'.
src/extension/conversation/vscode-node/chatParticipants.ts(278,43): error TS2503: Cannot find namespace 'vscode'.
src/extension/conversation/vscode-node/chatParticipants.ts(278,71): error TS2503: Cannot find namespace 'vscode'.
src/extension/conversation/vscode-node/chatParticipants.ts(302,22): error TS2503: Cannot find namespace 'vscode'.
src/extension/conversation/vscode-node/chatParticipants.ts(318,43): error TS2503: Cannot find namespace 'vscode'.
src/extension/conversation/vscode-node/chatParticipants.ts(318,71): error TS2503: Cannot find namespace 'vscode'.
src/extension/conversation/vscode-node/chatParticipants.ts(334,43): error TS2503: Cannot find namespace 'vscode'.
src/extension/conversation/vscode-node/conversationFeature.ts(238,126): error TS7006: Parameter 'folder' implicitly has an 'any' type.
src/extension/conversation/vscode-node/conversationFeature.ts(256,96): error TS2503: Cannot find namespace 'vscode'.
src/extension/conversation/vscode-node/conversationFeature.ts(256,151): error TS2503: Cannot find namespace 'vscode'.
src/extension/conversation/vscode-node/conversationFeature.ts(267,107): error TS2503: Cannot find namespace 'vscode'.
src/extension/conversation/vscode-node/conversationFeature.ts(267,120): error TS2503: Cannot find namespace 'vscode'.
src/extension/conversation/vscode-node/conversationFeature.ts(268,81): error TS2339: Property 'resourceUri' does not exist on type 'never'.
src/extension/conversation/vscode-node/conversationFeature.ts(271,165): error TS2503: Cannot find namespace 'vscode'.
src/extension/conversation/vscode-node/conversationFeature.ts(284,52): error TS2339: Property 'globalStorageUri' does not exist on type 'IVSCodeExtensionContext'.
src/extension/conversation/vscode-node/conversationFeature.ts(355,31): error TS7006: Parameter 'commandMatchResult' implicitly has an 'any' type.
src/extension/conversation/vscode-node/conversationFeature.ts(355,51): error TS7006: Parameter 'token' implicitly has an 'any' type.
src/extension/conversation/vscode-node/conversationFeature.ts(373,33): error TS7006: Parameter 'commandMatchResult' implicitly has an 'any' type.
src/extension/conversation/vscode-node/conversationFeature.ts(373,53): error TS7006: Parameter 'token' implicitly has an 'any' type.
src/extension/conversation/vscode-node/feedbackCollection.ts(35,65): error TS7006: Parameter 'event' implicitly has an 'any' type.
src/extension/conversation/vscode-node/feedbackCollection.ts(81,58): error TS7006: Parameter 'doc' implicitly has an 'any' type.
src/extension/conversation/vscode-node/feedbackReporter.ts(282,34): error TS2503: Cannot find namespace 'vscode'.
src/extension/conversation/vscode-node/languageModelAccess.ts(90,85): error TS2503: Cannot find namespace 'vscode'.
src/extension/conversation/vscode-node/languageModelAccess.ts(169,26): error TS2503: Cannot find namespace 'vscode'.
src/extension/conversation/vscode-node/languageModelAccess.ts(189,36): error TS2339: Property 'extensionMode' does not exist on type 'IVSCodeExtensionContext'.
src/extension/conversation/vscode-node/languageModelAccess.ts(205,23): error TS2503: Cannot find namespace 'vscode'.
src/extension/conversation/vscode-node/languageModelAccess.ts(210,19): error TS2503: Cannot find namespace 'vscode'.
src/extension/conversation/vscode-node/languageModelAccess.ts(240,83): error TS2503: Cannot find namespace 'vscode'.
src/extension/conversation/vscode-node/languageModelAccess.ts(240,118): error TS2503: Cannot find namespace 'vscode'.
src/extension/conversation/vscode-node/languageModelAccess.ts(248,17): error TS2503: Cannot find namespace 'vscode'.
src/extension/conversation/vscode-node/languageModelAccess.ts(346,17): error TS2503: Cannot find namespace 'vscode'.
src/extension/conversation/vscode-node/languageModelAccess.ts(397,44): error TS2503: Cannot find namespace 'vscode'.
src/extension/conversation/vscode-node/languageModelAccess.ts(427,10): error TS2503: Cannot find namespace 'vscode'.
src/extension/conversation/vscode-node/languageModelAccess.ts(428,19): error TS2503: Cannot find namespace 'vscode'.
src/extension/conversation/vscode-node/languageModelAccess.ts(428,53): error TS2503: Cannot find namespace 'vscode'.
src/extension/conversation/vscode-node/languageModelAccess.ts(429,12): error TS2503: Cannot find namespace 'vscode'.
src/extension/conversation/vscode-node/languageModelAccess.ts(430,13): error TS2503: Cannot find namespace 'vscode'.
src/extension/conversation/vscode-node/languageModelAccess.ts(430,29): error TS2503: Cannot find namespace 'vscode'.
src/extension/conversation/vscode-node/languageModelAccess.ts(431,10): error TS2503: Cannot find namespace 'vscode'.
src/extension/conversation/vscode-node/languageModelAccess.ts(451,10): error TS2503: Cannot find namespace 'vscode'.
src/extension/conversation/vscode-node/languageModelAccess.ts(452,18): error TS2503: Cannot find namespace 'vscode'.
src/extension/conversation/vscode-node/languageModelAccess.ts(452,52): error TS2503: Cannot find namespace 'vscode'.
src/extension/conversation/vscode-node/languageModelAccess.ts(453,10): error TS2503: Cannot find namespace 'vscode'.
src/extension/conversation/vscode-node/languageModelAccess.ts(483,96): error TS2503: Cannot find namespace 'vscode'.
src/extension/conversation/vscode-node/languageModelAccess.ts(484,53): error TS2503: Cannot find namespace 'vscode'.
src/extension/conversation/vscode-node/languageModelAccess.ts(484,88): error TS2503: Cannot find namespace 'vscode'.
src/extension/conversation/vscode-node/languageModelAccess.ts(516,41): error TS2339: Property 'globalState' does not exist on type 'IVSCodeExtensionContext'.
src/extension/conversation/vscode-node/languageModelAccess.ts(525,33): error TS2339: Property 'globalState' does not exist on type 'IVSCodeExtensionContext'.
src/extension/conversation/vscode-node/languageModelAccess.ts(559,89): error TS2503: Cannot find namespace 'vscode'.
src/extension/conversation/vscode-node/languageModelAccess.ts(559,123): error TS2503: Cannot find namespace 'vscode'.
src/extension/conversation/vscode-node/languageModelAccess.ts(559,168): error TS2503: Cannot find namespace 'vscode'.
src/extension/conversation/vscode-node/languageModelAccess.ts(559,284): error TS2503: Cannot find namespace 'vscode'.
src/extension/conversation/vscode-node/languageModelAccess.ts(654,40): error TS7006: Parameter 'tool' implicitly has an 'any' type.
src/extension/conversation/vscode-node/languageModelAccess.ts(760,78): error TS2503: Cannot find namespace 'vscode'.
src/extension/conversation/vscode-node/languageModelAccess.ts(760,112): error TS2503: Cannot find namespace 'vscode'.
src/extension/conversation/vscode-node/languageModelAccess.ts(760,156): error TS2503: Cannot find namespace 'vscode'.
src/extension/conversation/vscode-node/languageModelAccess.ts(760,247): error TS2503: Cannot find namespace 'vscode'.
src/extension/conversation/vscode-node/languageModelAccess.ts(760,287): error TS2503: Cannot find namespace 'vscode'.
src/extension/conversation/vscode-node/languageModelAccess.ts(804,65): error TS2503: Cannot find namespace 'vscode'.
src/extension/conversation/vscode-node/languageModelAccess.ts(804,99): error TS2503: Cannot find namespace 'vscode'.
src/extension/conversation/vscode-node/languageModelAccess.ts(810,41): error TS7006: Parameter 'part' implicitly has an 'any' type.
src/extension/conversation/vscode-node/languageModelAccess.ts(834,16): error TS7006: Parameter 'part' implicitly has an 'any' type.
src/extension/conversation/vscode-node/languageModelAccess.ts(835,13): error TS7006: Parameter 'part' implicitly has an 'any' type.
src/extension/conversation/vscode-node/languageModelAccess.ts(835,29): error TS2503: Cannot find namespace 'vscode'.
src/extension/conversation/vscode-node/languageModelAccess.ts(836,13): error TS7006: Parameter 'part' implicitly has an 'any' type.
src/extension/conversation/vscode-node/languageModelAccess.ts(847,40): error TS2503: Cannot find namespace 'vscode'.
src/extension/conversation/vscode-node/languageModelAccess.ts(855,73): error TS2503: Cannot find namespace 'vscode'.
src/extension/conversation/vscode-node/languageModelAccess.ts(859,43): error TS2503: Cannot find namespace 'vscode'.
src/extension/conversation/vscode-node/languageModelAccess.ts(859,77): error TS2503: Cannot find namespace 'vscode'.
src/extension/conversation/vscode-node/languageModelAccess.ts(868,52): error TS7006: Parameter 'part' implicitly has an 'any' type.
src/extension/conversation/vscode-node/languageModelAccess.ts(870,14): error TS7006: Parameter 'part' implicitly has an 'any' type.
src/extension/conversation/vscode-node/languageModelAccess.ts(871,11): error TS7006: Parameter 'part' implicitly has an 'any' type.
src/extension/conversation/vscode-node/languageModelAccess.ts(880,34): error TS7006: Parameter 'part' implicitly has an 'any' type.
src/extension/conversation/vscode-node/languageModelAccessPrompt.tsx(9,10): error TS2305: Module '"vscode"' has no exported member 'LanguageModelTextPart'.
src/extension/conversation/vscode-node/languageModelAccessPrompt.tsx(20,18): error TS2503: Cannot find namespace 'vscode'.
src/extension/conversation/vscode-node/languageModelAccessPrompt.tsx(20,52): error TS2503: Cannot find namespace 'vscode'.
src/extension/conversation/vscode-node/languageModelAccessPrompt.tsx(32,52): error TS7006: Parameter 'part' implicitly has an 'any' type.
src/extension/conversation/vscode-node/languageModelAccessPrompt.tsx(34,14): error TS7006: Parameter 'part' implicitly has an 'any' type.
src/extension/conversation/vscode-node/languageModelAccessPrompt.tsx(35,11): error TS7006: Parameter 'part' implicitly has an 'any' type.
src/extension/conversation/vscode-node/languageModelAccessPrompt.tsx(38,53): error TS7006: Parameter 'part' implicitly has an 'any' type.
src/extension/conversation/vscode-node/languageModelAccessPrompt.tsx(38,170): error TS2503: Cannot find namespace 'vscode'.
src/extension/conversation/vscode-node/languageModelAccessPrompt.tsx(40,52): error TS7006: Parameter 'part' implicitly has an 'any' type.
src/extension/conversation/vscode-node/languageModelAccessPrompt.tsx(42,42): error TS7006: Parameter 'part' implicitly has an 'any' type.
src/extension/conversation/vscode-node/languageModelAccessPrompt.tsx(43,46): error TS7006: Parameter 'part' implicitly has an 'any' type.
src/extension/conversation/vscode-node/languageModelAccessPrompt.tsx(44,43): error TS7006: Parameter 'part' implicitly has an 'any' type.
src/extension/conversation/vscode-node/languageModelAccessPrompt.tsx(48,86): error TS7006: Parameter 'tc' implicitly has an 'any' type.
src/extension/conversation/vscode-node/logWorkspaceState.ts(99,75): error TS7006: Parameter 's' implicitly has an 'any' type.
src/extension/conversation/vscode-node/logWorkspaceState.ts(105,81): error TS7006: Parameter 'r' implicitly has an 'any' type.
src/extension/conversation/vscode-node/logWorkspaceState.ts(141,41): error TS2503: Cannot find namespace 'vscode'.
src/extension/conversation/vscode-node/newWorkspaceFollowup.ts(6,10): error TS2305: Module '"vscode"' has no exported member 'ChatResponseFileTreePart'.
src/extension/conversation/vscode-node/newWorkspaceFollowup.ts(6,36): error TS2305: Module '"vscode"' has no exported member 'Disposable'.
src/extension/conversation/vscode-node/newWorkspaceFollowup.ts(6,48): error TS2305: Module '"vscode"' has no exported member 'MarkdownString'.
src/extension/conversation/vscode-node/newWorkspaceFollowup.ts(6,64): error TS2305: Module '"vscode"' has no exported member 'ProgressLocation'.
src/extension/conversation/vscode-node/newWorkspaceFollowup.ts(6,82): error TS2305: Module '"vscode"' has no exported member 'SaveDialogOptions'.
src/extension/conversation/vscode-node/newWorkspaceFollowup.ts(6,101): error TS2305: Module '"vscode"' has no exported member 'Tab'.
src/extension/conversation/vscode-node/newWorkspaceFollowup.ts(6,106): error TS2305: Module '"vscode"' has no exported member 'TabInputText'.
src/extension/conversation/vscode-node/newWorkspaceFollowup.ts(6,120): error TS2305: Module '"vscode"' has no exported member 'Uri'.
src/extension/conversation/vscode-node/newWorkspaceFollowup.ts(6,125): error TS2305: Module '"vscode"' has no exported member 'commands'.
src/extension/conversation/vscode-node/newWorkspaceFollowup.ts(6,135): error TS2305: Module '"vscode"' has no exported member 'env'.
src/extension/conversation/vscode-node/newWorkspaceFollowup.ts(6,140): error TS2305: Module '"vscode"' has no exported member 'interactive'.
src/extension/conversation/vscode-node/newWorkspaceFollowup.ts(6,153): error TS2305: Module '"vscode"' has no exported member 'window'.
src/extension/conversation/vscode-node/newWorkspaceFollowup.ts(6,161): error TS2305: Module '"vscode"' has no exported member 'workspace'.
src/extension/conversation/vscode-node/newWorkspaceFollowup.ts(53,34): error TS7006: Parameter 'group' implicitly has an 'any' type.
src/extension/conversation/vscode-node/newWorkspaceFollowup.ts(54,26): error TS7006: Parameter 'tab' implicitly has an 'any' type.
src/extension/conversation/vscode-node/newWorkspaceFollowup.ts(76,31): error TS7006: Parameter 'group' implicitly has an 'any' type.
src/extension/conversation/vscode-node/newWorkspaceFollowup.ts(77,23): error TS7006: Parameter 'tab' implicitly has an 'any' type.
src/extension/conversation/vscode-node/newWorkspaceFollowup.ts(96,100): error TS7006: Parameter 'progress' implicitly has an 'any' type.
src/extension/conversation/vscode-node/newWorkspaceFollowup.ts(96,110): error TS7006: Parameter 'token' implicitly has an 'any' type.
src/extension/conversation/vscode-node/newWorkspaceFollowup.ts(169,77): error TS7006: Parameter 'b' implicitly has an 'any' type.
src/extension/conversation/vscode-node/remoteAgents.ts(7,10): error TS2305: Module '"vscode"' has no exported member 'ChatCompletionItem'.
src/extension/conversation/vscode-node/remoteAgents.ts(7,30): error TS2305: Module '"vscode"' has no exported member 'ChatContext'.
src/extension/conversation/vscode-node/remoteAgents.ts(7,43): error TS2305: Module '"vscode"' has no exported member 'ChatPromptReference'.
src/extension/conversation/vscode-node/remoteAgents.ts(7,64): error TS2305: Module '"vscode"' has no exported member 'ChatRequest'.
src/extension/conversation/vscode-node/remoteAgents.ts(7,77): error TS2305: Module '"vscode"' has no exported member 'ChatRequestTurn'.
src/extension/conversation/vscode-node/remoteAgents.ts(7,94): error TS2305: Module '"vscode"' has no exported member 'ChatResponseMarkdownPart'.
src/extension/conversation/vscode-node/remoteAgents.ts(7,120): error TS2305: Module '"vscode"' has no exported member 'ChatResponseReferencePart'.
src/extension/conversation/vscode-node/remoteAgents.ts(7,147): error TS2305: Module '"vscode"' has no exported member 'ChatResponseTurn'.
src/extension/conversation/vscode-node/remoteAgents.ts(7,165): error TS2305: Module '"vscode"' has no exported member 'ChatResponseWarningPart'.
src/extension/conversation/vscode-node/remoteAgents.ts(7,190): error TS2305: Module '"vscode"' has no exported member 'ChatVariableLevel'.
src/extension/conversation/vscode-node/remoteAgents.ts(7,209): error TS2305: Module '"vscode"' has no exported member 'Disposable'.
src/extension/conversation/vscode-node/remoteAgents.ts(7,221): error TS2305: Module '"vscode"' has no exported member 'DynamicChatParticipantProps'.
src/extension/conversation/vscode-node/remoteAgents.ts(7,250): error TS2305: Module '"vscode"' has no exported member 'Location'.
src/extension/conversation/vscode-node/remoteAgents.ts(7,260): error TS2305: Module '"vscode"' has no exported member 'MarkdownString'.
src/extension/conversation/vscode-node/remoteAgents.ts(7,276): error TS2305: Module '"vscode"' has no exported member 'Position'.
src/extension/conversation/vscode-node/remoteAgents.ts(7,286): error TS2305: Module '"vscode"' has no exported member 'Progress'.
src/extension/conversation/vscode-node/remoteAgents.ts(7,296): error TS2305: Module '"vscode"' has no exported member 'Range'.
src/extension/conversation/vscode-node/remoteAgents.ts(7,303): error TS2305: Module '"vscode"' has no exported member 'TextDocument'.
src/extension/conversation/vscode-node/remoteAgents.ts(7,317): error TS2305: Module '"vscode"' has no exported member 'TextEditor'.
src/extension/conversation/vscode-node/remoteAgents.ts(7,329): error TS2305: Module '"vscode"' has no exported member 'ThemeIcon'.
src/extension/conversation/vscode-node/remoteAgents.ts(7,340): error TS2305: Module '"vscode"' has no exported member 'chat'.
src/extension/conversation/vscode-node/remoteAgents.ts(7,346): error TS2305: Module '"vscode"' has no exported member 'commands'.
src/extension/conversation/vscode-node/remoteAgents.ts(7,356): error TS2305: Module '"vscode"' has no exported member 'l10n'.
src/extension/conversation/vscode-node/remoteAgents.ts(192,38): error TS2339: Property 'globalState' does not exist on type 'IVSCodeExtensionContext'.
src/extension/conversation/vscode-node/remoteAgents.ts(192,106): error TS2339: Property 'workspaceState' does not exist on type 'IVSCodeExtensionContext'.
src/extension/conversation/vscode-node/remoteAgents.ts(196,58): error TS2339: Property 'globalState' does not exist on type 'IVSCodeExtensionContext'.
src/extension/conversation/vscode-node/remoteAgents.ts(196,100): error TS2339: Property 'workspaceState' does not exist on type 'IVSCodeExtensionContext'.
src/extension/conversation/vscode-node/remoteAgents.ts(212,97): error TS7006: Parameter 'request' implicitly has an 'any' type.
src/extension/conversation/vscode-node/remoteAgents.ts(212,106): error TS7006: Parameter 'context' implicitly has an 'any' type.
src/extension/conversation/vscode-node/remoteAgents.ts(212,115): error TS7006: Parameter 'responseStream' implicitly has an 'any' type.
src/extension/conversation/vscode-node/remoteAgents.ts(212,131): error TS7006: Parameter 'token' implicitly has an 'any' type.
src/extension/conversation/vscode-node/remoteAgents.ts(324,8): error TS2353: Object literal may only specify known properties, and 'errorDetails' does not exist in type 'ICopilotChatResult'.
src/extension/conversation/vscode-node/remoteAgents.ts(416,94): error TS7006: Parameter 'progress' implicitly has an 'any' type.
src/extension/conversation/vscode-node/remoteAgents.ts(423,112): error TS7006: Parameter 'progress' implicitly has an 'any' type.
src/extension/conversation/vscode-node/remoteAgents.ts(480,8): error TS2353: Object literal may only specify known properties, and 'errorDetails' does not exist in type 'ICopilotChatResult'.
src/extension/conversation/vscode-node/remoteAgents.ts(497,26): error TS2353: Object literal may only specify known properties, and 'nextQuestion' does not exist in type 'ICopilotChatResult'.
src/extension/conversation/vscode-node/remoteAgents.ts(500,8): error TS2353: Object literal may only specify known properties, and 'errorDetails' does not exist in type 'ICopilotChatResult'.
src/extension/conversation/vscode-node/remoteAgents.ts(505,8): error TS2353: Object literal may only specify known properties, and 'errorDetails' does not exist in type 'ICopilotChatResult'.
src/extension/conversation/vscode-node/remoteAgents.ts(538,37): error TS7006: Parameter 'query' implicitly has an 'any' type.
src/extension/conversation/vscode-node/remoteAgents.ts(538,44): error TS7006: Parameter 'token' implicitly has an 'any' type.
src/extension/conversation/vscode-node/remoteAgents.ts(552,31): error TS7006: Parameter 'e' implicitly has an 'any' type.
src/extension/conversation/vscode-node/remoteAgents.ts(737,45): error TS7006: Parameter 'c' implicitly has an 'any' type.
src/extension/conversation/vscode-node/remoteAgents.ts(738,45): error TS7006: Parameter 'c' implicitly has an 'any' type.
src/extension/conversation/vscode-node/remoteAgents.ts(763,35): error TS7006: Parameter 'r' implicitly has an 'any' type.
src/extension/conversation/vscode-node/remoteAgents.ts(771,14): error TS7006: Parameter 'r' implicitly has an 'any' type.
src/extension/conversation/vscode-node/terminalFixGenerator.ts(9,10): error TS2305: Module '"vscode"' has no exported member 'Uri'.
src/extension/conversation/vscode-node/terminalFixGenerator.ts(51,50): error TS2503: Cannot find namespace 'vscode'.
src/extension/conversation/vscode-node/terminalFixGenerator.ts(52,36): error TS2503: Cannot find namespace 'vscode'.
src/extension/conversation/vscode-node/terminalFixGenerator.ts(59,21): error TS2503: Cannot find namespace 'vscode'.
src/extension/conversation/vscode-node/terminalFixGenerator.ts(60,45): error TS2503: Cannot find namespace 'vscode'.
src/extension/conversation/vscode-node/terminalFixGenerator.ts(62,32): error TS2503: Cannot find namespace 'vscode'.
src/extension/conversation/vscode-node/terminalFixGenerator.ts(79,54): error TS2345: Argument of type 'CommandRelevance | undefined' is not assignable to parameter of type 'CommandRelevance'.
  Type 'undefined' is not assignable to type 'CommandRelevance'.
src/extension/conversation/vscode-node/terminalFixGenerator.ts(90,46): error TS2503: Cannot find namespace 'vscode'.
src/extension/conversation/vscode-node/terminalFixGenerator.ts(136,53): error TS2503: Cannot find namespace 'vscode'.
src/extension/conversation/vscode-node/terminalFixGenerator.ts(218,73): error TS2503: Cannot find namespace 'vscode'.
src/extension/conversation/vscode-node/test/conversationFeature.test.ts(59,20): error TS2339: Property 'subscriptions' does not exist on type 'IVSCodeExtensionContext'.
src/extension/conversation/vscode-node/test/conversationFeature.test.ts(59,42): error TS7006: Parameter 'sub' implicitly has an 'any' type.
src/extension/conversation/vscode-node/test/interactiveEditorSessionProvider.test.ts(7,10): error TS2305: Module '"vscode"' has no exported member 'Diagnostic'.
src/extension/conversation/vscode-node/test/interactiveEditorSessionProvider.test.ts(7,22): error TS2305: Module '"vscode"' has no exported member 'Range'.
src/extension/conversation/vscode-node/test/interactiveEditorSessionProvider.test.ts(7,29): error TS2305: Module '"vscode"' has no exported member 'TextDocument'.
src/extension/conversation/vscode-node/test/interactiveEditorSessionProvider.test.ts(7,43): error TS2305: Module '"vscode"' has no exported member 'workspace'.
src/extension/conversation/vscode-node/test/interactiveSessionProvider.telemetry.test.ts(29,19): error TS2503: Cannot find namespace 'vscode'.
src/extension/conversation/vscode-node/test/languageModelAccess.test.ts(43,36): error TS2503: Cannot find namespace 'vscode'.
src/extension/conversation/vscode-node/test/languageModelAccess.test.ts(43,79): error TS2503: Cannot find namespace 'vscode'.
src/extension/conversation/vscode-node/test/languageModelAccess.test.ts(72,36): error TS2503: Cannot find namespace 'vscode'.
src/extension/conversation/vscode-node/test/languageModelAccess.test.ts(72,79): error TS2503: Cannot find namespace 'vscode'.
src/extension/conversation/vscode-node/test/languageModelAccess.test.ts(120,25): error TS2503: Cannot find namespace 'vscode'.
src/extension/conversation/vscode-node/test/languageModelAccess.test.ts(126,15): error TS7006: Parameter 'part' implicitly has an 'any' type.
src/extension/conversation/vscode-node/test/languageModelAccess.test.ts(130,51): error TS2503: Cannot find namespace 'vscode'.
src/extension/conversation/vscode-node/userActions.ts(39,22): error TS2503: Cannot find namespace 'vscode'.
src/extension/conversation/vscode-node/userActions.ts(40,20): error TS2503: Cannot find namespace 'vscode'.
src/extension/conversation/vscode-node/userActions.ts(58,22): error TS2503: Cannot find namespace 'vscode'.
src/extension/conversation/vscode-node/userActions.ts(325,31): error TS2503: Cannot find namespace 'vscode'.
src/extension/conversation/vscode-node/userActions.ts(347,20): error TS2503: Cannot find namespace 'vscode'.
src/extension/conversation/vscode-node/userActions.ts(394,98): error TS2503: Cannot find namespace 'vscode'.
src/extension/conversation/vscode-node/userActions.ts(595,26): error TS2503: Cannot find namespace 'vscode'.
src/extension/conversation/vscode-node/welcomeMessageProvider.ts(13,74): error TS2503: Cannot find namespace 'vscode'.
src/extension/extension/vscode-node/extension.ts(6,10): error TS2305: Module '"vscode"' has no exported member 'ExtensionContext'.
src/extension/extension/vscode-node/services.ts(8,10): error TS2305: Module '"vscode"' has no exported member 'ExtensionContext'.
src/extension/extension/vscode-node/services.ts(8,28): error TS2305: Module '"vscode"' has no exported member 'ExtensionMode'.
src/extension/extension/vscode-node/services.ts(8,43): error TS2305: Module '"vscode"' has no exported member 'env'.
src/extension/extension/vscode-node/services.ts(8,48): error TS2305: Module '"vscode"' has no exported member 'workspace'.
src/extension/extension/vscode-worker/extension.ts(6,10): error TS2305: Module '"vscode"' has no exported member 'ExtensionContext'.
src/extension/extension/vscode-worker/services.ts(6,10): error TS2305: Module '"vscode"' has no exported member 'ExtensionContext'.
src/extension/extension/vscode/extension.ts(7,10): error TS2305: Module '"vscode"' has no exported member 'commands'.
src/extension/extension/vscode/extension.ts(7,20): error TS2305: Module '"vscode"' has no exported member 'env'.
src/extension/extension/vscode/extension.ts(7,25): error TS2305: Module '"vscode"' has no exported member 'ExtensionContext'.
src/extension/extension/vscode/extension.ts(7,43): error TS2305: Module '"vscode"' has no exported member 'ExtensionMode'.
src/extension/extension/vscode/extension.ts(7,58): error TS2305: Module '"vscode"' has no exported member 'l10n'.
src/extension/extension/vscode/services.ts(6,10): error TS2305: Module '"vscode"' has no exported member 'ExtensionContext'.
src/extension/extension/vscode/services.ts(6,28): error TS2305: Module '"vscode"' has no exported member 'ExtensionMode'.
src/extension/extension/vscode/services.ts(6,43): error TS2305: Module '"vscode"' has no exported member 'l10n'.
src/extension/externalAgents/node/modelProxyProvider.ts(6,1): error TS6133: 'vscode' is declared but its value is never read.
src/extension/externalAgents/node/modelProxyProvider.ts(12,52): error TS2503: Cannot find namespace 'vscode'.
src/extension/externalAgents/node/modelProxyProvider.ts(17,57): error TS2503: Cannot find namespace 'vscode'.
src/extension/externalAgents/node/modelProxyProvider.ts(17,92): error TS2503: Cannot find namespace 'vscode'.
src/extension/externalAgents/node/modelProxyProvider.ts(25,62): error TS2503: Cannot find namespace 'vscode'.
src/extension/externalAgents/node/modelProxyProvider.ts(26,23): error TS2503: Cannot find namespace 'vscode'.
src/extension/externalAgents/vscode-node/lmProxyContrib.ts(25,67): error TS2503: Cannot find namespace 'vscode'.
src/extension/getting-started/common/newWorkspaceContext.ts(16,36): error TS2339: Property 'globalState' does not exist on type 'IVSCodeExtensionContext'.
src/extension/getting-started/common/newWorkspaceContext.ts(17,33): error TS7006: Parameter 'context' implicitly has an 'any' type.
src/extension/getting-started/common/newWorkspaceContext.ts(27,19): error TS2339: Property 'globalState' does not exist on type 'IVSCodeExtensionContext'.
src/extension/getting-started/vscode-node/newWorkspaceInitializer.ts(7,10): error TS2305: Module '"vscode"' has no exported member 'l10n'.
src/extension/getting-started/vscode-node/newWorkspaceInitializer.ts(30,59): error TS2339: Property 'globalState' does not exist on type 'IVSCodeExtensionContext'.
src/extension/getting-started/vscode-node/newWorkspaceInitializer.ts(31,57): error TS7006: Parameter 'c' implicitly has an 'any' type.
src/extension/getting-started/vscode-node/newWorkspaceInitializer.ts(44,27): error TS2339: Property 'globalState' does not exist on type 'IVSCodeExtensionContext'.
src/extension/getting-started/vscode-node/newWorkspaceInitializer.ts(51,28): error TS2339: Property 'globalState' does not exist on type 'IVSCodeExtensionContext'.
src/extension/getting-started/vscode-node/newWorkspaceInitializer.ts(62,27): error TS2339: Property 'globalState' does not exist on type 'IVSCodeExtensionContext'.
src/extension/getting-started/vscode-node/newWorkspaceInitializer.ts(70,28): error TS2339: Property 'globalState' does not exist on type 'IVSCodeExtensionContext'.
src/extension/git/common/mergeConflictService.ts(6,15): error TS2305: Module '"vscode"' has no exported member 'CancellationToken'.
src/extension/git/common/mergeConflictService.ts(6,34): error TS2305: Module '"vscode"' has no exported member 'Uri'.
src/extension/git/vscode/mergeConflictParser.ts(14,15): error TS2503: Cannot find namespace 'vscode'.
src/extension/git/vscode/mergeConflictParser.ts(15,19): error TS2503: Cannot find namespace 'vscode'.
src/extension/git/vscode/mergeConflictParser.ts(16,13): error TS2503: Cannot find namespace 'vscode'.
src/extension/git/vscode/mergeConflictParser.ts(17,14): error TS2503: Cannot find namespace 'vscode'.
src/extension/git/vscode/mergeConflictParser.ts(21,9): error TS2503: Cannot find namespace 'vscode'.
src/extension/git/vscode/mergeConflictParser.ts(25,12): error TS2503: Cannot find namespace 'vscode'.
src/extension/git/vscode/mergeConflictParser.ts(30,10): error TS2503: Cannot find namespace 'vscode'.
src/extension/git/vscode/mergeConflictParser.ts(31,11): error TS2503: Cannot find namespace 'vscode'.
src/extension/git/vscode/mergeConflictParser.ts(32,20): error TS2503: Cannot find namespace 'vscode'.
src/extension/git/vscode/mergeConflictParser.ts(37,32): error TS2503: Cannot find namespace 'vscode'.
src/extension/git/vscode/mergeConflictParser.ts(99,36): error TS2503: Cannot find namespace 'vscode'.
src/extension/git/vscode/mergeConflictParser.ts(108,61): error TS2503: Cannot find namespace 'vscode'.
src/extension/git/vscode/mergeConflictParser.ts(114,33): error TS2503: Cannot find namespace 'vscode'.
src/extension/git/vscode/mergeConflictParser.ts(165,49): error TS2503: Cannot find namespace 'vscode'.
src/extension/git/vscode/mergeConflictParser.ts(165,77): error TS2503: Cannot find namespace 'vscode'.
src/extension/git/vscode/mergeConflictParser.ts(165,107): error TS2503: Cannot find namespace 'vscode'.
src/extension/git/vscode/mergeConflictParser.ts(165,125): error TS2503: Cannot find namespace 'vscode'.
src/extension/git/vscode/mergeConflictServiceImpl.ts(15,33): error TS2503: Cannot find namespace 'vscode'.
src/extension/git/vscode/mergeConflictServiceImpl.ts(28,41): error TS2503: Cannot find namespace 'vscode'.
src/extension/git/vscode/mergeConflictServiceImpl.ts(28,74): error TS2503: Cannot find namespace 'vscode'.
src/extension/git/vscode/mergeConflictServiceImpl.ts(34,22): error TS2503: Cannot find namespace 'vscode'.
src/extension/git/vscode/mergeConflictServiceImpl.ts(115,41): error TS2503: Cannot find namespace 'vscode'.
src/extension/git/vscode/mergeConflictServiceImpl.ts(115,74): error TS2503: Cannot find namespace 'vscode'.
src/extension/git/vscode/scmContextprovider.ts(72,66): error TS7006: Parameter 'e' implicitly has an 'any' type.
src/extension/githubMcp/common/githubMcpDefinitionProvider.ts(7,15): error TS2305: Module '"vscode"' has no exported member 'CancellationToken'.
src/extension/githubMcp/common/githubMcpDefinitionProvider.ts(7,34): error TS2305: Module '"vscode"' has no exported member 'McpHttpServerDefinition'.
src/extension/githubMcp/common/githubMcpDefinitionProvider.ts(7,59): error TS2305: Module '"vscode"' has no exported member 'McpServerDefinitionProvider'.
src/extension/githubMcp/test/node/githubMcpDefinitionProvider.spec.ts(7,15): error TS2305: Module '"vscode"' has no exported member 'AuthenticationGetSessionOptions'.
src/extension/githubMcp/test/node/githubMcpDefinitionProvider.spec.ts(7,48): error TS2305: Module '"vscode"' has no exported member 'AuthenticationSession'.
src/extension/githubMcp/vscode-node/githubMcp.contribution.ts(6,10): error TS2305: Module '"vscode"' has no exported member 'lm'.
src/extension/ignore/vscode-node/ignoreMessage.ts(6,10): error TS2305: Module '"vscode"' has no exported member 'l10n'.
src/extension/ignore/vscode-node/ignoreProvider.ts(12,38): error TS2503: Cannot find namespace 'vscode'.
src/extension/ignore/vscode-node/ignoreProvider.ts(17,26): error TS2503: Cannot find namespace 'vscode'.
src/extension/ignore/vscode-node/ignoreProvider.ts(17,45): error TS2503: Cannot find namespace 'vscode'.
src/extension/ignore/vscode-node/ignoreProvider.ts(17,72): error TS2503: Cannot find namespace 'vscode'.
src/extension/inlineChat/node/codeContextRegion.ts(6,1): error TS6133: 'vscode' is declared but its value is never read.
src/extension/inlineChat/node/codeContextRegion.ts(104,33): error TS2503: Cannot find namespace 'vscode'.
src/extension/inlineChat/node/diagnosticsTelemetry.ts(6,1): error TS6133: 'vscode' is declared but its value is never read.
src/extension/inlineChat/node/diagnosticsTelemetry.ts(16,53): error TS2503: Cannot find namespace 'vscode'.
src/extension/inlineChat/node/diagnosticsTelemetry.ts(16,88): error TS2503: Cannot find namespace 'vscode'.
src/extension/inlineChat/node/promptCraftingTypes.ts(6,1): error TS6133: 'vscode' is declared but its value is never read.
src/extension/inlineChat/node/promptCraftingTypes.ts(50,49): error TS2503: Cannot find namespace 'vscode'.
src/extension/inlineChat/node/promptCraftingTypes.ts(53,32): error TS2503: Cannot find namespace 'vscode'.
src/extension/inlineChat/node/promptCraftingTypes.ts(53,60): error TS2503: Cannot find namespace 'vscode'.
src/extension/inlineChat/node/promptCraftingTypes.ts(67,36): error TS2503: Cannot find namespace 'vscode'.
src/extension/inlineChat/node/promptCraftingTypes.ts(71,33): error TS2503: Cannot find namespace 'vscode'.
src/extension/inlineChat/node/promptCraftingTypes.ts(71,52): error TS2503: Cannot find namespace 'vscode'.
src/extension/inlineChat/node/promptCraftingTypes.ts(75,41): error TS2503: Cannot find namespace 'vscode'.
src/extension/inlineChat/node/promptCraftingTypes.ts(75,60): error TS2503: Cannot find namespace 'vscode'.
src/extension/inlineChat/node/promptCraftingTypes.ts(124,18): error TS2503: Cannot find namespace 'vscode'.
src/extension/inlineChat/vscode-node/inlineChatCodeActions.ts(15,20): error TS4112: This member cannot have an 'override' modifier because its containing class 'AICodeAction' does not extend another class.
src/extension/inlineChat/vscode-node/inlineChatCodeActions.ts(24,44): error TS2503: Cannot find namespace 'vscode'.
src/extension/inlineChat/vscode-node/inlineChatCodeActions.ts(43,65): error TS2503: Cannot find namespace 'vscode'.
src/extension/inlineChat/vscode-node/inlineChatCodeActions.ts(43,86): error TS2503: Cannot find namespace 'vscode'.
src/extension/inlineChat/vscode-node/inlineChatCodeActions.ts(47,57): error TS2503: Cannot find namespace 'vscode'.
src/extension/inlineChat/vscode-node/inlineChatCodeActions.ts(51,32): error TS2503: Cannot find namespace 'vscode'.
src/extension/inlineChat/vscode-node/inlineChatCodeActions.ts(51,60): error TS2503: Cannot find namespace 'vscode'.
src/extension/inlineChat/vscode-node/inlineChatCodeActions.ts(51,83): error TS2503: Cannot find namespace 'vscode'.
src/extension/inlineChat/vscode-node/inlineChatCodeActions.ts(51,128): error TS2503: Cannot find namespace 'vscode'.
src/extension/inlineChat/vscode-node/inlineChatCodeActions.ts(51,163): error TS2503: Cannot find namespace 'vscode'.
src/extension/inlineChat/vscode-node/inlineChatCodeActions.ts(65,22): error TS2503: Cannot find namespace 'vscode'.
src/extension/inlineChat/vscode-node/inlineChatCodeActions.ts(73,22): error TS2339: Property 'command' does not exist on type 'ImageCodeAction'.
src/extension/inlineChat/vscode-node/inlineChatCodeActions.ts(74,30): error TS2339: Property 'title' does not exist on type 'ImageCodeAction'.
src/extension/inlineChat/vscode-node/inlineChatCodeActions.ts(92,42): error TS2554: Expected 0 arguments, but got 2.
src/extension/inlineChat/vscode-node/inlineChatCodeActions.ts(93,17): error TS2339: Property 'command' does not exist on type 'AICodeAction'.
src/extension/inlineChat/vscode-node/inlineChatCodeActions.ts(94,25): error TS2339: Property 'title' does not exist on type 'AICodeAction'.
src/extension/inlineChat/vscode-node/inlineChatCodeActions.ts(109,38): error TS2554: Expected 0 arguments, but got 2.
src/extension/inlineChat/vscode-node/inlineChatCodeActions.ts(110,13): error TS2339: Property 'diagnostics' does not exist on type 'AICodeAction'.
src/extension/inlineChat/vscode-node/inlineChatCodeActions.ts(111,13): error TS2339: Property 'command' does not exist on type 'AICodeAction'.
src/extension/inlineChat/vscode-node/inlineChatCodeActions.ts(112,21): error TS2339: Property 'title' does not exist on type 'AICodeAction'.
src/extension/inlineChat/vscode-node/inlineChatCodeActions.ts(125,42): error TS2554: Expected 0 arguments, but got 2.
src/extension/inlineChat/vscode-node/inlineChatCodeActions.ts(126,17): error TS2339: Property 'diagnostics' does not exist on type 'AICodeAction'.
src/extension/inlineChat/vscode-node/inlineChatCodeActions.ts(128,17): error TS2339: Property 'command' does not exist on type 'AICodeAction'.
src/extension/inlineChat/vscode-node/inlineChatCodeActions.ts(129,25): error TS2339: Property 'title' does not exist on type 'AICodeAction'.
src/extension/inlineChat/vscode-node/inlineChatCodeActions.ts(138,43): error TS2503: Cannot find namespace 'vscode'.
src/extension/inlineChat/vscode-node/inlineChatCodeActions.ts(138,71): error TS2503: Cannot find namespace 'vscode'.
src/extension/inlineChat/vscode-node/inlineChatCodeActions.ts(150,5): error TS2353: Object literal may only specify known properties, and 'title' does not exist in type 'ImageCodeAction'.
src/extension/inlineChat/vscode-node/inlineChatCodeActions.ts(161,5): error TS2353: Object literal may only specify known properties, and 'title' does not exist in type 'ImageCodeAction'.
src/extension/inlineChat/vscode-node/inlineChatCodeActions.ts(184,43): error TS2503: Cannot find namespace 'vscode'.
src/extension/inlineChat/vscode-node/inlineChatCodeActions.ts(199,8): error TS2503: Cannot find namespace 'vscode'.
src/extension/inlineChat/vscode-node/inlineChatCodeActions.ts(200,10): error TS2503: Cannot find namespace 'vscode'.
src/extension/inlineChat/vscode-node/inlineChatCodeActions.ts(201,9): error TS2503: Cannot find namespace 'vscode'.
src/extension/inlineChat/vscode-node/inlineChatCodeActions.ts(202,22): error TS2503: Cannot find namespace 'vscode'.
src/extension/inlineChat/vscode-node/inlineChatCodeActions.ts(203,13): error TS2503: Cannot find namespace 'vscode'.
src/extension/inlineChat/vscode-node/inlineChatCodeActions.ts(226,53): error TS2503: Cannot find namespace 'vscode'.
src/extension/inlineChat/vscode-node/inlineChatCodeActions.ts(226,81): error TS2503: Cannot find namespace 'vscode'.
src/extension/inlineChat/vscode-node/inlineChatCodeActions.ts(226,96): error TS2503: Cannot find namespace 'vscode'.
src/extension/inlineChat/vscode-node/inlineChatCodeActions.ts(250,39): error TS2554: Expected 0 arguments, but got 2.
src/extension/inlineChat/vscode-node/inlineChatCodeActions.ts(252,14): error TS2339: Property 'command' does not exist on type 'AICodeAction'.
src/extension/inlineChat/vscode-node/inlineChatCodeActions.ts(253,22): error TS2339: Property 'title' does not exist on type 'AICodeAction'.
src/extension/inlineChat/vscode-node/inlineChatCommands.ts(65,61): error TS7006: Parameter 'd' implicitly has an 'any' type.
src/extension/inlineChat/vscode-node/inlineChatCommands.ts(110,46): error TS2503: Cannot find namespace 'vscode'.
src/extension/inlineChat/vscode-node/inlineChatCommands.ts(120,21): error TS7006: Parameter 'editBuilder' implicitly has an 'any' type.
src/extension/inlineChat/vscode-node/inlineChatCommands.ts(134,55): error TS2503: Cannot find namespace 'vscode'.
src/extension/inlineChat/vscode-node/inlineChatCommands.ts(149,42): error TS2503: Cannot find namespace 'vscode'.
src/extension/inlineChat/vscode-node/inlineChatCommands.ts(170,48): error TS2503: Cannot find namespace 'vscode'.
src/extension/inlineChat/vscode-node/inlineChatCommands.ts(189,44): error TS2503: Cannot find namespace 'vscode'.
src/extension/inlineChat/vscode-node/inlineChatCommands.ts(200,46): error TS2503: Cannot find namespace 'vscode'.
src/extension/inlineChat/vscode-node/inlineChatCommands.ts(211,41): error TS2339: Property 'extensionMode' does not exist on type 'IVSCodeExtensionContext'.
src/extension/inlineChat/vscode-node/inlineChatCommands.ts(215,41): error TS2503: Cannot find namespace 'vscode'.
src/extension/inlineChat/vscode-node/inlineChatCommands.ts(235,29): error TS2503: Cannot find namespace 'vscode'.
src/extension/inlineChat/vscode-node/inlineChatCommands.ts(248,91): error TS7006: Parameter 'diagnostic' implicitly has an 'any' type.
src/extension/inlineChat/vscode-node/inlineChatCommands.ts(250,10): error TS7006: Parameter 'd' implicitly has an 'any' type.
src/extension/inlineChat/vscode-node/inlineChatCommands.ts(271,108): error TS2503: Cannot find namespace 'vscode'.
src/extension/inlineChat/vscode-node/inlineChatCommands.ts(274,110): error TS2503: Cannot find namespace 'vscode'.
src/extension/inlineChat/vscode-node/inlineChatCommands.ts(281,109): error TS2503: Cannot find namespace 'vscode'.
src/extension/inlineChat/vscode-node/inlineChatCommands.ts(282,107): error TS2503: Cannot find namespace 'vscode'.
src/extension/inlineChat/vscode-node/inlineChatCommands.ts(286,111): error TS2503: Cannot find namespace 'vscode'.
src/extension/inlineChat/vscode-node/inlineChatCommands.ts(287,109): error TS2503: Cannot find namespace 'vscode'.
src/extension/inlineChat/vscode-node/inlineChatCommands.ts(291,89): error TS7006: Parameter 'thread' implicitly has an 'any' type.
src/extension/inlineChat/vscode-node/inlineChatCommands.ts(292,85): error TS7006: Parameter 'thread' implicitly has an 'any' type.
src/extension/inlineChat/vscode-node/inlineChatCommands.ts(293,88): error TS7006: Parameter 'thread' implicitly has an 'any' type.
src/extension/inlineChat/vscode-node/inlineChatCommands.ts(312,62): error TS2503: Cannot find namespace 'vscode'.
src/extension/inlineChat/vscode-node/inlineChatCommands.ts(328,60): error TS7006: Parameter 'editor' implicitly has an 'any' type.
src/extension/inlineChat/vscode-node/inlineChatCommands.ts(334,18): error TS2503: Cannot find namespace 'vscode'.
src/extension/inlineChat/vscode-node/inlineChatCommands.ts(356,35): error TS7006: Parameter 'e' implicitly has an 'any' type.
src/extension/inlineChat/vscode-node/inlineChatCommands.ts(360,16): error TS7006: Parameter 'e' implicitly has an 'any' type.
src/extension/inlineChat/vscode-node/inlineChatCommands.ts(372,14): error TS2339: Property 'errorDetails' does not exist on type 'ICopilotChatResult'.
src/extension/inlineChat/vscode-node/inlineChatCommands.ts(373,27): error TS2339: Property 'errorDetails' does not exist on type 'ICopilotChatResult'.
src/extension/inlineChat/vscode-node/inlineChatNotebookActions.ts(11,63): error TS2503: Cannot find namespace 'vscode'.
src/extension/inlineChat/vscode-node/inlineChatNotebookActions.ts(15,9): error TS2503: Cannot find namespace 'vscode'.
src/extension/inlineChat/vscode-node/inlineChatNotebookActions.ts(16,10): error TS2503: Cannot find namespace 'vscode'.
src/extension/inlineChat/vscode-node/inlineChatNotebookActions.ts(17,13): error TS2503: Cannot find namespace 'vscode'.
src/extension/inlineChat/vscode-node/inlineChatNotebookActions.ts(64,13): error TS7006: Parameter 'output' implicitly has an 'any' type.
src/extension/inlineChat/vscode-node/inlineChatNotebookActions.ts(65,10): error TS7006: Parameter 'item' implicitly has an 'any' type.
src/extension/inlineChat2/node/inlineChatIntent.ts(9,1): error TS6133: 'vscode' is declared but its value is never read.
src/extension/inlineChat2/node/inlineChatIntent.ts(84,59): error TS2503: Cannot find namespace 'vscode'.
src/extension/inlineChat2/node/inlineChatIntent.ts(84,87): error TS2503: Cannot find namespace 'vscode'.
src/extension/inlineChat2/node/inlineChatIntent.ts(84,278): error TS2503: Cannot find namespace 'vscode'.
src/extension/inlineChat2/node/inlineChatIntent.ts(209,74): error TS2503: Cannot find namespace 'vscode'.
src/extension/inlineChat2/node/inlineChatIntent.ts(209,102): error TS2503: Cannot find namespace 'vscode'.
src/extension/inlineChat2/node/inlineChatIntent.ts(276,34): error TS2503: Cannot find namespace 'vscode'.
src/extension/inlineChat2/node/inlineChatIntent.ts(329,74): error TS2503: Cannot find namespace 'vscode'.
src/extension/inlineChat2/node/inlineChatIntent.ts(329,102): error TS2503: Cannot find namespace 'vscode'.
src/extension/inlineChat2/node/inlineChatIntent.ts(329,175): error TS2503: Cannot find namespace 'vscode'.
src/extension/inlineChat2/node/inlineChatIntent.ts(346,34): error TS2503: Cannot find namespace 'vscode'.
src/extension/inlineChat2/node/inlineChatIntent.ts(347,42): error TS2503: Cannot find namespace 'vscode'.
src/extension/inlineChat2/node/inlineChatIntent.ts(417,31): error TS2503: Cannot find namespace 'vscode'.
src/extension/inlineChat2/node/inlineChatIntent.ts(446,44): error TS2503: Cannot find namespace 'vscode'.
src/extension/inlineChat2/node/inlineChatIntent.ts(446,117): error TS2503: Cannot find namespace 'vscode'.
src/extension/inlineChat2/node/inlineChatIntent.ts(457,22): error TS2503: Cannot find namespace 'vscode'.
src/extension/inlineChat2/node/inlineChatPrompt.tsx(8,15): error TS2305: Module '"vscode"' has no exported member 'CancellationToken'.
src/extension/inlineChat2/node/inlineChatPrompt.tsx(8,34): error TS2305: Module '"vscode"' has no exported member 'ExtendedLanguageModelToolResult'.
src/extension/inlineChat2/node/inlineChatPrompt.tsx(8,67): error TS2305: Module '"vscode"' has no exported member 'Position'.
src/extension/inlineChat2/node/inlineChatPrompt.tsx(8,77): error TS2305: Module '"vscode"' has no exported member 'Progress'.
src/extension/inlineChat2/node/progressMessagesPrompt.tsx(7,15): error TS2305: Module '"vscode"' has no exported member 'Uri'.
src/extension/inlineChat2/test/node/inlineChatIntent.spec.ts(7,1): error TS6133: 'vscode' is declared but its value is never read.
src/extension/inlineChat2/test/node/inlineChatIntent.spec.ts(105,47): error TS2503: Cannot find namespace 'vscode'.
src/extension/inlineChat2/test/node/inlineChatIntent.spec.ts(105,82): error TS2503: Cannot find namespace 'vscode'.
src/extension/inlineChat2/test/node/inlineChatIntent.spec.ts(105,106): error TS2503: Cannot find namespace 'vscode'.
src/extension/inlineChat2/test/node/inlineChatIntent.spec.ts(106,31): error TS2503: Cannot find namespace 'vscode'.
src/extension/inlineChat2/test/node/inlineChatIntent.spec.ts(107,19): error TS2503: Cannot find namespace 'vscode'.
src/extension/inlineChat2/test/node/inlineChatIntent.spec.ts(112,19): error TS2503: Cannot find namespace 'vscode'.
src/extension/inlineEdits/node/nextEditProvider.ts(7,1): error TS6133: 'vscode' is declared but its value is never read.
src/extension/inlineEdits/node/nextEditProvider.ts(133,53): error TS2503: Cannot find namespace 'vscode'.
src/extension/inlineEdits/node/nextEditProvider.ts(274,55): error TS2339: Property 'requestUuid' does not exist on type 'NESInlineCompletionContext'.
src/extension/inlineEdits/node/nextEditProvider.ts(371,16): error TS2339: Property 'requestIssuedDateTime' does not exist on type 'NESInlineCompletionContext'.
src/extension/inlineEdits/node/nextEditProvider.ts(373,43): error TS2339: Property 'requestUuid' does not exist on type 'NESInlineCompletionContext'.
src/extension/inlineEdits/node/nextEditResult.ts(6,15): error TS2305: Module '"vscode"' has no exported member 'Command'.
src/extension/inlineEdits/test/node/nextEditProviderCaching.spec.ts(121,49): error TS2353: Object literal may only specify known properties, and 'triggerKind' does not exist in type 'NESInlineCompletionContext'.
src/extension/inlineEdits/test/node/nextEditProviderCaching.spec.ts(231,49): error TS2353: Object literal may only specify known properties, and 'triggerKind' does not exist in type 'NESInlineCompletionContext'.
src/extension/inlineEdits/test/node/nextEditProviderCaching.spec.ts(306,49): error TS2353: Object literal may only specify known properties, and 'triggerKind' does not exist in type 'NESInlineCompletionContext'.
src/extension/inlineEdits/test/node/nextEditProviderSpeculative.spec.ts(173,3): error TS2353: Object literal may only specify known properties, and 'triggerKind' does not exist in type 'NESInlineCompletionContext'.
src/extension/inlineEdits/test/node/nextEditProviderSpeculative.spec.ts(621,5): error TS2353: Object literal may only specify known properties, and 'triggerKind' does not exist in type 'NESInlineCompletionContext'.
src/extension/inlineEdits/test/node/nextEditProviderSpeculative.spec.ts(1349,5): error TS2353: Object literal may only specify known properties, and 'triggerKind' does not exist in type 'NESInlineCompletionContext'.
src/extension/inlineEdits/test/vscode-node/documentFilter.ts(7,1): error TS6133: 'vscode' is declared but its value is never read.
src/extension/inlineEdits/test/vscode-node/documentFilter.ts(19,42): error TS2503: Cannot find namespace 'vscode'.
src/extension/inlineEdits/test/vscode-node/documentFilter.ts(23,8): error TS2503: Cannot find namespace 'vscode'.
src/extension/inlineEdits/test/vscode-node/inlineEditTriggerer.spec.ts(7,10): error TS2305: Module '"vscode"' has no exported member 'TextDocumentChangeReason'.
src/extension/inlineEdits/test/vscode-node/inlineEditTriggerer.spec.ts(7,36): error TS2305: Module '"vscode"' has no exported member 'TextEditor'.
src/extension/inlineEdits/test/vscode-node/inlineEditTriggerer.spec.ts(7,53): error TS2305: Module '"vscode"' has no exported member 'TextDocument'.
src/extension/inlineEdits/test/vscode-node/isInlineSuggestion.spec.ts(7,10): error TS2305: Module '"vscode"' has no exported member 'Position'.
src/extension/inlineEdits/test/vscode-node/isInlineSuggestion.spec.ts(7,20): error TS2305: Module '"vscode"' has no exported member 'Range'.
src/extension/inlineEdits/test/vscode-node/isInlineSuggestion.spec.ts(7,27): error TS2305: Module '"vscode"' has no exported member 'Uri'.
src/extension/inlineEdits/test/vscode-node/naturalLanguageHint.test.ts(12,97): error TS2503: Cannot find namespace 'vscode'.
src/extension/inlineEdits/vscode-node/components/expectedEditCaptureController.ts(6,10): error TS2305: Module '"vscode"' has no exported member 'commands'.
src/extension/inlineEdits/vscode-node/components/expectedEditCaptureController.ts(6,20): error TS2305: Module '"vscode"' has no exported member 'MarkdownString'.
src/extension/inlineEdits/vscode-node/components/expectedEditCaptureController.ts(6,36): error TS2305: Module '"vscode"' has no exported member 'StatusBarAlignment'.
src/extension/inlineEdits/vscode-node/components/expectedEditCaptureController.ts(6,56): error TS2305: Module '"vscode"' has no exported member 'StatusBarItem'.
src/extension/inlineEdits/vscode-node/components/expectedEditCaptureController.ts(6,71): error TS2305: Module '"vscode"' has no exported member 'ThemeColor'.
src/extension/inlineEdits/vscode-node/components/expectedEditCaptureController.ts(6,83): error TS2305: Module '"vscode"' has no exported member 'Uri'.
src/extension/inlineEdits/vscode-node/components/expectedEditCaptureController.ts(6,88): error TS2305: Module '"vscode"' has no exported member 'window'.
src/extension/inlineEdits/vscode-node/components/expectedEditCaptureController.ts(6,96): error TS2305: Module '"vscode"' has no exported member 'workspace'.
src/extension/inlineEdits/vscode-node/components/inlineEditDebugComponent.ts(6,10): error TS2305: Module '"vscode"' has no exported member 'Command'.
src/extension/inlineEdits/vscode-node/components/inlineEditDebugComponent.ts(6,19): error TS2305: Module '"vscode"' has no exported member 'commands'.
src/extension/inlineEdits/vscode-node/components/inlineEditDebugComponent.ts(6,29): error TS2305: Module '"vscode"' has no exported member 'ThemeIcon'.
src/extension/inlineEdits/vscode-node/components/inlineEditDebugComponent.ts(6,40): error TS2305: Module '"vscode"' has no exported member 'window'.
src/extension/inlineEdits/vscode-node/components/nesFeedbackSubmitter.ts(7,10): error TS2305: Module '"vscode"' has no exported member 'env'.
src/extension/inlineEdits/vscode-node/components/nesFeedbackSubmitter.ts(7,15): error TS2305: Module '"vscode"' has no exported member 'Uri'.
src/extension/inlineEdits/vscode-node/components/nesFeedbackSubmitter.ts(7,20): error TS2305: Module '"vscode"' has no exported member 'window'.
src/extension/inlineEdits/vscode-node/components/nesFeedbackSubmitter.ts(7,28): error TS2305: Module '"vscode"' has no exported member 'workspace'.
src/extension/inlineEdits/vscode-node/components/nesFeedbackSubmitter.ts(139,15): error TS7031: Binding element 'name' implicitly has an 'any' type.
src/extension/inlineEdits/vscode-node/components/nesFeedbackSubmitter.ts(139,21): error TS7031: Binding element 'type' implicitly has an 'any' type.
src/extension/inlineEdits/vscode-node/components/nesFeedbackSubmitter.ts(140,12): error TS7031: Binding element 'name' implicitly has an 'any' type.
src/extension/inlineEdits/vscode-node/components/nesFeedbackSubmitter.ts(326,47): error TS7006: Parameter 'item' implicitly has an 'any' type.
src/extension/inlineEdits/vscode-node/components/nesFeedbackSubmitter.ts(345,6): error TS2322: Type 'Set<unknown>' is not assignable to type 'Set<string>'.
  Type 'unknown' is not assignable to type 'string'.
src/extension/inlineEdits/vscode-node/components/nesFeedbackSubmitter.ts(353,50): error TS2345: Argument of type 'unknown[]' is not assignable to parameter of type 'string[]'.
  Type 'unknown' is not assignable to type 'string'.
src/extension/inlineEdits/vscode-node/components/nesFeedbackSubmitter.ts(372,5): error TS2322: Type 'Set<unknown>' is not assignable to type 'Set<string>'.
  Type 'unknown' is not assignable to type 'string'.
src/extension/inlineEdits/vscode-node/features/diagnosticsBasedCompletions/diagnosticsCompletions.ts(30,59): error TS2503: Cannot find namespace 'vscode'.
src/extension/inlineEdits/vscode-node/features/diagnosticsBasedCompletions/diagnosticsCompletions.ts(47,18): error TS2503: Cannot find namespace 'vscode'.
src/extension/inlineEdits/vscode-node/features/diagnosticsBasedCompletions/diagnosticsCompletions.ts(48,15): error TS2503: Cannot find namespace 'vscode'.
src/extension/inlineEdits/vscode-node/features/diagnosticsBasedCompletions/diagnosticsCompletions.ts(60,25): error TS2503: Cannot find namespace 'vscode'.
src/extension/inlineEdits/vscode-node/features/diagnosticsCompletionProcessor.ts(150,33): error TS2503: Cannot find namespace 'vscode'.
src/extension/inlineEdits/vscode-node/features/diagnosticsCompletionProcessor.ts(204,34): error TS2503: Cannot find namespace 'vscode'.
src/extension/inlineEdits/vscode-node/features/diagnosticsCompletionProcessor.ts(204,76): error TS2503: Cannot find namespace 'vscode'.
src/extension/inlineEdits/vscode-node/features/diagnosticsCompletionProcessor.ts(227,69): error TS7006: Parameter 'e' implicitly has an 'any' type.
src/extension/inlineEdits/vscode-node/features/diagnosticsCompletionProcessor.ts(240,43): error TS7006: Parameter 'result' implicitly has an 'any' type.
src/extension/inlineEdits/vscode-node/features/diagnosticsCompletionProcessor.ts(396,79): error TS2503: Cannot find namespace 'vscode'.
src/extension/inlineEdits/vscode-node/features/diagnosticsCompletionProcessor.ts(532,41): error TS2503: Cannot find namespace 'vscode'.
src/extension/inlineEdits/vscode-node/features/diagnosticsInlineEditProvider.ts(6,15): error TS2305: Module '"vscode"' has no exported member 'Command'.
src/extension/inlineEdits/vscode-node/inlineCompletionProvider.ts(7,10): error TS2305: Module '"vscode"' has no exported member 'CancellationToken'.
src/extension/inlineEdits/vscode-node/inlineCompletionProvider.ts(7,29): error TS2305: Module '"vscode"' has no exported member 'Command'.
src/extension/inlineEdits/vscode-node/inlineCompletionProvider.ts(7,38): error TS2305: Module '"vscode"' has no exported member 'EndOfLine'.
src/extension/inlineEdits/vscode-node/inlineCompletionProvider.ts(7,49): error TS2305: Module '"vscode"' has no exported member 'InlineCompletionContext'.
src/extension/inlineEdits/vscode-node/inlineCompletionProvider.ts(7,74): error TS2305: Module '"vscode"' has no exported member 'InlineCompletionDisplayLocation'.
src/extension/inlineEdits/vscode-node/inlineCompletionProvider.ts(7,107): error TS2305: Module '"vscode"' has no exported member 'InlineCompletionDisplayLocationKind'.
src/extension/inlineEdits/vscode-node/inlineCompletionProvider.ts(7,144): error TS2305: Module '"vscode"' has no exported member 'InlineCompletionEndOfLifeReason'.
src/extension/inlineEdits/vscode-node/inlineCompletionProvider.ts(7,177): error TS2305: Module '"vscode"' has no exported member 'InlineCompletionEndOfLifeReasonKind'.
src/extension/inlineEdits/vscode-node/inlineCompletionProvider.ts(7,214): error TS2305: Module '"vscode"' has no exported member 'InlineCompletionItem'.
src/extension/inlineEdits/vscode-node/inlineCompletionProvider.ts(7,236): error TS2305: Module '"vscode"' has no exported member 'InlineCompletionItemProvider'.
src/extension/inlineEdits/vscode-node/inlineCompletionProvider.ts(7,266): error TS2305: Module '"vscode"' has no exported member 'InlineCompletionList'.
src/extension/inlineEdits/vscode-node/inlineCompletionProvider.ts(7,288): error TS2305: Module '"vscode"' has no exported member 'InlineCompletionModelInfo'.
src/extension/inlineEdits/vscode-node/inlineCompletionProvider.ts(7,315): error TS2305: Module '"vscode"' has no exported member 'InlineCompletionProviderOption'.
src/extension/inlineEdits/vscode-node/inlineCompletionProvider.ts(7,347): error TS2305: Module '"vscode"' has no exported member 'InlineCompletionsDisposeReason'.
src/extension/inlineEdits/vscode-node/inlineCompletionProvider.ts(7,379): error TS2305: Module '"vscode"' has no exported member 'InlineCompletionsDisposeReasonKind'.
src/extension/inlineEdits/vscode-node/inlineCompletionProvider.ts(7,415): error TS2305: Module '"vscode"' has no exported member 'NotebookCell'.
src/extension/inlineEdits/vscode-node/inlineCompletionProvider.ts(7,429): error TS2305: Module '"vscode"' has no exported member 'NotebookCellKind'.
src/extension/inlineEdits/vscode-node/inlineCompletionProvider.ts(7,447): error TS2305: Module '"vscode"' has no exported member 'Position'.
src/extension/inlineEdits/vscode-node/inlineCompletionProvider.ts(7,457): error TS2305: Module '"vscode"' has no exported member 'Range'.
src/extension/inlineEdits/vscode-node/inlineCompletionProvider.ts(7,464): error TS2305: Module '"vscode"' has no exported member 'TextDocument'.
src/extension/inlineEdits/vscode-node/inlineCompletionProvider.ts(7,478): error TS2305: Module '"vscode"' has no exported member 'TextDocumentShowOptions'.
src/extension/inlineEdits/vscode-node/inlineCompletionProvider.ts(7,503): error TS2305: Module '"vscode"' has no exported member 'Uri'.
src/extension/inlineEdits/vscode-node/inlineCompletionProvider.ts(7,508): error TS2305: Module '"vscode"' has no exported member 'window'.
src/extension/inlineEdits/vscode-node/inlineCompletionProvider.ts(7,516): error TS2305: Module '"vscode"' has no exported member 'workspace'.
src/extension/inlineEdits/vscode-node/inlineCompletionProvider.ts(77,18): error TS4112: This member cannot have an 'override' modifier because its containing class 'NesCompletionList' does not extend another class.
src/extension/inlineEdits/vscode-node/inlineCompletionProvider.ts(82,3): error TS4112: This member cannot have an 'override' modifier because its containing class 'NesCompletionList' does not extend another class.
src/extension/inlineEdits/vscode-node/inlineCompletionProvider.ts(247,109): error TS2339: Property 'requestUuid' does not exist on type 'NESInlineCompletionContext'.
src/extension/inlineEdits/vscode-node/inlineCompletionProvider.ts(270,43): error TS2339: Property 'selectedCompletionInfo' does not exist on type 'NESInlineCompletionContext'.
src/extension/inlineEdits/vscode-node/inlineCompletionProvider.ts(287,45): error TS2339: Property 'requestUuid' does not exist on type 'NESInlineCompletionContext'.
src/extension/inlineEdits/vscode-node/inlineCompletionProvider.ts(317,63): error TS2339: Property 'requestIssuedDateTime' does not exist on type 'NESInlineCompletionContext'.
src/extension/inlineEdits/vscode-node/inlineCompletionProvider.ts(334,52): error TS2339: Property 'requestUuid' does not exist on type 'NESInlineCompletionContext'.
src/extension/inlineEdits/vscode-node/inlineCompletionProvider.ts(351,94): error TS2339: Property 'requestUuid' does not exist on type 'NESInlineCompletionContext'.
src/extension/inlineEdits/vscode-node/inlineCompletionProvider.ts(353,86): error TS2339: Property 'requestUuid' does not exist on type 'NESInlineCompletionContext'.
src/extension/inlineEdits/vscode-node/inlineCompletionProvider.ts(373,6): error TS2353: Object literal may only specify known properties, and 'correlationId' does not exist in type 'NesCompletionItem'.
src/extension/inlineEdits/vscode-node/inlineCompletionProvider.ts(375,42): error TS2339: Property 'requestUuid' does not exist on type 'NESInlineCompletionContext'.
src/extension/inlineEdits/vscode-node/inlineCompletionProvider.ts(435,6): error TS2322: Type '{ range: any; insertText: string; command: any; uri: any; } | undefined' is not assignable to type 'Omit<NesCompletionItem, "info" | "action" | "telemetryBuilder" | "wasShown" | "showInlineEditMenu" | "isInlineEdit"> | undefined'.
  Object literal may only specify known properties, and 'range' does not exist in type 'Omit<NesCompletionItem, "info" | "action" | "telemetryBuilder" | "wasShown" | "showInlineEditMenu" | "isInlineEdit">'.
src/extension/inlineEdits/vscode-node/inlineCompletionProvider.ts(488,5): error TS2353: Object literal may only specify known properties, and 'action' does not exist in type 'NesCompletionItem'.
src/extension/inlineEdits/vscode-node/inlineCompletionProvider.ts(497,41): error TS2339: Property 'requestUuid' does not exist on type 'NESInlineCompletionContext'.
src/extension/inlineEdits/vscode-node/inlineCompletionProvider.ts(537,4): error TS2353: Object literal may only specify known properties, and 'range' does not exist in type 'Omit<NesCompletionItem, "info" | "action" | "telemetryBuilder" | "wasShown" | "showInlineEditMenu" | "isInlineEdit">'.
src/extension/inlineEdits/vscode-node/inlineCompletionProvider.ts(567,4): error TS2353: Object literal may only specify known properties, and 'range' does not exist in type 'Omit<NesCompletionItem, "info" | "action" | "telemetryBuilder" | "wasShown" | "showInlineEditMenu" | "isInlineEdit">'.
src/extension/inlineEdits/vscode-node/inlineCompletionProvider.ts(631,28): error TS2339: Property 'insertText' does not exist on type 'NesCompletionItem'.
src/extension/inlineEdits/vscode-node/inlineCompletionProvider.ts(632,29): error TS2339: Property 'range' does not exist on type 'NesCompletionItem'.
src/extension/inlineEdits/vscode-node/inlineCompletionProvider.ts(633,13): error TS2339: Property 'range' does not exist on type 'NesCompletionItem'.
src/extension/inlineEdits/vscode-node/inlineCompletionProvider.ts(634,13): error TS2339: Property 'range' does not exist on type 'NesCompletionItem'.
src/extension/inlineEdits/vscode-node/inlineCompletionProvider.ts(635,13): error TS2339: Property 'range' does not exist on type 'NesCompletionItem'.
src/extension/inlineEdits/vscode-node/inlineCompletionProvider.ts(636,13): error TS2339: Property 'range' does not exist on type 'NesCompletionItem'.
src/extension/inlineEdits/vscode-node/inlineCompletionProvider.ts(692,84): error TS2554: Expected 1 arguments, but got 2.
src/extension/inlineEdits/vscode-node/inlineCompletionProvider.ts(785,52): error TS7006: Parameter 'editor' implicitly has an 'any' type.
src/extension/inlineEdits/vscode-node/inlineCompletionProvider.ts(786,79): error TS7006: Parameter 'range' implicitly has an 'any' type.
src/extension/inlineEdits/vscode-node/inlineCompletionProvider.ts(800,11): error TS7006: Parameter 'c' implicitly has an 'any' type.
src/extension/inlineEdits/vscode-node/inlineCompletionProvider.ts(801,8): error TS7006: Parameter 'c' implicitly has an 'any' type.
src/extension/inlineEdits/vscode-node/inlineEditProviderFeature.ts(6,10): error TS2305: Module '"vscode"' has no exported member 'commands'.
src/extension/inlineEdits/vscode-node/inlineEditProviderFeature.ts(6,20): error TS2305: Module '"vscode"' has no exported member 'languages'.
src/extension/inlineEdits/vscode-node/inlineEditProviderFeature.ts(6,31): error TS2305: Module '"vscode"' has no exported member 'window'.
src/extension/inlineEdits/vscode-node/inlineEditProviderFeature.ts(130,63): error TS2339: Property 'globalStorageUri' does not exist on type 'IVSCodeExtensionContext'.
src/extension/inlineEdits/vscode-node/inlineEditTriggerer.ts(6,1): error TS6133: 'vscode' is declared but its value is never read.
src/extension/inlineEdits/vscode-node/inlineEditTriggerer.ts(7,10): error TS2305: Module '"vscode"' has no exported member 'TextDocumentChangeReason'.
src/extension/inlineEdits/vscode-node/inlineEditTriggerer.ts(41,38): error TS2503: Cannot find namespace 'vscode'.
src/extension/inlineEdits/vscode-node/inlineEditTriggerer.ts(84,32): error TS2503: Cannot find namespace 'vscode'.
src/extension/inlineEdits/vscode-node/inlineEditTriggerer.ts(89,65): error TS7006: Parameter 'e' implicitly has an 'any' type.
src/extension/inlineEdits/vscode-node/inlineEditTriggerer.ts(117,72): error TS7006: Parameter 'e' implicitly has an 'any' type.
src/extension/inlineEdits/vscode-node/inlineEditTriggerer.ts(120,36): error TS2503: Cannot find namespace 'vscode'.
src/extension/inlineEdits/vscode-node/inlineEditTriggerer.ts(185,6): error TS2503: Cannot find namespace 'vscode'.
src/extension/inlineEdits/vscode-node/inlineEditTriggerer.ts(237,106): error TS2503: Cannot find namespace 'vscode'.
src/extension/inlineEdits/vscode-node/inlineEditTriggerer.ts(293,43): error TS2503: Cannot find namespace 'vscode'.
src/extension/inlineEdits/vscode-node/isInlineSuggestion.ts(6,10): error TS2305: Module '"vscode"' has no exported member 'Position'.
src/extension/inlineEdits/vscode-node/isInlineSuggestion.ts(6,20): error TS2305: Module '"vscode"' has no exported member 'Range'.
src/extension/inlineEdits/vscode-node/isInlineSuggestion.ts(6,27): error TS2305: Module '"vscode"' has no exported member 'TextDocument'.
src/extension/inlineEdits/vscode-node/jointInlineCompletionProvider.ts(8,10): error TS2305: Module '"vscode"' has no exported member 'InlineCompletionModelInfo'.
src/extension/inlineEdits/vscode-node/jointInlineCompletionProvider.ts(8,37): error TS2305: Module '"vscode"' has no exported member 'InlineCompletionProviderOption'.
src/extension/inlineEdits/vscode-node/jointInlineCompletionProvider.ts(139,65): error TS2339: Property 'globalStorageUri' does not exist on type 'IVSCodeExtensionContext'.
src/extension/inlineEdits/vscode-node/jointInlineCompletionProvider.ts(269,20): error TS2353: Object literal may only specify known properties, and 'items' does not exist in type '{ source: "inlineEdits"; } & NesCompletionList'.
src/extension/inlineEdits/vscode-node/jointInlineCompletionProvider.ts(269,32): error TS2339: Property 'items' does not exist on type 'NesCompletionList'.
src/extension/inlineEdits/vscode-node/jointInlineCompletionProvider.ts(269,42): error TS7006: Parameter 'item' implicitly has an 'any' type.
src/extension/inlineEdits/vscode-node/jointInlineCompletionProvider.ts(273,10): error TS2503: Cannot find namespace 'vscode'.
src/extension/inlineEdits/vscode-node/jointInlineCompletionProvider.ts(279,62): error TS2503: Cannot find namespace 'vscode'.
src/extension/inlineEdits/vscode-node/jointInlineCompletionProvider.ts(281,40): error TS2503: Cannot find namespace 'vscode'.
src/extension/inlineEdits/vscode-node/jointInlineCompletionProvider.ts(282,32): error TS2503: Cannot find namespace 'vscode'.
src/extension/inlineEdits/vscode-node/jointInlineCompletionProvider.ts(360,54): error TS2503: Cannot find namespace 'vscode'.
src/extension/inlineEdits/vscode-node/jointInlineCompletionProvider.ts(360,85): error TS2503: Cannot find namespace 'vscode'.
src/extension/inlineEdits/vscode-node/jointInlineCompletionProvider.ts(360,111): error TS2503: Cannot find namespace 'vscode'.
src/extension/inlineEdits/vscode-node/jointInlineCompletionProvider.ts(360,150): error TS2503: Cannot find namespace 'vscode'.
src/extension/inlineEdits/vscode-node/jointInlineCompletionProvider.ts(375,70): error TS2503: Cannot find namespace 'vscode'.
src/extension/inlineEdits/vscode-node/jointInlineCompletionProvider.ts(375,101): error TS2503: Cannot find namespace 'vscode'.
src/extension/inlineEdits/vscode-node/jointInlineCompletionProvider.ts(375,127): error TS2503: Cannot find namespace 'vscode'.
src/extension/inlineEdits/vscode-node/jointInlineCompletionProvider.ts(375,166): error TS2503: Cannot find namespace 'vscode'.
src/extension/inlineEdits/vscode-node/jointInlineCompletionProvider.ts(422,62): error TS2503: Cannot find namespace 'vscode'.
src/extension/inlineEdits/vscode-node/jointInlineCompletionProvider.ts(422,93): error TS2503: Cannot find namespace 'vscode'.
src/extension/inlineEdits/vscode-node/jointInlineCompletionProvider.ts(422,119): error TS2503: Cannot find namespace 'vscode'.
src/extension/inlineEdits/vscode-node/jointInlineCompletionProvider.ts(422,158): error TS2503: Cannot find namespace 'vscode'.
src/extension/inlineEdits/vscode-node/jointInlineCompletionProvider.ts(451,55): error TS2339: Property 'items' does not exist on type '{ source: "inlineEdits"; } & NesCompletionList'.
src/extension/inlineEdits/vscode-node/jointInlineCompletionProvider.ts(455,28): error TS2339: Property 'items' does not exist on type '{ source: "inlineEdits"; } & NesCompletionList'.
src/extension/inlineEdits/vscode-node/jointInlineCompletionProvider.ts(456,19): error TS2339: Property 'range' does not exist on type 'NesCompletionItem'.
src/extension/inlineEdits/vscode-node/jointInlineCompletionProvider.ts(456,45): error TS2339: Property 'insertText' does not exist on type 'NesCompletionItem'.
src/extension/inlineEdits/vscode-node/jointInlineCompletionProvider.ts(460,18): error TS2339: Property 'uri' does not exist on type 'NesCompletionItem'.
src/extension/inlineEdits/vscode-node/jointInlineCompletionProvider.ts(460,35): error TS2339: Property 'uri' does not exist on type 'NesCompletionItem'.
src/extension/inlineEdits/vscode-node/jointInlineCompletionProvider.ts(461,79): error TS2339: Property 'uri' does not exist on type 'NesCompletionItem'.
src/extension/inlineEdits/vscode-node/jointInlineCompletionProvider.ts(465,57): error TS2339: Property 'range' does not exist on type 'NesCompletionItem'.
src/extension/inlineEdits/vscode-node/jointInlineCompletionProvider.ts(465,74): error TS2339: Property 'insertText' does not exist on type 'NesCompletionItem'.
src/extension/inlineEdits/vscode-node/jointInlineCompletionProvider.ts(499,42): error TS2503: Cannot find namespace 'vscode'.
src/extension/inlineEdits/vscode-node/jointInlineCompletionProvider.ts(500,13): error TS2503: Cannot find namespace 'vscode'.
src/extension/inlineEdits/vscode-node/jointInlineCompletionProvider.ts(502,12): error TS2503: Cannot find namespace 'vscode'.
src/extension/inlineEdits/vscode-node/jointInlineCompletionProvider.ts(550,122): error TS2339: Property 'items' does not exist on type 'NesCompletionList'.
src/extension/inlineEdits/vscode-node/jointInlineCompletionProvider.ts(589,167): error TS2339: Property 'items' does not exist on type 'NesCompletionList'.
src/extension/inlineEdits/vscode-node/jointInlineCompletionProvider.ts(598,56): error TS2503: Cannot find namespace 'vscode'.
src/extension/inlineEdits/vscode-node/jointInlineCompletionProvider.ts(598,87): error TS2503: Cannot find namespace 'vscode'.
src/extension/inlineEdits/vscode-node/jointInlineCompletionProvider.ts(598,141): error TS2503: Cannot find namespace 'vscode'.
src/extension/inlineEdits/vscode-node/jointInlineCompletionProvider.ts(606,110): error TS2339: Property 'items' does not exist on type 'NesCompletionList'.
src/extension/inlineEdits/vscode-node/jointInlineCompletionProvider.ts(617,64): error TS2503: Cannot find namespace 'vscode'.
src/extension/inlineEdits/vscode-node/jointInlineCompletionProvider.ts(617,95): error TS2503: Cannot find namespace 'vscode'.
src/extension/inlineEdits/vscode-node/jointInlineCompletionProvider.ts(617,121): error TS2503: Cannot find namespace 'vscode'.
src/extension/inlineEdits/vscode-node/jointInlineCompletionProvider.ts(674,20): error TS2339: Property 'items' does not exist on type 'NesCompletionList'.
src/extension/inlineEdits/vscode-node/jointInlineCompletionProvider.ts(676,21): error TS2339: Property 'items' does not exist on type 'NesCompletionList'.
src/extension/inlineEdits/vscode-node/jointInlineCompletionProvider.ts(690,21): error TS2503: Cannot find namespace 'vscode'.
src/extension/inlineEdits/vscode-node/jointInlineCompletionProvider.ts(709,29): error TS2503: Cannot find namespace 'vscode'.
src/extension/inlineEdits/vscode-node/jointInlineCompletionProvider.ts(723,40): error TS2339: Property 'range' does not exist on type 'NesCompletionItem'.
src/extension/inlineEdits/vscode-node/jointInlineCompletionProvider.ts(723,78): error TS2339: Property 'insertText' does not exist on type 'NesCompletionItem'.
src/extension/inlineEdits/vscode-node/jointInlineCompletionProvider.ts(726,46): error TS2339: Property 'range' does not exist on type 'NesCompletionItem'.
src/extension/inlineEdits/vscode-node/jointInlineCompletionProvider.ts(726,61): error TS2339: Property 'insertText' does not exist on type 'NesCompletionItem'.
src/extension/inlineEdits/vscode-node/jointInlineCompletionProvider.ts(730,53): error TS2503: Cannot find namespace 'vscode'.
src/extension/inlineEdits/vscode-node/jointInlineCompletionProvider.ts(766,114): error TS2503: Cannot find namespace 'vscode'.
src/extension/inlineEdits/vscode-node/jointInlineCompletionProvider.ts(779,78): error TS2503: Cannot find namespace 'vscode'.
src/extension/inlineEdits/vscode-node/jointInlineCompletionProvider.ts(792,72): error TS2503: Cannot find namespace 'vscode'.
src/extension/inlineEdits/vscode-node/jointInlineCompletionProvider.ts(809,48): error TS2503: Cannot find namespace 'vscode'.
src/extension/inlineEdits/vscode-node/jointInlineCompletionProvider.ts(817,45): error TS2503: Cannot find namespace 'vscode'.
src/extension/inlineEdits/vscode-node/jointInlineCompletionProvider.ts(817,111): error TS2503: Cannot find namespace 'vscode'.
src/extension/inlineEdits/vscode-node/jointInlineCompletionProvider.ts(817,173): error TS2503: Cannot find namespace 'vscode'.
src/extension/inlineEdits/vscode-node/naturalLanguageHint.ts(34,35): error TS2503: Cannot find namespace 'vscode'.
src/extension/inlineEdits/vscode-node/naturalLanguageHint.ts(34,66): error TS2503: Cannot find namespace 'vscode'.
src/extension/inlineEdits/vscode-node/naturalLanguageHint.ts(96,55): error TS2503: Cannot find namespace 'vscode'.
src/extension/inlineEdits/vscode-node/naturalLanguageHint.ts(96,86): error TS2503: Cannot find namespace 'vscode'.
src/extension/inlineEdits/vscode-node/parts/common.ts(6,10): error TS2305: Module '"vscode"' has no exported member 'TextDocument'.
src/extension/inlineEdits/vscode-node/parts/common.ts(6,24): error TS2305: Module '"vscode"' has no exported member 'TextDocumentContentChangeEvent'.
src/extension/inlineEdits/vscode-node/parts/documentFilter.ts(6,10): error TS2305: Module '"vscode"' has no exported member 'NotebookDocument'.
src/extension/inlineEdits/vscode-node/parts/documentFilter.ts(6,28): error TS2305: Module '"vscode"' has no exported member 'TextDocument'.
src/extension/inlineEdits/vscode-node/parts/verifyTextDocumentChanges.ts(6,10): error TS2305: Module '"vscode"' has no exported member 'EndOfLine'.
src/extension/inlineEdits/vscode-node/parts/verifyTextDocumentChanges.ts(6,21): error TS2305: Module '"vscode"' has no exported member 'TextDocument'.
src/extension/inlineEdits/vscode-node/parts/verifyTextDocumentChanges.ts(6,35): error TS2305: Module '"vscode"' has no exported member 'TextDocumentChangeEvent'.
src/extension/inlineEdits/vscode-node/parts/verifyTextDocumentChanges.ts(6,60): error TS2305: Module '"vscode"' has no exported member 'workspace'.
src/extension/inlineEdits/vscode-node/parts/verifyTextDocumentChanges.ts(41,50): error TS7006: Parameter 'doc' implicitly has an 'any' type.
src/extension/inlineEdits/vscode-node/parts/verifyTextDocumentChanges.ts(49,51): error TS7006: Parameter 'doc' implicitly has an 'any' type.
src/extension/inlineEdits/vscode-node/parts/verifyTextDocumentChanges.ts(57,35): error TS7006: Parameter 'doc' implicitly has an 'any' type.
src/extension/inlineEdits/vscode-node/parts/verifyTextDocumentChanges.ts(65,52): error TS7006: Parameter 'e' implicitly has an 'any' type.
src/extension/inlineEdits/vscode-node/parts/vscodeWorkspace.ts(6,10): error TS2305: Module '"vscode"' has no exported member 'CancellationToken'.
src/extension/inlineEdits/vscode-node/parts/vscodeWorkspace.ts(6,29): error TS2305: Module '"vscode"' has no exported member 'CodeAction'.
src/extension/inlineEdits/vscode-node/parts/vscodeWorkspace.ts(6,41): error TS2305: Module '"vscode"' has no exported member 'CodeActionKind'.
src/extension/inlineEdits/vscode-node/parts/vscodeWorkspace.ts(6,57): error TS2305: Module '"vscode"' has no exported member 'commands'.
src/extension/inlineEdits/vscode-node/parts/vscodeWorkspace.ts(6,67): error TS2305: Module '"vscode"' has no exported member 'Diagnostic'.
src/extension/inlineEdits/vscode-node/parts/vscodeWorkspace.ts(6,79): error TS2305: Module '"vscode"' has no exported member 'DiagnosticSeverity'.
src/extension/inlineEdits/vscode-node/parts/vscodeWorkspace.ts(6,99): error TS2305: Module '"vscode"' has no exported member 'languages'.
src/extension/inlineEdits/vscode-node/parts/vscodeWorkspace.ts(6,110): error TS2305: Module '"vscode"' has no exported member 'NotebookCell'.
src/extension/inlineEdits/vscode-node/parts/vscodeWorkspace.ts(6,124): error TS2305: Module '"vscode"' has no exported member 'NotebookCellKind'.
src/extension/inlineEdits/vscode-node/parts/vscodeWorkspace.ts(6,142): error TS2305: Module '"vscode"' has no exported member 'NotebookDocument'.
src/extension/inlineEdits/vscode-node/parts/vscodeWorkspace.ts(6,160): error TS2305: Module '"vscode"' has no exported member 'Range'.
src/extension/inlineEdits/vscode-node/parts/vscodeWorkspace.ts(6,167): error TS2305: Module '"vscode"' has no exported member 'TextDocument'.
src/extension/inlineEdits/vscode-node/parts/vscodeWorkspace.ts(6,181): error TS2305: Module '"vscode"' has no exported member 'TextEditor'.
src/extension/inlineEdits/vscode-node/parts/vscodeWorkspace.ts(6,193): error TS2305: Module '"vscode"' has no exported member 'Uri'.
src/extension/inlineEdits/vscode-node/parts/vscodeWorkspace.ts(6,198): error TS2305: Module '"vscode"' has no exported member 'window'.
src/extension/inlineEdits/vscode-node/parts/vscodeWorkspace.ts(6,206): error TS2305: Module '"vscode"' has no exported member 'workspace'.
src/extension/inlineEdits/vscode-node/parts/vscodeWorkspace.ts(52,39): error TS7006: Parameter 'doc' implicitly has an 'any' type.
src/extension/inlineEdits/vscode-node/parts/vscodeWorkspace.ts(84,53): error TS7006: Parameter 'e' implicitly has an 'any' type.
src/extension/inlineEdits/vscode-node/parts/vscodeWorkspace.ts(109,56): error TS7006: Parameter 'e' implicitly has an 'any' type.
src/extension/inlineEdits/vscode-node/parts/vscodeWorkspace.ts(112,57): error TS7006: Parameter 'e' implicitly has an 'any' type.
src/extension/inlineEdits/vscode-node/parts/vscodeWorkspace.ts(129,26): error TS7006: Parameter 'c' implicitly has an 'any' type.
src/extension/inlineEdits/vscode-node/parts/vscodeWorkspace.ts(129,62): error TS7006: Parameter 'c' implicitly has an 'any' type.
src/extension/inlineEdits/vscode-node/parts/vscodeWorkspace.ts(132,45): error TS7006: Parameter 'c' implicitly has an 'any' type.
src/extension/inlineEdits/vscode-node/parts/vscodeWorkspace.ts(136,57): error TS7006: Parameter 'e' implicitly has an 'any' type.
src/extension/inlineEdits/vscode-node/parts/vscodeWorkspace.ts(142,31): error TS7006: Parameter 's' implicitly has an 'any' type.
src/extension/inlineEdits/vscode-node/parts/vscodeWorkspace.ts(144,22): error TS2345: Argument of type 'unknown[]' is not assignable to parameter of type 'readonly OffsetRange[]'.
  Type 'unknown' is not assignable to type 'OffsetRange'.
src/extension/inlineEdits/vscode-node/parts/vscodeWorkspace.ts(148,61): error TS7006: Parameter 'e' implicitly has an 'any' type.
src/extension/inlineEdits/vscode-node/parts/vscodeWorkspace.ts(154,34): error TS7006: Parameter 'r' implicitly has an 'any' type.
src/extension/inlineEdits/vscode-node/parts/vscodeWorkspace.ts(156,26): error TS2345: Argument of type 'unknown[]' is not assignable to parameter of type 'readonly OffsetRange[]'.
  Type 'unknown' is not assignable to type 'OffsetRange'.
src/extension/inlineEdits/vscode-node/parts/vscodeWorkspace.ts(159,52): error TS7006: Parameter 'e' implicitly has an 'any' type.
src/extension/inlineEdits/vscode-node/parts/vscodeWorkspace.ts(160,19): error TS7006: Parameter 'uri' implicitly has an 'any' type.
src/extension/inlineEdits/vscode-node/parts/vscodeWorkspace.ts(206,60): error TS7006: Parameter 'e' implicitly has an 'any' type.
src/extension/inlineEdits/vscode-node/parts/vscodeWorkspace.ts(209,73): error TS7006: Parameter 's' implicitly has an 'any' type.
src/extension/inlineEdits/vscode-node/parts/vscodeWorkspace.ts(210,79): error TS7006: Parameter 'r' implicitly has an 'any' type.
src/extension/inlineEdits/vscode-node/parts/vscodeWorkspace.ts(212,28): error TS2345: Argument of type 'unknown[]' is not assignable to parameter of type 'readonly OffsetRange[]'.
  Type 'unknown' is not assignable to type 'OffsetRange'.
src/extension/inlineEdits/vscode-node/parts/vscodeWorkspace.ts(214,32): error TS2345: Argument of type 'unknown[]' is not assignable to parameter of type 'readonly OffsetRange[]'.
  Type 'unknown' is not assignable to type 'OffsetRange'.
src/extension/inlineEdits/vscode-node/parts/vscodeWorkspace.ts(265,184): error TS2345: Argument of type 'unknown[]' is not assignable to parameter of type 'DiagnosticData[]'.
  Type 'unknown' is not assignable to type 'DiagnosticData'.
src/extension/inlineEdits/vscode-node/parts/vscodeWorkspace.ts(279,68): error TS7006: Parameter 'e' implicitly has an 'any' type.
src/extension/inlineEdits/vscode-node/parts/vscodeWorkspace.ts(287,111): error TS2339: Property 'selections' does not exist on type '{}'.
src/extension/inlineEdits/vscode-node/parts/vscodeWorkspace.ts(292,68): error TS7006: Parameter 'e' implicitly has an 'any' type.
src/extension/inlineEdits/vscode-node/parts/vscodeWorkspace.ts(293,55): error TS7006: Parameter 'cell' implicitly has an 'any' type.
src/extension/inlineEdits/vscode-node/parts/vscodeWorkspace.ts(294,68): error TS18046: 'e' is of type 'unknown'.
src/extension/inlineEdits/vscode-node/parts/vscodeWorkspace.ts(294,74): error TS18046: 'e' is of type 'unknown'.
src/extension/inlineEdits/vscode-node/parts/vscodeWorkspace.ts(312,66): error TS7006: Parameter 'd' implicitly has an 'any' type.
src/extension/inlineEdits/vscode-node/parts/vscodeWorkspace.ts(320,59): error TS7006: Parameter 'c' implicitly has an 'any' type.
src/extension/inlineEdits/vscode-node/parts/vscodeWorkspace.ts(320,109): error TS7006: Parameter 'd' implicitly has an 'any' type.
src/extension/inlineEdits/vscode-node/parts/vscodeWorkspace.ts(345,28): error TS7006: Parameter 'cell' implicitly has an 'any' type.
src/extension/inlineEdits/vscode-node/parts/vscodeWorkspace.ts(345,81): error TS7006: Parameter 'cell' implicitly has an 'any' type.
src/extension/inlineEdits/vscode-node/parts/vscodeWorkspace.ts(637,65): error TS7006: Parameter 'doc' implicitly has an 'any' type.
src/extension/inlineEdits/vscode-node/parts/vscodeWorkspace.ts(682,66): error TS7006: Parameter 'd' implicitly has an 'any' type.
src/extension/inlineEdits/vscode-node/parts/vscodeWorkspace.ts(695,3): error TS2345: Argument of type 'unknown[]' is not assignable to parameter of type 'DiagnosticData[]'.
  Type 'unknown' is not assignable to type 'DiagnosticData'.
src/extension/inlineEdits/vscode-node/parts/vscodeWorkspace.ts(704,34): error TS7006: Parameter 'arg' implicitly has an 'any' type.
src/extension/inlineEdits/vscode-node/parts/vscodeWorkspace.ts(722,53): error TS7006: Parameter 'e' implicitly has an 'any' type.
src/extension/inlineEdits/vscode-node/parts/vscodeWorkspace.ts(724,72): error TS7006: Parameter 'cell' implicitly has an 'any' type.
src/extension/inlineEdits/vscode-node/parts/vscodeWorkspace.ts(725,36): error TS7006: Parameter 'e' implicitly has an 'any' type.
src/extension/inlineEdits/vscode-node/parts/vscodeWorkspace.ts(730,25): error TS2322: Type 'unknown[]' is not assignable to type 'TextReplacement[]'.
  Type 'unknown' is not assignable to type 'TextReplacement'.
src/extension/inlineEdits/vscode-node/utils/translations.ts(11,40): error TS2503: Cannot find namespace 'vscode'.
src/extension/inlineEdits/vscode-node/utils/translations.ts(15,48): error TS2503: Cannot find namespace 'vscode'.
src/extension/inlineEdits/vscode-node/utils/translations.ts(19,46): error TS2503: Cannot find namespace 'vscode'.
src/extension/inlineEdits/vscode-node/utils/translations.ts(23,57): error TS2503: Cannot find namespace 'vscode'.
src/extension/inlineEdits/vscode-node/utils/translations.ts(27,43): error TS2503: Cannot find namespace 'vscode'.
src/extension/inlineEdits/vscode-node/utils/translations.ts(31,60): error TS2503: Cannot find namespace 'vscode'.
src/extension/inlineEdits/vscode-node/utils/virtualTextDocumentProvider.ts(6,10): error TS2305: Module '"vscode"' has no exported member 'EventEmitter'.
src/extension/inlineEdits/vscode-node/utils/virtualTextDocumentProvider.ts(6,24): error TS2305: Module '"vscode"' has no exported member 'Uri'.
src/extension/inlineEdits/vscode-node/utils/virtualTextDocumentProvider.ts(6,29): error TS2305: Module '"vscode"' has no exported member 'commands'.
src/extension/inlineEdits/vscode-node/utils/virtualTextDocumentProvider.ts(6,39): error TS2305: Module '"vscode"' has no exported member 'workspace'.
src/extension/inlineEdits/vscode-node/utils/virtualTextDocumentProvider.ts(22,33): error TS7006: Parameter 'uri' implicitly has an 'any' type.
src/extension/inlineEdits/vscode-node/utils/virtualTextDocumentProvider.ts(22,38): error TS7006: Parameter 'token' implicitly has an 'any' type.
src/extension/intents/node/agentIntent.ts(9,1): error TS6133: 'vscode' is declared but its value is never read.
src/extension/intents/node/agentIntent.ts(87,54): error TS2503: Cannot find namespace 'vscode'.
src/extension/intents/node/agentIntent.ts(89,37): error TS7006: Parameter 'ref' implicitly has an 'any' type.
src/extension/intents/node/agentIntent.ts(101,149): error TS2503: Cannot find namespace 'vscode'.
src/extension/intents/node/agentIntent.ts(106,74): error TS2503: Cannot find namespace 'vscode'.
src/extension/intents/node/agentIntent.ts(179,35): error TS2345: Argument of type '([t, enabled]: [any, any]) => boolean' is not assignable to parameter of type '(t: unknown, i: number) => unknown'.
  Types of parameters '__0' and 't' are incompatible.
    Type 'unknown' is not assignable to type '[any, any]'.
src/extension/intents/node/agentIntent.ts(273,54): error TS2503: Cannot find namespace 'vscode'.
src/extension/intents/node/agentIntent.ts(284,12): error TS2503: Cannot find namespace 'vscode'.
src/extension/intents/node/agentIntent.ts(285,11): error TS2503: Cannot find namespace 'vscode'.
src/extension/intents/node/agentIntent.ts(286,10): error TS2503: Cannot find namespace 'vscode'.
src/extension/intents/node/agentIntent.ts(292,13): error TS2503: Cannot find namespace 'vscode'.
src/extension/intents/node/agentIntent.ts(321,12): error TS2503: Cannot find namespace 'vscode'.
src/extension/intents/node/agentIntent.ts(322,11): error TS2503: Cannot find namespace 'vscode'.
src/extension/intents/node/agentIntent.ts(323,10): error TS2503: Cannot find namespace 'vscode'.
src/extension/intents/node/agentIntent.ts(324,13): error TS2503: Cannot find namespace 'vscode'.
src/extension/intents/node/agentIntent.ts(378,20): error TS2503: Cannot find namespace 'vscode'.
src/extension/intents/node/agentIntent.ts(378,36): error TS2503: Cannot find namespace 'vscode'.
src/extension/intents/node/agentIntent.ts(378,71): error TS2503: Cannot find namespace 'vscode'.
src/extension/intents/node/agentIntent.ts(406,22): error TS2503: Cannot find namespace 'vscode'.
src/extension/intents/node/agentIntent.ts(464,12): error TS2503: Cannot find namespace 'vscode'.
src/extension/intents/node/agentIntent.ts(487,47): error TS2503: Cannot find namespace 'vscode'.
src/extension/intents/node/agentIntent.ts(493,13): error TS2503: Cannot find namespace 'vscode'.
src/extension/intents/node/agentIntent.ts(493,29): error TS2503: Cannot find namespace 'vscode'.
src/extension/intents/node/agentIntent.ts(493,64): error TS2503: Cannot find namespace 'vscode'.
src/extension/intents/node/agentIntent.ts(494,10): error TS2503: Cannot find namespace 'vscode'.
src/extension/intents/node/agentIntent.ts(501,23): error TS2503: Cannot find namespace 'vscode'.
src/extension/intents/node/agentIntent.ts(553,56): error TS7006: Parameter 'r' implicitly has an 'any' type.
src/extension/intents/node/agentIntent.ts(867,35): error TS2503: Cannot find namespace 'vscode'.
src/extension/intents/node/agentIntent.ts(867,85): error TS2503: Cannot find namespace 'vscode'.
src/extension/intents/node/agentIntent.ts(901,10): error TS2503: Cannot find namespace 'vscode'.
src/extension/intents/node/agentIntent.ts(1244,10): error TS2503: Cannot find namespace 'vscode'.
src/extension/intents/node/askAgentIntent.ts(6,1): error TS6133: 'vscode' is declared but its value is never read.
src/extension/intents/node/askAgentIntent.ts(39,65): error TS2503: Cannot find namespace 'vscode'.
src/extension/intents/node/askAgentIntent.ts(39,94): error TS2503: Cannot find namespace 'vscode'.
src/extension/intents/node/askAgentIntent.ts(50,78): error TS7006: Parameter 'tag' implicitly has an 'any' type.
src/extension/intents/node/askAgentIntent.ts(50,138): error TS7006: Parameter 'ref' implicitly has an 'any' type.
src/extension/intents/node/askAgentIntent.ts(68,43): error TS2503: Cannot find namespace 'vscode'.
src/extension/intents/node/askAgentIntent.ts(76,59): error TS2503: Cannot find namespace 'vscode'.
src/extension/intents/node/askAgentIntent.ts(76,87): error TS2503: Cannot find namespace 'vscode'.
src/extension/intents/node/askAgentIntent.ts(76,276): error TS2503: Cannot find namespace 'vscode'.
src/extension/intents/node/askAgentIntent.ts(97,103): error TS2554: Expected 4 arguments, but got 5.
src/extension/intents/node/askAgentIntent.ts(115,12): error TS2503: Cannot find namespace 'vscode'.
src/extension/intents/node/askAgentIntent.ts(137,53): error TS2503: Cannot find namespace 'vscode'.
src/extension/intents/node/editCodeIntent.ts(8,1): error TS6133: 'vscode' is declared but its value is never read.
src/extension/intents/node/editCodeIntent.ts(69,12): error TS2503: Cannot find namespace 'vscode'.
src/extension/intents/node/editCodeIntent.ts(103,71): error TS2503: Cannot find namespace 'vscode'.
src/extension/intents/node/editCodeIntent.ts(103,123): error TS2503: Cannot find namespace 'vscode'.
src/extension/intents/node/editCodeIntent.ts(103,280): error TS2503: Cannot find namespace 'vscode'.
src/extension/intents/node/editCodeIntent.ts(104,26): error TS2503: Cannot find namespace 'vscode'.
src/extension/intents/node/editCodeIntent.ts(105,193): error TS7006: Parameter 'r' implicitly has an 'any' type.
src/extension/intents/node/editCodeIntent.ts(128,154): error TS7006: Parameter 'r' implicitly has an 'any' type.
src/extension/intents/node/editCodeIntent.ts(133,142): error TS2503: Cannot find namespace 'vscode'.
src/extension/intents/node/editCodeIntent.ts(166,59): error TS2503: Cannot find namespace 'vscode'.
src/extension/intents/node/editCodeIntent.ts(166,87): error TS2503: Cannot find namespace 'vscode'.
src/extension/intents/node/editCodeIntent.ts(166,307): error TS2503: Cannot find namespace 'vscode'.
src/extension/intents/node/editCodeIntent.ts(169,61): error TS7006: Parameter 'e' implicitly has an 'any' type.
src/extension/intents/node/editCodeIntent.ts(177,46): error TS2503: Cannot find namespace 'vscode'.
src/extension/intents/node/editCodeIntent.ts(201,29): error TS2503: Cannot find namespace 'vscode'.
src/extension/intents/node/editCodeIntent.ts(202,28): error TS2503: Cannot find namespace 'vscode'.
src/extension/intents/node/editCodeIntent.ts(203,27): error TS2503: Cannot find namespace 'vscode'.
src/extension/intents/node/editCodeIntent.ts(215,29): error TS2503: Cannot find namespace 'vscode'.
src/extension/intents/node/editCodeIntent.ts(322,31): error TS2503: Cannot find namespace 'vscode'.
src/extension/intents/node/editCodeIntent.ts(339,23): error TS2503: Cannot find namespace 'vscode'.
src/extension/intents/node/editCodeIntent.ts(339,71): error TS2503: Cannot find namespace 'vscode'.
src/extension/intents/node/editCodeIntent.ts(345,13): error TS2503: Cannot find namespace 'vscode'.
src/extension/intents/node/editCodeIntent.ts(345,29): error TS2503: Cannot find namespace 'vscode'.
src/extension/intents/node/editCodeIntent.ts(345,64): error TS2503: Cannot find namespace 'vscode'.
src/extension/intents/node/editCodeIntent.ts(346,10): error TS2503: Cannot find namespace 'vscode'.
src/extension/intents/node/editCodeIntent.ts(353,23): error TS2503: Cannot find namespace 'vscode'.
src/extension/intents/node/editCodeIntent.ts(360,34): error TS2503: Cannot find namespace 'vscode'.
src/extension/intents/node/editCodeIntent.ts(383,6): error TS2353: Object literal may only specify known properties, and 'name' does not exist in type 'InternalToolReference'.
src/extension/intents/node/editCodeIntent.ts(401,56): error TS7006: Parameter 'r' implicitly has an 'any' type.
src/extension/intents/node/editCodeIntent.ts(445,10): error TS2503: Cannot find namespace 'vscode'.
src/extension/intents/node/editCodeIntent.ts(447,58): error TS7006: Parameter 't' implicitly has an 'any' type.
src/extension/intents/node/editCodeIntent.ts(459,96): error TS2503: Cannot find namespace 'vscode'.
src/extension/intents/node/editCodeIntent.ts(504,118): error TS2503: Cannot find namespace 'vscode'.
src/extension/intents/node/editCodeIntent.ts(504,152): error TS2503: Cannot find namespace 'vscode'.
src/extension/intents/node/editCodeIntent.ts(504,187): error TS2503: Cannot find namespace 'vscode'.
src/extension/intents/node/editCodeIntent.ts(655,92): error TS2503: Cannot find namespace 'vscode'.
src/extension/intents/node/editCodeIntent.ts(664,90): error TS2503: Cannot find namespace 'vscode'.
src/extension/intents/node/editCodeIntent.ts(708,51): error TS2503: Cannot find namespace 'vscode'.
src/extension/intents/node/editCodeIntent.ts(715,33): error TS2503: Cannot find namespace 'vscode'.
src/extension/intents/node/editCodeIntent.ts(715,46): error TS2503: Cannot find namespace 'vscode'.
src/extension/intents/node/editCodeIntent.ts(715,76): error TS2503: Cannot find namespace 'vscode'.
src/extension/intents/node/editCodeIntent.ts(722,115): error TS2503: Cannot find namespace 'vscode'.
src/extension/intents/node/editCodeIntent.ts(723,24): error TS2503: Cannot find namespace 'vscode'.
src/extension/intents/node/editCodeIntent.ts(748,40): error TS2503: Cannot find namespace 'vscode'.
src/extension/intents/node/editCodeIntent.ts(763,46): error TS2503: Cannot find namespace 'vscode'.
src/extension/intents/node/editCodeIntent2.ts(6,1): error TS6133: 'vscode' is declared but its value is never read.
src/extension/intents/node/editCodeIntent2.ts(35,65): error TS2503: Cannot find namespace 'vscode'.
src/extension/intents/node/editCodeIntent2.ts(35,94): error TS2503: Cannot find namespace 'vscode'.
src/extension/intents/node/editCodeIntent2.ts(75,12): error TS2503: Cannot find namespace 'vscode'.
src/extension/intents/node/editCodeIntent2.ts(98,53): error TS2503: Cannot find namespace 'vscode'.
src/extension/intents/node/editCodeStep.ts(7,15): error TS2305: Module '"vscode"' has no exported member 'ChatPromptReference'.
src/extension/intents/node/editCodeStep.ts(7,36): error TS2305: Module '"vscode"' has no exported member 'ChatResult'.
src/extension/intents/node/editCodeStep.ts(360,49): error TS2339: Property 'uri' does not exist on type 'never'.
src/extension/intents/node/editCodeStep.ts(360,104): error TS2339: Property 'range' does not exist on type 'never'.
src/extension/intents/node/editCodeStep.ts(377,27): error TS2339: Property 'scheme' does not exist on type '{}'.
src/extension/intents/node/editCodeStep.ts(377,86): error TS2339: Property 'scheme' does not exist on type '{}'.
src/extension/intents/node/explainIntent.ts(7,1): error TS6133: 'vscode' is declared but its value is never read.
src/extension/intents/node/explainIntent.ts(39,74): error TS2503: Cannot find namespace 'vscode'.
src/extension/intents/node/explainIntent.ts(39,90): error TS2503: Cannot find namespace 'vscode'.
src/extension/intents/node/explainIntent.ts(39,124): error TS2503: Cannot find namespace 'vscode'.
src/extension/intents/node/explainIntent.ts(39,166): error TS2503: Cannot find namespace 'vscode'.
src/extension/intents/node/explainIntent.ts(46,88): error TS2503: Cannot find namespace 'vscode'.
src/extension/intents/node/explainIntent.ts(46,104): error TS2503: Cannot find namespace 'vscode'.
src/extension/intents/node/explainIntent.ts(46,138): error TS2503: Cannot find namespace 'vscode'.
src/extension/intents/node/explainIntent.ts(46,180): error TS2503: Cannot find namespace 'vscode'.
src/extension/intents/node/explainIntent.ts(62,111): error TS2503: Cannot find namespace 'vscode'.
src/extension/intents/node/generateNewWorkspaceContent.ts(6,15): error TS2305: Module '"vscode"' has no exported member 'CancellationToken'.
src/extension/intents/node/hookResultProcessor.ts(7,15): error TS2305: Module '"vscode"' has no exported member 'ChatResponseStream'.
src/extension/intents/node/newIntent.ts(9,1): error TS6133: 'vscode' is declared but its value is never read.
src/extension/intents/node/newIntent.ts(35,43): error TS2503: Cannot find namespace 'vscode'.
src/extension/intents/node/newIntent.ts(169,115): error TS2503: Cannot find namespace 'vscode'.
src/extension/intents/node/newIntent.ts(172,85): error TS7006: Parameter 'child' implicitly has an 'any' type.
src/extension/intents/node/newIntent.ts(237,61): error TS2339: Property 'children' does not exist on type 'FileTreeDataWithContent'.
src/extension/intents/node/newIntent.ts(289,61): error TS2339: Property 'children' does not exist on type 'FileTreeDataWithContent'.
src/extension/intents/node/newIntent.ts(311,45): error TS2503: Cannot find namespace 'vscode'.
src/extension/intents/node/newIntent.ts(315,20): error TS2339: Property 'children' does not exist on type 'FileTreeDataWithContent'.
src/extension/intents/node/newIntent.ts(316,31): error TS2339: Property 'children' does not exist on type 'FileTreeDataWithContent'.
src/extension/intents/node/newIntent.ts(316,45): error TS7006: Parameter 'node' implicitly has an 'any' type.
src/extension/intents/node/newIntent.ts(351,100): error TS2503: Cannot find namespace 'vscode'.
src/extension/intents/node/newIntent.ts(359,65): error TS2503: Cannot find namespace 'vscode'.
src/extension/intents/node/newIntent.ts(391,66): error TS2503: Cannot find namespace 'vscode'.
src/extension/intents/node/newIntent.ts(391,82): error TS2503: Cannot find namespace 'vscode'.
src/extension/intents/node/newIntent.ts(391,116): error TS2503: Cannot find namespace 'vscode'.
src/extension/intents/node/newIntent.ts(391,158): error TS2503: Cannot find namespace 'vscode'.
src/extension/intents/node/newIntent.ts(410,111): error TS2503: Cannot find namespace 'vscode'.
src/extension/intents/node/newIntent.ts(425,14): error TS2503: Cannot find namespace 'vscode'.
src/extension/intents/node/newIntent.ts(426,33): error TS2503: Cannot find namespace 'vscode'.
src/extension/intents/node/newIntent.ts(435,20): error TS2503: Cannot find namespace 'vscode'.
src/extension/intents/node/newIntent.ts(445,16): error TS2503: Cannot find namespace 'vscode'.
src/extension/intents/node/newIntent.ts(478,117): error TS2503: Cannot find namespace 'vscode'.
src/extension/intents/node/newIntent.ts(478,151): error TS2503: Cannot find namespace 'vscode'.
src/extension/intents/node/newIntent.ts(597,52): error TS2503: Cannot find namespace 'vscode'.
src/extension/intents/node/newNotebookIntent.contribution.ts(6,1): error TS6133: 'vscode' is declared but its value is never read.
src/extension/intents/node/newNotebookIntent.contribution.ts(66,66): error TS2503: Cannot find namespace 'vscode'.
src/extension/intents/node/newNotebookIntent.contribution.ts(66,82): error TS2503: Cannot find namespace 'vscode'.
src/extension/intents/node/newNotebookIntent.contribution.ts(66,116): error TS2503: Cannot find namespace 'vscode'.
src/extension/intents/node/newNotebookIntent.contribution.ts(66,158): error TS2503: Cannot find namespace 'vscode'.
src/extension/intents/node/newNotebookIntent.contribution.ts(77,111): error TS2503: Cannot find namespace 'vscode'.
src/extension/intents/node/newNotebookIntent.ts(7,15): error TS2305: Module '"vscode"' has no exported member 'CancellationToken'.
src/extension/intents/node/newNotebookIntent.ts(7,34): error TS2305: Module '"vscode"' has no exported member 'ChatResponseFileTreePart'.
src/extension/intents/node/newNotebookIntent.ts(7,60): error TS2305: Module '"vscode"' has no exported member 'ChatResponseStream'.
src/extension/intents/node/newNotebookIntent.ts(7,80): error TS2305: Module '"vscode"' has no exported member 'NotebookDocument'.
src/extension/intents/node/notebookEditorIntent.ts(6,1): error TS6133: 'vscode' is declared but its value is never read.
src/extension/intents/node/notebookEditorIntent.ts(42,65): error TS2503: Cannot find namespace 'vscode'.
src/extension/intents/node/notebookEditorIntent.ts(42,94): error TS2503: Cannot find namespace 'vscode'.
src/extension/intents/node/notebookEditorIntent.ts(76,54): error TS2503: Cannot find namespace 'vscode'.
src/extension/intents/node/notebookEditorIntent.ts(91,12): error TS2503: Cannot find namespace 'vscode'.
src/extension/intents/node/notebookEditorIntent.ts(118,53): error TS2503: Cannot find namespace 'vscode'.
src/extension/intents/node/notebookEditorIntent.ts(122,76): error TS2503: Cannot find namespace 'vscode'.
src/extension/intents/node/notebookEditorIntent.ts(122,92): error TS2503: Cannot find namespace 'vscode'.
src/extension/intents/node/notebookEditorIntent.ts(122,127): error TS2503: Cannot find namespace 'vscode'.
src/extension/intents/node/notebookEditorIntent.ts(122,168): error TS2503: Cannot find namespace 'vscode'.
src/extension/intents/node/notebookEditorIntent.ts(133,55): error TS7006: Parameter 'r' implicitly has an 'any' type.
src/extension/intents/node/notebookEditorIntent.ts(159,31): error TS2503: Cannot find namespace 'vscode'.
src/extension/intents/node/notebookEditorIntent.ts(188,6): error TS2353: Object literal may only specify known properties, and 'name' does not exist in type 'InternalToolReference'.
src/extension/intents/node/promptOverride.ts(8,15): error TS2305: Module '"vscode"' has no exported member 'LanguageModelToolInformation'.
src/extension/intents/node/promptOverride.ts(8,45): error TS2305: Module '"vscode"' has no exported member 'Uri'.
src/extension/intents/node/reviewIntent.ts(8,1): error TS6133: 'vscode' is declared but its value is never read.
src/extension/intents/node/reviewIntent.ts(60,114): error TS2503: Cannot find namespace 'vscode'.
src/extension/intents/node/reviewIntent.ts(60,130): error TS2503: Cannot find namespace 'vscode'.
src/extension/intents/node/reviewIntent.ts(60,164): error TS2503: Cannot find namespace 'vscode'.
src/extension/intents/node/reviewIntent.ts(60,206): error TS2503: Cannot find namespace 'vscode'.
src/extension/intents/node/reviewIntent.ts(94,69): error TS2503: Cannot find namespace 'vscode'.
src/extension/intents/node/reviewIntent.ts(94,85): error TS2503: Cannot find namespace 'vscode'.
src/extension/intents/node/reviewIntent.ts(94,119): error TS2503: Cannot find namespace 'vscode'.
src/extension/intents/node/reviewIntent.ts(94,161): error TS2503: Cannot find namespace 'vscode'.
src/extension/intents/node/reviewIntent.ts(104,111): error TS2503: Cannot find namespace 'vscode'.
src/extension/intents/node/reviewIntent.ts(138,37): error TS2503: Cannot find namespace 'vscode'.
src/extension/intents/node/reviewIntent.ts(140,68): error TS2503: Cannot find namespace 'vscode'.
src/extension/intents/node/reviewIntent.ts(170,117): error TS2503: Cannot find namespace 'vscode'.
src/extension/intents/node/searchIntent.ts(8,1): error TS6133: 'vscode' is declared but its value is never read.
src/extension/intents/node/searchIntent.ts(35,44): error TS2503: Cannot find namespace 'vscode'.
src/extension/intents/node/searchIntent.ts(39,25): error TS2503: Cannot find namespace 'vscode'.
src/extension/intents/node/searchIntent.ts(108,88): error TS2503: Cannot find namespace 'vscode'.
src/extension/intents/node/searchIntent.ts(108,104): error TS2503: Cannot find namespace 'vscode'.
src/extension/intents/node/searchIntent.ts(108,138): error TS2503: Cannot find namespace 'vscode'.
src/extension/intents/node/searchIntent.ts(108,180): error TS2503: Cannot find namespace 'vscode'.
src/extension/intents/node/searchIntent.ts(114,111): error TS2503: Cannot find namespace 'vscode'.
src/extension/intents/node/searchIntent.ts(131,91): error TS2503: Cannot find namespace 'vscode'.
src/extension/intents/node/searchIntent.ts(139,65): error TS2503: Cannot find namespace 'vscode'.
src/extension/intents/node/searchKeywordsIntent.ts(7,1): error TS6133: 'vscode' is declared but its value is never read.
src/extension/intents/node/searchKeywordsIntent.ts(29,102): error TS2503: Cannot find namespace 'vscode'.
src/extension/intents/node/searchKeywordsIntent.ts(29,118): error TS2503: Cannot find namespace 'vscode'.
src/extension/intents/node/searchKeywordsIntent.ts(29,152): error TS2503: Cannot find namespace 'vscode'.
src/extension/intents/node/searchKeywordsIntent.ts(29,194): error TS2503: Cannot find namespace 'vscode'.
src/extension/intents/node/searchPanelIntent.ts(7,1): error TS6133: 'vscode' is declared but its value is never read.
src/extension/intents/node/searchPanelIntent.ts(29,94): error TS2503: Cannot find namespace 'vscode'.
src/extension/intents/node/searchPanelIntent.ts(29,110): error TS2503: Cannot find namespace 'vscode'.
src/extension/intents/node/searchPanelIntent.ts(29,144): error TS2503: Cannot find namespace 'vscode'.
src/extension/intents/node/searchPanelIntent.ts(29,186): error TS2503: Cannot find namespace 'vscode'.
src/extension/intents/node/terminalExplainIntent.ts(7,1): error TS6133: 'vscode' is declared but its value is never read.
src/extension/intents/node/terminalExplainIntent.ts(56,66): error TS2503: Cannot find namespace 'vscode'.
src/extension/intents/node/terminalExplainIntent.ts(56,82): error TS2503: Cannot find namespace 'vscode'.
src/extension/intents/node/terminalExplainIntent.ts(56,116): error TS2503: Cannot find namespace 'vscode'.
src/extension/intents/node/terminalExplainIntent.ts(56,158): error TS2503: Cannot find namespace 'vscode'.
src/extension/intents/node/terminalIntent.ts(8,1): error TS6133: 'vscode' is declared but its value is never read.
src/extension/intents/node/terminalIntent.ts(54,66): error TS2503: Cannot find namespace 'vscode'.
src/extension/intents/node/terminalIntent.ts(54,82): error TS2503: Cannot find namespace 'vscode'.
src/extension/intents/node/terminalIntent.ts(54,116): error TS2503: Cannot find namespace 'vscode'.
src/extension/intents/node/terminalIntent.ts(54,158): error TS2503: Cannot find namespace 'vscode'.
src/extension/intents/node/test/promptOverride.spec.ts(8,15): error TS2305: Module '"vscode"' has no exported member 'LanguageModelToolInformation'.
src/extension/intents/node/testIntent/setupTestsFrameworkQueryInvocation.tsx(8,1): error TS6133: 'vscode' is declared but its value is never read.
src/extension/intents/node/testIntent/setupTestsFrameworkQueryInvocation.tsx(40,13): error TS2503: Cannot find namespace 'vscode'.
src/extension/intents/node/testIntent/setupTestsFrameworkQueryInvocation.tsx(40,29): error TS2503: Cannot find namespace 'vscode'.
src/extension/intents/node/testIntent/setupTestsFrameworkQueryInvocation.tsx(40,64): error TS2503: Cannot find namespace 'vscode'.
src/extension/intents/node/testIntent/setupTestsFrameworkQueryInvocation.tsx(41,10): error TS2503: Cannot find namespace 'vscode'.
src/extension/intents/node/testIntent/setupTestsFrameworkQueryInvocation.tsx(53,124): error TS2503: Cannot find namespace 'vscode'.
src/extension/intents/node/testIntent/setupTestsFrameworkQueryInvocation.tsx(124,14): error TS2503: Cannot find namespace 'vscode'.
src/extension/intents/node/testIntent/setupTestsInvocation.tsx(8,1): error TS6133: 'vscode' is declared but its value is never read.
src/extension/intents/node/testIntent/setupTestsInvocation.tsx(59,60): error TS2503: Cannot find namespace 'vscode'.
src/extension/intents/node/testIntent/setupTestsInvocation.tsx(59,76): error TS2503: Cannot find namespace 'vscode'.
src/extension/intents/node/testIntent/setupTestsInvocation.tsx(59,111): error TS2503: Cannot find namespace 'vscode'.
src/extension/intents/node/testIntent/setupTestsInvocation.tsx(59,152): error TS2503: Cannot find namespace 'vscode'.
src/extension/intents/node/testIntent/setupTestsInvocation.tsx(78,117): error TS2503: Cannot find namespace 'vscode'.
src/extension/intents/node/testIntent/setupTestsInvocation.tsx(129,83): error TS2503: Cannot find namespace 'vscode'.
src/extension/intents/node/testIntent/setupTestsInvocation.tsx(175,69): error TS2503: Cannot find namespace 'vscode'.
src/extension/intents/node/testIntent/setupTestsInvocation.tsx(225,72): error TS2503: Cannot find namespace 'vscode'.
src/extension/intents/node/testIntent/summarizedDocumentWithSelection.tsx(7,1): error TS6133: 'vscode' is declared but its value is never read.
src/extension/intents/node/testIntent/summarizedDocumentWithSelection.tsx(53,22): error TS2503: Cannot find namespace 'vscode'.
src/extension/intents/node/testIntent/summarizedDocumentWithSelection.tsx(54,14): error TS2503: Cannot find namespace 'vscode'.
src/extension/intents/node/testIntent/summarizedDocumentWithSelection.tsx(74,39): error TS2503: Cannot find namespace 'vscode'.
src/extension/intents/node/testIntent/summarizedDocumentWithSelection.tsx(76,31): error TS2503: Cannot find namespace 'vscode'.
src/extension/intents/node/testIntent/testFromSrcInvocation.tsx(8,1): error TS6133: 'vscode' is declared but its value is never read.
src/extension/intents/node/testIntent/testFromSrcInvocation.tsx(58,36): error TS2503: Cannot find namespace 'vscode'.
src/extension/intents/node/testIntent/testFromSrcInvocation.tsx(66,49): error TS2503: Cannot find namespace 'vscode'.
src/extension/intents/node/testIntent/testFromSrcInvocation.tsx(77,13): error TS2503: Cannot find namespace 'vscode'.
src/extension/intents/node/testIntent/testFromSrcInvocation.tsx(77,29): error TS2503: Cannot find namespace 'vscode'.
src/extension/intents/node/testIntent/testFromSrcInvocation.tsx(77,63): error TS2503: Cannot find namespace 'vscode'.
src/extension/intents/node/testIntent/testFromSrcInvocation.tsx(78,10): error TS2503: Cannot find namespace 'vscode'.
src/extension/intents/node/testIntent/testFromSrcInvocation.tsx(142,117): error TS2503: Cannot find namespace 'vscode'.
src/extension/intents/node/testIntent/testFromSrcInvocation.tsx(283,31): error TS2503: Cannot find namespace 'vscode'.
src/extension/intents/node/testIntent/testFromSrcInvocation.tsx(305,22): error TS2503: Cannot find namespace 'vscode'.
src/extension/intents/node/testIntent/testFromTestInvocation.tsx(7,1): error TS6133: 'vscode' is declared but its value is never read.
src/extension/intents/node/testIntent/testFromTestInvocation.tsx(51,49): error TS2503: Cannot find namespace 'vscode'.
src/extension/intents/node/testIntent/testFromTestInvocation.tsx(59,13): error TS2503: Cannot find namespace 'vscode'.
src/extension/intents/node/testIntent/testFromTestInvocation.tsx(60,4): error TS2503: Cannot find namespace 'vscode'.
src/extension/intents/node/testIntent/testFromTestInvocation.tsx(60,38): error TS2503: Cannot find namespace 'vscode'.
src/extension/intents/node/testIntent/testFromTestInvocation.tsx(62,10): error TS2503: Cannot find namespace 'vscode'.
src/extension/intents/node/testIntent/testFromTestInvocation.tsx(92,17): error TS2503: Cannot find namespace 'vscode'.
src/extension/intents/node/testIntent/testFromTestInvocation.tsx(94,13): error TS2503: Cannot find namespace 'vscode'.
src/extension/intents/node/testIntent/testFromTestInvocation.tsx(116,31): error TS2503: Cannot find namespace 'vscode'.
src/extension/intents/node/testIntent/testIntent.tsx(7,15): error TS2305: Module '"vscode"' has no exported member 'CancellationToken'.
src/extension/intents/node/testIntent/testIntent.tsx(7,34): error TS2305: Module '"vscode"' has no exported member 'ChatPromptReference'.
src/extension/intents/node/testIntent/testIntent.tsx(7,55): error TS2305: Module '"vscode"' has no exported member 'ChatRequest'.
src/extension/intents/node/testIntent/testIntent.tsx(7,68): error TS2305: Module '"vscode"' has no exported member 'ChatResponseStream'.
src/extension/intents/node/testIntent/testIntent.tsx(7,88): error TS2305: Module '"vscode"' has no exported member 'ChatResult'.
src/extension/intents/node/testIntent/testIntent.tsx(102,114): error TS2554: Expected 5 arguments, but got 6.
src/extension/intents/node/testIntent/testIntent.tsx(103,116): error TS2554: Expected 5 arguments, but got 6.
src/extension/intents/node/toolCallingLoop.ts(8,15): error TS2305: Module '"vscode"' has no exported member 'CancellationToken'.
src/extension/intents/node/toolCallingLoop.ts(8,34): error TS2305: Module '"vscode"' has no exported member 'ChatRequest'.
src/extension/intents/node/toolCallingLoop.ts(8,47): error TS2305: Module '"vscode"' has no exported member 'ChatResponseProgressPart'.
src/extension/intents/node/toolCallingLoop.ts(8,73): error TS2305: Module '"vscode"' has no exported member 'ChatResponseReferencePart'.
src/extension/intents/node/toolCallingLoop.ts(8,100): error TS2305: Module '"vscode"' has no exported member 'ChatResponseStream'.
src/extension/intents/node/toolCallingLoop.ts(8,120): error TS2305: Module '"vscode"' has no exported member 'ChatResult'.
src/extension/intents/node/toolCallingLoop.ts(8,132): error TS2305: Module '"vscode"' has no exported member 'LanguageModelToolInformation'.
src/extension/intents/node/toolCallingLoop.ts(8,162): error TS2305: Module '"vscode"' has no exported member 'Progress'.
src/extension/intents/node/toolCallingLoop.ts(1699,11): error TS7006: Parameter 'obj' implicitly has an 'any' type.
src/extension/intents/node/toolCallingLoop.ts(1728,88): error TS2339: Property 'name' does not exist on type 'InternalToolReference'.
src/extension/intents/node/vscodeIntent.ts(7,1): error TS6133: 'vscode' is declared but its value is never read.
src/extension/intents/node/vscodeIntent.ts(33,29): error TS2503: Cannot find namespace 'vscode'.
src/extension/intents/node/vscodeIntent.ts(41,94): error TS2503: Cannot find namespace 'vscode'.
src/extension/intents/node/vscodeIntent.ts(41,110): error TS2503: Cannot find namespace 'vscode'.
src/extension/intents/node/vscodeIntent.ts(41,144): error TS2503: Cannot find namespace 'vscode'.
src/extension/intents/node/vscodeIntent.ts(41,186): error TS2503: Cannot find namespace 'vscode'.
src/extension/intents/node/vscodeIntent.ts(48,111): error TS2503: Cannot find namespace 'vscode'.
src/extension/intents/node/vscodeIntent.ts(53,23): error TS2503: Cannot find namespace 'vscode'.
src/extension/intents/node/vscodeIntent.ts(53,71): error TS2503: Cannot find namespace 'vscode'.
src/extension/intents/node/vscodeIntent.ts(66,117): error TS2503: Cannot find namespace 'vscode'.
src/extension/intents/node/vscodeIntent.ts(66,151): error TS2503: Cannot find namespace 'vscode'.
src/extension/intents/node/vscodeIntent.ts(80,65): error TS2503: Cannot find namespace 'vscode'.
src/extension/intents/node/vscodeIntent.ts(97,56): error TS2503: Cannot find namespace 'vscode'.
src/extension/intents/node/vscodeIntent.ts(161,101): error TS2554: Expected 4 arguments, but got 5.
src/extension/intents/test/node/hookResultProcessor.spec.ts(7,15): error TS2305: Module '"vscode"' has no exported member 'ChatResponseStream'.
src/extension/intents/test/node/toolCallingLoopAutopilot.spec.ts(7,15): error TS2305: Module '"vscode"' has no exported member 'ChatRequest'.
src/extension/intents/test/node/toolCallingLoopAutopilot.spec.ts(7,28): error TS2305: Module '"vscode"' has no exported member 'LanguageModelToolInformation'.
src/extension/intents/test/node/toolCallingLoopHooks.spec.ts(7,15): error TS2305: Module '"vscode"' has no exported member 'CancellationToken'.
src/extension/intents/test/node/toolCallingLoopHooks.spec.ts(7,34): error TS2305: Module '"vscode"' has no exported member 'ChatHookResult'.
src/extension/intents/test/node/toolCallingLoopHooks.spec.ts(7,50): error TS2305: Module '"vscode"' has no exported member 'ChatHookType'.
src/extension/intents/test/node/toolCallingLoopHooks.spec.ts(7,64): error TS2305: Module '"vscode"' has no exported member 'ChatRequest'.
src/extension/intents/test/node/toolCallingLoopHooks.spec.ts(7,77): error TS2305: Module '"vscode"' has no exported member 'LanguageModelToolInformation'.
src/extension/intents/test/node/toolCallingLoopTelemetryLinking.spec.ts(8,15): error TS2305: Module '"vscode"' has no exported member 'ChatRequest'.
src/extension/intents/test/node/toolCallingLoopTelemetryLinking.spec.ts(8,28): error TS2305: Module '"vscode"' has no exported member 'LanguageModelChat'.
src/extension/intents/test/node/toolCallingLoopTelemetryLinking.spec.ts(8,47): error TS2305: Module '"vscode"' has no exported member 'LanguageModelToolInformation'.
src/extension/intents/test/node/toolCallingLoopUsage.spec.ts(8,15): error TS2305: Module '"vscode"' has no exported member 'ChatRequest'.
src/extension/intents/test/node/toolCallingLoopUsage.spec.ts(8,28): error TS2305: Module '"vscode"' has no exported member 'LanguageModelChat'.
src/extension/intents/test/node/toolCallingLoopUsage.spec.ts(8,47): error TS2305: Module '"vscode"' has no exported member 'LanguageModelToolInformation'.
src/extension/intents/vscode-node/fixTestFailureContributions.ts(30,34): error TS2503: Cannot find namespace 'vscode'.
src/extension/intents/vscode-node/fixTestFailureContributions.ts(30,60): error TS2503: Cannot find namespace 'vscode'.
src/extension/intents/vscode-node/fixTestFailureContributions.ts(30,78): error TS2503: Cannot find namespace 'vscode'.
src/extension/intents/vscode-node/fixTestFailureContributions.ts(33,49): error TS2503: Cannot find namespace 'vscode'.
src/extension/intents/vscode-node/fixTestFailureContributions.ts(35,49): error TS2345: Argument of type '([, item]: [any, any]) => ITestFailure | undefined' is not assignable to parameter of type '(value: unknown) => ITestFailure | undefined'.
  Types of parameters '__0' and 'value' are incompatible.
    Type 'unknown' is not assignable to type '[any, any]'.
src/extension/intents/vscode-node/fixTestFailureContributions.ts(38,101): error TS2503: Cannot find namespace 'vscode'.
src/extension/intents/vscode-node/fixTestFailureContributions.ts(83,22): error TS7006: Parameter 'document' implicitly has an 'any' type.
src/extension/intents/vscode-node/fixTestFailureContributions.ts(83,32): error TS7006: Parameter 'range' implicitly has an 'any' type.
src/extension/intents/vscode-node/fixTestFailureContributions.ts(83,39): error TS7006: Parameter 'context' implicitly has an 'any' type.
src/extension/intents/vscode-node/fixTestFailureContributions.ts(83,48): error TS7006: Parameter 'token' implicitly has an 'any' type.
src/extension/intents/vscode-node/newWorkspacePreviewFileSystemProvider.ts(6,10): error TS2305: Module '"vscode"' has no exported member 'Disposable'.
src/extension/intents/vscode-node/newWorkspacePreviewFileSystemProvider.ts(6,22): error TS2305: Module '"vscode"' has no exported member 'Event'.
src/extension/intents/vscode-node/newWorkspacePreviewFileSystemProvider.ts(6,29): error TS2305: Module '"vscode"' has no exported member 'EventEmitter'.
src/extension/intents/vscode-node/newWorkspacePreviewFileSystemProvider.ts(6,43): error TS2305: Module '"vscode"' has no exported member 'FileChangeEvent'.
src/extension/intents/vscode-node/newWorkspacePreviewFileSystemProvider.ts(6,60): error TS2305: Module '"vscode"' has no exported member 'FileStat'.
src/extension/intents/vscode-node/newWorkspacePreviewFileSystemProvider.ts(6,70): error TS2305: Module '"vscode"' has no exported member 'FileSystemError'.
src/extension/intents/vscode-node/newWorkspacePreviewFileSystemProvider.ts(6,87): error TS2305: Module '"vscode"' has no exported member 'FileSystemProvider'.
src/extension/intents/vscode-node/newWorkspacePreviewFileSystemProvider.ts(6,107): error TS2305: Module '"vscode"' has no exported member 'FileType'.
src/extension/intents/vscode-node/newWorkspacePreviewFileSystemProvider.ts(6,117): error TS2305: Module '"vscode"' has no exported member 'Uri'.
src/extension/intents/vscode-node/newWorkspacePreviewFileSystemProvider.ts(23,15): error TS2339: Property 'children' does not exist on type 'FileTreeDataWithContent'.
src/extension/intents/vscode-node/newWorkspacePreviewFileSystemProvider.ts(33,15): error TS2339: Property 'children' does not exist on type 'FileTreeDataWithContent'.
src/extension/intents/vscode-node/newWorkspacePreviewFileSystemProvider.ts(33,30): error TS7006: Parameter 'child' implicitly has an 'any' type.
src/extension/intents/vscode-node/newWorkspaceTextDocumentProvider.ts(5,10): error TS2305: Module '"vscode"' has no exported member 'CancellationToken'.
src/extension/intents/vscode-node/newWorkspaceTextDocumentProvider.ts(5,29): error TS2305: Module '"vscode"' has no exported member 'EventEmitter'.
src/extension/intents/vscode-node/newWorkspaceTextDocumentProvider.ts(5,43): error TS2305: Module '"vscode"' has no exported member 'TextDocumentContentProvider'.
src/extension/intents/vscode-node/newWorkspaceTextDocumentProvider.ts(5,72): error TS2305: Module '"vscode"' has no exported member 'Uri'.
src/extension/intents/vscode-node/newWorkspaceTextDocumentProvider.ts(5,77): error TS2305: Module '"vscode"' has no exported member 'workspace'.
src/extension/intents/vscode-node/newWorkspaceTextDocumentProvider.ts(16,52): error TS7006: Parameter 'e' implicitly has an 'any' type.
src/extension/languageContextProvider/vscode-node/languageContextProviderService.ts(6,15): error TS2305: Module '"vscode"' has no exported member 'CancellationToken'.
src/extension/languageContextProvider/vscode-node/languageContextProviderService.ts(6,34): error TS2305: Module '"vscode"' has no exported member 'languages'.
src/extension/languageContextProvider/vscode-node/languageContextProviderService.ts(6,50): error TS2305: Module '"vscode"' has no exported member 'TextDocument'.
src/extension/languageContextProvider/vscode-node/languageContextProviderService.ts(6,69): error TS2305: Module '"vscode"' has no exported member 'Disposable'.
src/extension/linkify/common/filePathLinkifier.ts(151,24): error TS7006: Parameter 'r' implicitly has an 'any' type.
src/extension/linkify/common/modelFilePathLinkifier.ts(184,33): error TS7006: Parameter 'r' implicitly has an 'any' type.
src/extension/linkify/common/modelFilePathLinkifier.ts(195,31): error TS7006: Parameter 'r' implicitly has an 'any' type.
src/extension/linkify/common/responseStreamWithLinkification.ts(5,15): error TS2305: Module '"vscode"' has no exported member 'ChatQuestion'.
src/extension/linkify/common/responseStreamWithLinkification.ts(5,29): error TS2305: Module '"vscode"' has no exported member 'ChatResponseClearToPreviousToolInvocationReason'.
src/extension/linkify/common/responseStreamWithLinkification.ts(5,78): error TS2305: Module '"vscode"' has no exported member 'ChatResponseFileTree'.
src/extension/linkify/common/responseStreamWithLinkification.ts(5,100): error TS2305: Module '"vscode"' has no exported member 'ChatResponsePart'.
src/extension/linkify/common/responseStreamWithLinkification.ts(5,118): error TS2305: Module '"vscode"' has no exported member 'ChatResponseStream'.
src/extension/linkify/common/responseStreamWithLinkification.ts(5,138): error TS2305: Module '"vscode"' has no exported member 'ChatResultUsage'.
src/extension/linkify/common/responseStreamWithLinkification.ts(5,155): error TS2305: Module '"vscode"' has no exported member 'ChatToolInvocationStreamData'.
src/extension/linkify/common/responseStreamWithLinkification.ts(5,185): error TS2305: Module '"vscode"' has no exported member 'ChatVulnerability'.
src/extension/linkify/common/responseStreamWithLinkification.ts(5,204): error TS2305: Module '"vscode"' has no exported member 'ChatWorkspaceFileEdit'.
src/extension/linkify/common/responseStreamWithLinkification.ts(5,227): error TS2305: Module '"vscode"' has no exported member 'Command'.
src/extension/linkify/common/responseStreamWithLinkification.ts(5,236): error TS2305: Module '"vscode"' has no exported member 'Location'.
src/extension/linkify/common/responseStreamWithLinkification.ts(5,246): error TS2305: Module '"vscode"' has no exported member 'NotebookEdit'.
src/extension/linkify/common/responseStreamWithLinkification.ts(5,260): error TS2305: Module '"vscode"' has no exported member 'TextEdit'.
src/extension/linkify/common/responseStreamWithLinkification.ts(5,270): error TS2305: Module '"vscode"' has no exported member 'ThinkingDelta'.
src/extension/linkify/common/responseStreamWithLinkification.ts(5,285): error TS2305: Module '"vscode"' has no exported member 'Uri'.
src/extension/linkify/test/node/util.ts(7,15): error TS2305: Module '"vscode"' has no exported member 'FileStat'.
src/extension/linkify/test/vscode-node/findSymbol.test.ts(11,48): error TS2503: Cannot find namespace 'vscode'.
src/extension/linkify/test/vscode-node/findSymbol.test.ts(11,74): error TS2503: Cannot find namespace 'vscode'.
src/extension/linkify/test/vscode-node/findSymbol.test.ts(22,37): error TS2503: Cannot find namespace 'vscode'.
src/extension/linkify/test/vscode-node/notebookCellLinkifier.spec.ts(7,15): error TS2305: Module '"vscode"' has no exported member 'NotebookCell'.
src/extension/linkify/test/vscode-node/notebookCellLinkifier.spec.ts(7,29): error TS2305: Module '"vscode"' has no exported member 'NotebookDocument'.
src/extension/linkify/test/vscode-node/notebookCellLinkifier.spec.ts(7,47): error TS2305: Module '"vscode"' has no exported member 'TextDocument'.
src/extension/linkify/test/vscode-node/symbolLinkifier.test.ts(285,35): error TS2503: Cannot find namespace 'vscode'.
src/extension/linkify/test/vscode-node/symbolLinkifier.test.ts(337,27): error TS7006: Parameter 'document' implicitly has an 'any' type.
src/extension/linkify/vscode-node/commands.ts(17,126): error TS2503: Cannot find namespace 'vscode'.
src/extension/linkify/vscode-node/commands.ts(48,36): error TS2503: Cannot find namespace 'vscode'.
src/extension/linkify/vscode-node/commands.ts(67,23): error TS2503: Cannot find namespace 'vscode'.
src/extension/linkify/vscode-node/commands.ts(67,50): error TS2503: Cannot find namespace 'vscode'.
src/extension/linkify/vscode-node/commands.ts(69,58): error TS2503: Cannot find namespace 'vscode'.
src/extension/linkify/vscode-node/commands.ts(69,85): error TS2503: Cannot find namespace 'vscode'.
src/extension/linkify/vscode-node/commands.ts(94,18): error TS2503: Cannot find namespace 'vscode'.
src/extension/linkify/vscode-node/commands.ts(123,17): error TS2503: Cannot find namespace 'vscode'.
src/extension/linkify/vscode-node/commands.ts(131,30): error TS2503: Cannot find namespace 'vscode'.
src/extension/linkify/vscode-node/commands.ts(131,48): error TS2503: Cannot find namespace 'vscode'.
src/extension/linkify/vscode-node/commands.ts(131,70): error TS2503: Cannot find namespace 'vscode'.
src/extension/linkify/vscode-node/commands.ts(139,42): error TS2503: Cannot find namespace 'vscode'.
src/extension/linkify/vscode-node/commands.ts(139,69): error TS2503: Cannot find namespace 'vscode'.
src/extension/linkify/vscode-node/commands.ts(139,136): error TS2503: Cannot find namespace 'vscode'.
src/extension/linkify/vscode-node/commands.ts(139,163): error TS2503: Cannot find namespace 'vscode'.
src/extension/linkify/vscode-node/commands.ts(155,103): error TS2503: Cannot find namespace 'vscode'.
src/extension/linkify/vscode-node/commands.ts(158,8): error TS2503: Cannot find namespace 'vscode'.
src/extension/linkify/vscode-node/commands.ts(168,54): error TS2503: Cannot find namespace 'vscode'.
src/extension/linkify/vscode-node/commands.ts(168,74): error TS2503: Cannot find namespace 'vscode'.
src/extension/linkify/vscode-node/commands.ts(179,66): error TS2503: Cannot find namespace 'vscode'.
src/extension/linkify/vscode-node/commands.ts(179,93): error TS2503: Cannot find namespace 'vscode'.
src/extension/linkify/vscode-node/commands.ts(184,26): error TS2503: Cannot find namespace 'vscode'.
src/extension/linkify/vscode-node/findSymbol.ts(5,1): error TS6133: 'vscode' is declared but its value is never read.
src/extension/linkify/vscode-node/findSymbol.ts(8,10): error TS2503: Cannot find namespace 'vscode'.
src/extension/linkify/vscode-node/findSymbol.ts(8,37): error TS2503: Cannot find namespace 'vscode'.
src/extension/linkify/vscode-node/findSymbol.ts(13,25): error TS2503: Cannot find namespace 'vscode'.
src/extension/linkify/vscode-node/findSymbol.ts(13,52): error TS2503: Cannot find namespace 'vscode'.
src/extension/linkify/vscode-node/findSymbol.ts(24,18): error TS2503: Cannot find namespace 'vscode'.
src/extension/linkify/vscode-node/findSymbol.ts(27,58): error TS2503: Cannot find namespace 'vscode'.
src/extension/linkify/vscode-node/findSymbol.ts(33,48): error TS2503: Cannot find namespace 'vscode'.
src/extension/linkify/vscode-node/findSymbol.ts(71,25): error TS2503: Cannot find namespace 'vscode'.
src/extension/linkify/vscode-node/findSymbol.ts(71,52): error TS2503: Cannot find namespace 'vscode'.
src/extension/linkify/vscode-node/findSymbol.ts(73,4): error TS2503: Cannot find namespace 'vscode'.
src/extension/linkify/vscode-node/findSymbol.ts(73,31): error TS2503: Cannot find namespace 'vscode'.
src/extension/linkify/vscode-node/findWord.ts(39,21): error TS2503: Cannot find namespace 'vscode'.
src/extension/linkify/vscode-node/findWord.ts(49,21): error TS2503: Cannot find namespace 'vscode'.
src/extension/linkify/vscode-node/findWord.ts(61,7): error TS2503: Cannot find namespace 'vscode'.
src/extension/linkify/vscode-node/findWord.ts(65,12): error TS2503: Cannot find namespace 'vscode'.
src/extension/linkify/vscode-node/findWord.ts(115,7): error TS2503: Cannot find namespace 'vscode'.
src/extension/linkify/vscode-node/findWord.ts(130,69): error TS2503: Cannot find namespace 'vscode'.
src/extension/linkify/vscode-node/findWord.ts(176,29): error TS2503: Cannot find namespace 'vscode'.
src/extension/linkify/vscode-node/findWord.ts(197,12): error TS2503: Cannot find namespace 'vscode'.
src/extension/linkify/vscode-node/findWord.ts(233,80): error TS2503: Cannot find namespace 'vscode'.
src/extension/linkify/vscode-node/findWord.ts(233,99): error TS2503: Cannot find namespace 'vscode'.
src/extension/linkify/vscode-node/findWord.ts(233,146): error TS2503: Cannot find namespace 'vscode'.
src/extension/linkify/vscode-node/findWord.ts(269,43): error TS2503: Cannot find namespace 'vscode'.
src/extension/linkify/vscode-node/findWord.ts(289,18): error TS2503: Cannot find namespace 'vscode'.
src/extension/linkify/vscode-node/findWord.ts(291,21): error TS2503: Cannot find namespace 'vscode'.
src/extension/linkify/vscode-node/findWord.ts(293,30): error TS2503: Cannot find namespace 'vscode'.
src/extension/linkify/vscode-node/findWord.ts(297,34): error TS2503: Cannot find namespace 'vscode'.
src/extension/linkify/vscode-node/findWord.ts(298,56): error TS7006: Parameter 'doc' implicitly has an 'any' type.
src/extension/linkify/vscode-node/findWord.ts(318,36): error TS2503: Cannot find namespace 'vscode'.
src/extension/linkify/vscode-node/findWord.ts(325,20): error TS2503: Cannot find namespace 'vscode'.
src/extension/linkify/vscode-node/findWord.ts(328,23): error TS2503: Cannot find namespace 'vscode'.
src/extension/linkify/vscode-node/findWord.ts(331,32): error TS2503: Cannot find namespace 'vscode'.
src/extension/linkify/vscode-node/findWord.ts(341,97): error TS2503: Cannot find namespace 'vscode'.
src/extension/linkify/vscode-node/findWord.ts(341,118): error TS2503: Cannot find namespace 'vscode'.
src/extension/linkify/vscode-node/findWord.ts(360,51): error TS2503: Cannot find namespace 'vscode'.
src/extension/linkify/vscode-node/findWord.ts(368,109): error TS2503: Cannot find namespace 'vscode'.
src/extension/linkify/vscode-node/findWord.ts(383,119): error TS2503: Cannot find namespace 'vscode'.
src/extension/linkify/vscode-node/inlineCodeSymbolLinkifier.ts(46,48): error TS2503: Cannot find namespace 'vscode'.
src/extension/linkify/vscode-node/inlineCodeSymbolLinkifier.ts(105,115): error TS2503: Cannot find namespace 'vscode'.
src/extension/linkify/vscode-node/notebookCellLinkifier.ts(6,10): error TS2305: Module '"vscode"' has no exported member 'NotebookCell'.
src/extension/linkify/vscode-node/notebookCellLinkifier.ts(6,24): error TS2305: Module '"vscode"' has no exported member 'NotebookDocument'.
src/extension/linkify/vscode-node/notebookCellLinkifier.ts(104,66): error TS7006: Parameter 'notebook' implicitly has an 'any' type.
src/extension/linkify/vscode-node/notebookCellLinkifier.ts(105,67): error TS7006: Parameter 'notebook' implicitly has an 'any' type.
src/extension/linkify/vscode-node/notebookCellLinkifier.ts(113,68): error TS7006: Parameter 'e' implicitly has an 'any' type.
src/extension/linkify/vscode-node/symbolLinkifier.ts(26,28): error TS2503: Cannot find namespace 'vscode'.
src/extension/linkify/vscode-node/symbolLinkifier.ts(119,84): error TS2503: Cannot find namespace 'vscode'.
src/extension/linkify/vscode-node/symbolLinkifier.ts(128,23): error TS2503: Cannot find namespace 'vscode'.
src/extension/linkify/vscode-node/symbolLinkifier.ts(128,50): error TS2503: Cannot find namespace 'vscode'.
src/extension/linkify/vscode-node/symbolLinkifier.ts(130,58): error TS2503: Cannot find namespace 'vscode'.
src/extension/linkify/vscode-node/symbolLinkifier.ts(130,85): error TS2503: Cannot find namespace 'vscode'.
src/extension/linkify/vscode-node/symbolLinkifier.ts(143,29): error TS2503: Cannot find namespace 'vscode'.
src/extension/linkify/vscode-node/symbolLinkifier.ts(144,40): error TS2503: Cannot find namespace 'vscode'.
src/extension/linkify/vscode-node/symbolLinkifier.ts(147,40): error TS2503: Cannot find namespace 'vscode'.
src/extension/linkify/vscode-node/symbolLinkifier.ts(165,24): error TS7006: Parameter 'uri' implicitly has an 'any' type.
src/extension/log/vscode-node/extensionStateCommand.ts(88,63): error TS7006: Parameter 'm' implicitly has an 'any' type.
src/extension/log/vscode-node/loggingActions.ts(249,17): error TS2339: Property 'subscriptions' does not exist on type 'IVSCodeExtensionContext'.
src/extension/log/vscode-node/loggingActions.ts(251,17): error TS2339: Property 'subscriptions' does not exist on type 'IVSCodeExtensionContext'.
src/extension/log/vscode-node/loggingActions.ts(252,17): error TS2339: Property 'subscriptions' does not exist on type 'IVSCodeExtensionContext'.
src/extension/log/vscode-node/loggingActions.ts(253,17): error TS2339: Property 'subscriptions' does not exist on type 'IVSCodeExtensionContext'.
src/extension/log/vscode-node/loggingActions.ts(276,35): error TS2503: Cannot find namespace 'vscode'.
src/extension/log/vscode-node/loggingActions.ts(277,20): error TS7006: Parameter 'builder' implicitly has an 'any' type.
src/extension/log/vscode-node/loggingActions.ts(435,57): error TS2339: Property 'extensionMode' does not exist on type 'IVSCodeExtensionContext'.
src/extension/log/vscode-node/loggingActions.ts(444,36): error TS2339: Property 'globalState' does not exist on type 'IVSCodeExtensionContext'.
src/extension/log/vscode-node/loggingActions.ts(451,26): error TS2339: Property 'globalState' does not exist on type 'IVSCodeExtensionContext'.
src/extension/log/vscode-node/loggingActions.ts(455,26): error TS2339: Property 'globalState' does not exist on type 'IVSCodeExtensionContext'.
src/extension/log/vscode-node/loggingActions.ts(457,24): error TS2339: Property 'globalState' does not exist on type 'IVSCodeExtensionContext'.
src/extension/log/vscode-node/loggingActions.ts(490,42): error TS2339: Property 'extension' does not exist on type 'IVSCodeExtensionContext'.
src/extension/log/vscode-node/loggingActions.ts(530,36): error TS2339: Property 'extension' does not exist on type 'IVSCodeExtensionContext'.
src/extension/log/vscode-node/loggingActions.ts(618,35): error TS2503: Cannot find namespace 'vscode'.
src/extension/log/vscode-node/requestLogTree.ts(34,48): error TS2503: Cannot find namespace 'vscode'.
src/extension/log/vscode-node/requestLogTree.ts(203,18): error TS2503: Cannot find namespace 'vscode'.
src/extension/log/vscode-node/requestLogTree.ts(209,46): error TS2503: Cannot find namespace 'vscode'.
src/extension/log/vscode-node/requestLogTree.ts(425,48): error TS7006: Parameter 'item' implicitly has an 'any' type.
src/extension/log/vscode-node/requestLogTree.ts(434,17): error TS2503: Cannot find namespace 'vscode'.
src/extension/log/vscode-node/requestLogTree.ts(568,57): error TS2503: Cannot find namespace 'vscode'.
src/extension/log/vscode-node/requestLogTree.ts(585,34): error TS2503: Cannot find namespace 'vscode'.
src/extension/log/vscode-node/requestLogTree.ts(585,61): error TS2503: Cannot find namespace 'vscode'.
src/extension/log/vscode-node/requestLogTree.ts(589,47): error TS2503: Cannot find namespace 'vscode'.
src/extension/log/vscode-node/requestLogTree.ts(677,20): error TS4112: This member cannot have an 'override' modifier because its containing class 'ChatPromptItem' does not extend another class.
src/extension/log/vscode-node/requestLogTree.ts(679,18): error TS4112: This member cannot have an 'override' modifier because its containing class 'ChatPromptItem' does not extend another class.
src/extension/log/vscode-node/requestLogTree.ts(696,9): error TS2339: Property 'iconPath' does not exist on type 'ChatPromptItem'.
src/extension/log/vscode-node/requestLogTree.ts(719,8): error TS2339: Property 'iconPath' does not exist on type 'ChatPromptItem'.
src/extension/log/vscode-node/requestLogTree.ts(720,8): error TS2339: Property 'command' does not exist on type 'ChatPromptItem'.
src/extension/log/vscode-node/requestLogTree.ts(734,9): error TS2339: Property 'iconPath' does not exist on type 'ChatPromptItem'.
src/extension/log/vscode-node/requestLogTree.ts(734,25): error TS2339: Property 'iconPath' does not exist on type 'ChatPromptItem'.
src/extension/log/vscode-node/requestLogTree.ts(735,9): error TS2339: Property 'command' does not exist on type 'ChatPromptItem'.
src/extension/log/vscode-node/requestLogTree.ts(735,24): error TS2339: Property 'command' does not exist on type 'ChatPromptItem'.
src/extension/log/vscode-node/requestLogTree.ts(737,8): error TS2339: Property 'collapsibleState' does not exist on type 'ChatPromptItem'.
src/extension/log/vscode-node/requestLogTree.ts(746,18): error TS4112: This member cannot have an 'override' modifier because its containing class 'ToolCallItem' does not extend another class.
src/extension/log/vscode-node/requestLogTree.ts(747,20): error TS4112: This member cannot have an 'override' modifier because its containing class 'ToolCallItem' does not extend another class.
src/extension/log/vscode-node/requestLogTree.ts(754,8): error TS2339: Property 'description' does not exist on type 'ToolCallItem'.
src/extension/log/vscode-node/requestLogTree.ts(755,8): error TS2339: Property 'command' does not exist on type 'ToolCallItem'.
src/extension/log/vscode-node/requestLogTree.ts(760,8): error TS2339: Property 'iconPath' does not exist on type 'ToolCallItem'.
src/extension/log/vscode-node/requestLogTree.ts(765,27): error TS4112: This member cannot have an 'override' modifier because its containing class 'ChatElementItem' does not extend another class.
src/extension/log/vscode-node/requestLogTree.ts(773,8): error TS2339: Property 'description' does not exist on type 'ChatElementItem'.
src/extension/log/vscode-node/requestLogTree.ts(774,8): error TS2339: Property 'command' does not exist on type 'ChatElementItem'.
src/extension/log/vscode-node/requestLogTree.ts(775,8): error TS2339: Property 'iconPath' does not exist on type 'ChatElementItem'.
src/extension/log/vscode-node/requestLogTree.ts(780,18): error TS4112: This member cannot have an 'override' modifier because its containing class 'ChatRequestItem' does not extend another class.
src/extension/log/vscode-node/requestLogTree.ts(781,20): error TS4112: This member cannot have an 'override' modifier because its containing class 'ChatRequestItem' does not extend another class.
src/extension/log/vscode-node/requestLogTree.ts(790,9): error TS2339: Property 'iconPath' does not exist on type 'ChatRequestItem'.
src/extension/log/vscode-node/requestLogTree.ts(792,9): error TS2339: Property 'description' does not exist on type 'ChatRequestItem'.
src/extension/log/vscode-node/requestLogTree.ts(799,9): error TS2339: Property 'description' does not exist on type 'ChatRequestItem'.
src/extension/log/vscode-node/requestLogTree.ts(801,9): error TS2339: Property 'iconPath' does not exist on type 'ChatRequestItem'.
src/extension/log/vscode-node/requestLogTree.ts(802,9): error TS2339: Property 'tooltip' does not exist on type 'ChatRequestItem'.
src/extension/log/vscode-node/requestLogTree.ts(807,10): error TS2339: Property 'tooltip' does not exist on type 'ChatRequestItem'.
src/extension/log/vscode-node/requestLogTree.ts(810,8): error TS2339: Property 'command' does not exist on type 'ChatRequestItem'.
src/extension/log/vscode-node/requestLogTree.ts(815,8): error TS2339: Property 'iconPath' does not exist on type 'ChatRequestItem'.
src/extension/log/vscode-node/requestLogTree.ts(833,49): error TS2339: Property 'workspaceState' does not exist on type 'IVSCodeExtensionContext'.
src/extension/log/vscode-node/requestLogTree.ts(834,46): error TS2339: Property 'workspaceState' does not exist on type 'IVSCodeExtensionContext'.
src/extension/log/vscode-node/requestLogTree.ts(835,52): error TS2339: Property 'workspaceState' does not exist on type 'IVSCodeExtensionContext'.
src/extension/log/vscode-node/requestLogTree.ts(836,54): error TS2339: Property 'workspaceState' does not exist on type 'IVSCodeExtensionContext'.
src/extension/log/vscode-node/requestLogTree.ts(893,23): error TS2339: Property 'label' does not exist on type 'ChatPromptItem'.
src/extension/log/vscode-node/requestLogTree.ts(894,21): error TS2339: Property 'label' does not exist on type 'ChatPromptItem'.
src/extension/log/vscode-node/requestLogTree.ts(904,23): error TS2339: Property 'label' does not exist on type 'ChatPromptItem'.
src/extension/log/vscode-node/requestLogTree.ts(905,21): error TS2339: Property 'label' does not exist on type 'ChatPromptItem'.
src/extension/log/vscode-node/requestLogTree.ts(914,31): error TS2339: Property 'workspaceState' does not exist on type 'IVSCodeExtensionContext'.
src/extension/mcp/vscode-node/mcpToolCallingLoop.tsx(6,15): error TS2305: Module '"vscode"' has no exported member 'CancellationToken'.
src/extension/mcp/vscode-node/mcpToolCallingLoop.tsx(6,34): error TS2305: Module '"vscode"' has no exported member 'LanguageModelToolInformation'.
src/extension/mcp/vscode-node/mcpToolCallingLoop.tsx(6,64): error TS2305: Module '"vscode"' has no exported member 'Progress'.
src/extension/mcp/vscode-node/mcpToolCallingTools.tsx(11,41): error TS2503: Cannot find namespace 'vscode'.
src/extension/mcp/vscode-node/mcpToolCallingTools.tsx(11,58): error TS2503: Cannot find namespace 'vscode'.
src/extension/mcp/vscode-node/mcpToolCallingTools.tsx(11,108): error TS2503: Cannot find namespace 'vscode'.
src/extension/mcp/vscode-node/mcpToolCallingTools.tsx(123,82): error TS2503: Cannot find namespace 'vscode'.
src/extension/mcp/vscode-node/mcpToolCallingTools.tsx(196,81): error TS2503: Cannot find namespace 'vscode'.
src/extension/mcp/vscode-node/mcpToolCallingTools.tsx(206,61): error TS7006: Parameter 'i' implicitly has an 'any' type.
src/extension/mcp/vscode-node/nuget.ts(9,10): error TS2305: Module '"vscode"' has no exported member 'l10n'.
src/extension/onboardDebug/common/launchConfigService.ts(7,1): error TS6133: 'vscode' is declared but its value is never read.
src/extension/onboardDebug/common/launchConfigService.ts(29,31): error TS2503: Cannot find namespace 'vscode'.
src/extension/onboardDebug/common/launchConfigService.ts(34,138): error TS2503: Cannot find namespace 'vscode'.
src/extension/onboardDebug/common/launchConfigService.ts(41,18): error TS2503: Cannot find namespace 'vscode'.
src/extension/onboardDebug/common/launchConfigService.ts(51,9): error TS2503: Cannot find namespace 'vscode'.
src/extension/onboardDebug/common/launchConfigService.ts(57,59): error TS2503: Cannot find namespace 'vscode'.
src/extension/onboardDebug/node/copilotDebugCommandSessionFactory.tsx(6,1): error TS6133: 'vscode' is declared but its value is never read.
src/extension/onboardDebug/node/copilotDebugCommandSessionFactory.tsx(148,53): error TS2503: Cannot find namespace 'vscode'.
src/extension/onboardDebug/node/copilotDebugCommandSessionFactory.tsx(155,39): error TS2503: Cannot find namespace 'vscode'.
src/extension/onboardDebug/node/copilotDebugCommandSessionFactory.tsx(179,23): error TS2339: Property 'workspaceState' does not exist on type 'IVSCodeExtensionContext'.
src/extension/onboardDebug/node/copilotDebugCommandSessionFactory.tsx(194,16): error TS2339: Property 'workspaceState' does not exist on type 'IVSCodeExtensionContext'.
src/extension/onboardDebug/node/copilotDebugWorker/shared.ts(6,15): error TS2305: Module '"vscode"' has no exported member 'DebugConfiguration'.
src/extension/onboardDebug/node/debuggableCommandIdentifier.ts(43,57): error TS7006: Parameter 'e' implicitly has an 'any' type.
src/extension/onboardDebug/node/debuggableCommandIdentifier.ts(106,27): error TS7006: Parameter 'c' implicitly has an 'any' type.
src/extension/onboardDebug/node/debuggableCommandIdentifier.ts(151,23): error TS2339: Property 'globalState' does not exist on type 'IVSCodeExtensionContext'.
src/extension/onboardDebug/node/debuggableCommandIdentifier.ts(158,23): error TS2339: Property 'globalState' does not exist on type 'IVSCodeExtensionContext'.
src/extension/onboardDebug/node/parseLaunchConfigFromResponse.ts(7,15): error TS2305: Module '"vscode"' has no exported member 'DebugConfiguration'.
src/extension/onboardDebug/vscode-node/copilotDebugCommandContribution.ts(44,76): error TS2503: Cannot find namespace 'vscode'.
src/extension/onboardDebug/vscode-node/copilotDebugCommandContribution.ts(84,63): error TS2339: Property 'globalStorageUri' does not exist on type 'IVSCodeExtensionContext'.
src/extension/onboardDebug/vscode-node/copilotDebugCommandContribution.ts(102,66): error TS2503: Cannot find namespace 'vscode'.
src/extension/onboardDebug/vscode-node/copilotDebugCommandContribution.ts(127,17): error TS2503: Cannot find namespace 'vscode'.
src/extension/onboardDebug/vscode-node/copilotDebugCommandContribution.ts(127,30): error TS2503: Cannot find namespace 'vscode'.
src/extension/onboardDebug/vscode-node/copilotDebugCommandContribution.ts(225,20): error TS2339: Property 'extensionMode' does not exist on type 'IVSCodeExtensionContext'.
src/extension/onboardDebug/vscode-node/copilotDebugCommandContribution.ts(235,41): error TS2339: Property 'globalStorageUri' does not exist on type 'IVSCodeExtensionContext'.
src/extension/onboardDebug/vscode-node/copilotDebugCommandContribution.ts(241,50): error TS2339: Property 'globalStorageUri' does not exist on type 'IVSCodeExtensionContext'.
src/extension/onboardDebug/vscode-node/copilotDebugCommandContribution.ts(242,43): error TS2339: Property 'globalState' does not exist on type 'IVSCodeExtensionContext'.
src/extension/onboardDebug/vscode-node/copilotDebugCommandContribution.ts(267,16): error TS2339: Property 'globalState' does not exist on type 'IVSCodeExtensionContext'.
src/extension/onboardDebug/vscode-node/copilotDebugCommandContribution.ts(302,75): error TS2503: Cannot find namespace 'vscode'.
src/extension/onboardDebug/vscode-node/copilotDebugCommandSession.ts(18,19): error TS2503: Cannot find namespace 'vscode'.
src/extension/onboardDebug/vscode-node/copilotDebugCommandSession.ts(19,10): error TS2503: Cannot find namespace 'vscode'.
src/extension/onboardDebug/vscode-node/copilotDebugCommandSession.ts(28,27): error TS2503: Cannot find namespace 'vscode'.
src/extension/onboardDebug/vscode-node/copilotDebugCommandSession.ts(82,29): error TS7006: Parameter 'session' implicitly has an 'any' type.
src/extension/onboardDebug/vscode-node/copilotDebugCommandSession.ts(98,22): error TS7006: Parameter 'message' implicitly has an 'any' type.
src/extension/onboardDebug/vscode-node/copilotDebugCommandSession.ts(103,12): error TS7006: Parameter 'code' implicitly has an 'any' type.
src/extension/onboardDebug/vscode-node/copilotDebugCommandSession.ts(103,18): error TS7006: Parameter 'signal' implicitly has an 'any' type.
src/extension/onboardDebug/vscode-node/copilotDebugCommandSession.ts(117,101): error TS7006: Parameter 'ok' implicitly has an 'any' type.
src/extension/onboardDebug/vscode-node/onboardTerminalTestsContribution.ts(14,77): error TS2503: Cannot find namespace 'vscode'.
src/extension/onboardDebug/vscode-node/onboardTerminalTestsContribution.ts(19,37): error TS2503: Cannot find namespace 'vscode'.
src/extension/onboardDebug/vscode-node/onboardTerminalTestsContribution.ts(19,54): error TS2503: Cannot find namespace 'vscode'.
src/extension/onboardDebug/vscode-node/onboardTerminalTestsContribution.ts(27,51): error TS7006: Parameter 'e' implicitly has an 'any' type.
src/extension/onboardDebug/vscode-node/onboardTerminalTestsContribution.ts(30,65): error TS7006: Parameter 'e' implicitly has an 'any' type.
src/extension/onboardDebug/vscode-node/onboardTerminalTestsContribution.ts(45,23): error TS2503: Cannot find namespace 'vscode'.
src/extension/onboardDebug/vscode-node/onboardTerminalTestsContribution.ts(46,10): error TS2503: Cannot find namespace 'vscode'.
src/extension/onboardDebug/vscode-node/onboardTerminalTestsContribution.ts(47,25): error TS2503: Cannot find namespace 'vscode'.
src/extension/onboardDebug/vscode/launchConfigService.ts(18,71): error TS2503: Cannot find namespace 'vscode'.
src/extension/onboardDebug/vscode/launchConfigService.ts(21,38): error TS2503: Cannot find namespace 'vscode'.
src/extension/onboardDebug/vscode/launchConfigService.ts(43,17): error TS2503: Cannot find namespace 'vscode'.
src/extension/onboardDebug/vscode/launchConfigService.ts(50,14): error TS2503: Cannot find namespace 'vscode'.
src/extension/onboardDebug/vscode/launchConfigService.ts(89,23): error TS2503: Cannot find namespace 'vscode'.
src/extension/onboardDebug/vscode/launchConfigService.ts(90,22): error TS2503: Cannot find namespace 'vscode'.
src/extension/onboardDebug/vscode/launchConfigService.ts(123,17): error TS2503: Cannot find namespace 'vscode'.
src/extension/otel/vscode-node/otelContrib.ts(54,116): error TS2503: Cannot find namespace 'vscode'.
src/extension/otel/vscode-node/otelContrib.ts(60,14): error TS2503: Cannot find namespace 'vscode'.
src/extension/otel/vscode-node/otelContrib.ts(116,66): error TS7006: Parameter 'e' implicitly has an 'any' type.
src/extension/power/vscode-node/powerService.ts(18,21): error TS2503: Cannot find namespace 'vscode'.
src/extension/power/vscode-node/powerStateLogger.ts(18,26): error TS2503: Cannot find namespace 'vscode'.
src/extension/power/vscode-node/powerStateLogger.ts(44,61): error TS7006: Parameter 'onBattery' implicitly has an 'any' type.
src/extension/power/vscode-node/powerStateLogger.ts(49,59): error TS7006: Parameter 'thermalState' implicitly has an 'any' type.
src/extension/power/vscode-node/powerStateLogger.ts(54,57): error TS7006: Parameter 'speedLimit' implicitly has an 'any' type.
src/extension/prompt/common/chatVariablesCollection.ts(6,1): error TS6133: 'vscode' is declared but its value is never read.
src/extension/prompt/common/chatVariablesCollection.ts(11,22): error TS2503: Cannot find namespace 'vscode'.
src/extension/prompt/common/chatVariablesCollection.ts(14,27): error TS2503: Cannot find namespace 'vscode'.
src/extension/prompt/common/chatVariablesCollection.ts(14,40): error TS2503: Cannot find namespace 'vscode'.
src/extension/prompt/common/chatVariablesCollection.ts(23,24): error TS2503: Cannot find namespace 'vscode'.
src/extension/prompt/common/chatVariablesCollection.ts(48,38): error TS2503: Cannot find namespace 'vscode'.
src/extension/prompt/common/chatVariablesCollection.ts(78,30): error TS2503: Cannot find namespace 'vscode'.
src/extension/prompt/common/chatVariablesCollection.ts(100,50): error TS2503: Cannot find namespace 'vscode'.
src/extension/prompt/common/chatVariablesCollection.ts(110,95): error TS2503: Cannot find namespace 'vscode'.
src/extension/prompt/common/chatVariablesCollection.ts(119,100): error TS2503: Cannot find namespace 'vscode'.
src/extension/prompt/common/chatVariablesCollection.ts(149,101): error TS2503: Cannot find namespace 'vscode'.
src/extension/prompt/common/chatVariablesCollection.ts(157,85): error TS2503: Cannot find namespace 'vscode'.
src/extension/prompt/common/chatVariablesCollection.ts(170,67): error TS2503: Cannot find namespace 'vscode'.
src/extension/prompt/common/conversation.ts(7,15): error TS2305: Module '"vscode"' has no exported member 'ChatRequest'.
src/extension/prompt/common/conversation.ts(7,28): error TS2305: Module '"vscode"' has no exported member 'ChatRequestEditedFileEvent'.
src/extension/prompt/common/conversation.ts(7,56): error TS2305: Module '"vscode"' has no exported member 'ChatResponseStream'.
src/extension/prompt/common/conversation.ts(7,76): error TS2305: Module '"vscode"' has no exported member 'ChatResult'.
src/extension/prompt/common/conversation.ts(7,88): error TS2305: Module '"vscode"' has no exported member 'LanguageModelToolResult'.
src/extension/prompt/common/fileTreeParser.ts(6,1): error TS6133: 'vscode' is declared but its value is never read.
src/extension/prompt/common/fileTreeParser.ts(20,18): error TS2503: Cannot find namespace 'vscode'.
src/extension/prompt/common/fileTreeParser.ts(23,14): error TS2503: Cannot find namespace 'vscode'.
src/extension/prompt/common/fileTreeParser.ts(31,19): error TS2503: Cannot find namespace 'vscode'.
src/extension/prompt/common/fileTreeParser.ts(64,51): error TS2503: Cannot find namespace 'vscode'.
src/extension/prompt/common/fileTreeParser.ts(98,47): error TS2503: Cannot find namespace 'vscode'.
src/extension/prompt/common/fileTreeParser.ts(98,79): error TS2503: Cannot find namespace 'vscode'.
src/extension/prompt/common/fileTreeParser.ts(99,22): error TS2503: Cannot find namespace 'vscode'.
src/extension/prompt/common/fileTreeParser.ts(114,35): error TS2503: Cannot find namespace 'vscode'.
src/extension/prompt/common/intents.ts(6,1): error TS6133: 'vscode' is declared but its value is never read.
src/extension/prompt/common/intents.ts(51,48): error TS2503: Cannot find namespace 'vscode'.
src/extension/prompt/common/intents.ts(57,29): error TS2503: Cannot find namespace 'vscode'.
src/extension/prompt/common/intents.ts(74,33): error TS2503: Cannot find namespace 'vscode'.
src/extension/prompt/common/intents.ts(75,37): error TS2503: Cannot find namespace 'vscode'.
src/extension/prompt/common/intents.ts(79,30): error TS2503: Cannot find namespace 'vscode'.
src/extension/prompt/common/intents.ts(85,44): error TS2503: Cannot find namespace 'vscode'.
src/extension/prompt/common/intents.ts(107,39): error TS2503: Cannot find namespace 'vscode'.
src/extension/prompt/common/intents.ts(110,20): error TS2503: Cannot find namespace 'vscode'.
src/extension/prompt/common/intents.ts(146,19): error TS2503: Cannot find namespace 'vscode'.
src/extension/prompt/common/intents.ts(153,19): error TS2503: Cannot find namespace 'vscode'.
src/extension/prompt/node/chatMLFetcher.ts(8,15): error TS2305: Module '"vscode"' has no exported member 'CancellationToken'.
src/extension/prompt/node/chatParticipantRequestHandler.ts(7,15): error TS2305: Module '"vscode"' has no exported member 'ChatRequest'.
src/extension/prompt/node/chatParticipantRequestHandler.ts(7,28): error TS2305: Module '"vscode"' has no exported member 'ChatRequestTurn2'.
src/extension/prompt/node/chatParticipantRequestHandler.ts(7,46): error TS2305: Module '"vscode"' has no exported member 'ChatResponseStream'.
src/extension/prompt/node/chatParticipantRequestHandler.ts(7,66): error TS2305: Module '"vscode"' has no exported member 'ChatResult'.
src/extension/prompt/node/chatParticipantRequestHandler.ts(7,78): error TS2305: Module '"vscode"' has no exported member 'Location'.
src/extension/prompt/node/chatParticipantRequestHandler.ts(157,63): error TS7006: Parameter 'ref' implicitly has an 'any' type.
src/extension/prompt/node/chatParticipantRequestHandler.ts(190,74): error TS7006: Parameter 'ref' implicitly has an 'any' type.
src/extension/prompt/node/chatParticipantRequestHandler.ts(198,60): error TS7006: Parameter 'ref' implicitly has an 'any' type.
src/extension/prompt/node/chatParticipantRequestHandler.ts(415,48): error TS7006: Parameter 'r' implicitly has an 'any' type.
src/extension/prompt/node/chatParticipantTelemetry.ts(7,1): error TS6133: 'vscode' is declared but its value is never read.
src/extension/prompt/node/chatParticipantTelemetry.ts(215,47): error TS2503: Cannot find namespace 'vscode'.
src/extension/prompt/node/chatParticipantTelemetry.ts(251,30): error TS2503: Cannot find namespace 'vscode'.
src/extension/prompt/node/chatParticipantTelemetry.ts(347,32): error TS2503: Cannot find namespace 'vscode'.
src/extension/prompt/node/chatParticipantTelemetry.ts(390,34): error TS2503: Cannot find namespace 'vscode'.
src/extension/prompt/node/chatParticipantTelemetry.ts(401,31): error TS2503: Cannot find namespace 'vscode'.
src/extension/prompt/node/chatParticipantTelemetry.ts(401,50): error TS2503: Cannot find namespace 'vscode'.
src/extension/prompt/node/chatParticipantTelemetry.ts(472,93): error TS2503: Cannot find namespace 'vscode'.
src/extension/prompt/node/chatParticipantTelemetry.ts(587,12): error TS2503: Cannot find namespace 'vscode'.
src/extension/prompt/node/chatParticipantTelemetry.ts(741,93): error TS2339: Property 'extensionUri' does not exist on type 'IVSCodeExtensionContext'.
src/extension/prompt/node/chatParticipantTelemetry.ts(840,12): error TS2503: Cannot find namespace 'vscode'.
src/extension/prompt/node/codebaseToolCalling.ts(7,15): error TS2305: Module '"vscode"' has no exported member 'CancellationToken'.
src/extension/prompt/node/codebaseToolCalling.ts(7,34): error TS2305: Module '"vscode"' has no exported member 'ChatRequest'.
src/extension/prompt/node/codebaseToolCalling.ts(7,47): error TS2305: Module '"vscode"' has no exported member 'LanguageModelToolInformation'.
src/extension/prompt/node/codebaseToolCalling.ts(7,77): error TS2305: Module '"vscode"' has no exported member 'Progress'.
src/extension/prompt/node/defaultIntentRequestHandler.ts(8,15): error TS2305: Module '"vscode"' has no exported member 'ChatRequest'.
src/extension/prompt/node/defaultIntentRequestHandler.ts(8,28): error TS2305: Module '"vscode"' has no exported member 'ChatResponseReferencePart'.
src/extension/prompt/node/defaultIntentRequestHandler.ts(8,55): error TS2305: Module '"vscode"' has no exported member 'ChatResponseStream'.
src/extension/prompt/node/defaultIntentRequestHandler.ts(8,75): error TS2305: Module '"vscode"' has no exported member 'ChatResult'.
src/extension/prompt/node/defaultIntentRequestHandler.ts(8,87): error TS2305: Module '"vscode"' has no exported member 'LanguageModelToolInformation'.
src/extension/prompt/node/defaultIntentRequestHandler.ts(8,117): error TS2305: Module '"vscode"' has no exported member 'Progress'.
src/extension/prompt/node/defaultIntentRequestHandler.ts(856,3): error TS2322: Type 'unknown' is not assignable to type 'string | number | boolean'.
src/extension/prompt/node/definitionAroundCursor.tsx(7,1): error TS6133: 'vscode' is declared but its value is never read.
src/extension/prompt/node/definitionAroundCursor.tsx(46,58): error TS2503: Cannot find namespace 'vscode'.
src/extension/prompt/node/definitionAroundCursor.tsx(46,74): error TS2503: Cannot find namespace 'vscode'.
src/extension/prompt/node/definitionAroundCursor.tsx(46,108): error TS2503: Cannot find namespace 'vscode'.
src/extension/prompt/node/definitionAroundCursor.tsx(46,163): error TS2503: Cannot find namespace 'vscode'.
src/extension/prompt/node/definitionAroundCursor.tsx(74,18): error TS2503: Cannot find namespace 'vscode'.
src/extension/prompt/node/definitionAroundCursor.tsx(77,156): error TS2503: Cannot find namespace 'vscode'.
src/extension/prompt/node/definitionAroundCursor.tsx(102,84): error TS2503: Cannot find namespace 'vscode'.
src/extension/prompt/node/devContainerConfigGenerator.ts(6,15): error TS2305: Module '"vscode"' has no exported member 'CancellationToken'.
src/extension/prompt/node/documentContext.ts(6,1): error TS6133: 'vscode' is declared but its value is never read.
src/extension/prompt/node/documentContext.ts(17,27): error TS2503: Cannot find namespace 'vscode'.
src/extension/prompt/node/documentContext.ts(19,23): error TS2503: Cannot find namespace 'vscode'.
src/extension/prompt/node/documentContext.ts(20,22): error TS2503: Cannot find namespace 'vscode'.
src/extension/prompt/node/documentContext.ts(24,37): error TS2503: Cannot find namespace 'vscode'.
src/extension/prompt/node/documentContext.ts(24,69): error TS2503: Cannot find namespace 'vscode'.
src/extension/prompt/node/documentContext.ts(47,45): error TS2503: Cannot find namespace 'vscode'.
src/extension/prompt/node/documentContext.ts(47,77): error TS2503: Cannot find namespace 'vscode'.
src/extension/prompt/node/documentContext.ts(47,108): error TS2503: Cannot find namespace 'vscode'.
src/extension/prompt/node/documentContext.ts(58,48): error TS2503: Cannot find namespace 'vscode'.
src/extension/prompt/node/documentContext.ts(58,82): error TS2503: Cannot find namespace 'vscode'.
src/extension/prompt/node/documentContext.ts(97,101): error TS18048: 'result' is possibly 'undefined'.
src/extension/prompt/node/documentContext.ts(98,4): error TS18048: 'result' is possibly 'undefined'.
src/extension/prompt/node/editGeneration.ts(6,1): error TS6133: 'vscode' is declared but its value is never read.
src/extension/prompt/node/editGeneration.ts(43,36): error TS2503: Cannot find namespace 'vscode'.
src/extension/prompt/node/executionSubagentToolCallingLoop.ts(7,15): error TS2305: Module '"vscode"' has no exported member 'CancellationToken'.
src/extension/prompt/node/executionSubagentToolCallingLoop.ts(7,34): error TS2305: Module '"vscode"' has no exported member 'ChatRequest'.
src/extension/prompt/node/executionSubagentToolCallingLoop.ts(7,47): error TS2305: Module '"vscode"' has no exported member 'ChatResponseStream'.
src/extension/prompt/node/executionSubagentToolCallingLoop.ts(7,67): error TS2305: Module '"vscode"' has no exported member 'LanguageModelToolInformation'.
src/extension/prompt/node/executionSubagentToolCallingLoop.ts(7,97): error TS2305: Module '"vscode"' has no exported member 'Progress'.
src/extension/prompt/node/feedbackGenerator.ts(10,15): error TS2305: Module '"vscode"' has no exported member 'CancellationToken'.
src/extension/prompt/node/feedbackGenerator.ts(10,34): error TS2305: Module '"vscode"' has no exported member 'Progress'.
src/extension/prompt/node/gitBranch.ts(6,1): error TS6133: 'vscode' is declared but its value is never read.
src/extension/prompt/node/gitBranch.ts(29,12): error TS2503: Cannot find namespace 'vscode'.
src/extension/prompt/node/gitBranch.ts(30,10): error TS2503: Cannot find namespace 'vscode'.
src/extension/prompt/node/gitBranch.ts(35,45): error TS7006: Parameter 'item' implicitly has an 'any' type.
src/extension/prompt/node/gitCommitMessageGenerator.ts(6,15): error TS2305: Module '"vscode"' has no exported member 'CancellationToken'.
src/extension/prompt/node/indentationGuesser.ts(6,15): error TS2305: Module '"vscode"' has no exported member 'FormattingOptions'.
src/extension/prompt/node/indentationGuesser.ts(6,34): error TS2305: Module '"vscode"' has no exported member 'TextDocument'.
src/extension/prompt/node/intentDetector.tsx(7,15): error TS2305: Module '"vscode"' has no exported member 'CancellationToken'.
src/extension/prompt/node/intentDetector.tsx(7,34): error TS2305: Module '"vscode"' has no exported member 'ChatContext'.
src/extension/prompt/node/intentDetector.tsx(7,47): error TS2305: Module '"vscode"' has no exported member 'ChatParticipantDetectionProvider'.
src/extension/prompt/node/intentDetector.tsx(7,81): error TS2305: Module '"vscode"' has no exported member 'ChatParticipantDetectionResult'.
src/extension/prompt/node/intentDetector.tsx(7,113): error TS2305: Module '"vscode"' has no exported member 'ChatParticipantMetadata'.
src/extension/prompt/node/intentDetector.tsx(7,138): error TS2305: Module '"vscode"' has no exported member 'ChatRequest'.
src/extension/prompt/node/intentDetector.tsx(7,151): error TS2305: Module '"vscode"' has no exported member 'Uri'.
src/extension/prompt/node/intentDetector.tsx(7,156): error TS2305: Module '"vscode"' has no exported member 'ChatLocation'.
src/extension/prompt/node/intentDetector.tsx(89,43): error TS7006: Parameter 'ref' implicitly has an 'any' type.
src/extension/prompt/node/intentDetector.tsx(322,40): error TS7006: Parameter 'alias' implicitly has an 'any' type.
src/extension/prompt/node/intentDetector.tsx(613,34): error TS7006: Parameter 'alias' implicitly has an 'any' type.
src/extension/prompt/node/intentDetector.tsx(616,126): error TS7006: Parameter 'example' implicitly has an 'any' type.
src/extension/prompt/node/intents.ts(7,1): error TS6133: 'vscode' is declared but its value is never read.
src/extension/prompt/node/intents.ts(48,20): error TS2503: Cannot find namespace 'vscode'.
src/extension/prompt/node/intents.ts(50,26): error TS2503: Cannot find namespace 'vscode'.
src/extension/prompt/node/intents.ts(94,12): error TS2503: Cannot find namespace 'vscode'.
src/extension/prompt/node/intents.ts(95,11): error TS2503: Cannot find namespace 'vscode'.
src/extension/prompt/node/intents.ts(102,13): error TS2503: Cannot find namespace 'vscode'.
src/extension/prompt/node/intents.ts(113,32): error TS2503: Cannot find namespace 'vscode'.
src/extension/prompt/node/intents.ts(116,19): error TS2503: Cannot find namespace 'vscode'.
src/extension/prompt/node/intents.ts(186,24): error TS2503: Cannot find namespace 'vscode'.
src/extension/prompt/node/intents.ts(186,72): error TS2503: Cannot find namespace 'vscode'.
src/extension/prompt/node/intents.ts(193,13): error TS2503: Cannot find namespace 'vscode'.
src/extension/prompt/node/intents.ts(193,29): error TS2503: Cannot find namespace 'vscode'.
src/extension/prompt/node/intents.ts(193,64): error TS2503: Cannot find namespace 'vscode'.
src/extension/prompt/node/intents.ts(194,10): error TS2503: Cannot find namespace 'vscode'.
src/extension/prompt/node/intents.ts(202,123): error TS2503: Cannot find namespace 'vscode'.
src/extension/prompt/node/intents.ts(208,36): error TS2503: Cannot find namespace 'vscode'.
src/extension/prompt/node/intents.ts(208,86): error TS2503: Cannot find namespace 'vscode'.
src/extension/prompt/node/intents.ts(268,111): error TS2503: Cannot find namespace 'vscode'.
src/extension/prompt/node/intents.ts(268,173): error TS2503: Cannot find namespace 'vscode'.
src/extension/prompt/node/intents.ts(278,111): error TS2503: Cannot find namespace 'vscode'.
src/extension/prompt/node/intents.ts(282,117): error TS2503: Cannot find namespace 'vscode'.
src/extension/prompt/node/intents.ts(336,35): error TS2503: Cannot find namespace 'vscode'.
src/extension/prompt/node/promptCategorizer.ts(6,1): error TS6133: 'vscode' is declared but its value is never read.
src/extension/prompt/node/promptCategorizer.ts(41,28): error TS2503: Cannot find namespace 'vscode'.
src/extension/prompt/node/promptCategorizer.ts(41,57): error TS2503: Cannot find namespace 'vscode'.
src/extension/prompt/node/promptCategorizer.ts(136,28): error TS2503: Cannot find namespace 'vscode'.
src/extension/prompt/node/promptCategorizer.ts(136,57): error TS2503: Cannot find namespace 'vscode'.
src/extension/prompt/node/promptCategorizer.ts(166,48): error TS2503: Cannot find namespace 'vscode'.
src/extension/prompt/node/promptCategorizer.ts(166,78): error TS2503: Cannot find namespace 'vscode'.
src/extension/prompt/node/promptVariablesService.ts(6,15): error TS2305: Module '"vscode"' has no exported member 'ChatLanguageModelToolReference'.
src/extension/prompt/node/promptVariablesService.ts(6,47): error TS2305: Module '"vscode"' has no exported member 'ChatPromptReference'.
src/extension/prompt/node/pseudoStartStopConversationCallback.ts(8,15): error TS2305: Module '"vscode"' has no exported member 'ChatResponseStream'.
src/extension/prompt/node/pseudoStartStopConversationCallback.ts(8,35): error TS2305: Module '"vscode"' has no exported member 'ChatVulnerability'.
src/extension/prompt/node/searchSubagentToolCallingLoop.ts(7,15): error TS2305: Module '"vscode"' has no exported member 'CancellationToken'.
src/extension/prompt/node/searchSubagentToolCallingLoop.ts(7,34): error TS2305: Module '"vscode"' has no exported member 'ChatRequest'.
src/extension/prompt/node/searchSubagentToolCallingLoop.ts(7,47): error TS2305: Module '"vscode"' has no exported member 'ChatResponseStream'.
src/extension/prompt/node/searchSubagentToolCallingLoop.ts(7,67): error TS2305: Module '"vscode"' has no exported member 'LanguageModelToolInformation'.
src/extension/prompt/node/searchSubagentToolCallingLoop.ts(7,97): error TS2305: Module '"vscode"' has no exported member 'Progress'.
src/extension/prompt/node/settingsEditorSearchResultsSelector.ts(5,15): error TS2305: Module '"vscode"' has no exported member 'CancellationToken'.
src/extension/prompt/node/streamingEdits.ts(6,1): error TS6133: 'vscode' is declared but its value is never read.
src/extension/prompt/node/streamingEdits.ts(30,38): error TS2503: Cannot find namespace 'vscode'.
src/extension/prompt/node/streamingEdits.ts(31,39): error TS2503: Cannot find namespace 'vscode'.
src/extension/prompt/node/streamingEdits.ts(228,37): error TS2503: Cannot find namespace 'vscode'.
src/extension/prompt/node/streamingEdits.ts(290,32): error TS2503: Cannot find namespace 'vscode'.
src/extension/prompt/node/streamingEdits.ts(368,29): error TS2503: Cannot find namespace 'vscode'.
src/extension/prompt/node/streamingEdits.ts(402,51): error TS2503: Cannot find namespace 'vscode'.
src/extension/prompt/node/streamingEdits.ts(448,24): error TS2503: Cannot find namespace 'vscode'.
src/extension/prompt/node/streamingEdits.ts(469,31): error TS2503: Cannot find namespace 'vscode'.
src/extension/prompt/node/streamingEdits.ts(495,34): error TS2503: Cannot find namespace 'vscode'.
src/extension/prompt/node/streamingEdits.ts(496,25): error TS2503: Cannot find namespace 'vscode'.
src/extension/prompt/node/streamingEdits.ts(501,19): error TS2503: Cannot find namespace 'vscode'.
src/extension/prompt/node/streamingEdits.ts(668,34): error TS2503: Cannot find namespace 'vscode'.
src/extension/prompt/node/streamingEdits.ts(678,75): error TS2503: Cannot find namespace 'vscode'.
src/extension/prompt/node/streamingEdits.ts(678,114): error TS2503: Cannot find namespace 'vscode'.
src/extension/prompt/node/streamingEdits.ts(685,11): error TS2503: Cannot find namespace 'vscode'.
src/extension/prompt/node/streamingEdits.ts(688,56): error TS2503: Cannot find namespace 'vscode'.
src/extension/prompt/node/streamingEdits.ts(694,11): error TS2503: Cannot find namespace 'vscode'.
src/extension/prompt/node/streamingEdits.ts(697,64): error TS2503: Cannot find namespace 'vscode'.
src/extension/prompt/node/streamingEdits.ts(697,110): error TS2503: Cannot find namespace 'vscode'.
src/extension/prompt/node/streamingEdits.ts(717,53): error TS2503: Cannot find namespace 'vscode'.
src/extension/prompt/node/streamingEdits.ts(1140,71): error TS2503: Cannot find namespace 'vscode'.
src/extension/prompt/node/streamingEdits.ts(1151,147): error TS2503: Cannot find namespace 'vscode'.
src/extension/prompt/node/summarizer.ts(7,1): error TS6133: 'vscode' is declared but its value is never read.
src/extension/prompt/node/summarizer.ts(24,48): error TS2503: Cannot find namespace 'vscode'.
src/extension/prompt/node/summarizer.ts(34,12): error TS2503: Cannot find namespace 'vscode'.
src/extension/prompt/node/summarizer.ts(35,10): error TS2503: Cannot find namespace 'vscode'.
src/extension/prompt/node/telemetry.ts(6,15): error TS2305: Module '"vscode"' has no exported member 'TextDocument'.
src/extension/prompt/node/test/defaultIntentRequestHandler.spec.ts(9,15): error TS2305: Module '"vscode"' has no exported member 'ChatLanguageModelToolReference'.
src/extension/prompt/node/test/defaultIntentRequestHandler.spec.ts(9,47): error TS2305: Module '"vscode"' has no exported member 'ChatPromptReference'.
src/extension/prompt/node/test/defaultIntentRequestHandler.spec.ts(9,68): error TS2305: Module '"vscode"' has no exported member 'ChatRequest'.
src/extension/prompt/node/test/defaultIntentRequestHandler.spec.ts(9,81): error TS2305: Module '"vscode"' has no exported member 'ExtendedChatResponsePart'.
src/extension/prompt/node/test/defaultIntentRequestHandler.spec.ts(9,107): error TS2305: Module '"vscode"' has no exported member 'LanguageModelChat'.
src/extension/prompt/node/test/repoInfoTelemetry.spec.ts(8,15): error TS2305: Module '"vscode"' has no exported member 'FileSystemWatcher'.
src/extension/prompt/node/test/repoInfoTelemetry.spec.ts(8,34): error TS2305: Module '"vscode"' has no exported member 'Uri'.
src/extension/prompt/node/test/testFiles.spec.ts(8,1): error TS6133: 'vscode' is declared but its value is never read.
src/extension/prompt/node/test/testFiles.spec.ts(24,41): error TS2503: Cannot find namespace 'vscode'.
src/extension/prompt/node/test/testFiles.spec.ts(24,74): error TS2503: Cannot find namespace 'vscode'.
src/extension/prompt/node/test/testFiles.spec.ts(24,115): error TS2503: Cannot find namespace 'vscode'.
src/extension/prompt/node/test/testFiles.spec.ts(24,131): error TS2503: Cannot find namespace 'vscode'.
src/extension/prompt/node/test/testFiles.spec.ts(24,164): error TS2503: Cannot find namespace 'vscode'.
src/extension/prompt/node/test/testFiles.spec.ts(24,199): error TS2503: Cannot find namespace 'vscode'.
src/extension/prompt/node/test/testFiles.spec.ts(28,36): error TS2503: Cannot find namespace 'vscode'.
src/extension/prompt/node/test/testFiles.spec.ts(28,71): error TS2503: Cannot find namespace 'vscode'.
src/extension/prompt/node/test/testFiles.spec.ts(28,111): error TS2503: Cannot find namespace 'vscode'.
src/extension/prompt/node/test/testFiles.spec.ts(28,138): error TS2503: Cannot find namespace 'vscode'.
src/extension/prompt/node/test/testFiles.spec.ts(29,17): error TS2503: Cannot find namespace 'vscode'.
src/extension/prompt/node/test/testFiles.spec.ts(32,41): error TS2503: Cannot find namespace 'vscode'.
src/extension/prompt/node/test/testFiles.spec.ts(32,71): error TS2503: Cannot find namespace 'vscode'.
src/extension/prompt/node/test/testFiles.spec.ts(32,117): error TS2503: Cannot find namespace 'vscode'.
src/extension/prompt/node/test/testFiles.spec.ts(32,164): error TS2503: Cannot find namespace 'vscode'.
src/extension/prompt/node/test/testFiles.spec.ts(39,32): error TS2503: Cannot find namespace 'vscode'.
src/extension/prompt/node/test/testFiles.spec.ts(39,45): error TS2503: Cannot find namespace 'vscode'.
src/extension/prompt/node/test/testFiles.spec.ts(40,20): error TS2503: Cannot find namespace 'vscode'.
src/extension/prompt/node/test/testFiles.spec.ts(41,21): error TS2503: Cannot find namespace 'vscode'.
src/extension/prompt/node/test/testFiles.spec.ts(42,32): error TS2503: Cannot find namespace 'vscode'.
src/extension/prompt/node/test/testFiles.spec.ts(43,25): error TS2503: Cannot find namespace 'vscode'.
src/extension/prompt/node/test/testFiles.spec.ts(44,36): error TS2503: Cannot find namespace 'vscode'.
src/extension/prompt/node/test/testFiles.spec.ts(225,42): error TS2503: Cannot find namespace 'vscode'.
src/extension/prompt/node/test/testFiles.spec.ts(225,75): error TS2503: Cannot find namespace 'vscode'.
src/extension/prompt/node/test/testFiles.spec.ts(225,116): error TS2503: Cannot find namespace 'vscode'.
src/extension/prompt/node/test/testFiles.spec.ts(225,132): error TS2503: Cannot find namespace 'vscode'.
src/extension/prompt/node/test/testFiles.spec.ts(225,165): error TS2503: Cannot find namespace 'vscode'.
src/extension/prompt/node/test/testFiles.spec.ts(225,200): error TS2503: Cannot find namespace 'vscode'.
src/extension/prompt/node/test/testFiles.spec.ts(231,37): error TS2503: Cannot find namespace 'vscode'.
src/extension/prompt/node/test/testFiles.spec.ts(231,72): error TS2503: Cannot find namespace 'vscode'.
src/extension/prompt/node/test/testFiles.spec.ts(231,112): error TS2503: Cannot find namespace 'vscode'.
src/extension/prompt/node/test/testFiles.spec.ts(231,139): error TS2503: Cannot find namespace 'vscode'.
src/extension/prompt/node/test/testFiles.spec.ts(234,42): error TS2503: Cannot find namespace 'vscode'.
src/extension/prompt/node/test/testFiles.spec.ts(234,72): error TS2503: Cannot find namespace 'vscode'.
src/extension/prompt/node/test/testFiles.spec.ts(234,118): error TS2503: Cannot find namespace 'vscode'.
src/extension/prompt/node/test/testFiles.spec.ts(234,165): error TS2503: Cannot find namespace 'vscode'.
src/extension/prompt/node/test/testFiles.spec.ts(255,42): error TS2503: Cannot find namespace 'vscode'.
src/extension/prompt/node/test/testFiles.spec.ts(255,75): error TS2503: Cannot find namespace 'vscode'.
src/extension/prompt/node/test/testFiles.spec.ts(255,116): error TS2503: Cannot find namespace 'vscode'.
src/extension/prompt/node/test/testFiles.spec.ts(255,132): error TS2503: Cannot find namespace 'vscode'.
src/extension/prompt/node/test/testFiles.spec.ts(255,165): error TS2503: Cannot find namespace 'vscode'.
src/extension/prompt/node/test/testFiles.spec.ts(255,200): error TS2503: Cannot find namespace 'vscode'.
src/extension/prompt/node/test/testFiles.spec.ts(265,37): error TS2503: Cannot find namespace 'vscode'.
src/extension/prompt/node/test/testFiles.spec.ts(265,72): error TS2503: Cannot find namespace 'vscode'.
src/extension/prompt/node/test/testFiles.spec.ts(265,112): error TS2503: Cannot find namespace 'vscode'.
src/extension/prompt/node/test/testFiles.spec.ts(265,139): error TS2503: Cannot find namespace 'vscode'.
src/extension/prompt/node/test/testFiles.spec.ts(268,42): error TS2503: Cannot find namespace 'vscode'.
src/extension/prompt/node/test/testFiles.spec.ts(268,72): error TS2503: Cannot find namespace 'vscode'.
src/extension/prompt/node/test/testFiles.spec.ts(268,118): error TS2503: Cannot find namespace 'vscode'.
src/extension/prompt/node/test/testFiles.spec.ts(268,165): error TS2503: Cannot find namespace 'vscode'.
src/extension/prompt/node/test/testFiles.spec.ts(269,100): error TS7006: Parameter 'e' implicitly has an 'any' type.
src/extension/prompt/node/test2Impl.tsx(8,1): error TS6133: 'vscode' is declared but its value is never read.
src/extension/prompt/node/test2Impl.tsx(54,18): error TS2503: Cannot find namespace 'vscode'.
src/extension/prompt/node/testExample.tsx(7,15): error TS2305: Module '"vscode"' has no exported member 'Progress'.
src/extension/prompt/node/testFiles.ts(6,15): error TS2305: Module '"vscode"' has no exported member 'CancellationToken'.
src/extension/prompt/node/testFiles.ts(219,44): error TS2345: Argument of type 'URI | TextDocumentSnapshot' is not assignable to parameter of type 'URI'.
  Type 'TextDocumentSnapshot' is missing the following properties from type 'URI': scheme, authority, path, query, and 3 more.
src/extension/prompt/node/testFiles.ts(220,48): error TS2345: Argument of type 'URI | TextDocumentSnapshot' is not assignable to parameter of type 'URI'.
  Type 'TextDocumentSnapshot' is missing the following properties from type 'URI': scheme, authority, path, query, and 3 more.
src/extension/prompt/node/title.ts(6,1): error TS6133: 'vscode' is declared but its value is never read.
src/extension/prompt/node/title.ts(19,43): error TS2503: Cannot find namespace 'vscode'.
src/extension/prompt/node/title.ts(29,12): error TS2503: Cannot find namespace 'vscode'.
src/extension/prompt/node/title.ts(30,10): error TS2503: Cannot find namespace 'vscode'.
src/extension/prompt/node/title.ts(35,45): error TS7006: Parameter 'item' implicitly has an 'any' type.
src/extension/prompt/node/todoListContextProvider.ts(37,14): error TS7006: Parameter 'part' implicitly has an 'any' type.
src/extension/prompt/node/todoListContextProvider.ts(38,10): error TS7006: Parameter 'part' implicitly has an 'any' type.
src/extension/prompt/test/node/conversation.spec.ts(7,15): error TS2305: Module '"vscode"' has no exported member 'ChatResult'.
src/extension/prompt/vscode-node/debugCommands.ts(62,130): error TS7006: Parameter 'progress' implicitly has an 'any' type.
src/extension/prompt/vscode-node/devContainerConfigurationServiceImpl.ts(22,93): error TS2503: Cannot find namespace 'vscode'.
src/extension/prompt/vscode-node/endpointProviderImpl.ts(7,10): error TS2305: Module '"vscode"' has no exported member 'LanguageModelChat'.
src/extension/prompt/vscode-node/endpointProviderImpl.ts(7,34): error TS2305: Module '"vscode"' has no exported member 'ChatRequest'.
src/extension/prompt/vscode-node/endpointProviderImpl.ts(71,75): error TS2345: Argument of type 'string' is not assignable to parameter of type 'ChatEndpointFamily'.
src/extension/prompt/vscode-node/endpointProviderImpl.ts(87,53): error TS2345: Argument of type 'string' is not assignable to parameter of type 'ChatEndpointFamily'.
src/extension/prompt/vscode-node/endpointProviderImpl.ts(103,87): error TS2554: Expected 1 arguments, but got 2.
src/extension/prompt/vscode-node/endpointProviderImpl.ts(211,32): error TS7006: Parameter 'm' implicitly has an 'any' type.
src/extension/prompt/vscode-node/endpointProviderImpl.ts(215,16): error TS2503: Cannot find namespace 'vscode'.
src/extension/prompt/vscode-node/endpointProviderImpl.ts(219,37): error TS7006: Parameter 'm' implicitly has an 'any' type.
src/extension/prompt/vscode-node/endpointProviderImpl.ts(227,31): error TS7006: Parameter 'm' implicitly has an 'any' type.
src/extension/prompt/vscode-node/endpointProviderImpl.ts(240,32): error TS7006: Parameter 'm' implicitly has an 'any' type.
src/extension/prompt/vscode-node/endpointProviderImpl.ts(248,97): error TS2554: Expected 1 arguments, but got 2.
src/extension/prompt/vscode-node/gitCommitMessageServiceImpl.ts(7,10): error TS2305: Module '"vscode"' has no exported member 'ProgressLocation'.
src/extension/prompt/vscode-node/gitCommitMessageServiceImpl.ts(7,28): error TS2305: Module '"vscode"' has no exported member 'Uri'.
src/extension/prompt/vscode-node/gitCommitMessageServiceImpl.ts(7,33): error TS2305: Module '"vscode"' has no exported member 'window'.
src/extension/prompt/vscode-node/gitCommitMessageServiceImpl.ts(7,41): error TS2305: Module '"vscode"' has no exported member 'workspace'.
src/extension/prompt/vscode-node/gitCommitMessageServiceImpl.ts(57,65): error TS7006: Parameter 'status' implicitly has an 'any' type.
src/extension/prompt/vscode-node/gitDiffService.ts(6,15): error TS2305: Module '"vscode"' has no exported member 'CancellationToken'.
src/extension/prompt/vscode-node/gitDiffService.ts(6,34): error TS2305: Module '"vscode"' has no exported member 'Uri'.
src/extension/prompt/vscode-node/gitDiffService.ts(6,39): error TS2305: Module '"vscode"' has no exported member 'workspace'.
src/extension/prompt/vscode-node/gitDiffService.ts(183,29): error TS7006: Parameter 'line' implicitly has an 'any' type.
src/extension/prompt/vscode-node/promptVariablesService.ts(6,15): error TS2305: Module '"vscode"' has no exported member 'ChatLanguageModelToolReference'.
src/extension/prompt/vscode-node/promptVariablesService.ts(6,47): error TS2305: Module '"vscode"' has no exported member 'ChatPromptReference'.
src/extension/prompt/vscode-node/promptVariablesService.ts(35,52): error TS2339: Property 'globalStorageUri' does not exist on type 'IVSCodeExtensionContext'.
src/extension/prompt/vscode-node/requestLoggerImpl.ts(8,10): error TS2305: Module '"vscode"' has no exported member 'CancellationToken'.
src/extension/prompt/vscode-node/requestLoggerImpl.ts(8,29): error TS2305: Module '"vscode"' has no exported member 'DocumentLink'.
src/extension/prompt/vscode-node/requestLoggerImpl.ts(8,43): error TS2305: Module '"vscode"' has no exported member 'DocumentLinkProvider'.
src/extension/prompt/vscode-node/requestLoggerImpl.ts(8,65): error TS2305: Module '"vscode"' has no exported member 'ExtendedLanguageModelToolResult'.
src/extension/prompt/vscode-node/requestLoggerImpl.ts(8,98): error TS2305: Module '"vscode"' has no exported member 'LanguageModelDataPart'.
src/extension/prompt/vscode-node/requestLoggerImpl.ts(8,121): error TS2305: Module '"vscode"' has no exported member 'LanguageModelPromptTsxPart'.
src/extension/prompt/vscode-node/requestLoggerImpl.ts(8,149): error TS2305: Module '"vscode"' has no exported member 'LanguageModelTextPart'.
src/extension/prompt/vscode-node/requestLoggerImpl.ts(8,172): error TS2305: Module '"vscode"' has no exported member 'LanguageModelToolResult2'.
src/extension/prompt/vscode-node/requestLoggerImpl.ts(8,198): error TS2305: Module '"vscode"' has no exported member 'languages'.
src/extension/prompt/vscode-node/requestLoggerImpl.ts(8,209): error TS2305: Module '"vscode"' has no exported member 'Range'.
src/extension/prompt/vscode-node/requestLoggerImpl.ts(8,216): error TS2305: Module '"vscode"' has no exported member 'TextDocument'.
src/extension/prompt/vscode-node/requestLoggerImpl.ts(8,230): error TS2305: Module '"vscode"' has no exported member 'Uri'.
src/extension/prompt/vscode-node/requestLoggerImpl.ts(8,235): error TS2305: Module '"vscode"' has no exported member 'workspace'.
src/extension/prompt/vscode-node/requestLoggerImpl.ts(297,33): error TS7006: Parameter 'uri' implicitly has an 'any' type.
src/extension/prompt/vscode-node/requestLoggerToolResult.tsx(22,43): error TS7006: Parameter 'p' implicitly has an 'any' type.
src/extension/prompt/vscode-node/scenarioAutomationEndpointProviderImpl.ts(6,10): error TS2305: Module '"vscode"' has no exported member 'ChatRequest'.
src/extension/prompt/vscode-node/scenarioAutomationEndpointProviderImpl.ts(6,23): error TS2305: Module '"vscode"' has no exported member 'LanguageModelChat'.
src/extension/prompt/vscode-node/scenarioAutomationEndpointProviderImpl.ts(6,42): error TS2305: Module '"vscode"' has no exported member 'lm'.
src/extension/prompt/vscode-node/scenarioAutomationEndpointProviderImpl.ts(20,49): error TS7006: Parameter 'm' implicitly has an 'any' type.
src/extension/prompt/vscode-node/scenarioAutomationEndpointProviderImpl.ts(23,89): error TS2554: Expected 1 arguments, but got 2.
src/extension/prompt/vscode-node/settingsEditorSearchServiceImpl.ts(5,10): error TS2305: Module '"vscode"' has no exported member 'CancellationToken'.
src/extension/prompt/vscode-node/settingsEditorSearchServiceImpl.ts(5,29): error TS2305: Module '"vscode"' has no exported member 'Progress'.
src/extension/prompt/vscode-node/settingsEditorSearchServiceImpl.ts(5,39): error TS2305: Module '"vscode"' has no exported member 'SettingsSearchProviderOptions'.
src/extension/prompt/vscode-node/settingsEditorSearchServiceImpl.ts(5,70): error TS2305: Module '"vscode"' has no exported member 'SettingsSearchResult'.
src/extension/prompt/vscode-node/settingsEditorSearchServiceImpl.ts(5,92): error TS2305: Module '"vscode"' has no exported member 'SettingsSearchResultKind'.
src/extension/prompt/vscode-node/test/gitDiffService.spec.ts(59,149): error TS2503: Cannot find namespace 'vscode'.
src/extension/prompt/vscode-node/test/gitDiffService.spec.ts(286,82): error TS2503: Cannot find namespace 'vscode'.
src/extension/prompt/vscode-node/test/promptVariablesService.spec.ts(9,15): error TS2305: Module '"vscode"' has no exported member 'ChatLanguageModelToolReference'.
src/extension/prompt/vscode-node/test/promptVariablesService.spec.ts(9,47): error TS2305: Module '"vscode"' has no exported member 'ChatPromptReference'.
src/extension/promptFileContext/vscode-node/promptFileContextService.ts(60,59): error TS2503: Cannot find namespace 'vscode'.
src/extension/promptFileContext/vscode-node/promptFileContextService.ts(245,34): error TS2503: Cannot find namespace 'vscode'.
src/extension/promptFileContext/vscode-node/promptFileContextService.ts(249,74): error TS2503: Cannot find namespace 'vscode'.
src/extension/promptFileContext/vscode-node/promptFileContextService.ts(249,102): error TS2503: Cannot find namespace 'vscode'.
src/extension/promptFileContext/vscode-node/promptFileContextService.ts(249,135): error TS2503: Cannot find namespace 'vscode'.
src/extension/promptFileContext/vscode-node/promptFileContextService.ts(250,17): error TS2503: Cannot find namespace 'vscode'.
src/extension/promptFileContext/vscode-node/promptFileContextService.ts(254,52): error TS7006: Parameter 'doc' implicitly has an 'any' type.
src/extension/prompts/node/agent/agentPrompt.tsx(7,15): error TS2305: Module '"vscode"' has no exported member 'ChatRequestEditedFileEvent'.
src/extension/prompts/node/agent/agentPrompt.tsx(7,43): error TS2305: Module '"vscode"' has no exported member 'LanguageModelToolInformation'.
src/extension/prompts/node/agent/agentPrompt.tsx(7,73): error TS2305: Module '"vscode"' has no exported member 'NotebookEditor'.
src/extension/prompts/node/agent/agentPrompt.tsx(7,89): error TS2305: Module '"vscode"' has no exported member 'TaskDefinition'.
src/extension/prompts/node/agent/agentPrompt.tsx(7,105): error TS2305: Module '"vscode"' has no exported member 'TextEditor'.
src/extension/prompts/node/agent/agentPrompt.tsx(426,4): error TS2322: Type 'readonly InternalToolReference[]' is not assignable to type 'readonly { name: string; }[]'.
  Property 'name' is missing in type 'InternalToolReference' but required in type '{ name: string; }'.
src/extension/prompts/node/agent/backgroundSummarizer.ts(227,3): error TS2322: Type 'number' is not assignable to type '0.7'.
src/extension/prompts/node/agent/backgroundSummarizer.ts(228,3): error TS2322: Type 'number' is not assignable to type '0.8'.
src/extension/prompts/node/agent/backgroundSummarizer.ts(229,3): error TS2322: Type 'number' is not assignable to type '0.9'.
src/extension/prompts/node/agent/backgroundSummarizer.ts(230,3): error TS2322: Type 'number' is not assignable to type '0.65'.
src/extension/prompts/node/agent/backgroundSummarizer.ts(231,3): error TS2322: Type 'number' is not assignable to type '0.75'.
src/extension/prompts/node/agent/backgroundSummarizer.ts(232,3): error TS2322: Type 'number' is not assignable to type '0.85'.
src/extension/prompts/node/agent/backgroundTodoDelta.ts(6,1): error TS6133: 'vscode' is declared but its value is never read.
src/extension/prompts/node/agent/backgroundTodoDelta.ts(15,77): error TS2503: Cannot find namespace 'vscode'.
src/extension/prompts/node/agent/backgroundTodoDelta.ts(20,94): error TS2503: Cannot find namespace 'vscode'.
src/extension/prompts/node/agent/backgroundTodoDelta.ts(22,66): error TS2503: Cannot find namespace 'vscode'.
src/extension/prompts/node/agent/backgroundTodoDelta.ts(38,28): error TS2503: Cannot find namespace 'vscode'.
src/extension/prompts/node/agent/copilotCLIPrompt.tsx(8,15): error TS2305: Module '"vscode"' has no exported member 'ChatRequestEditedFileEvent'.
src/extension/prompts/node/agent/defaultAgentInstructions.tsx(7,15): error TS2305: Module '"vscode"' has no exported member 'LanguageModelToolInformation'.
src/extension/prompts/node/agent/simpleSummarizedHistoryPrompt.tsx(7,15): error TS2305: Module '"vscode"' has no exported member 'LanguageModelToolResult'.
src/extension/prompts/node/agent/summarizedConversationHistory.tsx(10,15): error TS2305: Module '"vscode"' has no exported member 'ChatResponsePart'.
src/extension/prompts/node/agent/summarizedConversationHistory.tsx(10,33): error TS2305: Module '"vscode"' has no exported member 'ChatResultPromptTokenDetail'.
src/extension/prompts/node/agent/summarizedConversationHistory.tsx(10,62): error TS2305: Module '"vscode"' has no exported member 'LanguageModelToolInformation'.
src/extension/prompts/node/agent/summarizedConversationHistory.tsx(10,92): error TS2305: Module '"vscode"' has no exported member 'NotebookDocument'.
src/extension/prompts/node/agent/summarizedConversationHistory.tsx(10,110): error TS2305: Module '"vscode"' has no exported member 'Progress'.
src/extension/prompts/node/agent/test/agentTasksInstructions.spec.tsx(8,1): error TS6133: 'vscode' is declared but its value is never read.
src/extension/prompts/node/agent/test/agentTasksInstructions.spec.tsx(23,36): error TS2503: Cannot find namespace 'vscode'.
src/extension/prompts/node/agent/test/agentTasksInstructions.spec.tsx(37,49): error TS2503: Cannot find namespace 'vscode'.
src/extension/prompts/node/agent/test/agentTasksInstructions.spec.tsx(66,24): error TS2503: Cannot find namespace 'vscode'.
src/extension/prompts/node/agent/test/agentTasksInstructions.spec.tsx(80,19): error TS2503: Cannot find namespace 'vscode'.
src/extension/prompts/node/agent/toolSearchInstructions.tsx(7,15): error TS2305: Module '"vscode"' has no exported member 'LanguageModelToolInformation'.
src/extension/prompts/node/base/promptRenderer.ts(7,15): error TS2305: Module '"vscode"' has no exported member 'ChatResponsePart'.
src/extension/prompts/node/base/promptRenderer.ts(7,33): error TS2305: Module '"vscode"' has no exported member 'ChatResponseProgressPart'.
src/extension/prompts/node/base/promptRenderer.ts(7,59): error TS2305: Module '"vscode"' has no exported member 'LanguageModelToolTokenizationOptions'.
src/extension/prompts/node/base/promptRenderer.ts(7,97): error TS2305: Module '"vscode"' has no exported member 'Progress'.
src/extension/prompts/node/chatDiskSessionResourcesImpl.ts(54,47): error TS2339: Property 'storageUri' does not exist on type 'IVSCodeExtensionContext'.
src/extension/prompts/node/chatDiskSessionResourcesImpl.ts(55,41): error TS2339: Property 'storageUri' does not exist on type 'IVSCodeExtensionContext'.
src/extension/prompts/node/codeMapper/codeMapper.ts(8,15): error TS2305: Module '"vscode"' has no exported member 'ChatErrorDetails'.
src/extension/prompts/node/codeMapper/codeMapper.ts(8,33): error TS2305: Module '"vscode"' has no exported member 'MappedEditsResponseStream'.
src/extension/prompts/node/codeMapper/codeMapper.ts(8,60): error TS2305: Module '"vscode"' has no exported member 'NotebookCell'.
src/extension/prompts/node/codeMapper/codeMapper.ts(8,74): error TS2305: Module '"vscode"' has no exported member 'NotebookDocument'.
src/extension/prompts/node/codeMapper/codeMapper.ts(8,92): error TS2305: Module '"vscode"' has no exported member 'Uri'.
src/extension/prompts/node/codeMapper/codeMapper.ts(80,66): error TS7006: Parameter 'cell' implicitly has an 'any' type.
src/extension/prompts/node/codeMapper/codeMapperService.ts(6,1): error TS6133: 'vscode' is declared but its value is never read.
src/extension/prompts/node/codeMapper/codeMapperService.ts(34,69): error TS2503: Cannot find namespace 'vscode'.
src/extension/prompts/node/codeMapper/codeMapperService.ts(35,52): error TS2503: Cannot find namespace 'vscode'.
src/extension/prompts/node/codeMapper/codeMapperService.ts(54,26): error TS2503: Cannot find namespace 'vscode'.
src/extension/prompts/node/codeMapper/codeMapperService.ts(61,52): error TS2503: Cannot find namespace 'vscode'.
src/extension/prompts/node/codeMapper/codeMapperService.ts(61,146): error TS2503: Cannot find namespace 'vscode'.
src/extension/prompts/node/codeMapper/codeMapperService.ts(78,58): error TS2503: Cannot find namespace 'vscode'.
src/extension/prompts/node/codeMapper/codeMapperService.ts(78,152): error TS2503: Cannot find namespace 'vscode'.
src/extension/prompts/node/codeMapper/codeMapperService.ts(88,69): error TS2503: Cannot find namespace 'vscode'.
src/extension/prompts/node/codeMapper/codeMapperService.ts(88,163): error TS2503: Cannot find namespace 'vscode'.
src/extension/prompts/node/codeMapper/codeMapperService.ts(113,58): error TS2503: Cannot find namespace 'vscode'.
src/extension/prompts/node/codeMapper/codeMapperService.ts(113,152): error TS2503: Cannot find namespace 'vscode'.
src/extension/prompts/node/codeMapper/codeMapperService.ts(188,58): error TS2503: Cannot find namespace 'vscode'.
src/extension/prompts/node/codeMapper/codeMapperService.ts(188,152): error TS2503: Cannot find namespace 'vscode'.
src/extension/prompts/node/codeMapper/codeMapperService.ts(235,66): error TS2503: Cannot find namespace 'vscode'.
src/extension/prompts/node/codeMapper/codeMapperService.ts(235,271): error TS2503: Cannot find namespace 'vscode'.
src/extension/prompts/node/codeMapper/codeMapperService.ts(286,44): error TS2503: Cannot find namespace 'vscode'.
src/extension/prompts/node/codeMapper/codeMapperService.ts(286,97): error TS2503: Cannot find namespace 'vscode'.
src/extension/prompts/node/codeMapper/codeMapperService.ts(286,149): error TS2503: Cannot find namespace 'vscode'.
src/extension/prompts/node/codeMapper/codeMapperService.ts(288,22): error TS2503: Cannot find namespace 'vscode'.
src/extension/prompts/node/codeMapper/codeMapperService.ts(292,16): error TS7006: Parameter 'target' implicitly has an 'any' type.
src/extension/prompts/node/codeMapper/codeMapperService.ts(292,24): error TS7006: Parameter 'edits' implicitly has an 'any' type.
src/extension/prompts/node/feedback/currentChange.tsx(6,15): error TS2305: Module '"vscode"' has no exported member 'Position'.
src/extension/prompts/node/feedback/currentChange.tsx(6,25): error TS2305: Module '"vscode"' has no exported member 'Selection'.
src/extension/prompts/node/feedback/currentChange.tsx(6,36): error TS2305: Module '"vscode"' has no exported member 'TextDocument'.
src/extension/prompts/node/inline/diagnosticsContext.tsx(181,10): error TS18048: 'relatedCodeText' is possibly 'undefined'.
src/extension/prompts/node/inline/diagnosticsContext.tsx(182,20): error TS2322: Type 'string | undefined' is not assignable to type 'string'.
  Type 'undefined' is not assignable to type 'string'.
src/extension/prompts/node/inline/inlineChatFix3Prompt.tsx(7,15): error TS2305: Module '"vscode"' has no exported member 'CancellationToken'.
src/extension/prompts/node/inline/inlineChatFix3Prompt.tsx(7,34): error TS2305: Module '"vscode"' has no exported member 'ChatResponseStream'.
src/extension/prompts/node/inline/inlineChatFix3Prompt.tsx(7,54): error TS2305: Module '"vscode"' has no exported member 'ChatVulnerability'.
src/extension/prompts/node/inline/inlineChatFix3Prompt.tsx(7,73): error TS2305: Module '"vscode"' has no exported member 'MarkdownString'.
src/extension/prompts/node/inline/inlineChatFix3Prompt.tsx(94,108): error TS2554: Expected 3 arguments, but got 4.
src/extension/prompts/node/inline/inlineChatGenerateMarkdownPrompt.tsx(7,1): error TS6133: 'vscode' is declared but its value is never read.
src/extension/prompts/node/inline/inlineChatGenerateMarkdownPrompt.tsx(116,7): error TS2503: Cannot find namespace 'vscode'.
src/extension/prompts/node/inline/inlineChatNotebookCommonPromptElements.tsx(7,1): error TS6133: 'vscode' is declared but its value is never read.
src/extension/prompts/node/inline/inlineChatNotebookCommonPromptElements.tsx(38,18): error TS2503: Cannot find namespace 'vscode'.
src/extension/prompts/node/inline/inlineChatNotebookCommonPromptElements.tsx(46,24): error TS2503: Cannot find namespace 'vscode'.
src/extension/prompts/node/inline/inlineChatNotebookCommonPromptElements.tsx(47,22): error TS2503: Cannot find namespace 'vscode'.
src/extension/prompts/node/inline/inlineChatNotebookCommonPromptElements.tsx(385,7): error TS2503: Cannot find namespace 'vscode'.
src/extension/prompts/node/inline/inlineChatNotebookCommonPromptElements.tsx(468,15): error TS2503: Cannot find namespace 'vscode'.
src/extension/prompts/node/inline/inlineChatNotebookEditPrompt.tsx(7,15): error TS2305: Module '"vscode"' has no exported member 'NotebookDocument'.
src/extension/prompts/node/inline/inlineChatNotebookFixPrompt.tsx(7,1): error TS6133: 'vscode' is declared but its value is never read.
src/extension/prompts/node/inline/inlineChatNotebookFixPrompt.tsx(115,149): error TS2554: Expected 3 arguments, but got 4.
src/extension/prompts/node/inline/inlineChatNotebookFixPrompt.tsx(209,24): error TS2503: Cannot find namespace 'vscode'.
src/extension/prompts/node/inline/inlineChatNotebookFixPrompt.tsx(210,22): error TS2503: Cannot find namespace 'vscode'.
src/extension/prompts/node/inline/inlineChatNotebookGeneratePrompt.tsx(7,1): error TS6133: 'vscode' is declared but its value is never read.
src/extension/prompts/node/inline/inlineChatNotebookGeneratePrompt.tsx(155,22): error TS2503: Cannot find namespace 'vscode'.
src/extension/prompts/node/inline/inlineChatNotebookGeneratePrompt.tsx(256,17): error TS2503: Cannot find namespace 'vscode'.
src/extension/prompts/node/inline/inlineChatNotebookGeneratePrompt.tsx(311,57): error TS2503: Cannot find namespace 'vscode'.
src/extension/prompts/node/inline/languageServerContextPrompt.tsx(7,15): error TS2305: Module '"vscode"' has no exported member 'CancellationToken'.
src/extension/prompts/node/inline/languageServerContextPrompt.tsx(7,34): error TS2305: Module '"vscode"' has no exported member 'ChatResponsePart'.
src/extension/prompts/node/inline/languageServerContextPrompt.tsx(7,52): error TS2305: Module '"vscode"' has no exported member 'Position'.
src/extension/prompts/node/inline/languageServerContextPrompt.tsx(7,62): error TS2305: Module '"vscode"' has no exported member 'Progress'.
src/extension/prompts/node/inline/promptingSummarizedDocument.ts(6,1): error TS6133: 'vscode' is declared but its value is never read.
src/extension/prompts/node/inline/promptingSummarizedDocument.ts(26,21): error TS2503: Cannot find namespace 'vscode'.
src/extension/prompts/node/inline/promptingSummarizedDocument.ts(42,20): error TS2503: Cannot find namespace 'vscode'.
src/extension/prompts/node/inline/promptingSummarizedDocument.ts(55,40): error TS2503: Cannot find namespace 'vscode'.
src/extension/prompts/node/inline/promptingSummarizedDocument.ts(85,31): error TS2503: Cannot find namespace 'vscode'.
src/extension/prompts/node/inline/promptingSummarizedDocument.ts(104,26): error TS2503: Cannot find namespace 'vscode'.
src/extension/prompts/node/inline/promptingSummarizedDocument.ts(105,40): error TS2503: Cannot find namespace 'vscode'.
src/extension/prompts/node/inline/promptingSummarizedDocument.ts(168,26): error TS2503: Cannot find namespace 'vscode'.
src/extension/prompts/node/inline/promptingSummarizedDocument.ts(170,37): error TS2503: Cannot find namespace 'vscode'.
src/extension/prompts/node/inline/promptingSummarizedDocument.ts(181,118): error TS2503: Cannot find namespace 'vscode'.
src/extension/prompts/node/inline/promptingSummarizedDocument.ts(245,72): error TS2503: Cannot find namespace 'vscode'.
src/extension/prompts/node/inline/summarizedDocument/projectedText.ts(6,1): error TS6133: 'vscode' is declared but its value is never read.
src/extension/prompts/node/inline/summarizedDocument/projectedText.ts(72,45): error TS2503: Cannot find namespace 'vscode'.
src/extension/prompts/node/inline/summarizedDocument/projectedText.ts(72,65): error TS2503: Cannot find namespace 'vscode'.
src/extension/prompts/node/inline/summarizedDocument/summarizeDocumentHelpers.ts(5,1): error TS6133: 'vscode' is declared but its value is never read.
src/extension/prompts/node/inline/summarizedDocument/summarizeDocumentHelpers.ts(6,15): error TS2305: Module '"vscode"' has no exported member 'Range'.
src/extension/prompts/node/inline/summarizedDocument/summarizeDocumentHelpers.ts(28,21): error TS2503: Cannot find namespace 'vscode'.
src/extension/prompts/node/inline/summarizedDocument/summarizeDocumentHelpers.ts(49,23): error TS2503: Cannot find namespace 'vscode'.
src/extension/prompts/node/inline/summarizedDocument/summarizeDocumentHelpers.ts(65,22): error TS2503: Cannot find namespace 'vscode'.
src/extension/prompts/node/inline/summarizedDocument/summarizeDocumentHelpers.ts(77,21): error TS2503: Cannot find namespace 'vscode'.
src/extension/prompts/node/inline/summarizedDocument/summarizeDocumentHelpers.ts(99,21): error TS2503: Cannot find namespace 'vscode'.
src/extension/prompts/node/inline/workingCopies.ts(6,15): error TS2305: Module '"vscode"' has no exported member 'ChatResponseStream'.
src/extension/prompts/node/inline/workingCopies.ts(6,35): error TS2305: Module '"vscode"' has no exported member 'ExtendedChatResponsePart'.
src/extension/prompts/node/panel/chatVariables.tsx(7,15): error TS2305: Module '"vscode"' has no exported member 'Diagnostic'.
src/extension/prompts/node/panel/chatVariables.tsx(7,27): error TS2305: Module '"vscode"' has no exported member 'LanguageModelToolInformation'.
src/extension/prompts/node/panel/chatVariables.tsx(308,161): error TS7053: Element implicitly has an 'any' type because expression of type 'any' can't be used to index type '{ 3: string; 2: string; 1: string; 0: string; }'.
src/extension/prompts/node/panel/chatVariables.tsx(429,57): error TS2339: Property 'name' does not exist on type 'InternalToolReference'.
src/extension/prompts/node/panel/chatVariables.tsx(431,53): error TS2339: Property 'name' does not exist on type 'InternalToolReference'.
src/extension/prompts/node/panel/chatVariables.tsx(435,40): error TS2339: Property 'name' does not exist on type 'InternalToolReference'.
src/extension/prompts/node/panel/chatVariables.tsx(443,31): error TS2339: Property 'range' does not exist on type 'InternalToolReference'.
src/extension/prompts/node/panel/chatVariables.tsx(443,90): error TS2339: Property 'range' does not exist on type 'InternalToolReference'.
src/extension/prompts/node/panel/chatVariables.tsx(443,114): error TS2339: Property 'range' does not exist on type 'InternalToolReference'.
src/extension/prompts/node/panel/currentEditor.tsx(7,15): error TS2305: Module '"vscode"' has no exported member 'NotebookEditor'.
src/extension/prompts/node/panel/currentEditor.tsx(7,31): error TS2305: Module '"vscode"' has no exported member 'TextEditor'.
src/extension/prompts/node/panel/currentEditor.tsx(79,17): error TS7006: Parameter 'range' implicitly has an 'any' type.
src/extension/prompts/node/panel/currentEditor.tsx(122,43): error TS7006: Parameter 'range' implicitly has an 'any' type.
src/extension/prompts/node/panel/currentEditor.tsx(130,17): error TS7006: Parameter 'range' implicitly has an 'any' type.
src/extension/prompts/node/panel/currentEditor.tsx(165,37): error TS7006: Parameter 'range' implicitly has an 'any' type.
src/extension/prompts/node/panel/currentEditor.tsx(175,17): error TS7006: Parameter 'range' implicitly has an 'any' type.
src/extension/prompts/node/panel/currentSelection.tsx(7,15): error TS2305: Module '"vscode"' has no exported member 'Range'.
src/extension/prompts/node/panel/customInstructions.tsx(7,15): error TS2305: Module '"vscode"' has no exported member 'ChatLanguageModelToolReference'.
src/extension/prompts/node/panel/definitionAtPosition.tsx(7,1): error TS6133: 'vscode' is declared but its value is never read.
src/extension/prompts/node/panel/definitionAtPosition.tsx(31,12): error TS2503: Cannot find namespace 'vscode'.
src/extension/prompts/node/panel/definitionAtPosition.tsx(42,16): error TS2503: Cannot find namespace 'vscode'.
src/extension/prompts/node/panel/definitionAtPosition.tsx(82,51): error TS2339: Property 'extensionMode' does not exist on type 'IVSCodeExtensionContext'.
src/extension/prompts/node/panel/definitionAtPosition.tsx(140,49): error TS2503: Cannot find namespace 'vscode'.
src/extension/prompts/node/panel/definitionAtPosition.tsx(189,23): error TS2503: Cannot find namespace 'vscode'.
src/extension/prompts/node/panel/editCodePrompt.tsx(177,39): error TS2339: Property 'uri' does not exist on type 'never'.
src/extension/prompts/node/panel/explain.tsx(7,1): error TS6133: 'vscode' is declared but its value is never read.
src/extension/prompts/node/panel/explain.tsx(33,14): error TS2503: Cannot find namespace 'vscode'.
src/extension/prompts/node/panel/fileVariable.tsx(172,86): error TS2339: Property 'range' does not exist on type 'never'.
src/extension/prompts/node/panel/newNotebook.tsx(7,15): error TS2305: Module '"vscode"' has no exported member 'Uri'.
src/extension/prompts/node/panel/newWorkspace/newWorkspace.tsx(8,1): error TS6133: 'vscode' is declared but its value is never read.
src/extension/prompts/node/panel/newWorkspace/newWorkspace.tsx(76,57): error TS2503: Cannot find namespace 'vscode'.
src/extension/prompts/node/panel/newWorkspace/newWorkspace.tsx(76,73): error TS2503: Cannot find namespace 'vscode'.
src/extension/prompts/node/panel/newWorkspace/newWorkspace.tsx(76,107): error TS2503: Cannot find namespace 'vscode'.
src/extension/prompts/node/panel/notebookEditCodePrompt.tsx(7,15): error TS2305: Module '"vscode"' has no exported member 'Uri'.
src/extension/prompts/node/panel/notebookEditCodePrompt.tsx(140,32): error TS2339: Property 'uri' does not exist on type 'never'.
src/extension/prompts/node/panel/notebookVariables.tsx(7,1): error TS6133: 'vscode' is declared but its value is never read.
src/extension/prompts/node/panel/notebookVariables.tsx(21,12): error TS2503: Cannot find namespace 'vscode'.
src/extension/prompts/node/panel/panelChatBasePrompt.tsx(67,75): error TS2339: Property 'name' does not exist on type 'InternalToolReference'.
src/extension/prompts/node/panel/preferences.tsx(30,51): error TS2339: Property 'globalStorageUri' does not exist on type 'IVSCodeExtensionContext'.
src/extension/prompts/node/panel/promptFile.tsx(7,15): error TS2305: Module '"vscode"' has no exported member 'ChatLanguageModelToolReference'.
src/extension/prompts/node/panel/referencesAtPosition.tsx(7,1): error TS6133: 'vscode' is declared but its value is never read.
src/extension/prompts/node/panel/referencesAtPosition.tsx(30,12): error TS2503: Cannot find namespace 'vscode'.
src/extension/prompts/node/panel/referencesAtPosition.tsx(41,16): error TS2503: Cannot find namespace 'vscode'.
src/extension/prompts/node/panel/referencesAtPosition.tsx(68,41): error TS2339: Property 'extensionMode' does not exist on type 'IVSCodeExtensionContext'.
src/extension/prompts/node/panel/safeElements.tsx(7,1): error TS6133: 'vscode' is declared but its value is never read.
src/extension/prompts/node/panel/safeElements.tsx(36,28): error TS2339: Property 'extensionMode' does not exist on type 'IVSCodeExtensionContext'.
src/extension/prompts/node/panel/safeElements.tsx(54,16): error TS2503: Cannot find namespace 'vscode'.
src/extension/prompts/node/panel/safeElements.tsx(118,19): error TS2503: Cannot find namespace 'vscode'.
src/extension/prompts/node/panel/safeElements.tsx(153,9): error TS2503: Cannot find namespace 'vscode'.
src/extension/prompts/node/panel/search.tsx(7,1): error TS6133: 'vscode' is declared but its value is never read.
src/extension/prompts/node/panel/search.tsx(21,14): error TS2503: Cannot find namespace 'vscode'.
src/extension/prompts/node/panel/startDebugging.tsx(7,1): error TS6133: 'vscode' is declared but its value is never read.
src/extension/prompts/node/panel/startDebugging.tsx(153,57): error TS2503: Cannot find namespace 'vscode'.
src/extension/prompts/node/panel/startDebugging.tsx(153,73): error TS2503: Cannot find namespace 'vscode'.
src/extension/prompts/node/panel/startDebugging.tsx(153,126): error TS2503: Cannot find namespace 'vscode'.
src/extension/prompts/node/panel/startDebugging.tsx(228,73): error TS2503: Cannot find namespace 'vscode'.
src/extension/prompts/node/panel/startDebugging.tsx(228,89): error TS2503: Cannot find namespace 'vscode'.
src/extension/prompts/node/panel/startDebugging.tsx(228,142): error TS2503: Cannot find namespace 'vscode'.
src/extension/prompts/node/panel/startDebugging.tsx(236,88): error TS2503: Cannot find namespace 'vscode'.
src/extension/prompts/node/panel/startDebugging.tsx(236,104): error TS2503: Cannot find namespace 'vscode'.
src/extension/prompts/node/panel/startDebugging.tsx(236,157): error TS2503: Cannot find namespace 'vscode'.
src/extension/prompts/node/panel/startDebugging.tsx(285,70): error TS2503: Cannot find namespace 'vscode'.
src/extension/prompts/node/panel/startDebugging.tsx(285,86): error TS2503: Cannot find namespace 'vscode'.
src/extension/prompts/node/panel/startDebugging.tsx(285,139): error TS2503: Cannot find namespace 'vscode'.
src/extension/prompts/node/panel/startDebugging.tsx(297,42): error TS2503: Cannot find namespace 'vscode'.
src/extension/prompts/node/panel/startDebugging.tsx(297,58): error TS2503: Cannot find namespace 'vscode'.
src/extension/prompts/node/panel/startDebugging.tsx(297,111): error TS2503: Cannot find namespace 'vscode'.
src/extension/prompts/node/panel/symbolAtCursor.tsx(8,15): error TS2305: Module '"vscode"' has no exported member 'CancellationToken'.
src/extension/prompts/node/panel/symbolAtCursor.tsx(8,34): error TS2305: Module '"vscode"' has no exported member 'ChatResponseReferencePart'.
src/extension/prompts/node/panel/symbolAtCursor.tsx(8,61): error TS2305: Module '"vscode"' has no exported member 'Progress'.
src/extension/prompts/node/panel/symbolAtCursor.tsx(8,71): error TS2305: Module '"vscode"' has no exported member 'Uri'.
src/extension/prompts/node/panel/symbolDefinitions.tsx(7,1): error TS6133: 'vscode' is declared but its value is never read.
src/extension/prompts/node/panel/symbolDefinitions.tsx(33,10): error TS2503: Cannot find namespace 'vscode'.
src/extension/prompts/node/panel/symbolDefinitions.tsx(86,41): error TS2339: Property 'extensionMode' does not exist on type 'IVSCodeExtensionContext'.
src/extension/prompts/node/panel/terminalLastCommand.tsx(7,15): error TS2305: Module '"vscode"' has no exported member 'TerminalExecutedCommand'.
src/extension/prompts/node/panel/test/toolCalling.spec.ts(7,1): error TS6133: 'vscode' is declared but its value is never read.
src/extension/prompts/node/panel/test/toolCalling.spec.ts(34,19): error TS2503: Cannot find namespace 'vscode'.
src/extension/prompts/node/panel/test/toolCalling.spec.ts(36,19): error TS2503: Cannot find namespace 'vscode'.
src/extension/prompts/node/panel/test/toolCalling.spec.ts(55,10): error TS2503: Cannot find namespace 'vscode'.
src/extension/prompts/node/panel/test/toolCalling.spec.ts(57,11): error TS2503: Cannot find namespace 'vscode'.
src/extension/prompts/node/panel/test/toolCalling.spec.ts(74,32): error TS2503: Cannot find namespace 'vscode'.
src/extension/prompts/node/panel/test/toolCalling.spec.ts(80,21): error TS2503: Cannot find namespace 'vscode'.
src/extension/prompts/node/panel/test/toolCalling.spec.ts(82,19): error TS2503: Cannot find namespace 'vscode'.
src/extension/prompts/node/panel/test/toolCalling.spec.ts(85,25): error TS2503: Cannot find namespace 'vscode'.
src/extension/prompts/node/panel/test/toolCalling.spec.ts(87,20): error TS2503: Cannot find namespace 'vscode'.
src/extension/prompts/node/panel/test/toolCalling.spec.ts(95,25): error TS2503: Cannot find namespace 'vscode'.
src/extension/prompts/node/panel/test/toolCalling.spec.ts(101,12): error TS2503: Cannot find namespace 'vscode'.
src/extension/prompts/node/panel/test/toolCalling.spec.ts(103,10): error TS2503: Cannot find namespace 'vscode'.
src/extension/prompts/node/panel/test/toolCalling.spec.ts(104,13): error TS2503: Cannot find namespace 'vscode'.
src/extension/prompts/node/panel/test/toolCalling.spec.ts(111,25): error TS2503: Cannot find namespace 'vscode'.
src/extension/prompts/node/panel/test/toolCalling.spec.ts(127,21): error TS2503: Cannot find namespace 'vscode'.
src/extension/prompts/node/panel/test/toolCalling.spec.ts(137,32): error TS2503: Cannot find namespace 'vscode'.
src/extension/prompts/node/panel/test/toolCalling.spec.ts(142,66): error TS2503: Cannot find namespace 'vscode'.
src/extension/prompts/node/panel/test/toolCalling.spec.ts(145,20): error TS2503: Cannot find namespace 'vscode'.
src/extension/prompts/node/panel/test/toolCalling.spec.ts(153,25): error TS2503: Cannot find namespace 'vscode'.
src/extension/prompts/node/panel/test/toolCalling.spec.ts(159,12): error TS2503: Cannot find namespace 'vscode'.
src/extension/prompts/node/panel/test/toolCalling.spec.ts(161,11): error TS2503: Cannot find namespace 'vscode'.
src/extension/prompts/node/panel/test/toolCalling.spec.ts(162,13): error TS2503: Cannot find namespace 'vscode'.
src/extension/prompts/node/panel/test/toolCalling.spec.ts(166,40): error TS2503: Cannot find namespace 'vscode'.
src/extension/prompts/node/panel/test/toolCalling.spec.ts(201,25): error TS2503: Cannot find namespace 'vscode'.
src/extension/prompts/node/panel/test/toolCalling.spec.ts(217,21): error TS2503: Cannot find namespace 'vscode'.
src/extension/prompts/node/panel/test/toolCalling.spec.ts(228,19): error TS2503: Cannot find namespace 'vscode'.
src/extension/prompts/node/panel/test/toolCalling.spec.ts(260,19): error TS2503: Cannot find namespace 'vscode'.
src/extension/prompts/node/panel/test/toolCalling.spec.ts(263,32): error TS2503: Cannot find namespace 'vscode'.
src/extension/prompts/node/panel/test/toolCalling.spec.ts(291,16): error TS2503: Cannot find namespace 'vscode'.
src/extension/prompts/node/panel/test/toolCalling.spec.ts(300,19): error TS2503: Cannot find namespace 'vscode'.
src/extension/prompts/node/panel/test/toolCalling.spec.ts(332,37): error TS2503: Cannot find namespace 'vscode'.
src/extension/prompts/node/panel/test/toolCalling.spec.ts(335,32): error TS2503: Cannot find namespace 'vscode'.
src/extension/prompts/node/panel/test/toolCalling.spec.ts(367,13): error TS7006: Parameter 'p' implicitly has an 'any' type.
src/extension/prompts/node/panel/test/toolCalling.spec.ts(368,9): error TS7006: Parameter 'p' implicitly has an 'any' type.
src/extension/prompts/node/panel/test/toolCalling.spec.ts(386,19): error TS2503: Cannot find namespace 'vscode'.
src/extension/prompts/node/panel/test/toolCalling.spec.ts(412,16): error TS2503: Cannot find namespace 'vscode'.
src/extension/prompts/node/panel/test/toolCalling.spec.ts(418,37): error TS2503: Cannot find namespace 'vscode'.
src/extension/prompts/node/panel/test/toolCalling.spec.ts(421,32): error TS2503: Cannot find namespace 'vscode'.
src/extension/prompts/node/panel/test/toolCalling.spec.ts(448,13): error TS7006: Parameter 'p' implicitly has an 'any' type.
src/extension/prompts/node/panel/test/toolCalling.spec.ts(449,9): error TS7006: Parameter 'p' implicitly has an 'any' type.
src/extension/prompts/node/panel/test/toolCalling.spec.ts(460,19): error TS2503: Cannot find namespace 'vscode'.
src/extension/prompts/node/panel/test/toolCalling.spec.ts(478,41): error TS2503: Cannot find namespace 'vscode'.
src/extension/prompts/node/panel/test/toolCalling.spec.ts(497,19): error TS2503: Cannot find namespace 'vscode'.
src/extension/prompts/node/panel/test/toolCalling.spec.ts(500,32): error TS2503: Cannot find namespace 'vscode'.
src/extension/prompts/node/panel/test/toolCalling.spec.ts(524,19): error TS2503: Cannot find namespace 'vscode'.
src/extension/prompts/node/panel/test/toolCalling.spec.ts(547,41): error TS2503: Cannot find namespace 'vscode'.
src/extension/prompts/node/panel/test/toolCalling.spec.ts(571,19): error TS2503: Cannot find namespace 'vscode'.
src/extension/prompts/node/panel/test/toolCalling.spec.ts(574,32): error TS2503: Cannot find namespace 'vscode'.
src/extension/prompts/node/panel/toolCalling.tsx(8,15): error TS2305: Module '"vscode"' has no exported member 'ChatParticipantToolToken'.
src/extension/prompts/node/panel/toolCalling.tsx(8,41): error TS2305: Module '"vscode"' has no exported member 'LanguageModelToolInvocationOptions'.
src/extension/prompts/node/panel/toolCalling.tsx(8,77): error TS2305: Module '"vscode"' has no exported member 'LanguageModelToolResult2'.
src/extension/prompts/node/panel/toolCalling.tsx(8,103): error TS2305: Module '"vscode"' has no exported member 'LanguageModelToolTokenizationOptions'.
src/extension/prompts/node/panel/toolCalling.tsx(448,20): error TS7006: Parameter 'part' implicitly has an 'any' type.
src/extension/prompts/node/panel/toolCalling.tsx(451,22): error TS7006: Parameter 'part' implicitly has an 'any' type.
src/extension/prompts/node/panel/toolCalling.tsx(451,28): error TS7006: Parameter 'index' implicitly has an 'any' type.
src/extension/prompts/node/panel/toolCalling.tsx(626,12): error TS7006: Parameter 'part' implicitly has an 'any' type.
src/extension/prompts/node/panel/toolCalling.tsx(628,8): error TS7006: Parameter 'part' implicitly has an 'any' type.
src/extension/prompts/node/panel/toolCalling.tsx(739,53): error TS7006: Parameter 'c' implicitly has an 'any' type.
src/extension/prompts/node/panel/toolCalling.tsx(747,51): error TS7006: Parameter 'part' implicitly has an 'any' type.
src/extension/prompts/node/panel/toolCalling.tsx(747,102): error TS7006: Parameter 'part' implicitly has an 'any' type.
src/extension/prompts/node/panel/unsafeElements.tsx(7,1): error TS6133: 'vscode' is declared but its value is never read.
src/extension/prompts/node/panel/unsafeElements.tsx(21,8): error TS2503: Cannot find namespace 'vscode'.
src/extension/prompts/node/panel/vscode.tsx(8,1): error TS6133: 'vscode' is declared but its value is never read.
src/extension/prompts/node/panel/vscode.tsx(62,57): error TS2503: Cannot find namespace 'vscode'.
src/extension/prompts/node/panel/vscode.tsx(62,73): error TS2503: Cannot find namespace 'vscode'.
src/extension/prompts/node/panel/vscode.tsx(62,126): error TS2503: Cannot find namespace 'vscode'.
src/extension/prompts/node/panel/workspace/visualFileTree.ts(6,15): error TS2305: Module '"vscode"' has no exported member 'CancellationToken'.
src/extension/prompts/node/panel/workspace/workspaceContext.tsx(6,1): error TS6133: 'vscode' is declared but its value is never read.
src/extension/prompts/node/panel/workspace/workspaceContext.tsx(67,57): error TS2503: Cannot find namespace 'vscode'.
src/extension/prompts/node/panel/workspace/workspaceContext.tsx(67,73): error TS2503: Cannot find namespace 'vscode'.
src/extension/prompts/node/panel/workspace/workspaceStructure.tsx(6,1): error TS6133: 'vscode' is declared but its value is never read.
src/extension/prompts/node/panel/workspace/workspaceStructure.tsx(20,37): error TS2503: Cannot find namespace 'vscode'.
src/extension/prompts/node/panel/workspace/workspaceStructure.tsx(34,57): error TS2503: Cannot find namespace 'vscode'.
src/extension/prompts/node/panel/workspace/workspaceStructure.tsx(34,73): error TS2503: Cannot find namespace 'vscode'.
src/extension/prompts/node/panel/workspace/workspaceStructure.tsx(34,127): error TS2503: Cannot find namespace 'vscode'.
src/extension/prompts/node/panel/workspace/workspaceStructure.tsx(106,57): error TS2503: Cannot find namespace 'vscode'.
src/extension/prompts/node/panel/workspace/workspaceStructure.tsx(106,73): error TS2503: Cannot find namespace 'vscode'.
src/extension/prompts/node/panel/workspace/workspaceStructure.tsx(106,127): error TS2503: Cannot find namespace 'vscode'.
src/extension/prompts/node/panel/workspace/workspaceStructure.tsx(148,57): error TS2503: Cannot find namespace 'vscode'.
src/extension/prompts/node/panel/workspace/workspaceStructure.tsx(148,73): error TS2503: Cannot find namespace 'vscode'.
src/extension/prompts/node/panel/workspace/workspaceStructure.tsx(148,127): error TS2503: Cannot find namespace 'vscode'.
src/extension/prompts/node/panel/workspace/workspaceStructure.tsx(184,57): error TS2503: Cannot find namespace 'vscode'.
src/extension/prompts/node/panel/workspace/workspaceStructure.tsx(184,73): error TS2503: Cannot find namespace 'vscode'.
src/extension/prompts/node/panel/workspace/workspaceStructure.tsx(184,127): error TS2503: Cannot find namespace 'vscode'.
src/extension/prompts/node/test/utils.ts(7,1): error TS6133: 'vscode' is declared but its value is never read.
src/extension/prompts/node/test/utils.ts(68,22): error TS2503: Cannot find namespace 'vscode'.
src/extension/prompts/node/test/utils.ts(97,22): error TS2503: Cannot find namespace 'vscode'.
src/extension/prompts/node/test/utils.ts(277,4): error TS2503: Cannot find namespace 'vscode'.
src/extension/renameSuggestions/node/renameSuggestionsPrompt.tsx(7,1): error TS6133: 'vscode' is declared but its value is never read.
src/extension/renameSuggestions/node/renameSuggestionsPrompt.tsx(25,9): error TS2503: Cannot find namespace 'vscode'.
src/extension/renameSuggestions/node/renameSuggestionsPrompt.tsx(50,58): error TS2503: Cannot find namespace 'vscode'.
src/extension/renameSuggestions/node/renameSuggestionsPrompt.tsx(50,74): error TS2503: Cannot find namespace 'vscode'.
src/extension/renameSuggestions/node/renameSuggestionsPrompt.tsx(50,108): error TS2503: Cannot find namespace 'vscode'.
src/extension/renameSuggestions/node/renameSuggestionsPrompt.tsx(50,163): error TS2503: Cannot find namespace 'vscode'.
src/extension/renameSuggestions/node/renameSuggestionsProvider.ts(6,1): error TS6133: 'vscode' is declared but its value is never read.
src/extension/renameSuggestions/node/renameSuggestionsProvider.ts(51,51): error TS2503: Cannot find namespace 'vscode'.
src/extension/renameSuggestions/node/renameSuggestionsProvider.ts(84,41): error TS2503: Cannot find namespace 'vscode'.
src/extension/renameSuggestions/node/renameSuggestionsProvider.ts(84,69): error TS2503: Cannot find namespace 'vscode'.
src/extension/renameSuggestions/node/renameSuggestionsProvider.ts(84,129): error TS2503: Cannot find namespace 'vscode'.
src/extension/renameSuggestions/node/renameSuggestionsProvider.ts(241,64): error TS2503: Cannot find namespace 'vscode'.
src/extension/renameSuggestions/node/renameSuggestionsProvider.ts(241,114): error TS2503: Cannot find namespace 'vscode'.
src/extension/review/node/doReview.ts(7,15): error TS2305: Module '"vscode"' has no exported member 'Selection'.
src/extension/review/node/doReview.ts(7,26): error TS2305: Module '"vscode"' has no exported member 'TextEditor'.
src/extension/review/node/doReview.ts(7,38): error TS2305: Module '"vscode"' has no exported member 'Uri'.
src/extension/review/node/githubReviewAgent.ts(10,15): error TS2305: Module '"vscode"' has no exported member 'Selection'.
src/extension/review/node/githubReviewAgent.ts(10,26): error TS2305: Module '"vscode"' has no exported member 'TextDocument'.
src/extension/review/node/githubReviewAgent.ts(10,40): error TS2305: Module '"vscode"' has no exported member 'TextEditor'.
src/extension/review/node/test/doReview.spec.ts(8,15): error TS2305: Module '"vscode"' has no exported member 'Selection'.
src/extension/review/node/test/doReview.spec.ts(8,26): error TS2305: Module '"vscode"' has no exported member 'TextEditor'.
src/extension/review/node/test/githubReviewAgent.spec.ts(8,15): error TS2305: Module '"vscode"' has no exported member 'TextDocument'.
src/extension/settingsSchema/vscode-node/settingsSchemaFeature.ts(6,10): error TS2305: Module '"vscode"' has no exported member 'Uri'.
src/extension/telemetry/vscode/githubTelemetryForwardingContrib.ts(6,10): error TS2305: Module '"vscode"' has no exported member 'env'.
src/extension/telemetry/vscode/githubTelemetryForwardingContrib.ts(20,44): error TS7006: Parameter 'args' implicitly has an 'any' type.
src/extension/test/node/notebookPromptRendering.spec.ts(7,1): error TS6133: 'vscode' is declared but its value is never read.
src/extension/test/node/notebookPromptRendering.spec.ts(38,43): error TS2503: Cannot find namespace 'vscode'.
src/extension/test/node/notebookPromptRendering.spec.ts(53,35): error TS2503: Cannot find namespace 'vscode'.
src/extension/test/node/notebookPromptRendering.spec.ts(100,18): error TS2503: Cannot find namespace 'vscode'.
src/extension/test/node/notebookPromptRendering.spec.ts(101,37): error TS2503: Cannot find namespace 'vscode'.
src/extension/test/node/notebookPromptRendering.spec.ts(102,41): error TS2503: Cannot find namespace 'vscode'.
src/extension/test/node/notebookPromptRendering.spec.ts(111,35): error TS2503: Cannot find namespace 'vscode'.
src/extension/test/node/notebookPromptRendering.spec.ts(111,56): error TS2503: Cannot find namespace 'vscode'.
src/extension/test/node/notebookPromptRendering.spec.ts(114,40): error TS2503: Cannot find namespace 'vscode'.
src/extension/test/node/notebookPromptRendering.spec.ts(117,59): error TS2503: Cannot find namespace 'vscode'.
src/extension/test/node/notebookPromptRendering.spec.ts(118,72): error TS2503: Cannot find namespace 'vscode'.
src/extension/test/node/notebookPromptRendering.spec.ts(118,102): error TS2503: Cannot find namespace 'vscode'.
src/extension/test/node/notebookPromptRendering.spec.ts(119,67): error TS2503: Cannot find namespace 'vscode'.
src/extension/test/node/notebookPromptRendering.spec.ts(119,97): error TS2503: Cannot find namespace 'vscode'.
src/extension/test/node/notebookPromptRendering.spec.ts(132,56): error TS2503: Cannot find namespace 'vscode'.
src/extension/test/node/notebookPromptRendering.spec.ts(135,29): error TS2503: Cannot find namespace 'vscode'.
src/extension/test/node/notebookPromptRendering.spec.ts(138,42): error TS2503: Cannot find namespace 'vscode'.
src/extension/test/node/notebookPromptRendering.spec.ts(141,44): error TS2503: Cannot find namespace 'vscode'.
src/extension/test/node/notebookPromptRendering.spec.ts(144,46): error TS2503: Cannot find namespace 'vscode'.
src/extension/test/node/notebookPromptRendering.spec.ts(181,32): error TS2503: Cannot find namespace 'vscode'.
src/extension/test/node/notebookPromptRendering.spec.ts(181,45): error TS2503: Cannot find namespace 'vscode'.
src/extension/test/node/patchEditGeneration.spec.ts(9,15): error TS2305: Module '"vscode"' has no exported member 'TextEdit'.
src/extension/test/node/patchEditGeneration.spec.ts(9,25): error TS2305: Module '"vscode"' has no exported member 'Uri'.
src/extension/test/node/pseudoStartStopConversationCallback.spec.ts(9,15): error TS2305: Module '"vscode"' has no exported member 'ChatToolInvocationStreamData'.
src/extension/test/node/pseudoStartStopConversationCallback.spec.ts(9,45): error TS2305: Module '"vscode"' has no exported member 'ChatVulnerability'.
src/extension/test/node/testHelpers.ts(6,15): error TS2305: Module '"vscode"' has no exported member 'ChatContext'.
src/extension/test/node/testHelpers.ts(6,28): error TS2305: Module '"vscode"' has no exported member 'ChatPromptReference'.
src/extension/test/node/testHelpers.ts(6,49): error TS2305: Module '"vscode"' has no exported member 'ChatRequest'.
src/extension/test/node/testHelpers.ts(6,62): error TS2305: Module '"vscode"' has no exported member 'ChatRequestTurn'.
src/extension/test/node/testHelpers.ts(6,79): error TS2305: Module '"vscode"' has no exported member 'ChatResponseTurn'.
src/extension/test/node/testHelpers.ts(6,97): error TS2305: Module '"vscode"' has no exported member 'ExtendedChatResponsePart'.
src/extension/test/node/testHelpers.ts(6,123): error TS2305: Module '"vscode"' has no exported member 'Uri'.
src/extension/test/vscode-node/endpoints.test.ts(8,10): error TS2305: Module '"vscode"' has no exported member 'LanguageModelChat'.
src/extension/test/vscode-node/extension.test.ts(7,10): error TS2305: Module '"vscode"' has no exported member 'ExtensionContext'.
src/extension/test/vscode-node/extension.test.ts(7,28): error TS2305: Module '"vscode"' has no exported member 'ExtensionMode'.
src/extension/test/vscode-node/extension.test.ts(7,43): error TS2305: Module '"vscode"' has no exported member 'Memento'.
src/extension/test/vscode-node/sanity.sanity-test.ts(31,19): error TS2503: Cannot find namespace 'vscode'.
src/extension/test/vscode-node/sanity.sanity-test.ts(55,38): error TS7006: Parameter 'sub' implicitly has an 'any' type.
src/extension/test/vscode-node/sanity.sanity-test.ts(166,87): error TS2503: Cannot find namespace 'vscode'.
src/extension/test/vscode-node/sanity.sanity-test.ts(167,84): error TS2503: Cannot find namespace 'vscode'.
src/extension/test/vscode-node/sanity.sanity-test.ts(167,119): error TS2503: Cannot find namespace 'vscode'.
src/extension/test/vscode-node/sanity.sanity-test.ts(179,51): error TS2503: Cannot find namespace 'vscode'.
src/extension/test/vscode-node/sanity.sanity-test.ts(179,104): error TS2503: Cannot find namespace 'vscode'.
src/extension/test/vscode-node/sanity.sanity-test.ts(179,138): error TS2503: Cannot find namespace 'vscode'.
src/extension/test/vscode-node/sanity.sanity-test.ts(179,182): error TS2503: Cannot find namespace 'vscode'.
src/extension/test/vscode-node/sanity.sanity-test.ts(179,240): error TS2503: Cannot find namespace 'vscode'.
src/extension/test/vscode-node/sanity.sanity-test.ts(179,256): error TS2503: Cannot find namespace 'vscode'.
src/extension/test/vscode-node/sanity.sanity-test.ts(179,299): error TS2503: Cannot find namespace 'vscode'.
src/extension/test/vscode-node/sanity.sanity-test.ts(182,36): error TS2503: Cannot find namespace 'vscode'.
src/extension/test/vscode-node/sanity.sanity-test.ts(182,88): error TS2503: Cannot find namespace 'vscode'.
src/extension/test/vscode-node/sanity.sanity-test.ts(182,122): error TS2503: Cannot find namespace 'vscode'.
src/extension/test/vscode-node/sanity.sanity-test.ts(182,163): error TS2503: Cannot find namespace 'vscode'.
src/extension/test/vscode-node/sanity.sanity-test.ts(198,71): error TS7006: Parameter 'e' implicitly has an 'any' type.
src/extension/test/vscode-node/session.test.ts(8,10): error TS2305: Module '"vscode"' has no exported member 'authentication'.
src/extension/test/vscode-node/session.test.ts(8,26): error TS2305: Module '"vscode"' has no exported member 'AuthenticationGetSessionOptions'.
src/extension/test/vscode-node/session.test.ts(8,59): error TS2305: Module '"vscode"' has no exported member 'AuthenticationSession'.
src/extension/test/vscode-node/session.test.ts(8,82): error TS2305: Module '"vscode"' has no exported member 'AuthenticationSessionAccountInformation'.
src/extension/test/vscode-node/session.test.ts(8,123): error TS2305: Module '"vscode"' has no exported member 'AuthenticationWwwAuthenticateRequest'.
src/extension/test/vscode-node/session.test.ts(8,161): error TS2305: Module '"vscode"' has no exported member 'ConfigurationScope'.
src/extension/test/vscode-node/session.test.ts(8,181): error TS2305: Module '"vscode"' has no exported member 'ConfigurationTarget'.
src/extension/test/vscode-node/session.test.ts(8,202): error TS2305: Module '"vscode"' has no exported member 'workspace'.
src/extension/test/vscode-node/session.test.ts(8,213): error TS2305: Module '"vscode"' has no exported member 'WorkspaceConfiguration'.
src/extension/test/vscode-node/textDocumentManager.test.ts(8,10): error TS2305: Module '"vscode"' has no exported member 'workspace'.
src/extension/testing/node/setupTestsFileManager.tsx(8,1): error TS6133: 'vscode' is declared but its value is never read.
src/extension/testing/node/setupTestsFileManager.tsx(95,43): error TS2503: Cannot find namespace 'vscode'.
src/extension/testing/vscode/setupTestContributions.ts(18,31): error TS7006: Parameter 'uri' implicitly has an 'any' type.
src/extension/testing/vscode/setupTestContributions.ts(18,36): error TS7006: Parameter 'token' implicitly has an 'any' type.
src/extension/testing/vscode/setupTestContributions.ts(26,14): error TS7006: Parameter 'progress' implicitly has an 'any' type.
src/extension/testing/vscode/setupTestContributions.ts(26,24): error TS7006: Parameter 'token' implicitly has an 'any' type.
src/extension/tools/common/editToolLearningService.ts(6,15): error TS2305: Module '"vscode"' has no exported member 'LanguageModelChat'.
src/extension/tools/common/editToolLearningService.ts(169,41): error TS2339: Property 'globalState' does not exist on type 'IVSCodeExtensionContext'.
src/extension/tools/common/editToolLearningService.ts(179,28): error TS18046: 'r' is of type 'unknown'.
src/extension/tools/common/editToolLearningService.ts(180,16): error TS18046: 'r' is of type 'unknown'.
src/extension/tools/common/editToolLearningService.ts(205,23): error TS2339: Property 'globalState' does not exist on type 'IVSCodeExtensionContext'.
src/extension/tools/common/memoryCleanupService.ts(59,47): error TS2339: Property 'storageUri' does not exist on type 'IVSCodeExtensionContext'.
src/extension/tools/common/memoryCleanupService.ts(60,41): error TS2339: Property 'storageUri' does not exist on type 'IVSCodeExtensionContext'.
src/extension/tools/common/memoryCleanupService.ts(63,53): error TS2339: Property 'globalStorageUri' does not exist on type 'IVSCodeExtensionContext'.
src/extension/tools/common/memoryCleanupService.ts(64,41): error TS2339: Property 'globalStorageUri' does not exist on type 'IVSCodeExtensionContext'.
src/extension/tools/common/test/toolService.spec.ts(7,1): error TS6133: 'vscode' is declared but its value is never read.
src/extension/tools/common/test/toolService.spec.ts(30,20): error TS2503: Cannot find namespace 'vscode'.
src/extension/tools/common/test/toolService.spec.ts(51,27): error TS2503: Cannot find namespace 'vscode'.
src/extension/tools/common/test/toolService.spec.ts(73,21): error TS2503: Cannot find namespace 'vscode'.
src/extension/tools/common/test/toolService.spec.ts(89,27): error TS2503: Cannot find namespace 'vscode'.
src/extension/tools/common/test/toolService.spec.ts(97,29): error TS2503: Cannot find namespace 'vscode'.
src/extension/tools/common/test/toolService.spec.ts(105,27): error TS2503: Cannot find namespace 'vscode'.
src/extension/tools/common/test/toolService.spec.ts(114,24): error TS2503: Cannot find namespace 'vscode'.
src/extension/tools/common/test/toolService.spec.ts(132,27): error TS2503: Cannot find namespace 'vscode'.
src/extension/tools/common/test/toolService.spec.ts(142,26): error TS2503: Cannot find namespace 'vscode'.
src/extension/tools/common/test/toolService.spec.ts(169,27): error TS2503: Cannot find namespace 'vscode'.
src/extension/tools/common/test/toolService.spec.ts(181,27): error TS2503: Cannot find namespace 'vscode'.
src/extension/tools/common/test/toolService.spec.ts(205,27): error TS2503: Cannot find namespace 'vscode'.
src/extension/tools/common/toolsRegistry.ts(6,1): error TS6133: 'vscode' is declared but its value is never read.
src/extension/tools/common/toolsRegistry.ts(67,31): error TS2503: Cannot find namespace 'vscode'.
src/extension/tools/common/toolsRegistry.ts(67,95): error TS2503: Cannot find namespace 'vscode'.
src/extension/tools/common/toolsRegistry.ts(71,11): error TS2503: Cannot find namespace 'vscode'.
src/extension/tools/common/toolsRegistry.ts(72,22): error TS2503: Cannot find namespace 'vscode'.
src/extension/tools/common/toolsRegistry.ts(87,81): error TS2503: Cannot find namespace 'vscode'.
src/extension/tools/common/toolsRegistry.ts(115,72): error TS2503: Cannot find namespace 'vscode'.
src/extension/tools/common/toolsRegistry.ts(141,47): error TS2503: Cannot find namespace 'vscode'.
src/extension/tools/common/toolsRegistry.ts(160,48): error TS2503: Cannot find namespace 'vscode'.
src/extension/tools/common/toolsRegistry.ts(165,26): error TS7006: Parameter 'm' implicitly has an 'any' type.
src/extension/tools/common/toolsService.ts(7,1): error TS6133: 'vscode' is declared but its value is never read.
src/extension/tools/common/toolsService.ts(39,21): error TS2503: Cannot find namespace 'vscode'.
src/extension/tools/common/toolsService.ts(56,23): error TS2503: Cannot find namespace 'vscode'.
src/extension/tools/common/toolsService.ts(67,48): error TS2503: Cannot find namespace 'vscode'.
src/extension/tools/common/toolsService.ts(75,36): error TS2503: Cannot find namespace 'vscode'.
src/extension/tools/common/toolsService.ts(75,95): error TS2503: Cannot find namespace 'vscode'.
src/extension/tools/common/toolsService.ts(75,131): error TS2503: Cannot find namespace 'vscode'.
src/extension/tools/common/toolsService.ts(81,48): error TS2503: Cannot find namespace 'vscode'.
src/extension/tools/common/toolsService.ts(81,144): error TS2503: Cannot find namespace 'vscode'.
src/extension/tools/common/toolsService.ts(81,180): error TS2503: Cannot find namespace 'vscode'.
src/extension/tools/common/toolsService.ts(84,25): error TS2503: Cannot find namespace 'vscode'.
src/extension/tools/common/toolsService.ts(85,44): error TS2503: Cannot find namespace 'vscode'.
src/extension/tools/common/toolsService.ts(99,27): error TS2503: Cannot find namespace 'vscode'.
src/extension/tools/common/toolsService.ts(99,88): error TS2503: Cannot find namespace 'vscode'.
src/extension/tools/common/toolsService.ts(99,150): error TS2503: Cannot find namespace 'vscode'.
src/extension/tools/common/toolsService.ts(181,32): error TS2503: Cannot find namespace 'vscode'.
src/extension/tools/common/toolsService.ts(188,98): error TS2503: Cannot find namespace 'vscode'.
src/extension/tools/common/toolsService.ts(194,45): error TS2503: Cannot find namespace 'vscode'.
src/extension/tools/common/toolsService.ts(194,103): error TS2503: Cannot find namespace 'vscode'.
src/extension/tools/common/toolsService.ts(194,139): error TS2503: Cannot find namespace 'vscode'.
src/extension/tools/common/toolsService.ts(196,48): error TS2503: Cannot find namespace 'vscode'.
src/extension/tools/common/toolsService.ts(196,143): error TS2503: Cannot find namespace 'vscode'.
src/extension/tools/common/toolsService.ts(196,179): error TS2503: Cannot find namespace 'vscode'.
src/extension/tools/common/toolsService.ts(200,34): error TS2503: Cannot find namespace 'vscode'.
src/extension/tools/common/toolsService.ts(201,53): error TS2503: Cannot find namespace 'vscode'.
src/extension/tools/common/toolsService.ts(202,36): error TS2503: Cannot find namespace 'vscode'.
src/extension/tools/common/toolsService.ts(202,97): error TS2503: Cannot find namespace 'vscode'.
src/extension/tools/common/toolsService.ts(202,159): error TS2503: Cannot find namespace 'vscode'.
src/extension/tools/common/toolsService.ts(259,18): error TS2503: Cannot find namespace 'vscode'.
src/extension/tools/common/toolsService.ts(262,40): error TS2503: Cannot find namespace 'vscode'.
src/extension/tools/common/toolsService.ts(262,98): error TS2503: Cannot find namespace 'vscode'.
src/extension/tools/common/toolsService.ts(262,133): error TS2503: Cannot find namespace 'vscode'.
src/extension/tools/common/toolsService.ts(268,23): error TS2503: Cannot find namespace 'vscode'.
src/extension/tools/common/toolsService.ts(276,44): error TS2503: Cannot find namespace 'vscode'.
src/extension/tools/common/toolsService.ts(280,21): error TS2503: Cannot find namespace 'vscode'.
src/extension/tools/common/virtualTools/builtInToolGroupHandler.ts(6,15): error TS2305: Module '"vscode"' has no exported member 'LanguageModelToolInformation'.
src/extension/tools/common/virtualTools/toolEmbeddingsComputer.ts(6,15): error TS2305: Module '"vscode"' has no exported member 'LanguageModelToolInformation'.
src/extension/tools/common/virtualTools/toolEmbeddingsLocalCache.ts(6,15): error TS2305: Module '"vscode"' has no exported member 'LanguageModelToolInformation'.
src/extension/tools/common/virtualTools/toolEmbeddingsLocalCache.ts(49,44): error TS2339: Property 'globalStorageUri' does not exist on type 'IVSCodeExtensionContext'.
src/extension/tools/common/virtualTools/toolGrouping.ts(6,15): error TS2305: Module '"vscode"' has no exported member 'LanguageModelToolInformation'.
src/extension/tools/common/virtualTools/toolGroupingService.ts(6,15): error TS2305: Module '"vscode"' has no exported member 'LanguageModelToolInformation'.
src/extension/tools/common/virtualTools/virtualTool.ts(6,15): error TS2305: Module '"vscode"' has no exported member 'LanguageModelToolInformation'.
src/extension/tools/common/virtualTools/virtualToolGroupCache.ts(34,30): error TS2339: Property 'globalState' does not exist on type 'IVSCodeExtensionContext'.
src/extension/tools/common/virtualTools/virtualToolGroupCache.ts(37,26): error TS7031: Binding element 'k' implicitly has an 'any' type.
src/extension/tools/common/virtualTools/virtualToolGroupCache.ts(37,29): error TS7031: Binding element 'v' implicitly has an 'any' type.
src/extension/tools/common/virtualTools/virtualToolGroupCache.ts(47,26): error TS2339: Property 'globalState' does not exist on type 'IVSCodeExtensionContext'.
src/extension/tools/common/virtualTools/virtualToolGroupCache.ts(61,26): error TS2339: Property 'globalState' does not exist on type 'IVSCodeExtensionContext'.
src/extension/tools/common/virtualTools/virtualToolGrouper.ts(6,15): error TS2305: Module '"vscode"' has no exported member 'LanguageModelToolInformation'.
src/extension/tools/common/virtualTools/virtualToolSummarizer.tsx(8,15): error TS2305: Module '"vscode"' has no exported member 'LanguageModelToolInformation'.
src/extension/tools/common/virtualTools/virtualToolTypes.ts(6,15): error TS2305: Module '"vscode"' has no exported member 'LanguageModelToolInformation'.
src/extension/tools/common/virtualTools/virtualToolTypes.ts(6,45): error TS2305: Module '"vscode"' has no exported member 'LanguageModelToolResult'.
src/extension/tools/node/abstractReplaceStringTool.tsx(6,1): error TS6133: 'vscode' is declared but its value is never read.
src/extension/tools/node/abstractReplaceStringTool.tsx(61,32): error TS2503: Cannot find namespace 'vscode'.
src/extension/tools/node/abstractReplaceStringTool.tsx(91,34): error TS2503: Cannot find namespace 'vscode'.
src/extension/tools/node/abstractReplaceStringTool.tsx(91,87): error TS2503: Cannot find namespace 'vscode'.
src/extension/tools/node/abstractReplaceStringTool.tsx(102,34): error TS2503: Cannot find namespace 'vscode'.
src/extension/tools/node/abstractReplaceStringTool.tsx(102,81): error TS2503: Cannot find namespace 'vscode'.
src/extension/tools/node/abstractReplaceStringTool.tsx(102,141): error TS2503: Cannot find namespace 'vscode'.
src/extension/tools/node/abstractReplaceStringTool.tsx(115,39): error TS2503: Cannot find namespace 'vscode'.
src/extension/tools/node/abstractReplaceStringTool.tsx(115,86): error TS2503: Cannot find namespace 'vscode'.
src/extension/tools/node/abstractReplaceStringTool.tsx(115,184): error TS2503: Cannot find namespace 'vscode'.
src/extension/tools/node/abstractReplaceStringTool.tsx(156,46): error TS2503: Cannot find namespace 'vscode'.
src/extension/tools/node/abstractReplaceStringTool.tsx(156,93): error TS2503: Cannot find namespace 'vscode'.
src/extension/tools/node/abstractReplaceStringTool.tsx(156,189): error TS2503: Cannot find namespace 'vscode'.
src/extension/tools/node/abstractReplaceStringTool.tsx(208,24): error TS2503: Cannot find namespace 'vscode'.
src/extension/tools/node/abstractReplaceStringTool.tsx(208,52): error TS2503: Cannot find namespace 'vscode'.
src/extension/tools/node/abstractReplaceStringTool.tsx(261,41): error TS2503: Cannot find namespace 'vscode'.
src/extension/tools/node/abstractReplaceStringTool.tsx(261,117): error TS2503: Cannot find namespace 'vscode'.
src/extension/tools/node/abstractReplaceStringTool.tsx(269,49): error TS2503: Cannot find namespace 'vscode'.
src/extension/tools/node/abstractReplaceStringTool.tsx(402,21): error TS7006: Parameter 't' implicitly has an 'any' type.
src/extension/tools/node/abstractReplaceStringTool.tsx(413,84): error TS2503: Cannot find namespace 'vscode'.
src/extension/tools/node/abstractReplaceStringTool.tsx(413,131): error TS2503: Cannot find namespace 'vscode'.
src/extension/tools/node/abstractReplaceStringTool.tsx(425,107): error TS2503: Cannot find namespace 'vscode'.
src/extension/tools/node/abstractReplaceStringTool.tsx(425,154): error TS2503: Cannot find namespace 'vscode'.
src/extension/tools/node/abstractReplaceStringTool.tsx(425,304): error TS2503: Cannot find namespace 'vscode'.
src/extension/tools/node/abstractReplaceStringTool.tsx(434,14): error TS2503: Cannot find namespace 'vscode'.
src/extension/tools/node/abstractReplaceStringTool.tsx(496,63): error TS2503: Cannot find namespace 'vscode'.
src/extension/tools/node/abstractReplaceStringTool.tsx(496,110): error TS2503: Cannot find namespace 'vscode'.
src/extension/tools/node/abstractReplaceStringTool.tsx(531,46): error TS2503: Cannot find namespace 'vscode'.
src/extension/tools/node/abstractReplaceStringTool.tsx(531,93): error TS2503: Cannot find namespace 'vscode'.
src/extension/tools/node/abstractReplaceStringTool.tsx(556,45): error TS2503: Cannot find namespace 'vscode'.
src/extension/tools/node/abstractReplaceStringTool.tsx(556,92): error TS2503: Cannot find namespace 'vscode'.
src/extension/tools/node/abstractReplaceStringTool.tsx(561,45): error TS2503: Cannot find namespace 'vscode'.
src/extension/tools/node/abstractReplaceStringTool.tsx(561,92): error TS2503: Cannot find namespace 'vscode'.
src/extension/tools/node/abstractReplaceStringTool.tsx(566,43): error TS2503: Cannot find namespace 'vscode'.
src/extension/tools/node/abstractReplaceStringTool.tsx(566,90): error TS2503: Cannot find namespace 'vscode'.
src/extension/tools/node/abstractReplaceStringTool.tsx(578,35): error TS2503: Cannot find namespace 'vscode'.
src/extension/tools/node/abstractReplaceStringTool.tsx(578,95): error TS2503: Cannot find namespace 'vscode'.
src/extension/tools/node/abstractReplaceStringTool.tsx(578,130): error TS2503: Cannot find namespace 'vscode'.
src/extension/tools/node/abstractReplaceStringTool.tsx(597,12): error TS2503: Cannot find namespace 'vscode'.
src/extension/tools/node/abstractReplaceStringTool.tsx(598,10): error TS2503: Cannot find namespace 'vscode'.
src/extension/tools/node/applyPatch/parser.ts(19,15): error TS2305: Module '"vscode"' has no exported member 'TextDocument'.
src/extension/tools/node/applyPatchTool.tsx(8,1): error TS6133: 'vscode' is declared but its value is never read.
src/extension/tools/node/applyPatchTool.tsx(166,17): error TS2503: Cannot find namespace 'vscode'.
src/extension/tools/node/applyPatchTool.tsx(166,40): error TS2503: Cannot find namespace 'vscode'.
src/extension/tools/node/applyPatchTool.tsx(166,52): error TS2503: Cannot find namespace 'vscode'.
src/extension/tools/node/applyPatchTool.tsx(180,17): error TS7006: Parameter '_' implicitly has an 'any' type.
src/extension/tools/node/applyPatchTool.tsx(180,20): error TS7006: Parameter 'notebookEdits' implicitly has an 'any' type.
src/extension/tools/node/applyPatchTool.tsx(183,13): error TS7006: Parameter 'target' implicitly has an 'any' type.
src/extension/tools/node/applyPatchTool.tsx(183,21): error TS7006: Parameter 'textEdits' implicitly has an 'any' type.
src/extension/tools/node/applyPatchTool.tsx(192,34): error TS2503: Cannot find namespace 'vscode'.
src/extension/tools/node/applyPatchTool.tsx(192,114): error TS2503: Cannot find namespace 'vscode'.
src/extension/tools/node/applyPatchTool.tsx(192,149): error TS2503: Cannot find namespace 'vscode'.
src/extension/tools/node/applyPatchTool.tsx(215,24): error TS2503: Cannot find namespace 'vscode'.
src/extension/tools/node/applyPatchTool.tsx(215,97): error TS2503: Cannot find namespace 'vscode'.
src/extension/tools/node/applyPatchTool.tsx(227,26): error TS2532: Object is possibly 'undefined'.
src/extension/tools/node/applyPatchTool.tsx(292,43): error TS2503: Cannot find namespace 'vscode'.
src/extension/tools/node/applyPatchTool.tsx(292,66): error TS2503: Cannot find namespace 'vscode'.
src/extension/tools/node/applyPatchTool.tsx(292,78): error TS2503: Cannot find namespace 'vscode'.
src/extension/tools/node/applyPatchTool.tsx(497,22): error TS7006: Parameter 't' implicitly has an 'any' type.
src/extension/tools/node/applyPatchTool.tsx(564,46): error TS2503: Cannot find namespace 'vscode'.
src/extension/tools/node/applyPatchTool.tsx(629,66): error TS2503: Cannot find namespace 'vscode'.
src/extension/tools/node/applyPatchTool.tsx(674,35): error TS2503: Cannot find namespace 'vscode'.
src/extension/tools/node/applyPatchTool.tsx(674,115): error TS2503: Cannot find namespace 'vscode'.
src/extension/tools/node/applyPatchTool.tsx(674,150): error TS2503: Cannot find namespace 'vscode'.
src/extension/tools/node/applyPatchTool.tsx(689,12): error TS2503: Cannot find namespace 'vscode'.
src/extension/tools/node/codebaseTool.tsx(8,1): error TS6133: 'vscode' is declared but its value is never read.
src/extension/tools/node/codebaseTool.tsx(39,38): error TS2503: Cannot find namespace 'vscode'.
src/extension/tools/node/codebaseTool.tsx(51,24): error TS2503: Cannot find namespace 'vscode'.
src/extension/tools/node/codebaseTool.tsx(78,62): error TS7006: Parameter 'dir' implicitly has an 'any' type.
src/extension/tools/node/codebaseTool.tsx(154,29): error TS2503: Cannot find namespace 'vscode'.
src/extension/tools/node/codebaseTool.tsx(154,107): error TS2503: Cannot find namespace 'vscode'.
src/extension/tools/node/codebaseTool.tsx(154,134): error TS2503: Cannot find namespace 'vscode'.
src/extension/tools/node/codebaseTool.tsx(154,156): error TS2503: Cannot find namespace 'vscode'.
src/extension/tools/node/codebaseTool.tsx(179,40): error TS2503: Cannot find namespace 'vscode'.
src/extension/tools/node/codebaseTool.tsx(179,112): error TS2503: Cannot find namespace 'vscode'.
src/extension/tools/node/createDirectoryTool.tsx(7,1): error TS6133: 'vscode' is declared but its value is never read.
src/extension/tools/node/createDirectoryTool.tsx(32,24): error TS2503: Cannot find namespace 'vscode'.
src/extension/tools/node/createDirectoryTool.tsx(32,98): error TS2503: Cannot find namespace 'vscode'.
src/extension/tools/node/createDirectoryTool.tsx(47,35): error TS2503: Cannot find namespace 'vscode'.
src/extension/tools/node/createDirectoryTool.tsx(47,116): error TS2503: Cannot find namespace 'vscode'.
src/extension/tools/node/createDirectoryTool.tsx(47,151): error TS2503: Cannot find namespace 'vscode'.
src/extension/tools/node/createFileTool.tsx(7,1): error TS6133: 'vscode' is declared but its value is never read.
src/extension/tools/node/createFileTool.tsx(63,24): error TS2503: Cannot find namespace 'vscode'.
src/extension/tools/node/createFileTool.tsx(63,93): error TS2503: Cannot find namespace 'vscode'.
src/extension/tools/node/createFileTool.tsx(136,22): error TS7006: Parameter 't' implicitly has an 'any' type.
src/extension/tools/node/createFileTool.tsx(168,35): error TS2503: Cannot find namespace 'vscode'.
src/extension/tools/node/createFileTool.tsx(168,111): error TS2503: Cannot find namespace 'vscode'.
src/extension/tools/node/createFileTool.tsx(168,146): error TS2503: Cannot find namespace 'vscode'.
src/extension/tools/node/createFileTool.tsx(195,34): error TS2503: Cannot find namespace 'vscode'.
src/extension/tools/node/createFileTool.tsx(195,110): error TS2503: Cannot find namespace 'vscode'.
src/extension/tools/node/createFileTool.tsx(195,145): error TS2503: Cannot find namespace 'vscode'.
src/extension/tools/node/editFileHealing.tsx(22,15): error TS2305: Module '"vscode"' has no exported member 'LanguageModelChat'.
src/extension/tools/node/editFileToolResult.tsx(7,1): error TS6133: 'vscode' is declared but its value is never read.
src/extension/tools/node/editFileToolResult.tsx(39,10): error TS2503: Cannot find namespace 'vscode'.
src/extension/tools/node/editFileToolUtils.tsx(10,15): error TS2305: Module '"vscode"' has no exported member 'LanguageModelChat'.
src/extension/tools/node/editFileToolUtils.tsx(10,34): error TS2305: Module '"vscode"' has no exported member 'PreparedToolInvocation'.
src/extension/tools/node/editNotebookTool.tsx(10,1): error TS6133: 'vscode' is declared but its value is never read.
src/extension/tools/node/editNotebookTool.tsx(52,29): error TS2503: Cannot find namespace 'vscode'.
src/extension/tools/node/editNotebookTool.tsx(54,27): error TS2503: Cannot find namespace 'vscode'.
src/extension/tools/node/editNotebookTool.tsx(77,24): error TS2503: Cannot find namespace 'vscode'.
src/extension/tools/node/editNotebookTool.tsx(77,99): error TS2503: Cannot find namespace 'vscode'.
src/extension/tools/node/editNotebookTool.tsx(94,17): error TS2503: Cannot find namespace 'vscode'.
src/extension/tools/node/editNotebookTool.tsx(118,57): error TS7006: Parameter 'cell' implicitly has an 'any' type.
src/extension/tools/node/editNotebookTool.tsx(118,63): error TS7006: Parameter 'index' implicitly has an 'any' type.
src/extension/tools/node/editNotebookTool.tsx(120,33): error TS2503: Cannot find namespace 'vscode'.
src/extension/tools/node/editNotebookTool.tsx(207,66): error TS2503: Cannot find namespace 'vscode'.
src/extension/tools/node/editNotebookTool.tsx(276,22): error TS7006: Parameter 't' implicitly has an 'any' type.
src/extension/tools/node/editNotebookTool.tsx(306,35): error TS2503: Cannot find namespace 'vscode'.
src/extension/tools/node/editNotebookTool.tsx(306,117): error TS2503: Cannot find namespace 'vscode'.
src/extension/tools/node/editNotebookTool.tsx(306,152): error TS2503: Cannot find namespace 'vscode'.
src/extension/tools/node/editNotebookTool.tsx(337,154): error TS2503: Cannot find namespace 'vscode'.
src/extension/tools/node/editNotebookTool.tsx(377,61): error TS2503: Cannot find namespace 'vscode'.
src/extension/tools/node/editNotebookTool.tsx(411,47): error TS2503: Cannot find namespace 'vscode'.
src/extension/tools/node/editNotebookTool.tsx(411,78): error TS2503: Cannot find namespace 'vscode'.
src/extension/tools/node/editNotebookTool.tsx(411,167): error TS2503: Cannot find namespace 'vscode'.
src/extension/tools/node/editNotebookTool.tsx(422,65): error TS7006: Parameter 'e' implicitly has an 'any' type.
src/extension/tools/node/editNotebookTool.tsx(429,58): error TS7006: Parameter 'cell' implicitly has an 'any' type.
src/extension/tools/node/editNotebookTool.tsx(436,103): error TS7006: Parameter 'cell' implicitly has an 'any' type.
src/extension/tools/node/editNotebookTool.tsx(439,99): error TS7006: Parameter 'cell' implicitly has an 'any' type.
src/extension/tools/node/editNotebookTool.tsx(459,45): error TS2503: Cannot find namespace 'vscode'.
src/extension/tools/node/editNotebookTool.tsx(459,85): error TS2503: Cannot find namespace 'vscode'.
src/extension/tools/node/editNotebookTool.tsx(459,147): error TS2503: Cannot find namespace 'vscode'.
src/extension/tools/node/editNotebookTool.tsx(470,61): error TS7006: Parameter 'e' implicitly has an 'any' type.
src/extension/tools/node/editNotebookTool.tsx(505,77): error TS2503: Cannot find namespace 'vscode'.
src/extension/tools/node/editNotebookTool.tsx(514,40): error TS7006: Parameter 'cell' implicitly has an 'any' type.
src/extension/tools/node/editNotebookTool.tsx(521,43): error TS2503: Cannot find namespace 'vscode'.
src/extension/tools/node/editNotebookTool.tsx(525,61): error TS7006: Parameter 'cell' implicitly has an 'any' type.
src/extension/tools/node/editNotebookTool.tsx(561,39): error TS2503: Cannot find namespace 'vscode'.
src/extension/tools/node/editNotebookTool.tsx(561,72): error TS2503: Cannot find namespace 'vscode'.
src/extension/tools/node/editNotebookTool.tsx(577,12): error TS2503: Cannot find namespace 'vscode'.
src/extension/tools/node/editNotebookTool.tsx(579,17): error TS2503: Cannot find namespace 'vscode'.
src/extension/tools/node/editNotebookTool.tsx(599,34): error TS2503: Cannot find namespace 'vscode'.
src/extension/tools/node/editNotebookTool.tsx(605,21): error TS2503: Cannot find namespace 'vscode'.
src/extension/tools/node/editNotebookTool.tsx(607,32): error TS7006: Parameter 'cell' implicitly has an 'any' type.
src/extension/tools/node/editNotebookTool.tsx(630,289): error TS2503: Cannot find namespace 'vscode'.
src/extension/tools/node/editNotebookTool.tsx(630,333): error TS2503: Cannot find namespace 'vscode'.
src/extension/tools/node/editNotebookTool.tsx(650,148): error TS2503: Cannot find namespace 'vscode'.
src/extension/tools/node/editNotebookTool.tsx(669,151): error TS2503: Cannot find namespace 'vscode'.
src/extension/tools/node/editNotebookTool.tsx(694,117): error TS2503: Cannot find namespace 'vscode'.
src/extension/tools/node/editNotebookTool.tsx(694,138): error TS2503: Cannot find namespace 'vscode'.
src/extension/tools/node/executionSubagentTool.ts(7,1): error TS6133: 'vscode' is declared but its value is never read.
src/extension/tools/node/executionSubagentTool.ts(42,24): error TS2503: Cannot find namespace 'vscode'.
src/extension/tools/node/executionSubagentTool.ts(42,100): error TS2503: Cannot find namespace 'vscode'.
src/extension/tools/node/executionSubagentTool.ts(124,29): error TS2503: Cannot find namespace 'vscode'.
src/extension/tools/node/executionSubagentTool.ts(124,113): error TS2503: Cannot find namespace 'vscode'.
src/extension/tools/node/executionSubagentTool.ts(124,140): error TS2503: Cannot find namespace 'vscode'.
src/extension/tools/node/executionSubagentTool.ts(124,162): error TS2503: Cannot find namespace 'vscode'.
src/extension/tools/node/findFilesTool.tsx(7,1): error TS6133: 'vscode' is declared but its value is never read.
src/extension/tools/node/findFilesTool.tsx(45,24): error TS2503: Cannot find namespace 'vscode'.
src/extension/tools/node/findFilesTool.tsx(91,49): error TS2503: Cannot find namespace 'vscode'.
src/extension/tools/node/findFilesTool.tsx(117,29): error TS2503: Cannot find namespace 'vscode'.
src/extension/tools/node/findFilesTool.tsx(117,108): error TS2503: Cannot find namespace 'vscode'.
src/extension/tools/node/findFilesTool.tsx(117,135): error TS2503: Cannot find namespace 'vscode'.
src/extension/tools/node/findFilesTool.tsx(117,157): error TS2503: Cannot find namespace 'vscode'.
src/extension/tools/node/findTestsFilesTool.tsx(8,1): error TS6133: 'vscode' is declared but its value is never read.
src/extension/tools/node/findTestsFilesTool.tsx(56,24): error TS2503: Cannot find namespace 'vscode'.
src/extension/tools/node/findTestsFilesTool.tsx(56,129): error TS2503: Cannot find namespace 'vscode'.
src/extension/tools/node/findTestsFilesTool.tsx(66,55): error TS7006: Parameter 'filePath' implicitly has an 'any' type.
src/extension/tools/node/findTestsFilesTool.tsx(133,29): error TS2503: Cannot find namespace 'vscode'.
src/extension/tools/node/findTestsFilesTool.tsx(133,113): error TS2503: Cannot find namespace 'vscode'.
src/extension/tools/node/findTestsFilesTool.tsx(133,140): error TS2503: Cannot find namespace 'vscode'.
src/extension/tools/node/findTestsFilesTool.tsx(133,162): error TS2503: Cannot find namespace 'vscode'.
src/extension/tools/node/findTestsFilesTool.tsx(138,44): error TS7006: Parameter 'filePath' implicitly has an 'any' type.
src/extension/tools/node/findTestsFilesTool.tsx(139,17): error TS7006: Parameter 'uri' implicitly has an 'any' type.
src/extension/tools/node/findTestsFilesTool.tsx(158,41): error TS2503: Cannot find namespace 'vscode'.
src/extension/tools/node/findTextInFilesTool.tsx(8,1): error TS6133: 'vscode' is declared but its value is never read.
src/extension/tools/node/findTextInFilesTool.tsx(58,24): error TS2503: Cannot find namespace 'vscode'.
src/extension/tools/node/findTextInFilesTool.tsx(149,49): error TS2503: Cannot find namespace 'vscode'.
src/extension/tools/node/findTextInFilesTool.tsx(200,84): error TS2503: Cannot find namespace 'vscode'.
src/extension/tools/node/findTextInFilesTool.tsx(200,215): error TS2503: Cannot find namespace 'vscode'.
src/extension/tools/node/findTextInFilesTool.tsx(201,22): error TS2503: Cannot find namespace 'vscode'.
src/extension/tools/node/findTextInFilesTool.tsx(216,18): error TS2503: Cannot find namespace 'vscode'.
src/extension/tools/node/findTextInFilesTool.tsx(228,29): error TS2503: Cannot find namespace 'vscode'.
src/extension/tools/node/findTextInFilesTool.tsx(228,114): error TS2503: Cannot find namespace 'vscode'.
src/extension/tools/node/findTextInFilesTool.tsx(228,141): error TS2503: Cannot find namespace 'vscode'.
src/extension/tools/node/findTextInFilesTool.tsx(228,163): error TS2503: Cannot find namespace 'vscode'.
src/extension/tools/node/findTextInFilesTool.tsx(291,15): error TS2503: Cannot find namespace 'vscode'.
src/extension/tools/node/findTextInFilesTool.tsx(321,31): error TS7006: Parameter 'rangeInfo' implicitly has an 'any' type.
src/extension/tools/node/findTextInFilesTool.tsx(321,42): error TS7006: Parameter 'i' implicitly has an 'any' type.
src/extension/tools/node/findTextInFilesTool.tsx(392,40): error TS2503: Cannot find namespace 'vscode'.
src/extension/tools/node/findTextInFilesTool.tsx(392,74): error TS2503: Cannot find namespace 'vscode'.
src/extension/tools/node/getErrorsTool.tsx(8,1): error TS6133: 'vscode' is declared but its value is never read.
src/extension/tools/node/getErrorsTool.tsx(62,105): error TS2503: Cannot find namespace 'vscode'.
src/extension/tools/node/getErrorsTool.tsx(63,49): error TS2503: Cannot find namespace 'vscode'.
src/extension/tools/node/getErrorsTool.tsx(149,24): error TS2503: Cannot find namespace 'vscode'.
src/extension/tools/node/getErrorsTool.tsx(220,29): error TS2503: Cannot find namespace 'vscode'.
src/extension/tools/node/getErrorsTool.tsx(220,104): error TS2503: Cannot find namespace 'vscode'.
src/extension/tools/node/getErrorsTool.tsx(220,131): error TS2503: Cannot find namespace 'vscode'.
src/extension/tools/node/getErrorsTool.tsx(220,153): error TS2503: Cannot find namespace 'vscode'.
src/extension/tools/node/getErrorsTool.tsx(228,45): error TS7006: Parameter 'filePath' implicitly has an 'any' type.
src/extension/tools/node/getErrorsTool.tsx(229,18): error TS7006: Parameter 'uri' implicitly has an 'any' type.
src/extension/tools/node/getErrorsTool.tsx(252,14): error TS7006: Parameter 'cell' implicitly has an 'any' type.
src/extension/tools/node/getErrorsTool.tsx(264,41): error TS2503: Cannot find namespace 'vscode'.
src/extension/tools/node/getErrorsTool.tsx(309,74): error TS2503: Cannot find namespace 'vscode'.
src/extension/tools/node/getNotebookCellOutputTool.tsx(7,1): error TS6133: 'vscode' is declared but its value is never read.
src/extension/tools/node/getNotebookCellOutputTool.tsx(41,24): error TS2503: Cannot find namespace 'vscode'.
src/extension/tools/node/getNotebookCellOutputTool.tsx(41,108): error TS2503: Cannot find namespace 'vscode'.
src/extension/tools/node/getNotebookCellOutputTool.tsx(80,69): error TS7006: Parameter 'item' implicitly has an 'any' type.
src/extension/tools/node/getNotebookCellOutputTool.tsx(104,29): error TS2503: Cannot find namespace 'vscode'.
src/extension/tools/node/getNotebookCellOutputTool.tsx(104,114): error TS2503: Cannot find namespace 'vscode'.
src/extension/tools/node/getNotebookCellOutputTool.tsx(104,136): error TS2503: Cannot find namespace 'vscode'.
src/extension/tools/node/getNotebookCellOutputTool.tsx(124,132): error TS2503: Cannot find namespace 'vscode'.
src/extension/tools/node/githubRepoSemanticSearchTool.tsx(8,1): error TS6133: 'vscode' is declared but its value is never read.
src/extension/tools/node/githubRepoSemanticSearchTool.tsx(52,24): error TS2503: Cannot find namespace 'vscode'.
src/extension/tools/node/githubRepoSemanticSearchTool.tsx(52,124): error TS2503: Cannot find namespace 'vscode'.
src/extension/tools/node/githubRepoSemanticSearchTool.tsx(99,35): error TS2503: Cannot find namespace 'vscode'.
src/extension/tools/node/githubRepoSemanticSearchTool.tsx(99,114): error TS2503: Cannot find namespace 'vscode'.
src/extension/tools/node/githubRepoSemanticSearchTool.tsx(99,149): error TS2503: Cannot find namespace 'vscode'.
src/extension/tools/node/githubRepoSemanticSearchTool.tsx(123,35): error TS2503: Cannot find namespace 'vscode'.
src/extension/tools/node/githubRepoSemanticSearchTool.tsx(123,114): error TS2503: Cannot find namespace 'vscode'.
src/extension/tools/node/githubRepoSemanticSearchTool.tsx(222,67): error TS2503: Cannot find namespace 'vscode'.
src/extension/tools/node/githubRepoSemanticSearchTool.tsx(222,83): error TS2503: Cannot find namespace 'vscode'.
src/extension/tools/node/githubRepoSemanticSearchTool.tsx(222,118): error TS2503: Cannot find namespace 'vscode'.
src/extension/tools/node/githubTextSearchTool.tsx(8,1): error TS6133: 'vscode' is declared but its value is never read.
src/extension/tools/node/githubTextSearchTool.tsx(39,24): error TS2503: Cannot find namespace 'vscode'.
src/extension/tools/node/githubTextSearchTool.tsx(39,130): error TS2503: Cannot find namespace 'vscode'.
src/extension/tools/node/githubTextSearchTool.tsx(97,35): error TS2503: Cannot find namespace 'vscode'.
src/extension/tools/node/githubTextSearchTool.tsx(97,121): error TS2503: Cannot find namespace 'vscode'.
src/extension/tools/node/githubTextSearchTool.tsx(97,156): error TS2503: Cannot find namespace 'vscode'.
src/extension/tools/node/insertEditTool.tsx(6,1): error TS6133: 'vscode' is declared but its value is never read.
src/extension/tools/node/insertEditTool.tsx(56,24): error TS2503: Cannot find namespace 'vscode'.
src/extension/tools/node/insertEditTool.tsx(56,91): error TS2503: Cannot find namespace 'vscode'.
src/extension/tools/node/insertEditTool.tsx(106,21): error TS7006: Parameter 't' implicitly has an 'any' type.
src/extension/tools/node/insertEditTool.tsx(114,29): error TS2503: Cannot find namespace 'vscode'.
src/extension/tools/node/insertEditTool.tsx(114,103): error TS2503: Cannot find namespace 'vscode'.
src/extension/tools/node/insertEditTool.tsx(114,130): error TS2503: Cannot find namespace 'vscode'.
src/extension/tools/node/insertEditTool.tsx(114,152): error TS2503: Cannot find namespace 'vscode'.
src/extension/tools/node/insertEditTool.tsx(132,37): error TS2503: Cannot find namespace 'vscode'.
src/extension/tools/node/installExtensionTool.tsx(7,1): error TS6133: 'vscode' is declared but its value is never read.
src/extension/tools/node/installExtensionTool.tsx(24,39): error TS2503: Cannot find namespace 'vscode'.
src/extension/tools/node/installExtensionTool.tsx(35,24): error TS2503: Cannot find namespace 'vscode'.
src/extension/tools/node/installExtensionTool.tsx(35,130): error TS2503: Cannot find namespace 'vscode'.
src/extension/tools/node/installExtensionTool.tsx(55,18): error TS2503: Cannot find namespace 'vscode'.
src/extension/tools/node/installExtensionTool.tsx(80,35): error TS2503: Cannot find namespace 'vscode'.
src/extension/tools/node/installExtensionTool.tsx(80,120): error TS2503: Cannot find namespace 'vscode'.
src/extension/tools/node/installExtensionTool.tsx(80,155): error TS2503: Cannot find namespace 'vscode'.
src/extension/tools/node/listDirTool.tsx(8,1): error TS6133: 'vscode' is declared but its value is never read.
src/extension/tools/node/listDirTool.tsx(27,30): error TS2503: Cannot find namespace 'vscode'.
src/extension/tools/node/listDirTool.tsx(40,24): error TS2503: Cannot find namespace 'vscode'.
src/extension/tools/node/listDirTool.tsx(52,35): error TS2503: Cannot find namespace 'vscode'.
src/extension/tools/node/listDirTool.tsx(52,108): error TS2503: Cannot find namespace 'vscode'.
src/extension/tools/node/listDirTool.tsx(52,143): error TS2503: Cannot find namespace 'vscode'.
src/extension/tools/node/manageTodoListTool.tsx(6,1): error TS6133: 'vscode' is declared but its value is never read.
src/extension/tools/node/manageTodoListTool.tsx(19,30): error TS2503: Cannot find namespace 'vscode'.
src/extension/tools/node/manageTodoListTool.tsx(19,94): error TS2503: Cannot find namespace 'vscode'.
src/extension/tools/node/memoryContextPrompt.tsx(70,50): error TS2339: Property 'globalStorageUri' does not exist on type 'IVSCodeExtensionContext'.
src/extension/tools/node/memoryContextPrompt.tsx(113,44): error TS2339: Property 'storageUri' does not exist on type 'IVSCodeExtensionContext'.
src/extension/tools/node/memoryContextPrompt.tsx(141,44): error TS2339: Property 'storageUri' does not exist on type 'IVSCodeExtensionContext'.
src/extension/tools/node/memoryTool.tsx(7,1): error TS6133: 'vscode' is declared but its value is never read.
src/extension/tools/node/memoryTool.tsx(161,29): error TS2503: Cannot find namespace 'vscode'.
src/extension/tools/node/memoryTool.tsx(161,125): error TS2503: Cannot find namespace 'vscode'.
src/extension/tools/node/memoryTool.tsx(161,147): error TS2503: Cannot find namespace 'vscode'.
src/extension/tools/node/memoryTool.tsx(168,87): error TS2503: Cannot find namespace 'vscode'.
src/extension/tools/node/memoryTool.tsx(168,100): error TS2503: Cannot find namespace 'vscode'.
src/extension/tools/node/memoryTool.tsx(207,65): error TS2503: Cannot find namespace 'vscode'.
src/extension/tools/node/memoryTool.tsx(211,45): error TS2339: Property 'storageUri' does not exist on type 'IVSCodeExtensionContext'.
src/extension/tools/node/memoryTool.tsx(225,45): error TS2339: Property 'storageUri' does not exist on type 'IVSCodeExtensionContext'.
src/extension/tools/node/memoryTool.tsx(235,50): error TS2339: Property 'globalStorageUri' does not exist on type 'IVSCodeExtensionContext'.
src/extension/tools/node/memoryTool.tsx(245,24): error TS2503: Cannot find namespace 'vscode'.
src/extension/tools/node/memoryTool.tsx(245,121): error TS2503: Cannot find namespace 'vscode'.
src/extension/tools/node/memoryTool.tsx(253,106): error TS2503: Cannot find namespace 'vscode'.
src/extension/tools/node/memoryTool.tsx(293,45): error TS2339: Property 'storageUri' does not exist on type 'IVSCodeExtensionContext'.
src/extension/tools/node/memoryTool.tsx(320,45): error TS2339: Property 'storageUri' does not exist on type 'IVSCodeExtensionContext'.
src/extension/tools/node/memoryTool.tsx(342,50): error TS2339: Property 'globalStorageUri' does not exist on type 'IVSCodeExtensionContext'.
src/extension/tools/node/memoryTool.tsx(387,17): error TS2503: Cannot find namespace 'vscode'.
src/extension/tools/node/memoryTool.tsx(737,127): error TS2503: Cannot find namespace 'vscode'.
src/extension/tools/node/multiReplaceStringTool.tsx(7,1): error TS6133: 'vscode' is declared but its value is never read.
src/extension/tools/node/multiReplaceStringTool.tsx(37,34): error TS2503: Cannot find namespace 'vscode'.
src/extension/tools/node/multiReplaceStringTool.tsx(37,122): error TS2503: Cannot find namespace 'vscode'.
src/extension/tools/node/multiReplaceStringTool.tsx(37,157): error TS2503: Cannot find namespace 'vscode'.
src/extension/tools/node/multiReplaceStringTool.tsx(86,24): error TS2503: Cannot find namespace 'vscode'.
src/extension/tools/node/multiReplaceStringTool.tsx(86,105): error TS2503: Cannot find namespace 'vscode'.
src/extension/tools/node/multiReplaceStringTool.tsx(170,28): error TS2503: Cannot find namespace 'vscode'.
src/extension/tools/node/multiReplaceStringTool.tsx(170,48): error TS2503: Cannot find namespace 'vscode'.
src/extension/tools/node/multiReplaceStringTool.tsx(179,23): error TS2503: Cannot find namespace 'vscode'.
src/extension/tools/node/multiReplaceStringTool.tsx(180,41): error TS2503: Cannot find namespace 'vscode'.
src/extension/tools/node/multiReplaceStringTool.tsx(182,21): error TS2503: Cannot find namespace 'vscode'.
src/extension/tools/node/multiReplaceStringTool.tsx(182,49): error TS2503: Cannot find namespace 'vscode'.
src/extension/tools/node/multiReplaceStringTool.tsx(199,36): error TS2503: Cannot find namespace 'vscode'.
src/extension/tools/node/newNotebookTool.tsx(8,1): error TS6133: 'vscode' is declared but its value is never read.
src/extension/tools/node/newNotebookTool.tsx(40,24): error TS2503: Cannot find namespace 'vscode'.
src/extension/tools/node/newNotebookTool.tsx(113,22): error TS7006: Parameter 't' implicitly has an 'any' type.
src/extension/tools/node/newNotebookTool.tsx(137,250): error TS2503: Cannot find namespace 'vscode'.
src/extension/tools/node/newNotebookTool.tsx(162,28): error TS2503: Cannot find namespace 'vscode'.
src/extension/tools/node/newWorkspace/newWorkspaceTool.tsx(7,15): error TS2305: Module '"vscode"' has no exported member 'CancellationToken'.
src/extension/tools/node/newWorkspace/newWorkspaceTool.tsx(7,34): error TS2305: Module '"vscode"' has no exported member 'LanguageModelToolInvocationOptions'.
src/extension/tools/node/newWorkspace/newWorkspaceTool.tsx(7,70): error TS2305: Module '"vscode"' has no exported member 'LanguageModelToolInvocationPrepareOptions'.
src/extension/tools/node/newWorkspace/newWorkspaceTool.tsx(7,113): error TS2305: Module '"vscode"' has no exported member 'PreparedToolInvocation'.
src/extension/tools/node/newWorkspace/newWorkspaceTool.tsx(7,137): error TS2305: Module '"vscode"' has no exported member 'Uri'.
src/extension/tools/node/newWorkspace/projectSetupInfoTool.tsx(7,15): error TS2305: Module '"vscode"' has no exported member 'CancellationToken'.
src/extension/tools/node/newWorkspace/projectSetupInfoTool.tsx(7,34): error TS2305: Module '"vscode"' has no exported member 'LanguageModelToolInvocationOptions'.
src/extension/tools/node/newWorkspace/projectSetupInfoTool.tsx(7,70): error TS2305: Module '"vscode"' has no exported member 'LanguageModelToolInvocationPrepareOptions'.
src/extension/tools/node/newWorkspace/projectSetupInfoTool.tsx(7,113): error TS2305: Module '"vscode"' has no exported member 'PreparedToolInvocation'.
src/extension/tools/node/notebookSummaryTool.tsx(8,1): error TS6133: 'vscode' is declared but its value is never read.
src/extension/tools/node/notebookSummaryTool.tsx(45,24): error TS2503: Cannot find namespace 'vscode'.
src/extension/tools/node/notebookSummaryTool.tsx(45,102): error TS2503: Cannot find namespace 'vscode'.
src/extension/tools/node/notebookSummaryTool.tsx(84,21): error TS7006: Parameter 't' implicitly has an 'any' type.
src/extension/tools/node/notebookSummaryTool.tsx(97,29): error TS2503: Cannot find namespace 'vscode'.
src/extension/tools/node/notebookSummaryTool.tsx(97,114): error TS2503: Cannot find namespace 'vscode'.
src/extension/tools/node/notebookSummaryTool.tsx(97,141): error TS2503: Cannot find namespace 'vscode'.
src/extension/tools/node/notebookSummaryTool.tsx(97,163): error TS2503: Cannot find namespace 'vscode'.
src/extension/tools/node/notebookSummaryTool.tsx(109,12): error TS2503: Cannot find namespace 'vscode'.
src/extension/tools/node/notebookSummaryTool.tsx(142,70): error TS7006: Parameter 'cell' implicitly has an 'any' type.
src/extension/tools/node/notebookSummaryTool.tsx(150,42): error TS7006: Parameter 'cell' implicitly has an 'any' type.
src/extension/tools/node/notebookSummaryTool.tsx(150,48): error TS7006: Parameter 'i' implicitly has an 'any' type.
src/extension/tools/node/notebookSummaryTool.tsx(174,27): error TS7006: Parameter 'output' implicitly has an 'any' type.
src/extension/tools/node/notebookSummaryTool.tsx(174,58): error TS7006: Parameter 'item' implicitly has an 'any' type.
src/extension/tools/node/readFileTool.tsx(7,1): error TS6133: 'vscode' is declared but its value is never read.
src/extension/tools/node/readFileTool.tsx(39,37): error TS2503: Cannot find namespace 'vscode'.
src/extension/tools/node/readFileTool.tsx(135,24): error TS2503: Cannot find namespace 'vscode'.
src/extension/tools/node/readFileTool.tsx(135,90): error TS2503: Cannot find namespace 'vscode'.
src/extension/tools/node/readFileTool.tsx(170,22): error TS7006: Parameter 't' implicitly has an 'any' type.
src/extension/tools/node/readFileTool.tsx(193,22): error TS7006: Parameter 't' implicitly has an 'any' type.
src/extension/tools/node/readFileTool.tsx(205,35): error TS2503: Cannot find namespace 'vscode'.
src/extension/tools/node/readFileTool.tsx(205,108): error TS2503: Cannot find namespace 'vscode'.
src/extension/tools/node/readFileTool.tsx(205,143): error TS2503: Cannot find namespace 'vscode'.
src/extension/tools/node/readFileTool.tsx(319,43): error TS2503: Cannot find namespace 'vscode'.
src/extension/tools/node/readFileTool.tsx(319,81): error TS2503: Cannot find namespace 'vscode'.
src/extension/tools/node/readFileTool.tsx(335,69): error TS2503: Cannot find namespace 'vscode'.
src/extension/tools/node/readFileTool.tsx(398,17): error TS2503: Cannot find namespace 'vscode'.
src/extension/tools/node/readProjectStructureTool.ts(7,1): error TS6133: 'vscode' is declared but its value is never read.
src/extension/tools/node/readProjectStructureTool.ts(19,43): error TS2503: Cannot find namespace 'vscode'.
src/extension/tools/node/readProjectStructureTool.ts(27,24): error TS2503: Cannot find namespace 'vscode'.
src/extension/tools/node/readProjectStructureTool.ts(27,129): error TS2503: Cannot find namespace 'vscode'.
src/extension/tools/node/readProjectStructureTool.ts(34,30): error TS2503: Cannot find namespace 'vscode'.
src/extension/tools/node/readProjectStructureTool.ts(34,114): error TS2503: Cannot find namespace 'vscode'.
src/extension/tools/node/readProjectStructureTool.ts(34,141): error TS2503: Cannot find namespace 'vscode'.
src/extension/tools/node/readProjectStructureTool.ts(34,163): error TS2503: Cannot find namespace 'vscode'.
src/extension/tools/node/replaceStringTool.tsx(7,1): error TS6133: 'vscode' is declared but its value is never read.
src/extension/tools/node/replaceStringTool.tsx(37,34): error TS2503: Cannot find namespace 'vscode'.
src/extension/tools/node/replaceStringTool.tsx(37,117): error TS2503: Cannot find namespace 'vscode'.
src/extension/tools/node/replaceStringTool.tsx(37,152): error TS2503: Cannot find namespace 'vscode'.
src/extension/tools/node/replaceStringTool.tsx(77,24): error TS2503: Cannot find namespace 'vscode'.
src/extension/tools/node/replaceStringTool.tsx(77,77): error TS2503: Cannot find namespace 'vscode'.
src/extension/tools/node/resolveMemoryFileUriTool.tsx(6,1): error TS6133: 'vscode' is declared but its value is never read.
src/extension/tools/node/resolveMemoryFileUriTool.tsx(24,64): error TS2503: Cannot find namespace 'vscode'.
src/extension/tools/node/resolveMemoryFileUriTool.tsx(27,24): error TS2503: Cannot find namespace 'vscode'.
src/extension/tools/node/resolveMemoryFileUriTool.tsx(27,104): error TS2503: Cannot find namespace 'vscode'.
src/extension/tools/node/resolveMemoryFileUriTool.tsx(27,139): error TS2503: Cannot find namespace 'vscode'.
src/extension/tools/node/resolveMemoryFileUriTool.tsx(36,49): error TS7006: Parameter 's' implicitly has an 'any' type.
src/extension/tools/node/runNotebookCellTool.tsx(9,1): error TS6133: 'vscode' is declared but its value is never read.
src/extension/tools/node/runNotebookCellTool.tsx(95,24): error TS2503: Cannot find namespace 'vscode'.
src/extension/tools/node/runNotebookCellTool.tsx(95,102): error TS2503: Cannot find namespace 'vscode'.
src/extension/tools/node/runNotebookCellTool.tsx(109,71): error TS7006: Parameter 'c' implicitly has an 'any' type.
src/extension/tools/node/runNotebookCellTool.tsx(127,49): error TS7006: Parameter 'c' implicitly has an 'any' type.
src/extension/tools/node/runNotebookCellTool.tsx(142,26): error TS2503: Cannot find namespace 'vscode'.
src/extension/tools/node/runNotebookCellTool.tsx(143,23): error TS2503: Cannot find namespace 'vscode'.
src/extension/tools/node/runNotebookCellTool.tsx(180,69): error TS7006: Parameter 'item' implicitly has an 'any' type.
src/extension/tools/node/runNotebookCellTool.tsx(204,29): error TS2503: Cannot find namespace 'vscode'.
src/extension/tools/node/runNotebookCellTool.tsx(204,108): error TS2503: Cannot find namespace 'vscode'.
src/extension/tools/node/runNotebookCellTool.tsx(204,130): error TS2503: Cannot find namespace 'vscode'.
src/extension/tools/node/runNotebookCellTool.tsx(229,76): error TS2503: Cannot find namespace 'vscode'.
src/extension/tools/node/runNotebookCellTool.tsx(229,107): error TS2503: Cannot find namespace 'vscode'.
src/extension/tools/node/runNotebookCellTool.tsx(247,33): error TS2503: Cannot find namespace 'vscode'.
src/extension/tools/node/runNotebookCellTool.tsx(280,43): error TS2503: Cannot find namespace 'vscode'.
src/extension/tools/node/runNotebookCellTool.tsx(280,77): error TS2503: Cannot find namespace 'vscode'.
src/extension/tools/node/runNotebookCellTool.tsx(281,22): error TS2503: Cannot find namespace 'vscode'.
src/extension/tools/node/runNotebookCellTool.tsx(282,72): error TS7006: Parameter 'e' implicitly has an 'any' type.
src/extension/tools/node/runNotebookCellTool.tsx(301,20): error TS2503: Cannot find namespace 'vscode'.
src/extension/tools/node/runNotebookCellTool.tsx(330,51): error TS2503: Cannot find namespace 'vscode'.
src/extension/tools/node/runNotebookCellTool.tsx(354,10): error TS2503: Cannot find namespace 'vscode'.
src/extension/tools/node/runNotebookCellTool.tsx(363,36): error TS7006: Parameter 'item' implicitly has an 'any' type.
src/extension/tools/node/runNotebookCellTool.tsx(378,39): error TS7006: Parameter 'item' implicitly has an 'any' type.
src/extension/tools/node/runNotebookCellTool.tsx(397,42): error TS7006: Parameter 'item' implicitly has an 'any' type.
src/extension/tools/node/runNotebookCellTool.tsx(406,46): error TS7006: Parameter 'item' implicitly has an 'any' type.
src/extension/tools/node/runNotebookCellTool.tsx(411,39): error TS2503: Cannot find namespace 'vscode'.
src/extension/tools/node/runNotebookCellTool.tsx(412,34): error TS7006: Parameter 'item' implicitly has an 'any' type.
src/extension/tools/node/scmChangesTool.ts(7,1): error TS6133: 'vscode' is declared but its value is never read.
src/extension/tools/node/scmChangesTool.ts(52,24): error TS2503: Cannot find namespace 'vscode'.
src/extension/tools/node/scmChangesTool.ts(52,128): error TS2503: Cannot find namespace 'vscode'.
src/extension/tools/node/scmChangesTool.ts(165,30): error TS2503: Cannot find namespace 'vscode'.
src/extension/tools/node/scmChangesTool.ts(165,113): error TS2503: Cannot find namespace 'vscode'.
src/extension/tools/node/scmChangesTool.ts(165,140): error TS2503: Cannot find namespace 'vscode'.
src/extension/tools/node/scmChangesTool.ts(165,162): error TS2503: Cannot find namespace 'vscode'.
src/extension/tools/node/searchSubagentTool.ts(8,1): error TS6133: 'vscode' is declared but its value is never read.
src/extension/tools/node/searchSubagentTool.ts(68,30): error TS2503: Cannot find namespace 'vscode'.
src/extension/tools/node/searchSubagentTool.ts(68,68): error TS2503: Cannot find namespace 'vscode'.
src/extension/tools/node/searchSubagentTool.ts(91,24): error TS2503: Cannot find namespace 'vscode'.
src/extension/tools/node/searchSubagentTool.ts(91,97): error TS2503: Cannot find namespace 'vscode'.
src/extension/tools/node/searchSubagentTool.ts(193,93): error TS2503: Cannot find namespace 'vscode'.
src/extension/tools/node/searchSubagentTool.ts(247,29): error TS2503: Cannot find namespace 'vscode'.
src/extension/tools/node/searchSubagentTool.ts(247,110): error TS2503: Cannot find namespace 'vscode'.
src/extension/tools/node/searchSubagentTool.ts(247,137): error TS2503: Cannot find namespace 'vscode'.
src/extension/tools/node/searchSubagentTool.ts(247,159): error TS2503: Cannot find namespace 'vscode'.
src/extension/tools/node/searchWorkspaceSymbolsTool.tsx(8,1): error TS6133: 'vscode' is declared but its value is never read.
src/extension/tools/node/searchWorkspaceSymbolsTool.tsx(24,45): error TS2503: Cannot find namespace 'vscode'.
src/extension/tools/node/searchWorkspaceSymbolsTool.tsx(33,24): error TS2503: Cannot find namespace 'vscode'.
src/extension/tools/node/searchWorkspaceSymbolsTool.tsx(33,131): error TS2503: Cannot find namespace 'vscode'.
src/extension/tools/node/searchWorkspaceSymbolsTool.tsx(52,30): error TS2503: Cannot find namespace 'vscode'.
src/extension/tools/node/searchWorkspaceSymbolsTool.tsx(52,116): error TS2503: Cannot find namespace 'vscode'.
src/extension/tools/node/searchWorkspaceSymbolsTool.tsx(52,143): error TS2503: Cannot find namespace 'vscode'.
src/extension/tools/node/searchWorkspaceSymbolsTool.tsx(52,165): error TS2503: Cannot find namespace 'vscode'.
src/extension/tools/node/searchWorkspaceSymbolsTool.tsx(65,11): error TS2503: Cannot find namespace 'vscode'.
src/extension/tools/node/searchWorkspaceSymbolsTool.tsx(76,70): error TS2503: Cannot find namespace 'vscode'.
src/extension/tools/node/searchWorkspaceSymbolsTool.tsx(76,86): error TS2503: Cannot find namespace 'vscode'.
src/extension/tools/node/searchWorkspaceSymbolsTool.tsx(76,120): error TS2503: Cannot find namespace 'vscode'.
src/extension/tools/node/sessionStoreSqlTool.ts(7,1): error TS6133: 'vscode' is declared but its value is never read.
src/extension/tools/node/sessionStoreSqlTool.ts(75,12): error TS2503: Cannot find namespace 'vscode'.
src/extension/tools/node/sessionStoreSqlTool.ts(77,13): error TS2503: Cannot find namespace 'vscode'.
src/extension/tools/node/sessionStoreSqlTool.ts(89,82): error TS2503: Cannot find namespace 'vscode'.
src/extension/tools/node/sessionStoreSqlTool.ts(183,67): error TS2503: Cannot find namespace 'vscode'.
src/extension/tools/node/sessionStoreSqlTool.ts(278,82): error TS2503: Cannot find namespace 'vscode'.
src/extension/tools/node/sessionStoreSqlTool.ts(470,12): error TS2503: Cannot find namespace 'vscode'.
src/extension/tools/node/sessionStoreSqlTool.ts(493,30): error TS2503: Cannot find namespace 'vscode'.
src/extension/tools/node/sessionStoreSqlTool.ts(493,68): error TS2503: Cannot find namespace 'vscode'.
src/extension/tools/node/skillTool.ts(7,1): error TS6133: 'vscode' is declared but its value is never read.
src/extension/tools/node/skillTool.ts(57,24): error TS2503: Cannot find namespace 'vscode'.
src/extension/tools/node/skillTool.ts(57,88): error TS2503: Cannot find namespace 'vscode'.
src/extension/tools/node/skillTool.ts(107,68): error TS2503: Cannot find namespace 'vscode'.
src/extension/tools/node/skillTool.ts(107,132): error TS2503: Cannot find namespace 'vscode'.
src/extension/tools/node/skillTool.ts(158,35): error TS2503: Cannot find namespace 'vscode'.
src/extension/tools/node/skillTool.ts(158,107): error TS2503: Cannot find namespace 'vscode'.
src/extension/tools/node/skillTool.ts(158,142): error TS2503: Cannot find namespace 'vscode'.
src/extension/tools/node/test/editNotebookTool.spec.tsx(7,15): error TS2305: Module '"vscode"' has no exported member 'ChatResponseStream'.
src/extension/tools/node/test/editNotebookTool.spec.tsx(7,35): error TS2305: Module '"vscode"' has no exported member 'LanguageModelToolInvocationOptions'.
src/extension/tools/node/test/editNotebookTool.spec.tsx(7,71): error TS2305: Module '"vscode"' has no exported member 'NotebookDocument'.
src/extension/tools/node/test/editToolLearningService.spec.ts(7,15): error TS2305: Module '"vscode"' has no exported member 'LanguageModelChat'.
src/extension/tools/node/test/findFiles.spec.tsx(7,1): error TS6133: 'vscode' is declared but its value is never read.
src/extension/tools/node/test/findFiles.spec.tsx(39,27): error TS2503: Cannot find namespace 'vscode'.
src/extension/tools/node/test/findFiles.spec.tsx(44,19): error TS2503: Cannot find namespace 'vscode'.
src/extension/tools/node/test/findFiles.spec.tsx(224,48): error TS2503: Cannot find namespace 'vscode'.
src/extension/tools/node/test/findFiles.spec.tsx(224,69): error TS2503: Cannot find namespace 'vscode'.
src/extension/tools/node/test/findFiles.spec.tsx(228,40): error TS2503: Cannot find namespace 'vscode'.
src/extension/tools/node/test/findFiles.spec.tsx(228,73): error TS2503: Cannot find namespace 'vscode'.
src/extension/tools/node/test/findFiles.spec.tsx(228,114): error TS2503: Cannot find namespace 'vscode'.
src/extension/tools/node/test/findFiles.spec.tsx(228,130): error TS2503: Cannot find namespace 'vscode'.
src/extension/tools/node/test/findFiles.spec.tsx(228,163): error TS2503: Cannot find namespace 'vscode'.
src/extension/tools/node/test/findFiles.spec.tsx(228,198): error TS2503: Cannot find namespace 'vscode'.
src/extension/tools/node/test/findFiles.spec.tsx(232,35): error TS2503: Cannot find namespace 'vscode'.
src/extension/tools/node/test/findFiles.spec.tsx(232,70): error TS2503: Cannot find namespace 'vscode'.
src/extension/tools/node/test/findFiles.spec.tsx(232,110): error TS2503: Cannot find namespace 'vscode'.
src/extension/tools/node/test/findFiles.spec.tsx(232,137): error TS2503: Cannot find namespace 'vscode'.
src/extension/tools/node/test/findFiles.spec.tsx(236,40): error TS2503: Cannot find namespace 'vscode'.
src/extension/tools/node/test/findFiles.spec.tsx(236,61): error TS2503: Cannot find namespace 'vscode'.
src/extension/tools/node/test/findFiles.spec.tsx(236,93): error TS2503: Cannot find namespace 'vscode'.
src/extension/tools/node/test/findFiles.spec.tsx(236,139): error TS2503: Cannot find namespace 'vscode'.
src/extension/tools/node/test/findFiles.spec.tsx(236,186): error TS2503: Cannot find namespace 'vscode'.
src/extension/tools/node/test/findFiles.spec.tsx(256,26): error TS2503: Cannot find namespace 'vscode'.
src/extension/tools/node/test/findFiles.spec.tsx(257,22): error TS2503: Cannot find namespace 'vscode'.
src/extension/tools/node/test/findFiles.spec.tsx(259,40): error TS2503: Cannot find namespace 'vscode'.
src/extension/tools/node/test/findFiles.spec.tsx(259,73): error TS2503: Cannot find namespace 'vscode'.
src/extension/tools/node/test/findFiles.spec.tsx(259,114): error TS2503: Cannot find namespace 'vscode'.
src/extension/tools/node/test/findFiles.spec.tsx(259,130): error TS2503: Cannot find namespace 'vscode'.
src/extension/tools/node/test/findFiles.spec.tsx(259,163): error TS2503: Cannot find namespace 'vscode'.
src/extension/tools/node/test/findFiles.spec.tsx(259,198): error TS2503: Cannot find namespace 'vscode'.
src/extension/tools/node/test/findFiles.spec.tsx(263,35): error TS2503: Cannot find namespace 'vscode'.
src/extension/tools/node/test/findFiles.spec.tsx(263,70): error TS2503: Cannot find namespace 'vscode'.
src/extension/tools/node/test/findFiles.spec.tsx(263,110): error TS2503: Cannot find namespace 'vscode'.
src/extension/tools/node/test/findFiles.spec.tsx(263,137): error TS2503: Cannot find namespace 'vscode'.
src/extension/tools/node/test/findFiles.spec.tsx(267,40): error TS2503: Cannot find namespace 'vscode'.
src/extension/tools/node/test/findFiles.spec.tsx(267,61): error TS2503: Cannot find namespace 'vscode'.
src/extension/tools/node/test/findFiles.spec.tsx(267,93): error TS2503: Cannot find namespace 'vscode'.
src/extension/tools/node/test/findFiles.spec.tsx(267,139): error TS2503: Cannot find namespace 'vscode'.
src/extension/tools/node/test/findFiles.spec.tsx(267,186): error TS2503: Cannot find namespace 'vscode'.
src/extension/tools/node/test/findTextInFilesResult.spec.tsx(8,1): error TS6133: 'vscode' is declared but its value is never read.
src/extension/tools/node/test/findTextInFilesResult.spec.tsx(29,35): error TS2503: Cannot find namespace 'vscode'.
src/extension/tools/node/test/findTextInFilesTool.spec.tsx(7,1): error TS6133: 'vscode' is declared but its value is never read.
src/extension/tools/node/test/findTextInFilesTool.spec.tsx(40,27): error TS2503: Cannot find namespace 'vscode'.
src/extension/tools/node/test/findTextInFilesTool.spec.tsx(45,19): error TS2503: Cannot find namespace 'vscode'.
src/extension/tools/node/test/findTextInFilesTool.spec.tsx(248,64): error TS2503: Cannot find namespace 'vscode'.
src/extension/tools/node/test/findTextInFilesTool.spec.tsx(258,40): error TS2503: Cannot find namespace 'vscode'.
src/extension/tools/node/test/findTextInFilesTool.spec.tsx(258,73): error TS2503: Cannot find namespace 'vscode'.
src/extension/tools/node/test/findTextInFilesTool.spec.tsx(258,114): error TS2503: Cannot find namespace 'vscode'.
src/extension/tools/node/test/findTextInFilesTool.spec.tsx(258,130): error TS2503: Cannot find namespace 'vscode'.
src/extension/tools/node/test/findTextInFilesTool.spec.tsx(258,163): error TS2503: Cannot find namespace 'vscode'.
src/extension/tools/node/test/findTextInFilesTool.spec.tsx(258,198): error TS2503: Cannot find namespace 'vscode'.
src/extension/tools/node/test/findTextInFilesTool.spec.tsx(262,35): error TS2503: Cannot find namespace 'vscode'.
src/extension/tools/node/test/findTextInFilesTool.spec.tsx(262,70): error TS2503: Cannot find namespace 'vscode'.
src/extension/tools/node/test/findTextInFilesTool.spec.tsx(262,110): error TS2503: Cannot find namespace 'vscode'.
src/extension/tools/node/test/findTextInFilesTool.spec.tsx(262,137): error TS2503: Cannot find namespace 'vscode'.
src/extension/tools/node/test/findTextInFilesTool.spec.tsx(287,40): error TS2503: Cannot find namespace 'vscode'.
src/extension/tools/node/test/findTextInFilesTool.spec.tsx(287,70): error TS2503: Cannot find namespace 'vscode'.
src/extension/tools/node/test/findTextInFilesTool.spec.tsx(287,116): error TS2503: Cannot find namespace 'vscode'.
src/extension/tools/node/test/findTextInFilesTool.spec.tsx(287,163): error TS2503: Cannot find namespace 'vscode'.
src/extension/tools/node/test/findTextInFilesTool.spec.tsx(293,22): error TS2503: Cannot find namespace 'vscode'.
src/extension/tools/node/test/findTextInFilesTool.spec.tsx(294,22): error TS2503: Cannot find namespace 'vscode'.
src/extension/tools/node/test/findTextInFilesTool.spec.tsx(296,40): error TS2503: Cannot find namespace 'vscode'.
src/extension/tools/node/test/findTextInFilesTool.spec.tsx(296,73): error TS2503: Cannot find namespace 'vscode'.
src/extension/tools/node/test/findTextInFilesTool.spec.tsx(296,114): error TS2503: Cannot find namespace 'vscode'.
src/extension/tools/node/test/findTextInFilesTool.spec.tsx(296,130): error TS2503: Cannot find namespace 'vscode'.
src/extension/tools/node/test/findTextInFilesTool.spec.tsx(296,163): error TS2503: Cannot find namespace 'vscode'.
src/extension/tools/node/test/findTextInFilesTool.spec.tsx(296,198): error TS2503: Cannot find namespace 'vscode'.
src/extension/tools/node/test/findTextInFilesTool.spec.tsx(300,35): error TS2503: Cannot find namespace 'vscode'.
src/extension/tools/node/test/findTextInFilesTool.spec.tsx(300,70): error TS2503: Cannot find namespace 'vscode'.
src/extension/tools/node/test/findTextInFilesTool.spec.tsx(300,110): error TS2503: Cannot find namespace 'vscode'.
src/extension/tools/node/test/findTextInFilesTool.spec.tsx(300,137): error TS2503: Cannot find namespace 'vscode'.
src/extension/tools/node/test/findTextInFilesTool.spec.tsx(309,40): error TS2503: Cannot find namespace 'vscode'.
src/extension/tools/node/test/findTextInFilesTool.spec.tsx(309,70): error TS2503: Cannot find namespace 'vscode'.
src/extension/tools/node/test/findTextInFilesTool.spec.tsx(309,116): error TS2503: Cannot find namespace 'vscode'.
src/extension/tools/node/test/findTextInFilesTool.spec.tsx(309,163): error TS2503: Cannot find namespace 'vscode'.
src/extension/tools/node/test/memoryTool.spec.tsx(99,60): error TS2339: Property 'storageUri' does not exist on type 'IVSCodeExtensionContext'.
src/extension/tools/node/test/memoryTool.spec.tsx(115,60): error TS2339: Property 'storageUri' does not exist on type 'IVSCodeExtensionContext'.
src/extension/tools/node/test/memoryTool.spec.tsx(131,66): error TS2339: Property 'globalStorageUri' does not exist on type 'IVSCodeExtensionContext'.
src/extension/tools/node/test/memoryTool.spec.tsx(147,60): error TS2339: Property 'storageUri' does not exist on type 'IVSCodeExtensionContext'.
src/extension/tools/node/test/memoryTool.spec.tsx(177,60): error TS2339: Property 'storageUri' does not exist on type 'IVSCodeExtensionContext'.
src/extension/tools/node/test/memoryTool.spec.tsx(196,60): error TS2339: Property 'storageUri' does not exist on type 'IVSCodeExtensionContext'.
src/extension/tools/node/test/memoryTool.spec.tsx(214,60): error TS2339: Property 'storageUri' does not exist on type 'IVSCodeExtensionContext'.
src/extension/tools/node/test/memoryTool.spec.tsx(232,60): error TS2339: Property 'storageUri' does not exist on type 'IVSCodeExtensionContext'.
src/extension/tools/node/test/memoryTool.spec.tsx(252,60): error TS2339: Property 'storageUri' does not exist on type 'IVSCodeExtensionContext'.
src/extension/tools/node/test/memoryTool.spec.tsx(270,60): error TS2339: Property 'storageUri' does not exist on type 'IVSCodeExtensionContext'.
src/extension/tools/node/test/memoryTool.spec.tsx(290,60): error TS2339: Property 'storageUri' does not exist on type 'IVSCodeExtensionContext'.
src/extension/tools/node/test/memoryTool.spec.tsx(317,60): error TS2339: Property 'storageUri' does not exist on type 'IVSCodeExtensionContext'.
src/extension/tools/node/test/memoryTool.spec.tsx(344,60): error TS2339: Property 'storageUri' does not exist on type 'IVSCodeExtensionContext'.
src/extension/tools/node/test/memoryTool.spec.tsx(458,61): error TS2339: Property 'storageUri' does not exist on type 'IVSCodeExtensionContext'.
src/extension/tools/node/test/memoryTool.spec.tsx(494,61): error TS2339: Property 'storageUri' does not exist on type 'IVSCodeExtensionContext'.
src/extension/tools/node/test/memoryTool.spec.tsx(515,61): error TS2339: Property 'storageUri' does not exist on type 'IVSCodeExtensionContext'.
src/extension/tools/node/test/multiReplaceStringTool.spec.tsx(8,15): error TS2305: Module '"vscode"' has no exported member 'ChatResponseStream'.
src/extension/tools/node/test/multiReplaceStringTool.spec.tsx(8,35): error TS2305: Module '"vscode"' has no exported member 'TextEdit'.
src/extension/tools/node/test/multiReplaceStringTool.spec.tsx(66,10): error TS7006: Parameter 'part' implicitly has an 'any' type.
src/extension/tools/node/test/multiReplaceStringTool.spec.tsx(72,15): error TS7006: Parameter 'uri' implicitly has an 'any' type.
src/extension/tools/node/test/multiReplaceStringTool.spec.tsx(72,20): error TS7006: Parameter 'edit' implicitly has an 'any' type.
src/extension/tools/node/test/searchSubagentTool.spec.ts(6,1): error TS6133: 'vscode' is declared but its value is never read.
src/extension/tools/node/test/searchSubagentTool.spec.ts(16,42): error TS2503: Cannot find namespace 'vscode'.
src/extension/tools/node/test/searchSubagentTool.spec.ts(16,86): error TS2503: Cannot find namespace 'vscode'.
src/extension/tools/node/test/searchSubagentTool.spec.ts(24,18): error TS2503: Cannot find namespace 'vscode'.
src/extension/tools/node/test/searchSubagentTool.spec.ts(117,44): error TS2503: Cannot find namespace 'vscode'.
src/extension/tools/node/test/searchSubagentTool.spec.ts(134,44): error TS2503: Cannot find namespace 'vscode'.
src/extension/tools/node/test/searchSubagentTool.spec.ts(151,44): error TS2503: Cannot find namespace 'vscode'.
src/extension/tools/node/test/searchSubagentTool.spec.ts(168,44): error TS2503: Cannot find namespace 'vscode'.
src/extension/tools/node/test/searchToolTestUtils.ts(7,1): error TS6133: 'vscode' is declared but its value is never read.
src/extension/tools/node/test/searchToolTestUtils.ts(65,37): error TS2503: Cannot find namespace 'vscode'.
src/extension/tools/node/test/searchToolTestUtils.ts(76,7): error TS2503: Cannot find namespace 'vscode'.
src/extension/tools/node/test/searchToolTestUtils.ts(82,6): error TS2503: Cannot find namespace 'vscode'.
src/extension/tools/node/test/sessionStoreSqlTool.spec.ts(6,1): error TS6133: 'vscode' is declared but its value is never read.
src/extension/tools/node/test/sessionStoreSqlTool.spec.ts(115,36): error TS2503: Cannot find namespace 'vscode'.
src/extension/tools/node/test/sessionStoreSqlTool.spec.ts(119,42): error TS2503: Cannot find namespace 'vscode'.
src/extension/tools/node/test/sessionStoreSqlTool.spec.ts(119,86): error TS2503: Cannot find namespace 'vscode'.
src/extension/tools/node/test/sessionStoreSqlTool.spec.ts(134,18): error TS2503: Cannot find namespace 'vscode'.
src/extension/tools/node/test/sessionStoreSqlTool.spec.ts(137,30): error TS2503: Cannot find namespace 'vscode'.
src/extension/tools/node/test/testTools.ts(6,1): error TS6133: 'vscode' is declared but its value is never read.
src/extension/tools/node/test/testTools.ts(37,17): error TS2503: Cannot find namespace 'vscode'.
src/extension/tools/node/test/testTools.ts(40,28): error TS2503: Cannot find namespace 'vscode'.
src/extension/tools/node/test/testTools.ts(68,33): error TS2503: Cannot find namespace 'vscode'.
src/extension/tools/node/test/testTools.ts(68,100): error TS2503: Cannot find namespace 'vscode'.
src/extension/tools/node/test/testTools.ts(99,21): error TS7006: Parameter 't' implicitly has an 'any' type.
src/extension/tools/node/test/testToolsService.ts(6,1): error TS6133: 'vscode' is declared but its value is never read.
src/extension/tools/node/test/testToolsService.ts(105,53): error TS2503: Cannot find namespace 'vscode'.
src/extension/tools/node/test/testToolsService.ts(179,27): error TS2503: Cannot find namespace 'vscode'.
src/extension/tools/node/test/testToolsService.ts(181,38): error TS2769: No overload matches this call.
  Overload 1 of 4, '(iterable?: Iterable<readonly [unknown, unknown]> | null | undefined): Map<unknown, unknown>', gave the following error.
    Argument of type 'Iterable<unknown>' is not assignable to parameter of type 'Iterable<readonly [unknown, unknown]>'.
      The types returned by '[Symbol.iterator]().next(...)' are incompatible between these types.
        Type 'IteratorResult<unknown, any>' is not assignable to type 'IteratorResult<readonly [unknown, unknown], any>'.
          Type 'IteratorYieldResult<unknown>' is not assignable to type 'IteratorResult<readonly [unknown, unknown], any>'.
            Type 'IteratorYieldResult<unknown>' is not assignable to type 'IteratorYieldResult<readonly [unknown, unknown]>'.
              Type 'unknown' is not assignable to type 'readonly [unknown, unknown]'.
  Overload 2 of 4, '(entries?: readonly (readonly [unknown, unknown])[] | null | undefined): Map<unknown, unknown>', gave the following error.
    Argument of type 'Iterable<unknown>' is not assignable to parameter of type 'readonly (readonly [unknown, unknown])[]'.
      Type 'Iterable<unknown>' is missing the following properties from type 'readonly (readonly [unknown, unknown])[]': length, concat, join, slice, and 19 more.
src/extension/tools/node/test/testToolsService.ts(181,66): error TS2345: Argument of type '([t, enabled]: [any, any]) => [any, any]' is not assignable to parameter of type '(t: unknown, index: number) => [any, any]'.
  Types of parameters '__0' and 't' are incompatible.
    Type 'unknown' is not assignable to type '[any, any]'.
src/extension/tools/node/test/testToolsService.ts(222,64): error TS2503: Cannot find namespace 'vscode'.
src/extension/tools/node/test/testToolsService.ts(236,45): error TS2503: Cannot find namespace 'vscode'.
src/extension/tools/node/test/toolCalling.spec.tsx(107,20): error TS7006: Parameter 'options' implicitly has an 'any' type.
src/extension/tools/node/test/toolTestUtils.tsx(7,1): error TS6133: 'vscode' is declared but its value is never read.
src/extension/tools/node/test/toolTestUtils.tsx(13,78): error TS2503: Cannot find namespace 'vscode'.
src/extension/tools/node/test/viewImage.spec.tsx(41,41): error TS7006: Parameter 'part' implicitly has an 'any' type.
src/extension/tools/node/toolSearchTool.ts(6,1): error TS6133: 'vscode' is declared but its value is never read.
src/extension/tools/node/toolSearchTool.ts(29,24): error TS2503: Cannot find namespace 'vscode'.
src/extension/tools/node/toolSearchTool.ts(29,93): error TS2503: Cannot find namespace 'vscode'.
src/extension/tools/node/toolUtils.task.ts(5,1): error TS6133: 'vscode' is declared but its value is never read.
src/extension/tools/node/toolUtils.task.ts(7,45): error TS2503: Cannot find namespace 'vscode'.
src/extension/tools/node/toolUtils.ts(7,1): error TS6133: 'vscode' is declared but its value is never read.
src/extension/tools/node/toolUtils.ts(39,70): error TS2503: Cannot find namespace 'vscode'.
src/extension/tools/node/toolUtils.ts(39,177): error TS2503: Cannot find namespace 'vscode'.
src/extension/tools/node/toolUtils.ts(53,21): error TS2503: Cannot find namespace 'vscode'.
src/extension/tools/node/toolUtils.ts(70,15): error TS2503: Cannot find namespace 'vscode'.
src/extension/tools/node/viewImageTool.tsx(7,1): error TS6133: 'vscode' is declared but its value is never read.
src/extension/tools/node/viewImageTool.tsx(41,24): error TS2503: Cannot find namespace 'vscode'.
src/extension/tools/node/viewImageTool.tsx(41,93): error TS2503: Cannot find namespace 'vscode'.
src/extension/tools/node/viewImageTool.tsx(62,35): error TS2503: Cannot find namespace 'vscode'.
src/extension/tools/node/viewImageTool.tsx(62,111): error TS2503: Cannot find namespace 'vscode'.
src/extension/tools/node/viewImageTool.tsx(62,146): error TS2503: Cannot find namespace 'vscode'.
src/extension/tools/node/vscodeAPITool.ts(7,1): error TS6133: 'vscode' is declared but its value is never read.
src/extension/tools/node/vscodeAPITool.ts(20,32): error TS2503: Cannot find namespace 'vscode'.
src/extension/tools/node/vscodeAPITool.ts(25,24): error TS2503: Cannot find namespace 'vscode'.
src/extension/tools/node/vscodeAPITool.ts(32,29): error TS2503: Cannot find namespace 'vscode'.
src/extension/tools/node/vscodeAPITool.ts(32,108): error TS2503: Cannot find namespace 'vscode'.
src/extension/tools/node/vscodeAPITool.ts(32,135): error TS2503: Cannot find namespace 'vscode'.
src/extension/tools/node/vscodeAPITool.ts(32,157): error TS2503: Cannot find namespace 'vscode'.
src/extension/tools/node/vscodeCmdTool.tsx(7,1): error TS6133: 'vscode' is declared but its value is never read.
src/extension/tools/node/vscodeCmdTool.tsx(111,32): error TS2503: Cannot find namespace 'vscode'.
src/extension/tools/node/vscodeCmdTool.tsx(121,24): error TS2503: Cannot find namespace 'vscode'.
src/extension/tools/node/vscodeCmdTool.tsx(121,127): error TS2503: Cannot find namespace 'vscode'.
src/extension/tools/node/vscodeCmdTool.tsx(163,35): error TS2503: Cannot find namespace 'vscode'.
src/extension/tools/node/vscodeCmdTool.tsx(163,117): error TS2503: Cannot find namespace 'vscode'.
src/extension/tools/node/vscodeCmdTool.tsx(163,152): error TS2503: Cannot find namespace 'vscode'.
src/extension/tools/test/node/virtualTools/testVirtualTools.ts(6,15): error TS2305: Module '"vscode"' has no exported member 'LanguageModelToolInformation'.
src/extension/tools/test/node/virtualTools/toolEmbeddingsLocalCache.spec.ts(7,15): error TS2305: Module '"vscode"' has no exported member 'LanguageModelToolInformation'.
src/extension/tools/test/node/virtualTools/toolEmbeddingsLocalCache.spec.ts(172,46): error TS2339: Property 'globalStorageUri' does not exist on type 'IVSCodeExtensionContext'.
src/extension/tools/test/node/virtualTools/toolEmbeddingsLocalCache.spec.ts(214,46): error TS2339: Property 'globalStorageUri' does not exist on type 'IVSCodeExtensionContext'.
src/extension/tools/test/node/virtualTools/toolEmbeddingsLocalCache.spec.ts(236,46): error TS2339: Property 'globalStorageUri' does not exist on type 'IVSCodeExtensionContext'.
src/extension/tools/test/node/virtualTools/toolEmbeddingsLocalCache.spec.ts(264,46): error TS2339: Property 'globalStorageUri' does not exist on type 'IVSCodeExtensionContext'.
src/extension/tools/test/node/virtualTools/virtualToolGrouper.spec.ts(7,15): error TS2305: Module '"vscode"' has no exported member 'LanguageModelToolInformation'.
src/extension/tools/test/node/virtualTools/virtualToolGrouper.spec.ts(354,27): error TS2339: Property 'globalState' does not exist on type 'IVSCodeExtensionContext'.
src/extension/tools/test/node/virtualTools/virtualToolGrouping.spec.ts(7,15): error TS2305: Module '"vscode"' has no exported member 'LanguageModelTextPart'.
src/extension/tools/test/node/virtualTools/virtualToolGrouping.spec.ts(7,38): error TS2305: Module '"vscode"' has no exported member 'LanguageModelToolInformation'.
src/extension/tools/vscode-node/fetchWebPageTool.tsx(6,10): error TS2305: Module '"vscode"' has no exported member 'CancellationToken'.
src/extension/tools/vscode-node/fetchWebPageTool.tsx(6,29): error TS2305: Module '"vscode"' has no exported member 'LanguageModelDataPart'.
src/extension/tools/vscode-node/fetchWebPageTool.tsx(6,52): error TS2305: Module '"vscode"' has no exported member 'LanguageModelPromptTsxPart'.
src/extension/tools/vscode-node/fetchWebPageTool.tsx(6,80): error TS2305: Module '"vscode"' has no exported member 'LanguageModelTextPart'.
src/extension/tools/vscode-node/fetchWebPageTool.tsx(6,103): error TS2305: Module '"vscode"' has no exported member 'LanguageModelToolInvocationOptions'.
src/extension/tools/vscode-node/fetchWebPageTool.tsx(6,139): error TS2305: Module '"vscode"' has no exported member 'LanguageModelToolInvocationPrepareOptions'.
src/extension/tools/vscode-node/fetchWebPageTool.tsx(6,182): error TS2305: Module '"vscode"' has no exported member 'LanguageModelToolResult'.
src/extension/tools/vscode-node/fetchWebPageTool.tsx(6,207): error TS2305: Module '"vscode"' has no exported member 'lm'.
src/extension/tools/vscode-node/fetchWebPageTool.tsx(6,211): error TS2305: Module '"vscode"' has no exported member 'PreparedToolInvocation'.
src/extension/tools/vscode-node/fetchWebPageTool.tsx(6,235): error TS2305: Module '"vscode"' has no exported member 'ProviderResult'.
src/extension/tools/vscode-node/fetchWebPageTool.tsx(68,30): error TS7006: Parameter 't' implicitly has an 'any' type.
src/extension/tools/vscode-node/fetchWebPageTool.tsx(73,46): error TS7006: Parameter 'url' implicitly has an 'any' type.
src/extension/tools/vscode-node/switchAgentTool.ts(28,24): error TS2503: Cannot find namespace 'vscode'.
src/extension/tools/vscode-node/switchAgentTool.ts(28,122): error TS2503: Cannot find namespace 'vscode'.
src/extension/tools/vscode-node/switchAgentTool.ts(51,29): error TS2503: Cannot find namespace 'vscode'.
src/extension/tools/vscode-node/switchAgentTool.ts(51,106): error TS2503: Cannot find namespace 'vscode'.
src/extension/tools/vscode-node/switchAgentTool.ts(51,133): error TS2503: Cannot find namespace 'vscode'.
src/extension/tools/vscode-node/switchAgentTool.ts(51,155): error TS2503: Cannot find namespace 'vscode'.
src/extension/tools/vscode-node/test/inputGlobToPattern.test.ts(19,18): error TS2503: Cannot find namespace 'vscode'.
src/extension/tools/vscode-node/tools.ts(7,10): error TS2305: Module '"vscode"' has no exported member 'l10n'.
src/extension/tools/vscode-node/tools.ts(60,51): error TS2339: Property 'globalStorageUri' does not exist on type 'IVSCodeExtensionContext'.
src/extension/tools/vscode-node/tools.ts(61,45): error TS2339: Property 'storageUri' does not exist on type 'IVSCodeExtensionContext'.
src/extension/tools/vscode-node/tools.ts(63,33): error TS2503: Cannot find namespace 'vscode'.
src/extension/tools/vscode-node/tools.ts(74,43): error TS7031: Binding element 'name' implicitly has an 'any' type.
src/extension/tools/vscode-node/tools.ts(74,49): error TS7031: Binding element 'type' implicitly has an 'any' type.
src/extension/tools/vscode-node/tools.ts(76,20): error TS2353: Object literal may only specify known properties, and 'label' does not exist in type 'MemoryItem'.
src/extension/tools/vscode-node/tools.ts(79,9): error TS2353: Object literal may only specify known properties, and 'label' does not exist in type 'MemoryItem'.
src/extension/tools/vscode-node/tools.ts(97,20): error TS2353: Object literal may only specify known properties, and 'label' does not exist in type 'MemoryItem'.
src/extension/tools/vscode-node/tools.ts(100,9): error TS2353: Object literal may only specify known properties, and 'label' does not exist in type 'MemoryItem'.
src/extension/tools/vscode-node/tools.ts(118,43): error TS7031: Binding element 'name' implicitly has an 'any' type.
src/extension/tools/vscode-node/tools.ts(118,49): error TS7031: Binding element 'type' implicitly has an 'any' type.
src/extension/tools/vscode-node/tools.ts(120,20): error TS2353: Object literal may only specify known properties, and 'label' does not exist in type 'MemoryItem'.
src/extension/tools/vscode-node/tools.ts(123,9): error TS2353: Object literal may only specify known properties, and 'label' does not exist in type 'MemoryItem'.
src/extension/tools/vscode-node/tools.ts(163,46): error TS2339: Property 'storageUri' does not exist on type 'IVSCodeExtensionContext'.
src/extension/tools/vscode-node/tools.ts(176,46): error TS2339: Property 'storageUri' does not exist on type 'IVSCodeExtensionContext'.
src/extension/tools/vscode-node/tools.ts(183,52): error TS2339: Property 'globalStorageUri' does not exist on type 'IVSCodeExtensionContext'.
src/extension/tools/vscode-node/tools.ts(204,51): error TS2339: Property 'globalStorageUri' does not exist on type 'IVSCodeExtensionContext'.
src/extension/tools/vscode-node/tools.ts(205,45): error TS2339: Property 'storageUri' does not exist on type 'IVSCodeExtensionContext'.
src/extension/tools/vscode-node/toolsService.ts(41,19): error TS2503: Cannot find namespace 'vscode'.
src/extension/tools/vscode-node/toolsService.ts(42,20): error TS2503: Cannot find namespace 'vscode'.
src/extension/tools/vscode-node/toolsService.ts(45,29): error TS2503: Cannot find namespace 'vscode'.
src/extension/tools/vscode-node/toolsService.ts(69,17): error TS2503: Cannot find namespace 'vscode'.
src/extension/tools/vscode-node/toolsService.ts(125,47): error TS2503: Cannot find namespace 'vscode'.
src/extension/tools/vscode-node/toolsService.ts(125,105): error TS2503: Cannot find namespace 'vscode'.
src/extension/tools/vscode-node/toolsService.ts(125,141): error TS2503: Cannot find namespace 'vscode'.
src/extension/tools/vscode-node/toolsService.ts(125,174): error TS2503: Cannot find namespace 'vscode'.
src/extension/tools/vscode-node/toolsService.ts(187,39): error TS2503: Cannot find namespace 'vscode'.
src/extension/tools/vscode-node/toolsService.ts(203,4): error TS7006: Parameter 'result' implicitly has an 'any' type.
src/extension/tools/vscode-node/toolsService.ts(228,4): error TS7006: Parameter 'err' implicitly has an 'any' type.
src/extension/tools/vscode-node/toolsService.ts(243,57): error TS2503: Cannot find namespace 'vscode'.
src/extension/tools/vscode-node/toolsService.ts(243,152): error TS2503: Cannot find namespace 'vscode'.
src/extension/tools/vscode-node/toolsService.ts(243,188): error TS2503: Cannot find namespace 'vscode'.
src/extension/tools/vscode-node/toolsService.ts(260,36): error TS2503: Cannot find namespace 'vscode'.
src/extension/tools/vscode-node/toolsService.ts(264,44): error TS2503: Cannot find namespace 'vscode'.
src/extension/tools/vscode-node/toolsService.ts(269,27): error TS2503: Cannot find namespace 'vscode'.
src/extension/tools/vscode-node/toolsService.ts(269,88): error TS2503: Cannot find namespace 'vscode'.
src/extension/tools/vscode-node/toolsService.ts(269,150): error TS2503: Cannot find namespace 'vscode'.
src/extension/tools/vscode-node/toolsService.ts(273,38): error TS2769: No overload matches this call.
  Overload 1 of 4, '(iterable?: Iterable<readonly [unknown, unknown]> | null | undefined): Map<unknown, unknown>', gave the following error.
    Argument of type 'Iterable<unknown>' is not assignable to parameter of type 'Iterable<readonly [unknown, unknown]>'.
      The types returned by '[Symbol.iterator]().next(...)' are incompatible between these types.
        Type 'IteratorResult<unknown, any>' is not assignable to type 'IteratorResult<readonly [unknown, unknown], any>'.
          Type 'IteratorYieldResult<unknown>' is not assignable to type 'IteratorResult<readonly [unknown, unknown], any>'.
            Type 'IteratorYieldResult<unknown>' is not assignable to type 'IteratorYieldResult<readonly [unknown, unknown]>'.
              Type 'unknown' is not assignable to type 'readonly [unknown, unknown]'.
  Overload 2 of 4, '(entries?: readonly (readonly [unknown, unknown])[] | null | undefined): Map<unknown, unknown>', gave the following error.
    Argument of type 'Iterable<unknown>' is not assignable to parameter of type 'readonly (readonly [unknown, unknown])[]'.
      Type 'Iterable<unknown>' is missing the following properties from type 'readonly (readonly [unknown, unknown])[]': length, concat, join, slice, and 19 more.
src/extension/tools/vscode-node/toolsService.ts(273,66): error TS2345: Argument of type '([t, enabled]: [any, any]) => [any, any]' is not assignable to parameter of type '(t: unknown, index: number) => [any, any]'.
  Types of parameters '__0' and 't' are incompatible.
    Type 'unknown' is not assignable to type '[any, any]'.
src/extension/trajectory/vscode-node/otelChatDebugLogProvider.ts(45,27): error TS2503: Cannot find namespace 'vscode'.
src/extension/trajectory/vscode-node/otelChatDebugLogProvider.ts(45,43): error TS2503: Cannot find namespace 'vscode'.
src/extension/trajectory/vscode-node/otelChatDebugLogProvider.ts(88,27): error TS7006: Parameter 'sessionResource' implicitly has an 'any' type.
src/extension/trajectory/vscode-node/otelChatDebugLogProvider.ts(88,44): error TS7006: Parameter 'progress' implicitly has an 'any' type.
src/extension/trajectory/vscode-node/otelChatDebugLogProvider.ts(88,54): error TS7006: Parameter 'token' implicitly has an 'any' type.
src/extension/trajectory/vscode-node/otelChatDebugLogProvider.ts(90,32): error TS7006: Parameter 'eventId' implicitly has an 'any' type.
src/extension/trajectory/vscode-node/otelChatDebugLogProvider.ts(90,41): error TS7006: Parameter 'token' implicitly has an 'any' type.
src/extension/trajectory/vscode-node/otelChatDebugLogProvider.ts(92,33): error TS7006: Parameter 'sessionResource' implicitly has an 'any' type.
src/extension/trajectory/vscode-node/otelChatDebugLogProvider.ts(92,50): error TS7006: Parameter 'options' implicitly has an 'any' type.
src/extension/trajectory/vscode-node/otelChatDebugLogProvider.ts(92,59): error TS7006: Parameter 'token' implicitly has an 'any' type.
src/extension/trajectory/vscode-node/otelChatDebugLogProvider.ts(94,33): error TS7006: Parameter 'data' implicitly has an 'any' type.
src/extension/trajectory/vscode-node/otelChatDebugLogProvider.ts(94,39): error TS7006: Parameter 'token' implicitly has an 'any' type.
src/extension/trajectory/vscode-node/otelChatDebugLogProvider.ts(96,45): error TS7006: Parameter 'token' implicitly has an 'any' type.
src/extension/trajectory/vscode-node/otelChatDebugLogProvider.ts(108,30): error TS2503: Cannot find namespace 'vscode'.
src/extension/trajectory/vscode-node/otelChatDebugLogProvider.ts(116,28): error TS2503: Cannot find namespace 'vscode'.
src/extension/trajectory/vscode-node/otelChatDebugLogProvider.ts(133,35): error TS2503: Cannot find namespace 'vscode'.
src/extension/trajectory/vscode-node/otelChatDebugLogProvider.ts(160,20): error TS2503: Cannot find namespace 'vscode'.
src/extension/trajectory/vscode-node/otelChatDebugLogProvider.ts(161,13): error TS2503: Cannot find namespace 'vscode'.
src/extension/trajectory/vscode-node/otelChatDebugLogProvider.ts(161,29): error TS2503: Cannot find namespace 'vscode'.
src/extension/trajectory/vscode-node/otelChatDebugLogProvider.ts(162,10): error TS2503: Cannot find namespace 'vscode'.
src/extension/trajectory/vscode-node/otelChatDebugLogProvider.ts(163,13): error TS2503: Cannot find namespace 'vscode'.
src/extension/trajectory/vscode-node/otelChatDebugLogProvider.ts(274,96): error TS2503: Cannot find namespace 'vscode'.
src/extension/trajectory/vscode-node/otelChatDebugLogProvider.ts(275,17): error TS2503: Cannot find namespace 'vscode'.
src/extension/trajectory/vscode-node/otelChatDebugLogProvider.ts(359,56): error TS2503: Cannot find namespace 'vscode'.
src/extension/trajectory/vscode-node/otelChatDebugLogProvider.ts(488,11): error TS2503: Cannot find namespace 'vscode'.
src/extension/trajectory/vscode-node/otelChatDebugLogProvider.ts(489,5): error TS2503: Cannot find namespace 'vscode'.
src/extension/trajectory/vscode-node/otelChatDebugLogProvider.ts(489,27): error TS2503: Cannot find namespace 'vscode'.
src/extension/trajectory/vscode-node/otelChatDebugLogProvider.ts(513,48): error TS2503: Cannot find namespace 'vscode'.
src/extension/trajectory/vscode-node/otelChatDebugLogProvider.ts(513,70): error TS2503: Cannot find namespace 'vscode'.
src/extension/trajectory/vscode-node/otelChatDebugLogProvider.ts(591,20): error TS2503: Cannot find namespace 'vscode'.
src/extension/trajectory/vscode-node/otelChatDebugLogProvider.ts(592,12): error TS2503: Cannot find namespace 'vscode'.
src/extension/trajectory/vscode-node/otelChatDebugLogProvider.ts(593,11): error TS2503: Cannot find namespace 'vscode'.
src/extension/trajectory/vscode-node/otelChatDebugLogProvider.ts(605,12): error TS7006: Parameter 'e' implicitly has an 'any' type.
src/extension/trajectory/vscode-node/otelChatDebugLogProvider.ts(606,12): error TS7006: Parameter 'e' implicitly has an 'any' type.
src/extension/trajectory/vscode-node/otelChatDebugLogProvider.ts(607,22): error TS2503: Cannot find namespace 'vscode'.
src/extension/trajectory/vscode-node/otelChatDebugLogProvider.ts(610,10): error TS7006: Parameter 'e' implicitly has an 'any' type.
src/extension/trajectory/vscode-node/otelChatDebugLogProvider.ts(611,21): error TS2503: Cannot find namespace 'vscode'.
src/extension/trajectory/vscode-node/otelChatDebugLogProvider.ts(659,11): error TS2503: Cannot find namespace 'vscode'.
src/extension/trajectory/vscode-node/otelChatDebugLogProvider.ts(660,5): error TS2503: Cannot find namespace 'vscode'.
src/extension/trajectory/vscode-node/otelChatDebugLogProvider.ts(660,27): error TS2503: Cannot find namespace 'vscode'.
src/extension/trajectory/vscode-node/otelChatDebugLogProvider.ts(697,10): error TS2503: Cannot find namespace 'vscode'.
src/extension/trajectory/vscode-node/otelChatDebugLogProvider.ts(698,20): error TS2503: Cannot find namespace 'vscode'.
src/extension/trajectory/vscode-node/otelChatDebugLogProvider.ts(710,83): error TS2503: Cannot find namespace 'vscode'.
src/extension/trajectory/vscode-node/otelChatDebugLogProvider.ts(748,26): error TS2503: Cannot find namespace 'vscode'.
src/extension/trajectory/vscode-node/otelSpanToChatDebugEvent.ts(31,70): error TS2503: Cannot find namespace 'vscode'.
src/extension/trajectory/vscode-node/otelSpanToChatDebugEvent.ts(69,82): error TS2503: Cannot find namespace 'vscode'.
src/extension/trajectory/vscode-node/otelSpanToChatDebugEvent.ts(70,16): error TS2503: Cannot find namespace 'vscode'.
src/extension/trajectory/vscode-node/otelSpanToChatDebugEvent.ts(102,64): error TS2503: Cannot find namespace 'vscode'.
src/extension/trajectory/vscode-node/otelSpanToChatDebugEvent.ts(121,65): error TS2503: Cannot find namespace 'vscode'.
src/extension/trajectory/vscode-node/otelSpanToChatDebugEvent.ts(138,71): error TS2503: Cannot find namespace 'vscode'.
src/extension/trajectory/vscode-node/otelSpanToChatDebugEvent.ts(139,18): error TS2503: Cannot find namespace 'vscode'.
src/extension/trajectory/vscode-node/otelSpanToChatDebugEvent.ts(200,73): error TS2503: Cannot find namespace 'vscode'.
src/extension/trajectory/vscode-node/otelSpanToChatDebugEvent.ts(201,18): error TS2503: Cannot find namespace 'vscode'.
src/extension/trajectory/vscode-node/otelSpanToChatDebugEvent.ts(322,57): error TS2503: Cannot find namespace 'vscode'.
src/extension/trajectory/vscode-node/otelSpanToChatDebugEvent.ts(347,58): error TS2503: Cannot find namespace 'vscode'.
src/extension/trajectory/vscode-node/otelSpanToChatDebugEvent.ts(367,57): error TS2503: Cannot find namespace 'vscode'.
src/extension/trajectory/vscode-node/otelSpanToChatDebugEvent.ts(389,65): error TS2503: Cannot find namespace 'vscode'.
src/extension/trajectory/vscode-node/otelSpanToChatDebugEvent.ts(411,62): error TS2503: Cannot find namespace 'vscode'.
src/extension/trajectory/vscode-node/otelSpanToChatDebugEvent.ts(436,56): error TS2503: Cannot find namespace 'vscode'.
src/extension/trajectory/vscode-node/otelSpanToChatDebugEvent.ts(449,56): error TS2503: Cannot find namespace 'vscode'.
src/extension/trajectory/vscode-node/otelSpanToChatDebugEvent.ts(460,60): error TS2503: Cannot find namespace 'vscode'.
src/extension/trajectory/vscode-node/otelSpanToChatDebugEvent.ts(474,61): error TS2503: Cannot find namespace 'vscode'.
src/extension/trajectory/vscode-node/otelSpanToChatDebugEvent.ts(493,18): error TS2503: Cannot find namespace 'vscode'.
src/extension/trajectory/vscode-node/otelSpanToChatDebugEvent.ts(609,90): error TS2503: Cannot find namespace 'vscode'.
src/extension/trajectory/vscode-node/otelSpanToChatDebugEvent.ts(654,55): error TS2503: Cannot find namespace 'vscode'.
src/extension/trajectory/vscode-node/otelSpanToChatDebugEvent.ts(677,56): error TS2503: Cannot find namespace 'vscode'.
src/extension/trajectory/vscode-node/otelSpanToChatDebugEvent.ts(696,58): error TS2503: Cannot find namespace 'vscode'.
src/extension/trajectory/vscode-node/otelSpanToChatDebugEvent.ts(707,60): error TS2503: Cannot find namespace 'vscode'.
src/extension/trajectory/vscode-node/otelSpanToChatDebugEvent.ts(718,55): error TS2503: Cannot find namespace 'vscode'.
src/extension/trajectory/vscode-node/otelSpanToChatDebugEvent.ts(731,51): error TS2503: Cannot find namespace 'vscode'.
src/extension/trajectory/vscode-node/otelSpanToChatDebugEvent.ts(748,62): error TS2503: Cannot find namespace 'vscode'.
src/extension/trajectory/vscode-node/otelSpanToChatDebugEvent.ts(761,54): error TS2503: Cannot find namespace 'vscode'.
src/extension/trajectory/vscode-node/otelSpanToChatDebugEvent.ts(783,12): error TS2503: Cannot find namespace 'vscode'.
src/extension/trajectory/vscode-node/otelSpanToChatDebugEvent.ts(800,55): error TS2503: Cannot find namespace 'vscode'.
src/extension/trajectory/vscode-node/otelSpanToChatDebugEvent.ts(816,12): error TS2503: Cannot find namespace 'vscode'.
src/extension/trajectory/vscode-node/otelSpanToChatDebugEvent.ts(831,18): error TS2503: Cannot find namespace 'vscode'.
src/extension/trajectory/vscode-node/otelSpanToChatDebugEvent.ts(874,58): error TS2503: Cannot find namespace 'vscode'.
src/extension/trajectory/vscode-node/otelSpanToChatDebugEvent.ts(884,60): error TS2503: Cannot find namespace 'vscode'.
src/extension/trajectory/vscode-node/otelSpanToChatDebugEvent.ts(887,18): error TS2503: Cannot find namespace 'vscode'.
src/extension/trajectory/vscode-node/otelSpanToChatDebugEvent.ts(902,51): error TS2503: Cannot find namespace 'vscode'.
src/extension/typescriptContext/vscode-node/inspector.ts(24,23): error TS2503: Cannot find namespace 'vscode'.
src/extension/typescriptContext/vscode-node/inspector.ts(31,29): error TS2503: Cannot find namespace 'vscode'.
src/extension/typescriptContext/vscode-node/inspector.ts(51,29): error TS2503: Cannot find namespace 'vscode'.
src/extension/typescriptContext/vscode-node/inspector.ts(85,23): error TS2503: Cannot find namespace 'vscode'.
src/extension/typescriptContext/vscode-node/inspector.ts(119,23): error TS2503: Cannot find namespace 'vscode'.
src/extension/typescriptContext/vscode-node/inspector.ts(137,23): error TS2503: Cannot find namespace 'vscode'.
src/extension/typescriptContext/vscode-node/inspector.ts(228,23): error TS2503: Cannot find namespace 'vscode'.
src/extension/typescriptContext/vscode-node/inspector.ts(245,27): error TS2503: Cannot find namespace 'vscode'.
src/extension/typescriptContext/vscode-node/inspector.ts(264,23): error TS2503: Cannot find namespace 'vscode'.
src/extension/typescriptContext/vscode-node/inspector.ts(283,29): error TS2503: Cannot find namespace 'vscode'.
src/extension/typescriptContext/vscode-node/inspector.ts(304,23): error TS2503: Cannot find namespace 'vscode'.
src/extension/typescriptContext/vscode-node/inspector.ts(323,29): error TS2503: Cannot find namespace 'vscode'.
src/extension/typescriptContext/vscode-node/inspector.ts(360,23): error TS2503: Cannot find namespace 'vscode'.
src/extension/typescriptContext/vscode-node/inspector.ts(376,31): error TS2503: Cannot find namespace 'vscode'.
src/extension/typescriptContext/vscode-node/inspector.ts(395,23): error TS2503: Cannot find namespace 'vscode'.
src/extension/typescriptContext/vscode-node/inspector.ts(401,27): error TS2503: Cannot find namespace 'vscode'.
src/extension/typescriptContext/vscode-node/inspector.ts(490,32): error TS2503: Cannot find namespace 'vscode'.
src/extension/typescriptContext/vscode-node/inspector.ts(498,47): error TS2503: Cannot find namespace 'vscode'.
src/extension/typescriptContext/vscode-node/inspector.ts(502,41): error TS2503: Cannot find namespace 'vscode'.
src/extension/typescriptContext/vscode-node/inspector.ts(503,39): error TS2503: Cannot find namespace 'vscode'.
src/extension/typescriptContext/vscode-node/inspector.ts(512,49): error TS7006: Parameter 'event' implicitly has an 'any' type.
src/extension/typescriptContext/vscode-node/inspector.ts(515,50): error TS7006: Parameter 'event' implicitly has an 'any' type.
src/extension/typescriptContext/vscode-node/inspector.ts(518,59): error TS7006: Parameter 'event' implicitly has an 'any' type.
src/extension/typescriptContext/vscode-node/inspector.ts(532,47): error TS2503: Cannot find namespace 'vscode'.
src/extension/typescriptContext/vscode-node/inspector.ts(532,74): error TS2503: Cannot find namespace 'vscode'.
src/extension/typescriptContext/vscode-node/languageContextService.ts(35,36): error TS2503: Cannot find namespace 'vscode'.
src/extension/typescriptContext/vscode-node/languageContextService.ts(125,40): error TS2503: Cannot find namespace 'vscode'.
src/extension/typescriptContext/vscode-node/languageContextService.ts(125,71): error TS2503: Cannot find namespace 'vscode'.
src/extension/typescriptContext/vscode-node/languageContextService.ts(464,21): error TS2503: Cannot find namespace 'vscode'.
src/extension/typescriptContext/vscode-node/languageContextService.ts(495,40): error TS2503: Cannot find namespace 'vscode'.
src/extension/typescriptContext/vscode-node/languageContextService.ts(502,100): error TS2503: Cannot find namespace 'vscode'.
src/extension/typescriptContext/vscode-node/languageContextService.ts(503,102): error TS2503: Cannot find namespace 'vscode'.
src/extension/typescriptContext/vscode-node/languageContextService.ts(518,73): error TS2503: Cannot find namespace 'vscode'.
src/extension/typescriptContext/vscode-node/languageContextService.ts(556,75): error TS2503: Cannot find namespace 'vscode'.
src/extension/typescriptContext/vscode-node/languageContextService.ts(564,72): error TS2503: Cannot find namespace 'vscode'.
src/extension/typescriptContext/vscode-node/languageContextService.ts(592,26): error TS2503: Cannot find namespace 'vscode'.
src/extension/typescriptContext/vscode-node/languageContextService.ts(592,74): error TS2503: Cannot find namespace 'vscode'.
src/extension/typescriptContext/vscode-node/languageContextService.ts(669,20): error TS2503: Cannot find namespace 'vscode'.
src/extension/typescriptContext/vscode-node/languageContextService.ts(736,44): error TS2503: Cannot find namespace 'vscode'.
src/extension/typescriptContext/vscode-node/languageContextService.ts(736,75): error TS2503: Cannot find namespace 'vscode'.
src/extension/typescriptContext/vscode-node/languageContextService.ts(741,106): error TS2532: Object is possibly 'undefined'.
src/extension/typescriptContext/vscode-node/languageContextService.ts(741,144): error TS2532: Object is possibly 'undefined'.
src/extension/typescriptContext/vscode-node/languageContextService.ts(766,42): error TS2503: Cannot find namespace 'vscode'.
src/extension/typescriptContext/vscode-node/languageContextService.ts(766,73): error TS2503: Cannot find namespace 'vscode'.
src/extension/typescriptContext/vscode-node/languageContextService.ts(770,106): error TS2532: Object is possibly 'undefined'.
src/extension/typescriptContext/vscode-node/languageContextService.ts(770,144): error TS2532: Object is possibly 'undefined'.
src/extension/typescriptContext/vscode-node/languageContextService.ts(854,41): error TS2503: Cannot find namespace 'vscode'.
src/extension/typescriptContext/vscode-node/languageContextService.ts(854,72): error TS2503: Cannot find namespace 'vscode'.
src/extension/typescriptContext/vscode-node/languageContextService.ts(889,35): error TS2503: Cannot find namespace 'vscode'.
src/extension/typescriptContext/vscode-node/languageContextService.ts(894,58): error TS2503: Cannot find namespace 'vscode'.
src/extension/typescriptContext/vscode-node/languageContextService.ts(894,104): error TS2503: Cannot find namespace 'vscode'.
src/extension/typescriptContext/vscode-node/languageContextService.ts(894,119): error TS2503: Cannot find namespace 'vscode'.
src/extension/typescriptContext/vscode-node/languageContextService.ts(917,60): error TS2503: Cannot find namespace 'vscode'.
src/extension/typescriptContext/vscode-node/languageContextService.ts(917,107): error TS2503: Cannot find namespace 'vscode'.
src/extension/typescriptContext/vscode-node/languageContextService.ts(917,124): error TS2503: Cannot find namespace 'vscode'.
src/extension/typescriptContext/vscode-node/languageContextService.ts(931,25): error TS2503: Cannot find namespace 'vscode'.
src/extension/typescriptContext/vscode-node/languageContextService.ts(959,37): error TS2503: Cannot find namespace 'vscode'.
src/extension/typescriptContext/vscode-node/languageContextService.ts(964,36): error TS2503: Cannot find namespace 'vscode'.
src/extension/typescriptContext/vscode-node/languageContextService.ts(976,75): error TS2503: Cannot find namespace 'vscode'.
src/extension/typescriptContext/vscode-node/languageContextService.ts(987,75): error TS2503: Cannot find namespace 'vscode'.
src/extension/typescriptContext/vscode-node/languageContextService.ts(994,68): error TS2503: Cannot find namespace 'vscode'.
src/extension/typescriptContext/vscode-node/languageContextService.ts(1008,46): error TS2503: Cannot find namespace 'vscode'.
src/extension/typescriptContext/vscode-node/languageContextService.ts(1036,43): error TS2503: Cannot find namespace 'vscode'.
src/extension/typescriptContext/vscode-node/languageContextService.ts(1065,8): error TS2503: Cannot find namespace 'vscode'.
src/extension/typescriptContext/vscode-node/languageContextService.ts(1071,35): error TS2503: Cannot find namespace 'vscode'.
src/extension/typescriptContext/vscode-node/languageContextService.ts(1071,66): error TS2503: Cannot find namespace 'vscode'.
src/extension/typescriptContext/vscode-node/languageContextService.ts(1092,28): error TS2503: Cannot find namespace 'vscode'.
src/extension/typescriptContext/vscode-node/languageContextService.ts(1095,24): error TS2503: Cannot find namespace 'vscode'.
src/extension/typescriptContext/vscode-node/languageContextService.ts(1095,55): error TS2503: Cannot find namespace 'vscode'.
src/extension/typescriptContext/vscode-node/languageContextService.ts(1106,28): error TS2503: Cannot find namespace 'vscode'.
src/extension/typescriptContext/vscode-node/languageContextService.ts(1111,32): error TS2503: Cannot find namespace 'vscode'.
src/extension/typescriptContext/vscode-node/languageContextService.ts(1113,24): error TS2503: Cannot find namespace 'vscode'.
src/extension/typescriptContext/vscode-node/languageContextService.ts(1113,55): error TS2503: Cannot find namespace 'vscode'.
src/extension/typescriptContext/vscode-node/languageContextService.ts(1113,110): error TS2503: Cannot find namespace 'vscode'.
src/extension/typescriptContext/vscode-node/languageContextService.ts(1122,27): error TS2503: Cannot find namespace 'vscode'.
src/extension/typescriptContext/vscode-node/languageContextService.ts(1122,58): error TS2503: Cannot find namespace 'vscode'.
src/extension/typescriptContext/vscode-node/languageContextService.ts(1126,35): error TS2503: Cannot find namespace 'vscode'.
src/extension/typescriptContext/vscode-node/languageContextService.ts(1139,29): error TS2503: Cannot find namespace 'vscode'.
src/extension/typescriptContext/vscode-node/languageContextService.ts(1144,24): error TS2503: Cannot find namespace 'vscode'.
src/extension/typescriptContext/vscode-node/languageContextService.ts(1144,55): error TS2503: Cannot find namespace 'vscode'.
src/extension/typescriptContext/vscode-node/languageContextService.ts(1158,20): error TS2503: Cannot find namespace 'vscode'.
src/extension/typescriptContext/vscode-node/languageContextService.ts(1158,51): error TS2503: Cannot find namespace 'vscode'.
src/extension/typescriptContext/vscode-node/languageContextService.ts(1213,77): error TS2503: Cannot find namespace 'vscode'.
src/extension/typescriptContext/vscode-node/languageContextService.ts(1237,29): error TS2503: Cannot find namespace 'vscode'.
src/extension/typescriptContext/vscode-node/languageContextService.ts(1238,36): error TS2503: Cannot find namespace 'vscode'.
src/extension/typescriptContext/vscode-node/languageContextService.ts(1240,30): error TS2503: Cannot find namespace 'vscode'.
src/extension/typescriptContext/vscode-node/languageContextService.ts(1241,37): error TS2503: Cannot find namespace 'vscode'.
src/extension/typescriptContext/vscode-node/languageContextService.ts(1243,39): error TS2503: Cannot find namespace 'vscode'.
src/extension/typescriptContext/vscode-node/languageContextService.ts(1244,46): error TS2503: Cannot find namespace 'vscode'.
src/extension/typescriptContext/vscode-node/languageContextService.ts(1290,42): error TS2503: Cannot find namespace 'vscode'.
src/extension/typescriptContext/vscode-node/languageContextService.ts(1336,32): error TS2503: Cannot find namespace 'vscode'.
src/extension/typescriptContext/vscode-node/languageContextService.ts(1336,63): error TS2503: Cannot find namespace 'vscode'.
src/extension/typescriptContext/vscode-node/languageContextService.ts(1424,37): error TS2503: Cannot find namespace 'vscode'.
src/extension/typescriptContext/vscode-node/languageContextService.ts(1424,68): error TS2503: Cannot find namespace 'vscode'.
src/extension/typescriptContext/vscode-node/languageContextService.ts(1424,117): error TS2503: Cannot find namespace 'vscode'.
src/extension/typescriptContext/vscode-node/languageContextService.ts(1537,33): error TS2503: Cannot find namespace 'vscode'.
src/extension/typescriptContext/vscode-node/languageContextService.ts(1537,64): error TS2503: Cannot find namespace 'vscode'.
src/extension/typescriptContext/vscode-node/languageContextService.ts(1556,39): error TS2503: Cannot find namespace 'vscode'.
src/extension/typescriptContext/vscode-node/languageContextService.ts(1556,70): error TS2503: Cannot find namespace 'vscode'.
src/extension/typescriptContext/vscode-node/languageContextService.ts(1591,64): error TS2503: Cannot find namespace 'vscode'.
src/extension/typescriptContext/vscode-node/languageContextService.ts(1609,27): error TS2503: Cannot find namespace 'vscode'.
src/extension/typescriptContext/vscode-node/languageContextService.ts(1612,41): error TS2503: Cannot find namespace 'vscode'.
src/extension/typescriptContext/vscode-node/languageContextService.ts(1628,66): error TS7006: Parameter 'event' implicitly has an 'any' type.
src/extension/typescriptContext/vscode-node/languageContextService.ts(1633,67): error TS7006: Parameter 'editor' implicitly has an 'any' type.
src/extension/typescriptContext/vscode-node/languageContextService.ts(1637,76): error TS7006: Parameter 'event' implicitly has an 'any' type.
src/extension/typescriptContext/vscode-node/languageContextService.ts(1642,41): error TS7006: Parameter 'document' implicitly has an 'any' type.
src/extension/typescriptContext/vscode-node/languageContextService.ts(1642,51): error TS7006: Parameter 'position' implicitly has an 'any' type.
src/extension/typescriptContext/vscode-node/languageContextService.ts(1642,61): error TS7006: Parameter 'context' implicitly has an 'any' type.
src/extension/typescriptContext/vscode-node/languageContextService.ts(1642,70): error TS7006: Parameter '_token' implicitly has an 'any' type.
src/extension/typescriptContext/vscode-node/languageContextService.ts(1654,39): error TS2503: Cannot find namespace 'vscode'.
src/extension/typescriptContext/vscode-node/languageContextService.ts(1671,44): error TS2503: Cannot find namespace 'vscode'.
src/extension/typescriptContext/vscode-node/languageContextService.ts(1685,46): error TS2503: Cannot find namespace 'vscode'.
src/extension/typescriptContext/vscode-node/languageContextService.ts(1711,39): error TS2503: Cannot find namespace 'vscode'.
src/extension/typescriptContext/vscode-node/languageContextService.ts(1711,70): error TS2503: Cannot find namespace 'vscode'.
src/extension/typescriptContext/vscode-node/languageContextService.ts(1711,96): error TS2503: Cannot find namespace 'vscode'.
src/extension/typescriptContext/vscode-node/languageContextService.ts(1720,29): error TS2503: Cannot find namespace 'vscode'.
src/extension/typescriptContext/vscode-node/languageContextService.ts(1720,69): error TS2503: Cannot find namespace 'vscode'.
src/extension/typescriptContext/vscode-node/languageContextService.ts(1752,34): error TS2503: Cannot find namespace 'vscode'.
src/extension/typescriptContext/vscode-node/languageContextService.ts(1752,65): error TS2503: Cannot find namespace 'vscode'.
src/extension/typescriptContext/vscode-node/languageContextService.ts(1794,54): error TS2503: Cannot find namespace 'vscode'.
src/extension/typescriptContext/vscode-node/languageContextService.ts(1825,53): error TS7006: Parameter 'document' implicitly has an 'any' type.
src/extension/typescriptContext/vscode-node/languageContextService.ts(1829,63): error TS7006: Parameter 'document' implicitly has an 'any' type.
src/extension/typescriptContext/vscode-node/languageContextService.ts(1887,53): error TS2503: Cannot find namespace 'vscode'.
src/extension/typescriptContext/vscode-node/languageContextService.ts(2011,74): error TS2503: Cannot find namespace 'vscode'.
src/extension/typescriptContext/vscode-node/languageContextService.ts(2011,102): error TS2503: Cannot find namespace 'vscode'.
src/extension/typescriptContext/vscode-node/languageContextService.ts(2011,135): error TS2503: Cannot find namespace 'vscode'.
src/extension/typescriptContext/vscode-node/languageContextService.ts(2012,17): error TS2503: Cannot find namespace 'vscode'.
src/extension/typescriptContext/vscode-node/languageContextService.ts(2016,52): error TS7006: Parameter 'doc' implicitly has an 'any' type.
src/extension/typescriptContext/vscode-node/languageContextService.ts(2104,34): error TS2503: Cannot find namespace 'vscode'.
src/extension/typescriptContext/vscode-node/nesRenameService.ts(20,36): error TS2503: Cannot find namespace 'vscode'.
src/extension/typescriptContext/vscode-node/nesRenameService.ts(25,8): error TS2503: Cannot find namespace 'vscode'.
src/extension/typescriptContext/vscode-node/nesRenameService.ts(31,35): error TS2503: Cannot find namespace 'vscode'.
src/extension/typescriptContext/vscode-node/nesRenameService.ts(31,66): error TS2503: Cannot find namespace 'vscode'.
src/extension/typescriptContext/vscode-node/nesRenameService.ts(31,135): error TS2503: Cannot find namespace 'vscode'.
src/extension/typescriptContext/vscode-node/nesRenameService.ts(49,8): error TS2503: Cannot find namespace 'vscode'.
src/extension/typescriptContext/vscode-node/nesRenameService.ts(55,35): error TS2503: Cannot find namespace 'vscode'.
src/extension/typescriptContext/vscode-node/nesRenameService.ts(55,66): error TS2503: Cannot find namespace 'vscode'.
src/extension/typescriptContext/vscode-node/nesRenameService.ts(55,135): error TS2503: Cannot find namespace 'vscode'.
src/extension/typescriptContext/vscode-node/nesRenameService.ts(75,8): error TS2503: Cannot find namespace 'vscode'.
src/extension/typescriptContext/vscode-node/nesRenameService.ts(138,47): error TS2503: Cannot find namespace 'vscode'.
src/extension/typescriptContext/vscode-node/nesRenameService.ts(152,104): error TS2503: Cannot find namespace 'vscode'.
src/extension/typescriptContext/vscode-node/nesRenameService.ts(152,138): error TS2503: Cannot find namespace 'vscode'.
src/extension/typescriptContext/vscode-node/nesRenameService.ts(152,274): error TS2503: Cannot find namespace 'vscode'.
src/extension/typescriptContext/vscode-node/nesRenameService.ts(189,101): error TS2503: Cannot find namespace 'vscode'.
src/extension/typescriptContext/vscode-node/nesRenameService.ts(189,135): error TS2503: Cannot find namespace 'vscode'.
src/extension/typescriptContext/vscode-node/nesRenameService.ts(189,240): error TS2503: Cannot find namespace 'vscode'.
src/extension/typescriptContext/vscode-node/nesRenameService.ts(254,50): error TS2503: Cannot find namespace 'vscode'.
src/extension/typescriptContext/vscode-node/nesRenameService.ts(297,36): error TS2503: Cannot find namespace 'vscode'.
src/extension/typescriptContext/vscode-node/nesRenameService.ts(297,70): error TS2503: Cannot find namespace 'vscode'.
src/extension/typescriptContext/vscode-node/nesRenameService.ts(297,201): error TS2503: Cannot find namespace 'vscode'.
src/extension/typescriptContext/vscode-node/nesRenameService.ts(297,232): error TS2503: Cannot find namespace 'vscode'.
src/extension/typescriptContext/vscode-node/nesRenameService.ts(309,35): error TS2503: Cannot find namespace 'vscode'.
src/extension/typescriptContext/vscode-node/nesRenameService.ts(309,69): error TS2503: Cannot find namespace 'vscode'.
src/extension/typescriptContext/vscode-node/nesRenameService.ts(309,169): error TS2503: Cannot find namespace 'vscode'.
src/extension/typescriptContext/vscode-node/nesRenameService.ts(309,200): error TS2503: Cannot find namespace 'vscode'.
src/extension/typescriptContext/vscode-node/nesRenameService.ts(321,27): error TS2503: Cannot find namespace 'vscode'.
src/extension/typescriptContext/vscode-node/nesRenameService.ts(321,47): error TS2503: Cannot find namespace 'vscode'.
src/extension/typescriptContext/vscode-node/nesRenameService.ts(321,74): error TS2503: Cannot find namespace 'vscode'.
src/extension/typescriptContext/vscode-node/nesRenameService.ts(322,17): error TS2503: Cannot find namespace 'vscode'.
src/extension/typescriptContext/vscode-node/nesRenameService.ts(326,52): error TS7006: Parameter 'doc' implicitly has an 'any' type.
src/extension/typescriptContext/vscode-node/nesRenameService.ts(331,53): error TS2503: Cannot find namespace 'vscode'.
src/extension/typescriptContext/vscode-node/nesRenameService.ts(331,84): error TS2503: Cannot find namespace 'vscode'.
src/extension/typescriptContext/vscode-node/throttledDebounce.ts(6,15): error TS2305: Module '"vscode"' has no exported member 'Disposable'.
src/extension/typescriptContext/vscode-node/types.ts(33,12): error TS2503: Cannot find namespace 'vscode'.
src/extension/typescriptContext/vscode-node/types.ts(34,12): error TS2503: Cannot find namespace 'vscode'.
src/extension/typescriptContext/vscode-node/types.ts(44,20): error TS2503: Cannot find namespace 'vscode'.
src/extension/typescriptContext/vscode-node/types.ts(45,21): error TS2503: Cannot find namespace 'vscode'.
src/extension/typescriptContext/vscode-node/types.ts(46,30): error TS2503: Cannot find namespace 'vscode'.
src/extension/typescriptContext/vscode-node/types.ts(168,70): error TS2503: Cannot find namespace 'vscode'.
src/extension/workspaceChunkSearch/vscode-node/commands.ts(25,13): error TS7006: Parameter 'progress' implicitly has an 'any' type.
src/extension/workspaceChunkSearch/vscode-node/commands.ts(25,23): error TS7006: Parameter 'token' implicitly has an 'any' type.
src/extension/workspaceChunkSearch/vscode-node/commands.ts(59,65): error TS7006: Parameter 'closedDoc' implicitly has an 'any' type.
src/extension/workspaceChunkSearch/vscode-node/commands.ts(80,23): error TS7006: Parameter 'edit' implicitly has an 'any' type.
src/extension/workspaceChunkSearch/vscode-node/commands.ts(86,22): error TS7006: Parameter 'edit' implicitly has an 'any' type.
src/extension/workspaceChunkSearch/vscode-node/workspaceIndexingStatus.ts(70,32): error TS2503: Cannot find namespace 'vscode'.
src/extension/workspaceRecorder/common/workspaceListenerService.ts(6,15): error TS2305: Module '"vscode"' has no exported member 'Uri'.
src/extension/workspaceRecorder/vscode-node/utilsObservable.ts(29,27): error TS2503: Cannot find namespace 'vscode'.
src/extension/workspaceRecorder/vscode-node/utilsObservable.ts(33,43): error TS2503: Cannot find namespace 'vscode'.
src/extension/workspaceRecorder/vscode-node/utilsObservable.ts(33,67): error TS2503: Cannot find namespace 'vscode'.
src/extension/workspaceRecorder/vscode-node/workspaceListenerService.ts(6,10): error TS2305: Module '"vscode"' has no exported member 'commands'.
src/extension/workspaceRecorder/vscode-node/workspaceListenerService.ts(6,20): error TS2305: Module '"vscode"' has no exported member 'env'.
src/extension/workspaceRecorder/vscode-node/workspaceListenerService.ts(51,43): error TS7006: Parameter 'e' implicitly has an 'any' type.
src/extension/workspaceRecorder/vscode-node/workspaceRecorder.ts(7,10): error TS2305: Module '"vscode"' has no exported member 'env'.
src/extension/workspaceRecorder/vscode-node/workspaceRecorderFeature.ts(8,10): error TS2305: Module '"vscode"' has no exported member 'Uri'.
src/extension/workspaceRecorder/vscode-node/workspaceRecorderFeature.ts(57,62): error TS2339: Property 'globalStorageUri' does not exist on type 'IVSCodeExtensionContext'.
src/extension/workspaceRecorder/vscode-node/workspaceRecorderFeature.ts(141,57): error TS7006: Parameter 'e' implicitly has an 'any' type.
src/extension/workspaceRecorder/vscode-node/workspaceRecorderFeature.ts(149,67): error TS7006: Parameter 'e' implicitly has an 'any' type.
src/extension/workspaceRecorder/vscode-node/workspaceRecorderFeature.ts(174,59): error TS7006: Parameter 'e' implicitly has an 'any' type.
src/extension/workspaceRecorder/vscode-node/workspaceRecorderFeature.ts(183,58): error TS7006: Parameter 'e' implicitly has an 'any' type.
src/extension/workspaceRecorder/vscode-node/workspaceRecorderFeature.ts(209,41): error TS7006: Parameter 's' implicitly has an 'any' type.
src/extension/workspaceRecorder/vscode-node/workspaceRecorderFeature.ts(276,52): error TS2503: Cannot find namespace 'vscode'.
src/extension/workspaceSemanticSearch/node/semanticSearchTextSearchProvider.ts(5,1): error TS6133: 'vscode' is declared but its value is never read.
src/extension/workspaceSemanticSearch/node/semanticSearchTextSearchProvider.ts(63,58): error TS2503: Cannot find namespace 'vscode'.
src/extension/workspaceSemanticSearch/node/semanticSearchTextSearchProvider.ts(119,53): error TS2503: Cannot find namespace 'vscode'.
src/extension/workspaceSemanticSearch/node/semanticSearchTextSearchProvider.ts(119,97): error TS2503: Cannot find namespace 'vscode'.
src/extension/workspaceSemanticSearch/node/semanticSearchTextSearchProvider.ts(119,113): error TS2503: Cannot find namespace 'vscode'.
src/extension/workspaceSemanticSearch/node/semanticSearchTextSearchProvider.ts(119,147): error TS2503: Cannot find namespace 'vscode'.
src/extension/workspaceSemanticSearch/node/semanticSearchTextSearchProvider.ts(119,174): error TS2503: Cannot find namespace 'vscode'.
src/extension/workspaceSemanticSearch/node/semanticSearchTextSearchProvider.ts(119,196): error TS2503: Cannot find namespace 'vscode'.
src/extension/workspaceSemanticSearch/node/semanticSearchTextSearchProvider.ts(123,24): error TS2503: Cannot find namespace 'vscode'.
src/extension/workspaceSemanticSearch/node/semanticSearchTextSearchProvider.ts(123,68): error TS2503: Cannot find namespace 'vscode'.
src/extension/workspaceSemanticSearch/node/semanticSearchTextSearchProvider.ts(124,12): error TS7006: Parameter '_obj' implicitly has an 'any' type.
src/extension/workspaceSemanticSearch/node/semanticSearchTextSearchProvider.ts(128,29): error TS2503: Cannot find namespace 'vscode'.
src/extension/workspaceSemanticSearch/node/semanticSearchTextSearchProvider.ts(129,29): error TS2503: Cannot find namespace 'vscode'.
src/extension/workspaceSemanticSearch/node/semanticSearchTextSearchProvider.ts(132,30): error TS7006: Parameter 'e' implicitly has an 'any' type.
src/extension/workspaceSemanticSearch/node/semanticSearchTextSearchProvider.ts(141,30): error TS7006: Parameter 'e' implicitly has an 'any' type.
src/extension/workspaceSemanticSearch/node/semanticSearchTextSearchProvider.ts(178,20): error TS2503: Cannot find namespace 'vscode'.
src/extension/workspaceSemanticSearch/node/semanticSearchTextSearchProvider.ts(197,21): error TS2503: Cannot find namespace 'vscode'.
src/extension/workspaceSemanticSearch/node/semanticSearchTextSearchProvider.ts(197,65): error TS2503: Cannot find namespace 'vscode'.
src/extension/workspaceSemanticSearch/node/semanticSearchTextSearchProvider.ts(198,13): error TS7006: Parameter '_obj' implicitly has an 'any' type.
src/extension/workspaceSemanticSearch/node/semanticSearchTextSearchProvider.ts(298,41): error TS2503: Cannot find namespace 'vscode'.
src/extension/workspaceSemanticSearch/node/semanticSearchTextSearchProvider.ts(414,98): error TS2503: Cannot find namespace 'vscode'.
src/extension/workspaceSemanticSearch/node/semanticSearchTextSearchProvider.ts(414,114): error TS2503: Cannot find namespace 'vscode'.
src/extension/workspaceSemanticSearch/node/semanticSearchTextSearchProvider.ts(414,145): error TS2503: Cannot find namespace 'vscode'.
src/extension/workspaceSemanticSearch/node/semanticSearchTextSearchProvider.ts(415,19): error TS2503: Cannot find namespace 'vscode'.
src/extension/workspaceSemanticSearch/node/semanticSearchTextSearchProvider.ts(415,35): error TS2503: Cannot find namespace 'vscode'.
src/extension/workspaceSemanticSearch/node/semanticSearchTextSearchProvider.ts(416,27): error TS2503: Cannot find namespace 'vscode'.
src/extension/workspaceSemanticSearch/node/semanticSearchTextSearchProvider.ts(425,26): error TS7006: Parameter 'r' implicitly has an 'any' type.
src/extension/workspaceSemanticSearch/node/semanticSearchTextSearchProvider.ts(441,18): error TS2503: Cannot find namespace 'vscode'.
src/extension/workspaceSemanticSearch/node/semanticSearchTextSearchProvider.ts(474,17): error TS2503: Cannot find namespace 'vscode'.
src/extension/workspaceSemanticSearch/node/semanticSearchTextSearchProvider.ts(491,54): error TS2503: Cannot find namespace 'vscode'.
src/extension/workspaceSemanticSearch/node/semanticSearchTextSearchProvider.ts(491,70): error TS2503: Cannot find namespace 'vscode'.
src/extension/workspaceSemanticSearch/node/semanticSearchTextSearchProvider.ts(491,122): error TS2503: Cannot find namespace 'vscode'.
src/extension/workspaceSemanticSearch/node/semanticSearchTextSearchProvider.ts(506,19): error TS2503: Cannot find namespace 'vscode'.
src/extension/workspaceSemanticSearch/node/semanticSearchTextSearchProvider.ts(525,24): error TS2503: Cannot find namespace 'vscode'.
src/extension/workspaceSemanticSearch/node/semanticSearchTextSearchProvider.ts(526,12): error TS7006: Parameter '_obj' implicitly has an 'any' type.
src/extension/workspaceSemanticSearch/node/semanticSearchTextSearchProvider.ts(603,67): error TS2503: Cannot find namespace 'vscode'.
src/extension/workspaceSemanticSearch/node/semanticSearchTextSearchProvider.ts(603,95): error TS2503: Cannot find namespace 'vscode'.
src/extension/workspaceSemanticSearch/node/semanticSearchTextSearchProvider.ts(604,31): error TS2503: Cannot find namespace 'vscode'.
src/extension/workspaceSemanticSearch/node/semanticSearchTextSearchProvider.ts(604,59): error TS2503: Cannot find namespace 'vscode'.
src/extension/workspaceSemanticSearch/node/semanticSearchTextSearchProvider.ts(618,20): error TS2503: Cannot find namespace 'vscode'.
src/extension/workspaceSemanticSearch/node/semanticSearchTextSearchProvider.ts(620,9): error TS2503: Cannot find namespace 'vscode'.
src/extension/workspaceSemanticSearch/node/semanticSearchTextSearchProvider.ts(623,12): error TS2503: Cannot find namespace 'vscode'.
src/extension/workspaceSemanticSearch/node/semanticSearchTextSearchProvider.ts(624,17): error TS2503: Cannot find namespace 'vscode'.
src/extension/xtab/common/terminalOutput.ts(6,1): error TS6133: 'vscode' is declared but its value is never read.
src/extension/xtab/common/terminalOutput.ts(14,21): error TS2503: Cannot find namespace 'vscode'.
src/extension/xtab/common/terminalOutput.ts(37,71): error TS7006: Parameter 'e' implicitly has an 'any' type.
src/extension/xtab/common/terminalOutput.ts(42,59): error TS7006: Parameter 'terminal' implicitly has an 'any' type.
src/extension/xtab/common/terminalOutput.ts(49,41): error TS2503: Cannot find namespace 'vscode'.
src/extension/xtab/test/common/lintErrors.spec.ts(87,83): error TS2694: Namespace 'shim' has no exported member 'Uri'.
src/extension/xtab/test/common/lintErrors.spec.ts(563,83): error TS2694: Namespace 'shim' has no exported member 'Uri'.
src/extension/xtab/test/common/lintErrors.spec.ts(589,83): error TS2694: Namespace 'shim' has no exported member 'Uri'.
src/extension/xtab/test/common/lintErrors.spec.ts(596,83): error TS2694: Namespace 'shim' has no exported member 'Uri'.
src/extension/xtab/test/common/lintErrors.spec.ts(636,83): error TS2694: Namespace 'shim' has no exported member 'Uri'.
src/extension/xtab/test/common/lintErrors.spec.ts(643,83): error TS2694: Namespace 'shim' has no exported member 'Uri'.
src/lib/node/chatLibMain.ts(6,1): error TS6133: 'vscode' is declared but its value is never read.
src/lib/node/chatLibMain.ts(205,27): error TS2503: Cannot find namespace 'vscode'.
src/lib/node/chatLibMain.ts(290,33): error TS2503: Cannot find namespace 'vscode'.
src/lib/node/chatLibMain.ts(295,4): error TS2353: Object literal may only specify known properties, and 'triggerKind' does not exist in type 'NESInlineCompletionContext'.
src/lib/node/chatLibMain.ts(321,45): error TS2339: Property 'requestUuid' does not exist on type 'NESInlineCompletionContext'.
src/lib/node/chatLibMain.ts(331,26): error TS2339: Property 'requestUuid' does not exist on type 'NESInlineCompletionContext'.
src/lib/node/chatLibMain.ts(434,27): error TS7006: Parameter 'section' implicitly has an 'any' type.
src/lib/node/chatLibMain.ts(974,36): error TS2503: Cannot find namespace 'vscode'.
src/lib/node/chatLibMain.ts(974,49): error TS2503: Cannot find namespace 'vscode'.
src/lib/vscode-node/test/getInlineCompletions.spec.ts(13,15): error TS2305: Module '"vscode"' has no exported member 'AuthenticationGetSessionOptions'.
src/lib/vscode-node/test/getInlineCompletions.spec.ts(13,48): error TS2305: Module '"vscode"' has no exported member 'AuthenticationSession'.
src/lib/vscode-node/test/getInlineCompletions.spec.ts(13,71): error TS2305: Module '"vscode"' has no exported member 'ChatRequest'.
src/lib/vscode-node/test/getInlineCompletions.spec.ts(13,84): error TS2305: Module '"vscode"' has no exported member 'LanguageModelChat'.
src/platform/authentication/common/authentication.ts(5,15): error TS2305: Module '"vscode"' has no exported member 'AuthenticationGetSessionOptions'.
src/platform/authentication/common/authentication.ts(5,48): error TS2305: Module '"vscode"' has no exported member 'AuthenticationGetSessionPresentationOptions'.
src/platform/authentication/common/authentication.ts(5,93): error TS2305: Module '"vscode"' has no exported member 'AuthenticationSession'.
src/platform/authentication/common/authenticationUpgrade.ts(6,15): error TS2305: Module '"vscode"' has no exported member 'ChatContext'.
src/platform/authentication/common/authenticationUpgrade.ts(6,28): error TS2305: Module '"vscode"' has no exported member 'ChatRequest'.
src/platform/authentication/common/authenticationUpgrade.ts(6,41): error TS2305: Module '"vscode"' has no exported member 'ChatResponseStream'.
src/platform/authentication/common/authenticationUpgradeService.ts(7,15): error TS2305: Module '"vscode"' has no exported member 'ChatContext'.
src/platform/authentication/common/authenticationUpgradeService.ts(7,28): error TS2305: Module '"vscode"' has no exported member 'ChatRequest'.
src/platform/authentication/common/authenticationUpgradeService.ts(7,41): error TS2305: Module '"vscode"' has no exported member 'ChatResponseStream'.
src/platform/authentication/common/authenticationUpgradeService.ts(131,101): error TS7006: Parameter 'ref' implicitly has an 'any' type.
src/platform/authentication/common/staticGitHubAuthenticationService.ts(6,15): error TS2305: Module '"vscode"' has no exported member 'AuthenticationGetSessionOptions'.
src/platform/authentication/common/staticGitHubAuthenticationService.ts(6,48): error TS2305: Module '"vscode"' has no exported member 'AuthenticationSession'.
src/platform/authentication/vscode-node/authenticationService.ts(6,10): error TS2305: Module '"vscode"' has no exported member 'authentication'.
src/platform/authentication/vscode-node/authenticationService.ts(6,26): error TS2305: Module '"vscode"' has no exported member 'AuthenticationGetSessionOptions'.
src/platform/authentication/vscode-node/authenticationService.ts(6,59): error TS2305: Module '"vscode"' has no exported member 'AuthenticationSession'.
src/platform/authentication/vscode-node/authenticationService.ts(27,54): error TS7006: Parameter 'e' implicitly has an 'any' type.
src/platform/authentication/vscode-node/copilotTokenManager.ts(6,10): error TS2305: Module '"vscode"' has no exported member 'env'.
src/platform/authentication/vscode-node/copilotTokenManager.ts(6,15): error TS2305: Module '"vscode"' has no exported member 'window'.
src/platform/authentication/vscode-node/copilotTokenManager.ts(17,1): error TS6133: 'nowSeconds' is declared but its value is never read.
src/platform/authentication/vscode-node/copilotTokenManager.ts(99,16): error TS6133: '_authShowWarnings' is declared but its value is never read.
src/platform/authentication/vscode-node/session.ts(6,10): error TS2305: Module '"vscode"' has no exported member 'authentication'.
src/platform/authentication/vscode-node/session.ts(6,26): error TS2305: Module '"vscode"' has no exported member 'AuthenticationGetSessionOptions'.
src/platform/authentication/vscode-node/session.ts(6,59): error TS2305: Module '"vscode"' has no exported member 'AuthenticationSession'.
src/platform/authentication/vscode-node/session.ts(6,82): error TS2305: Module '"vscode"' has no exported member 'AuthenticationSessionsChangeEvent'.
src/platform/chat/common/chatHookService.ts(6,1): error TS6133: 'vscode' is declared but its value is never read.
src/platform/chat/common/chatHookService.ts(20,28): error TS2503: Cannot find namespace 'vscode'.
src/platform/chat/common/chatHookService.ts(36,24): error TS2503: Cannot find namespace 'vscode'.
src/platform/chat/common/chatHookService.ts(36,52): error TS2503: Cannot find namespace 'vscode'.
src/platform/chat/common/chatHookService.ts(36,133): error TS2503: Cannot find namespace 'vscode'.
src/platform/chat/common/chatHookService.ts(36,168): error TS2503: Cannot find namespace 'vscode'.
src/platform/chat/common/chatHookService.ts(53,89): error TS2503: Cannot find namespace 'vscode'.
src/platform/chat/common/chatHookService.ts(53,154): error TS2503: Cannot find namespace 'vscode'.
src/platform/chat/common/chatHookService.ts(53,195): error TS2503: Cannot find namespace 'vscode'.
src/platform/chat/common/chatHookService.ts(71,116): error TS2503: Cannot find namespace 'vscode'.
src/platform/chat/common/chatHookService.ts(71,181): error TS2503: Cannot find namespace 'vscode'.
src/platform/chat/common/chatHookService.ts(71,222): error TS2503: Cannot find namespace 'vscode'.
src/platform/chat/common/chatMLFetcher.ts(6,15): error TS2305: Module '"vscode"' has no exported member 'CancellationToken'.
src/platform/chat/common/commonTypes.ts(7,15): error TS2305: Module '"vscode"' has no exported member 'ChatErrorDetails'.
src/platform/chat/common/commonTypes.ts(7,33): error TS2305: Module '"vscode"' has no exported member 'ChatResult'.
src/platform/chat/common/hookExecutor.ts(6,15): error TS2305: Module '"vscode"' has no exported member 'CancellationToken'.
src/platform/chat/common/hookExecutor.ts(6,34): error TS2305: Module '"vscode"' has no exported member 'ChatHookCommand'.
src/platform/chat/node/hookExecutor.ts(8,15): error TS2305: Module '"vscode"' has no exported member 'CancellationToken'.
src/platform/chat/node/hookExecutor.ts(8,34): error TS2305: Module '"vscode"' has no exported member 'ChatHookCommand'.
src/platform/chat/node/hookExecutor.ts(8,51): error TS2305: Module '"vscode"' has no exported member 'Uri'.
src/platform/chat/test/node/hookExecutor.spec.ts(8,15): error TS2305: Module '"vscode"' has no exported member 'ChatHookCommand'.
src/platform/configuration/common/configurationService.ts(6,15): error TS2305: Module '"vscode"' has no exported member 'ConfigurationChangeEvent'.
src/platform/configuration/common/configurationService.ts(6,41): error TS2305: Module '"vscode"' has no exported member 'ConfigurationScope'.
src/platform/configuration/common/configurationService.ts(249,28): error TS7006: Parameter 'section' implicitly has an 'any' type.
src/platform/configuration/common/defaultsOnlyConfigurationService.ts(6,15): error TS2305: Module '"vscode"' has no exported member 'ConfigurationScope'.
src/platform/configuration/test/common/inMemoryConfigurationService.ts(6,15): error TS2305: Module '"vscode"' has no exported member 'ConfigurationScope'.
src/platform/configuration/vscode/configurationServiceImpl.ts(6,15): error TS2305: Module '"vscode"' has no exported member 'WorkspaceConfiguration'.
src/platform/configuration/vscode/configurationServiceImpl.ts(32,45): error TS7006: Parameter 'changeEvent' implicitly has an 'any' type.
src/platform/configuration/vscode/configurationServiceImpl.ts(37,53): error TS2503: Cannot find namespace 'vscode'.
src/platform/configuration/vscode/configurationServiceImpl.ts(51,39): error TS2503: Cannot find namespace 'vscode'.
src/platform/configuration/vscode/configurationServiceImpl.ts(107,47): error TS2503: Cannot find namespace 'vscode'.
src/platform/configuration/vscode/configurationServiceImpl.ts(137,118): error TS2503: Cannot find namespace 'vscode'.
src/platform/configuration/vscode/configurationServiceImpl.ts(218,161): error TS2503: Cannot find namespace 'vscode'.
src/platform/configuration/vscode/configurationServiceImpl.ts(259,134): error TS2503: Cannot find namespace 'vscode'.
src/platform/configuration/vscode/configurationServiceImpl.ts(312,53): error TS2503: Cannot find namespace 'vscode'.
src/platform/customInstructions/common/customInstructionsService.ts(6,1): error TS6133: 'vscode' is declared but its value is never read.
src/platform/customInstructions/common/customInstructionsService.ts(37,22): error TS2503: Cannot find namespace 'vscode'.
src/platform/debug/vscode/debugOutputListener.ts(6,10): error TS2305: Module '"vscode"' has no exported member 'DebugAdapterTracker'.
src/platform/debug/vscode/debugOutputListener.ts(6,31): error TS2305: Module '"vscode"' has no exported member 'DebugAdapterTrackerFactory'.
src/platform/debug/vscode/debugOutputListener.ts(6,59): error TS2305: Module '"vscode"' has no exported member 'DebugSession'.
src/platform/debug/vscode/debugOutputListener.ts(6,73): error TS2305: Module '"vscode"' has no exported member 'Disposable'.
src/platform/debug/vscode/debugOutputListener.ts(6,85): error TS2305: Module '"vscode"' has no exported member 'ProviderResult'.
src/platform/debug/vscode/debugOutputListener.ts(6,101): error TS2305: Module '"vscode"' has no exported member 'debug'.
src/platform/devcontainer/common/devContainerConfigurationService.ts(6,15): error TS2305: Module '"vscode"' has no exported member 'CancellationToken'.
src/platform/devcontainer/common/devContainerConfigurationService.ts(6,34): error TS2305: Module '"vscode"' has no exported member 'Uri'.
src/platform/dialog/common/dialogService.ts(6,15): error TS2305: Module '"vscode"' has no exported member 'CancellationToken'.
src/platform/dialog/common/dialogService.ts(6,34): error TS2305: Module '"vscode"' has no exported member 'OpenDialogOptions'.
src/platform/dialog/common/dialogService.ts(6,53): error TS2305: Module '"vscode"' has no exported member 'QuickPickItem'.
src/platform/dialog/common/dialogService.ts(6,68): error TS2305: Module '"vscode"' has no exported member 'QuickPickOptions'.
src/platform/dialog/common/dialogService.ts(6,86): error TS2305: Module '"vscode"' has no exported member 'Uri'.
src/platform/dialog/vscode/dialogServiceImpl.ts(12,26): error TS2503: Cannot find namespace 'vscode'.
src/platform/dialog/vscode/dialogServiceImpl.ts(12,103): error TS2503: Cannot find namespace 'vscode'.
src/platform/dialog/vscode/dialogServiceImpl.ts(12,136): error TS2503: Cannot find namespace 'vscode'.
src/platform/dialog/vscode/dialogServiceImpl.ts(16,26): error TS2503: Cannot find namespace 'vscode'.
src/platform/dialog/vscode/dialogServiceImpl.ts(16,62): error TS2503: Cannot find namespace 'vscode'.
src/platform/dialog/vscode/dialogServiceImpl.ts(17,53): error TS7006: Parameter 'result' implicitly has an 'any' type.
src/platform/editing/common/edit.ts(6,1): error TS6133: 'vscode' is declared but its value is never read.
src/platform/editing/common/edit.ts(35,27): error TS2503: Cannot find namespace 'vscode'.
src/platform/editing/common/edits.ts(6,1): error TS6133: 'vscode' is declared but its value is never read.
src/platform/editing/common/edits.ts(17,51): error TS2503: Cannot find namespace 'vscode'.
src/platform/editing/common/edits.ts(17,72): error TS2503: Cannot find namespace 'vscode'.
src/platform/editing/common/edits.ts(18,13): error TS2503: Cannot find namespace 'vscode'.
src/platform/editing/common/notebookDocumentSnapshot.ts(6,15): error TS2305: Module '"vscode"' has no exported member 'NotebookDocument'.
src/platform/editing/common/notebookDocumentSnapshot.ts(6,33): error TS2305: Module '"vscode"' has no exported member 'TextLine'.
src/platform/editing/common/notebookDocumentSnapshot.ts(6,43): error TS2305: Module '"vscode"' has no exported member 'Uri'.
src/platform/editing/common/notebookDocumentSnapshot.ts(94,7): error TS18048: 'line' is possibly 'undefined'.
src/platform/editing/common/notebookDocumentSnapshot.ts(94,19): error TS18048: 'line' is possibly 'undefined'.
src/platform/editing/common/positionOffsetTransformer.ts(6,1): error TS6133: 'vscode' is declared but its value is never read.
src/platform/editing/common/positionOffsetTransformer.ts(43,36): error TS2503: Cannot find namespace 'vscode'.
src/platform/editing/common/positionOffsetTransformer.ts(69,38): error TS2503: Cannot find namespace 'vscode'.
src/platform/editing/common/positionOffsetTransformer.ts(157,36): error TS2503: Cannot find namespace 'vscode'.
src/platform/editing/common/positionOffsetTransformer.ts(157,54): error TS2503: Cannot find namespace 'vscode'.
src/platform/editing/common/textDocumentSnapshot.ts(6,15): error TS2305: Module '"vscode"' has no exported member 'EndOfLine'.
src/platform/editing/common/textDocumentSnapshot.ts(6,26): error TS2305: Module '"vscode"' has no exported member 'TextDocument'.
src/platform/editing/common/textDocumentSnapshot.ts(6,40): error TS2305: Module '"vscode"' has no exported member 'TextLine'.
src/platform/editing/common/textDocumentSnapshot.ts(6,50): error TS2305: Module '"vscode"' has no exported member 'Uri'.
src/platform/editing/common/textDocumentSnapshot.ts(120,7): error TS18048: 'line' is possibly 'undefined'.
src/platform/editing/common/textDocumentSnapshot.ts(120,19): error TS18048: 'line' is possibly 'undefined'.
src/platform/editing/common/textDocumentSnapshot.ts(124,35): error TS2345: Argument of type 'number | undefined' is not assignable to parameter of type 'number'.
  Type 'undefined' is not assignable to type 'number'.
src/platform/editing/common/textDocumentSnapshot.ts(124,52): error TS2538: Type 'undefined' cannot be used as an index type.
src/platform/editSurvivalTracking/common/editComputer.ts(6,1): error TS6133: 'vscode' is declared but its value is never read.
src/platform/editSurvivalTracking/common/editComputer.ts(29,31): error TS2503: Cannot find namespace 'vscode'.
src/platform/editSurvivalTracking/common/editComputer.ts(35,65): error TS7006: Parameter 'e' implicitly has an 'any' type.
src/platform/editSurvivalTracking/common/editComputer.ts(61,21): error TS2503: Cannot find namespace 'vscode'.
src/platform/editSurvivalTracking/common/editComputer.ts(76,33): error TS2503: Cannot find namespace 'vscode'.
src/platform/editSurvivalTracking/common/editComputer.ts(81,65): error TS7006: Parameter 'e' implicitly has an 'any' type.
src/platform/editSurvivalTracking/common/editSurvivalReporter.ts(6,1): error TS6133: 'vscode' is declared but its value is never read.
src/platform/editSurvivalTracking/common/editSurvivalReporter.ts(61,31): error TS2503: Cannot find namespace 'vscode'.
src/platform/editSurvivalTracking/common/editSurvivalReporter.ts(71,60): error TS7006: Parameter 'e' implicitly has an 'any' type.
src/platform/editSurvivalTracking/common/editSurvivalTrackerService.ts(6,1): error TS6133: 'vscode' is declared but its value is never read.
src/platform/editSurvivalTracking/common/editSurvivalTrackerService.ts(16,27): error TS2503: Cannot find namespace 'vscode'.
src/platform/editSurvivalTracking/common/editSurvivalTrackerService.ts(16,45): error TS2503: Cannot find namespace 'vscode'.
src/platform/editSurvivalTracking/common/editSurvivalTrackerService.ts(23,23): error TS2503: Cannot find namespace 'vscode'.
src/platform/editSurvivalTracking/common/editSurvivalTrackerService.ts(35,23): error TS2503: Cannot find namespace 'vscode'.
src/platform/editSurvivalTracking/common/editSurvivalTrackerService.ts(49,23): error TS2503: Cannot find namespace 'vscode'.
src/platform/editSurvivalTracking/common/editSurvivalTrackerService.ts(53,28): error TS2503: Cannot find namespace 'vscode'.
src/platform/editSurvivalTracking/common/editSurvivalTrackerService.ts(53,46): error TS2503: Cannot find namespace 'vscode'.
src/platform/editSurvivalTracking/common/editSurvivalTrackerService.ts(61,111): error TS2554: Expected 2 arguments, but got 3.
src/platform/embeddings/common/embeddingsComputer.ts(6,15): error TS2305: Module '"vscode"' has no exported member 'CancellationToken'.
src/platform/embeddings/common/embeddingsIndex.ts(6,15): error TS2305: Module '"vscode"' has no exported member 'Memento'.
src/platform/embeddings/common/embeddingsIndex.ts(6,24): error TS2305: Module '"vscode"' has no exported member 'Uri'.
src/platform/embeddings/common/embeddingsIndex.ts(76,28): error TS2339: Property 'storageUri' does not exist on type 'IVSCodeExtensionContext'.
src/platform/embeddings/common/embeddingsIndex.ts(77,28): error TS2339: Property 'globalStorageUri' does not exist on type 'IVSCodeExtensionContext'.
src/platform/embeddings/common/embeddingsIndex.ts(82,28): error TS2339: Property 'workspaceState' does not exist on type 'IVSCodeExtensionContext'.
src/platform/embeddings/common/embeddingsIndex.ts(83,28): error TS2339: Property 'globalState' does not exist on type 'IVSCodeExtensionContext'.
src/platform/embeddings/common/remoteEmbeddingsComputer.ts(7,15): error TS2305: Module '"vscode"' has no exported member 'CancellationToken'.
src/platform/embeddings/common/vscodeIndex.ts(6,15): error TS2305: Module '"vscode"' has no exported member 'CancellationToken'.
src/platform/embeddings/common/vscodeIndex.ts(6,34): error TS2305: Module '"vscode"' has no exported member 'CommandInformationResult'.
src/platform/embeddings/common/vscodeIndex.ts(6,60): error TS2305: Module '"vscode"' has no exported member 'RelatedInformationProvider'.
src/platform/embeddings/common/vscodeIndex.ts(6,88): error TS2305: Module '"vscode"' has no exported member 'RelatedInformationResult'.
src/platform/embeddings/common/vscodeIndex.ts(6,114): error TS2305: Module '"vscode"' has no exported member 'SettingInformationResult'.
src/platform/endpoint/common/chatModelCapabilities.ts(6,15): error TS2305: Module '"vscode"' has no exported member 'LanguageModelChat'.
src/platform/endpoint/common/endpointProvider.ts(8,15): error TS2305: Module '"vscode"' has no exported member 'LanguageModelChat'.
src/platform/endpoint/node/automodeService.ts(7,15): error TS2305: Module '"vscode"' has no exported member 'ChatRequest'.
src/platform/endpoint/node/automodeService.ts(197,36): error TS2339: Property 'selectedModel' does not exist on type '{ selectedModel?: IChatEndpoint | undefined; lastRoutedPrompt?: string | undefined; fallbackReason?: string | undefined; candidateModel?: string | undefined; } | { ...; }'.
  Property 'selectedModel' does not exist on type '{ lastRoutedPrompt: any; }'.
src/platform/endpoint/node/automodeService.ts(199,45): error TS2339: Property 'fallbackReason' does not exist on type '{ selectedModel?: IChatEndpoint | undefined; lastRoutedPrompt?: string | undefined; fallbackReason?: string | undefined; candidateModel?: string | undefined; } | { ...; }'.
  Property 'fallbackReason' does not exist on type '{ lastRoutedPrompt: any; }'.
src/platform/endpoint/node/automodeService.ts(224,35): error TS2339: Property 'candidateModel' does not exist on type '{ selectedModel?: IChatEndpoint | undefined; lastRoutedPrompt?: string | undefined; fallbackReason?: string | undefined; candidateModel?: string | undefined; } | { ...; }'.
  Property 'candidateModel' does not exist on type '{ lastRoutedPrompt: any; }'.
src/platform/endpoint/node/automodeService.ts(235,40): error TS2339: Property 'candidateModel' does not exist on type '{ selectedModel?: IChatEndpoint | undefined; lastRoutedPrompt?: string | undefined; fallbackReason?: string | undefined; candidateModel?: string | undefined; } | { ...; }'.
  Property 'candidateModel' does not exist on type '{ lastRoutedPrompt: any; }'.
src/platform/endpoint/node/automodeService.ts(479,37): error TS7006: Parameter 'ref' implicitly has an 'any' type.
src/platform/endpoint/node/chatEndpoint.ts(7,15): error TS2305: Module '"vscode"' has no exported member 'CancellationToken'.
src/platform/endpoint/node/domainServiceImpl.ts(6,15): error TS2305: Module '"vscode"' has no exported member 'ConfigurationChangeEvent'.
src/platform/endpoint/node/modelMetadataFetcher.ts(7,15): error TS2305: Module '"vscode"' has no exported member 'LanguageModelChat'.
src/platform/endpoint/node/test/automodeService.spec.ts(8,15): error TS2305: Module '"vscode"' has no exported member 'ChatRequest'.
src/platform/endpoint/test/node/testEndpointProvider.ts(6,15): error TS2305: Module '"vscode"' has no exported member 'ChatRequest'.
src/platform/endpoint/test/node/testEndpointProvider.ts(6,28): error TS2305: Module '"vscode"' has no exported member 'LanguageModelChat'.
src/platform/endpoint/vscode-node/extChatEndpoint.ts(7,15): error TS2305: Module '"vscode"' has no exported member 'CancellationToken'.
src/platform/endpoint/vscode-node/extChatEndpoint.ts(50,35): error TS2503: Cannot find namespace 'vscode'.
src/platform/endpoint/vscode-node/extChatEndpoint.ts(181,24): error TS2503: Cannot find namespace 'vscode'.
src/platform/endpoint/vscode-node/extChatEndpoint.ts(303,86): error TS2554: Expected 1 arguments, but got 2.
src/platform/endpoint/vscode-node/extChatEndpoint.ts(310,77): error TS2503: Cannot find namespace 'vscode'.
src/platform/endpoint/vscode-node/extChatEndpoint.ts(310,111): error TS2503: Cannot find namespace 'vscode'.
src/platform/endpoint/vscode-node/extChatEndpoint.ts(311,27): error TS2503: Cannot find namespace 'vscode'.
src/platform/endpoint/vscode-node/extChatEndpoint.ts(311,61): error TS2503: Cannot find namespace 'vscode'.
src/platform/endpoint/vscode-node/extChatEndpoint.ts(313,27): error TS2503: Cannot find namespace 'vscode'.
src/platform/endpoint/vscode-node/extChatEndpoint.ts(313,58): error TS2503: Cannot find namespace 'vscode'.
src/platform/endpoint/vscode-node/extChatEndpoint.ts(313,96): error TS2503: Cannot find namespace 'vscode'.
src/platform/endpoint/vscode-node/extChatEndpoint.ts(313,131): error TS2503: Cannot find namespace 'vscode'.
src/platform/endpoint/vscode-node/extChatEndpoint.ts(313,162): error TS2503: Cannot find namespace 'vscode'.
src/platform/endpoint/vscode-node/extChatEndpoint.ts(364,26): error TS2503: Cannot find namespace 'vscode'.
src/platform/endpoint/vscode-node/extChatTokenizer.ts(7,10): error TS2305: Module '"vscode"' has no exported member 'LanguageModelChat'.
src/platform/endpoint/vscode-node/extChatTokenizer.ts(7,29): error TS2305: Module '"vscode"' has no exported member 'LanguageModelChatTool'.
src/platform/endpoint/vscode-node/test/extChatTokenizer.spec.ts(8,15): error TS2305: Module '"vscode"' has no exported member 'LanguageModelChat'.
src/platform/endpoint/vscode-node/test/extChatTokenizer.spec.ts(8,34): error TS2305: Module '"vscode"' has no exported member 'LanguageModelChatMessage'.
src/platform/endpoint/vscode-node/test/extChatTokenizer.spec.ts(8,60): error TS2305: Module '"vscode"' has no exported member 'LanguageModelChatMessage2'.
src/platform/env/common/envService.ts(6,15): error TS2305: Module '"vscode"' has no exported member 'Event'.
src/platform/env/common/envService.ts(6,22): error TS2305: Module '"vscode"' has no exported member 'WindowState'.
src/platform/env/common/nullEnvService.ts(6,15): error TS2305: Module '"vscode"' has no exported member 'WindowState'.
src/platform/env/vscode/envServiceImpl.ts(34,23): error TS2366: Function lacks ending return statement and return type does not include 'undefined'.
src/platform/env/vscode/envServiceImpl.ts(45,39): error TS2503: Cannot find namespace 'vscode'.
src/platform/env/vscode/envServiceImpl.ts(45,52): error TS2503: Cannot find namespace 'vscode'.
src/platform/env/vscode/envServiceImpl.ts(113,23): error TS2503: Cannot find namespace 'vscode'.
src/platform/extContext/common/extensionContext.ts(6,15): error TS2305: Module '"vscode"' has no exported member 'ExtensionContext'.
src/platform/extensions/common/extensionsService.ts(7,15): error TS2305: Module '"vscode"' has no exported member 'Event'.
src/platform/extensions/common/extensionsService.ts(7,22): error TS2305: Module '"vscode"' has no exported member 'Extension'.
src/platform/filesystem/common/fileSystemService.ts(6,15): error TS2305: Module '"vscode"' has no exported member 'FileStat'.
src/platform/filesystem/common/fileSystemService.ts(6,25): error TS2305: Module '"vscode"' has no exported member 'FileSystem'.
src/platform/filesystem/common/fileSystemService.ts(6,37): error TS2305: Module '"vscode"' has no exported member 'FileSystemWatcher'.
src/platform/filesystem/common/fileSystemService.ts(6,56): error TS2305: Module '"vscode"' has no exported member 'RelativePattern'.
src/platform/filesystem/common/fileSystemService.ts(6,73): error TS2305: Module '"vscode"' has no exported member 'Uri'.
src/platform/filesystem/common/fileTypes.ts(6,1): error TS6133: 'vscode' is declared but its value is never read.
src/platform/filesystem/common/fileTypes.ts(34,41): error TS2503: Cannot find namespace 'vscode'.
src/platform/filesystem/node/fileSystemServiceImpl.ts(7,15): error TS2305: Module '"vscode"' has no exported member 'FileStat'.
src/platform/filesystem/node/fileSystemServiceImpl.ts(7,25): error TS2305: Module '"vscode"' has no exported member 'FileSystemWatcher'.
src/platform/filesystem/node/fileSystemServiceImpl.ts(7,44): error TS2305: Module '"vscode"' has no exported member 'RelativePattern'.
src/platform/filesystem/node/fileSystemServiceImpl.ts(7,61): error TS2305: Module '"vscode"' has no exported member 'Uri'.
src/platform/filesystem/node/test/mockFileSystemService.ts(6,15): error TS2305: Module '"vscode"' has no exported member 'FileStat'.
src/platform/filesystem/node/test/mockFileSystemService.ts(6,25): error TS2305: Module '"vscode"' has no exported member 'FileSystemWatcher'.
src/platform/filesystem/vscode/fileSystemServiceImpl.ts(15,32): error TS2503: Cannot find namespace 'vscode'.
src/platform/filesystem/vscode/fileSystemServiceImpl.ts(52,41): error TS2503: Cannot find namespace 'vscode'.
src/platform/filesystem/vscode/fileSystemServiceImpl.ts(52,66): error TS2503: Cannot find namespace 'vscode'.
src/platform/git/common/gitCommitMessageService.ts(6,15): error TS2305: Module '"vscode"' has no exported member 'CancellationToken'.
src/platform/git/common/gitCommitMessageService.ts(6,34): error TS2305: Module '"vscode"' has no exported member 'Uri'.
src/platform/git/common/gitDiffService.ts(6,15): error TS2305: Module '"vscode"' has no exported member 'CancellationToken'.
src/platform/git/common/gitDiffService.ts(6,34): error TS2305: Module '"vscode"' has no exported member 'Uri'.
src/platform/git/common/gitExtensionService.ts(6,1): error TS6133: 'vscode' is declared but its value is never read.
src/platform/git/common/gitExtensionService.ts(16,15): error TS2503: Cannot find namespace 'vscode'.
src/platform/git/common/nullGitDiffService.ts(6,15): error TS2305: Module '"vscode"' has no exported member 'CancellationToken'.
src/platform/git/common/nullGitDiffService.ts(6,34): error TS2305: Module '"vscode"' has no exported member 'Uri'.
src/platform/git/common/nullGitExtensionService.ts(6,1): error TS6133: 'vscode' is declared but its value is never read.
src/platform/git/common/nullGitExtensionService.ts(13,15): error TS2503: Cannot find namespace 'vscode'.
src/platform/git/common/utils.ts(6,1): error TS6133: 'vscode' is declared but its value is never read.
src/platform/git/common/utils.ts(85,31): error TS2503: Cannot find namespace 'vscode'.
src/platform/git/common/utils.ts(85,86): error TS2503: Cannot find namespace 'vscode'.
src/platform/git/vscode-node/gitServiceImpl.ts(10,10): error TS2305: Module '"vscode"' has no exported member 'Uri'.
src/platform/git/vscode-node/gitServiceImpl.ts(59,57): error TS7006: Parameter 'status' implicitly has an 'any' type.
src/platform/git/vscode-node/gitServiceImpl.ts(76,45): error TS7006: Parameter 'repository' implicitly has an 'any' type.
src/platform/git/vscode-node/gitServiceImpl.ts(77,46): error TS7006: Parameter 'repository' implicitly has an 'any' type.
src/platform/git/vscode-node/gitServiceImpl.ts(254,30): error TS2503: Cannot find namespace 'vscode'.
src/platform/git/vscode-node/gitServiceImpl.ts(260,34): error TS2503: Cannot find namespace 'vscode'.
src/platform/git/vscode-node/gitServiceImpl.ts(266,22): error TS2503: Cannot find namespace 'vscode'.
src/platform/git/vscode-node/utils.ts(7,10): error TS2305: Module '"vscode"' has no exported member 'Uri'.
src/platform/git/vscode/gitExtensionServiceImpl.ts(16,24): error TS2503: Cannot find namespace 'vscode'.
src/platform/git/vscode/gitExtensionServiceImpl.ts(25,33): error TS2503: Cannot find namespace 'vscode'.
src/platform/git/vscode/gitExtensionServiceImpl.ts(41,37): error TS2503: Cannot find namespace 'vscode'.
src/platform/git/vscode/gitExtensionServiceImpl.ts(42,22): error TS2503: Cannot find namespace 'vscode'.
src/platform/github/common/octoKitServiceImpl.ts(6,15): error TS2305: Module '"vscode"' has no exported member 'AuthenticationSession'.
src/platform/ignore/node/test/mockAuthenticationService.ts(6,15): error TS2305: Module '"vscode"' has no exported member 'AuthenticationGetSessionOptions'.
src/platform/ignore/node/test/mockAuthenticationService.ts(6,48): error TS2305: Module '"vscode"' has no exported member 'AuthenticationSession'.
src/platform/ignore/node/test/mockWorkspaceService.ts(6,15): error TS2305: Module '"vscode"' has no exported member 'FileSystem'.
src/platform/ignore/node/test/mockWorkspaceService.ts(6,27): error TS2305: Module '"vscode"' has no exported member 'NotebookData'.
src/platform/ignore/node/test/mockWorkspaceService.ts(6,41): error TS2305: Module '"vscode"' has no exported member 'NotebookDocument'.
src/platform/ignore/node/test/mockWorkspaceService.ts(6,59): error TS2305: Module '"vscode"' has no exported member 'NotebookDocumentChangeEvent'.
src/platform/ignore/node/test/mockWorkspaceService.ts(6,88): error TS2305: Module '"vscode"' has no exported member 'ResourceTrustRequestOptions'.
src/platform/ignore/node/test/mockWorkspaceService.ts(6,117): error TS2305: Module '"vscode"' has no exported member 'TextDocument'.
src/platform/ignore/node/test/mockWorkspaceService.ts(6,131): error TS2305: Module '"vscode"' has no exported member 'TextDocumentChangeEvent'.
src/platform/ignore/node/test/mockWorkspaceService.ts(6,156): error TS2305: Module '"vscode"' has no exported member 'TextEditorSelectionChangeEvent'.
src/platform/ignore/node/test/mockWorkspaceService.ts(6,188): error TS2305: Module '"vscode"' has no exported member 'Uri'.
src/platform/ignore/node/test/mockWorkspaceService.ts(6,193): error TS2305: Module '"vscode"' has no exported member 'WorkspaceEdit'.
src/platform/ignore/node/test/mockWorkspaceService.ts(6,208): error TS2305: Module '"vscode"' has no exported member 'WorkspaceFolder'.
src/platform/ignore/node/test/mockWorkspaceService.ts(6,225): error TS2305: Module '"vscode"' has no exported member 'WorkspaceFoldersChangeEvent'.
src/platform/ignore/node/test/mockWorkspaceService.ts(6,254): error TS2305: Module '"vscode"' has no exported member 'WorkspaceTrustRequestOptions'.
src/platform/ignore/vscode-node/ignoreService.ts(6,10): error TS2305: Module '"vscode"' has no exported member 'workspace'.
src/platform/ignore/vscode-node/ignoreService.ts(44,64): error TS7006: Parameter 'e' implicitly has an 'any' type.
src/platform/ignore/vscode-node/ignoreService.ts(55,42): error TS7006: Parameter 'doc' implicitly has an 'any' type.
src/platform/ignore/vscode-node/ignoreService.ts(62,31): error TS7006: Parameter 'e' implicitly has an 'any' type.
src/platform/ignore/vscode-node/ignoreService.ts(67,37): error TS7006: Parameter 'e' implicitly has an 'any' type.
src/platform/ignore/vscode/ignoreInfoFileContentProvider.ts(6,10): error TS2305: Module '"vscode"' has no exported member 'CancellationToken'.
src/platform/ignore/vscode/ignoreInfoFileContentProvider.ts(6,29): error TS2305: Module '"vscode"' has no exported member 'TextDocumentContentProvider'.
src/platform/ignore/vscode/ignoreInfoFileContentProvider.ts(6,58): error TS2305: Module '"vscode"' has no exported member 'Uri'.
src/platform/inlineCompletions/common/api.ts(5,1): error TS6133: 'vscode' is declared but its value is never read.
src/platform/inlineCompletions/common/api.ts(38,90): error TS2503: Cannot find namespace 'vscode'.
src/platform/inlineCompletions/common/api.ts(62,13): error TS2503: Cannot find namespace 'vscode'.
src/platform/inlineCompletions/common/api.ts(67,43): error TS2503: Cannot find namespace 'vscode'.
src/platform/inlineCompletions/common/api.ts(202,8): error TS2503: Cannot find namespace 'vscode'.
src/platform/inlineCompletions/common/api.ts(203,11): error TS2503: Cannot find namespace 'vscode'.
src/platform/inlineEdits/common/inlineEditLogContext.ts(7,15): error TS2305: Module '"vscode"' has no exported member 'InlineCompletionContext'.
src/platform/inlineEdits/common/inlineEditsModelService.ts(6,1): error TS6133: 'vscode' is declared but its value is never read.
src/platform/inlineEdits/common/inlineEditsModelService.ts(14,22): error TS2503: Cannot find namespace 'vscode'.
src/platform/inlineEdits/node/inlineEditsModelService.ts(6,1): error TS6133: 'vscode' is declared but its value is never read.
src/platform/inlineEdits/node/inlineEditsModelService.ts(141,19): error TS2503: Cannot find namespace 'vscode'.
src/platform/inlineEdits/node/inlineEditsModelService.ts(142,17): error TS2503: Cannot find namespace 'vscode'.
src/platform/inlineEdits/node/inlineEditsModelService.ts(457,40): error TS2339: Property 'globalState' does not exist on type 'IVSCodeExtensionContext'.
src/platform/inlineEdits/node/inlineEditsModelService.ts(462,34): error TS2339: Property 'globalState' does not exist on type 'IVSCodeExtensionContext'.
src/platform/interactive/common/interactiveSessionService.ts(6,15): error TS2305: Module '"vscode"' has no exported member 'Uri'.
src/platform/interactive/vscode/interactiveSessionServiceImpl.ts(6,10): error TS2305: Module '"vscode"' has no exported member 'interactive'.
src/platform/interactive/vscode/interactiveSessionServiceImpl.ts(6,23): error TS2305: Module '"vscode"' has no exported member 'Uri'.
src/platform/languageContextProvider/common/languageContextProviderService.ts(6,15): error TS2305: Module '"vscode"' has no exported member 'CancellationToken'.
src/platform/languageContextProvider/common/languageContextProviderService.ts(6,34): error TS2305: Module '"vscode"' has no exported member 'Disposable'.
src/platform/languageContextProvider/common/languageContextProviderService.ts(6,46): error TS2305: Module '"vscode"' has no exported member 'TextDocument'.
src/platform/languageContextProvider/common/nullLanguageContextProviderService.ts(6,15): error TS2305: Module '"vscode"' has no exported member 'CancellationToken'.
src/platform/languageContextProvider/common/nullLanguageContextProviderService.ts(6,34): error TS2305: Module '"vscode"' has no exported member 'TextDocument'.
src/platform/languageContextProvider/common/nullLanguageContextProviderService.ts(6,48): error TS2305: Module '"vscode"' has no exported member 'Disposable'.
src/platform/languages/common/languageDiagnosticsService.ts(6,1): error TS6133: 'vscode' is declared but its value is never read.
src/platform/languages/common/languageDiagnosticsService.ts(15,26): error TS2503: Cannot find namespace 'vscode'.
src/platform/languages/common/languageDiagnosticsService.ts(15,39): error TS2503: Cannot find namespace 'vscode'.
src/platform/languages/common/languageDiagnosticsService.ts(16,27): error TS2503: Cannot find namespace 'vscode'.
src/platform/languages/common/languageDiagnosticsService.ts(16,40): error TS2503: Cannot find namespace 'vscode'.
src/platform/languages/common/languageDiagnosticsService.ts(17,24): error TS2503: Cannot find namespace 'vscode'.
src/platform/languages/common/languageDiagnosticsService.ts(17,36): error TS2503: Cannot find namespace 'vscode'.
src/platform/languages/common/languageDiagnosticsService.ts(18,34): error TS2503: Cannot find namespace 'vscode'.
src/platform/languages/common/languageDiagnosticsService.ts(18,53): error TS2503: Cannot find namespace 'vscode'.
src/platform/languages/common/languageDiagnosticsService.ts(18,106): error TS2503: Cannot find namespace 'vscode'.
src/platform/languages/common/languageDiagnosticsService.ts(25,35): error TS2503: Cannot find namespace 'vscode'.
src/platform/languages/common/languageDiagnosticsService.ts(25,48): error TS2503: Cannot find namespace 'vscode'.
src/platform/languages/common/languageDiagnosticsService.ts(27,36): error TS2503: Cannot find namespace 'vscode'.
src/platform/languages/common/languageDiagnosticsService.ts(27,49): error TS2503: Cannot find namespace 'vscode'.
src/platform/languages/common/languageDiagnosticsService.ts(28,33): error TS2503: Cannot find namespace 'vscode'.
src/platform/languages/common/languageDiagnosticsService.ts(28,45): error TS2503: Cannot find namespace 'vscode'.
src/platform/languages/common/languageDiagnosticsService.ts(30,34): error TS2503: Cannot find namespace 'vscode'.
src/platform/languages/common/languageDiagnosticsService.ts(30,53): error TS2503: Cannot find namespace 'vscode'.
src/platform/languages/common/languageDiagnosticsService.ts(30,112): error TS2503: Cannot find namespace 'vscode'.
src/platform/languages/common/languageDiagnosticsService.ts(31,30): error TS2503: Cannot find namespace 'vscode'.
src/platform/languages/common/languageDiagnosticsService.ts(32,34): error TS2503: Cannot find namespace 'vscode'.
src/platform/languages/common/languageDiagnosticsService.ts(34,22): error TS2503: Cannot find namespace 'vscode'.
src/platform/languages/common/languageDiagnosticsService.ts(37,60): error TS7006: Parameter 'e' implicitly has an 'any' type.
src/platform/languages/common/languageDiagnosticsService.ts(58,55): error TS2503: Cannot find namespace 'vscode'.
src/platform/languages/common/languageDiagnosticsService.ts(58,77): error TS2503: Cannot find namespace 'vscode'.
src/platform/languages/common/languageDiagnosticsService.ts(62,38): error TS2503: Cannot find namespace 'vscode'.
src/platform/languages/common/languageDiagnosticsService.ts(66,56): error TS2503: Cannot find namespace 'vscode'.
src/platform/languages/common/languageDiagnosticsService.ts(66,88): error TS2503: Cannot find namespace 'vscode'.
src/platform/languages/common/languageDiagnosticsService.ts(66,194): error TS2503: Cannot find namespace 'vscode'.
src/platform/languages/common/languageFeaturesService.ts(6,1): error TS6133: 'vscode' is declared but its value is never read.
src/platform/languages/common/languageFeaturesService.ts(14,22): error TS2503: Cannot find namespace 'vscode'.
src/platform/languages/common/languageFeaturesService.ts(14,44): error TS2503: Cannot find namespace 'vscode'.
src/platform/languages/common/languageFeaturesService.ts(14,71): error TS2503: Cannot find namespace 'vscode'.
src/platform/languages/common/languageFeaturesService.ts(14,93): error TS2503: Cannot find namespace 'vscode'.
src/platform/languages/common/languageFeaturesService.ts(15,26): error TS2503: Cannot find namespace 'vscode'.
src/platform/languages/common/languageFeaturesService.ts(15,48): error TS2503: Cannot find namespace 'vscode'.
src/platform/languages/common/languageFeaturesService.ts(15,75): error TS2503: Cannot find namespace 'vscode'.
src/platform/languages/common/languageFeaturesService.ts(15,97): error TS2503: Cannot find namespace 'vscode'.
src/platform/languages/common/languageFeaturesService.ts(16,21): error TS2503: Cannot find namespace 'vscode'.
src/platform/languages/common/languageFeaturesService.ts(16,43): error TS2503: Cannot find namespace 'vscode'.
src/platform/languages/common/languageFeaturesService.ts(16,69): error TS2503: Cannot find namespace 'vscode'.
src/platform/languages/common/languageFeaturesService.ts(17,46): error TS2503: Cannot find namespace 'vscode'.
src/platform/languages/common/languageFeaturesService.ts(18,26): error TS2503: Cannot find namespace 'vscode'.
src/platform/languages/common/languageFeaturesService.ts(18,47): error TS2503: Cannot find namespace 'vscode'.
src/platform/languages/common/languageFeaturesService.ts(19,22): error TS2503: Cannot find namespace 'vscode'.
src/platform/languages/common/languageFeaturesService.ts(19,35): error TS2503: Cannot find namespace 'vscode'.
src/platform/languages/common/languageFeaturesService.ts(24,26): error TS2503: Cannot find namespace 'vscode'.
src/platform/languages/common/languageFeaturesService.ts(24,47): error TS2503: Cannot find namespace 'vscode'.
src/platform/languages/common/languageFeaturesService.ts(27,22): error TS2503: Cannot find namespace 'vscode'.
src/platform/languages/common/languageFeaturesService.ts(27,44): error TS2503: Cannot find namespace 'vscode'.
src/platform/languages/common/languageFeaturesService.ts(27,71): error TS2503: Cannot find namespace 'vscode'.
src/platform/languages/common/languageFeaturesService.ts(27,93): error TS2503: Cannot find namespace 'vscode'.
src/platform/languages/common/languageFeaturesService.ts(30,26): error TS2503: Cannot find namespace 'vscode'.
src/platform/languages/common/languageFeaturesService.ts(30,48): error TS2503: Cannot find namespace 'vscode'.
src/platform/languages/common/languageFeaturesService.ts(30,75): error TS2503: Cannot find namespace 'vscode'.
src/platform/languages/common/languageFeaturesService.ts(30,97): error TS2503: Cannot find namespace 'vscode'.
src/platform/languages/common/languageFeaturesService.ts(33,21): error TS2503: Cannot find namespace 'vscode'.
src/platform/languages/common/languageFeaturesService.ts(33,43): error TS2503: Cannot find namespace 'vscode'.
src/platform/languages/common/languageFeaturesService.ts(33,69): error TS2503: Cannot find namespace 'vscode'.
src/platform/languages/common/languageFeaturesService.ts(36,46): error TS2503: Cannot find namespace 'vscode'.
src/platform/languages/common/languageFeaturesService.ts(39,22): error TS2503: Cannot find namespace 'vscode'.
src/platform/languages/common/languageFeaturesService.ts(39,35): error TS2503: Cannot find namespace 'vscode'.
src/platform/languages/common/languageFeaturesService.ts(44,58): error TS2503: Cannot find namespace 'vscode'.
src/platform/languages/common/testLanguageDiagnosticsService.ts(6,15): error TS2305: Module '"vscode"' has no exported member 'Diagnostic'.
src/platform/languages/common/testLanguageDiagnosticsService.ts(6,27): error TS2305: Module '"vscode"' has no exported member 'DiagnosticChangeEvent'.
src/platform/languages/common/testLanguageDiagnosticsService.ts(6,50): error TS2305: Module '"vscode"' has no exported member 'Uri'.
src/platform/languages/vscode/languageDiagnosticsServiceImpl.ts(11,35): error TS2503: Cannot find namespace 'vscode'.
src/platform/languages/vscode/languageDiagnosticsServiceImpl.ts(11,48): error TS2503: Cannot find namespace 'vscode'.
src/platform/languages/vscode/languageDiagnosticsServiceImpl.ts(13,36): error TS2503: Cannot find namespace 'vscode'.
src/platform/languages/vscode/languageDiagnosticsServiceImpl.ts(13,49): error TS2503: Cannot find namespace 'vscode'.
src/platform/languages/vscode/languageDiagnosticsServiceImpl.ts(17,33): error TS2503: Cannot find namespace 'vscode'.
src/platform/languages/vscode/languageDiagnosticsServiceImpl.ts(17,45): error TS2503: Cannot find namespace 'vscode'.
src/platform/languages/vscode/languageDiagnosticsServiceImpl.ts(19,14): error TS7031: Binding element 'uri' implicitly has an 'any' type.
src/platform/languages/vscode/languageFeaturesServicesImpl.ts(15,28): error TS2503: Cannot find namespace 'vscode'.
src/platform/languages/vscode/languageFeaturesServicesImpl.ts(15,50): error TS2503: Cannot find namespace 'vscode'.
src/platform/languages/vscode/languageFeaturesServicesImpl.ts(15,77): error TS2503: Cannot find namespace 'vscode'.
src/platform/languages/vscode/languageFeaturesServicesImpl.ts(15,99): error TS2503: Cannot find namespace 'vscode'.
src/platform/languages/vscode/languageFeaturesServicesImpl.ts(19,32): error TS2503: Cannot find namespace 'vscode'.
src/platform/languages/vscode/languageFeaturesServicesImpl.ts(19,54): error TS2503: Cannot find namespace 'vscode'.
src/platform/languages/vscode/languageFeaturesServicesImpl.ts(19,81): error TS2503: Cannot find namespace 'vscode'.
src/platform/languages/vscode/languageFeaturesServicesImpl.ts(19,103): error TS2503: Cannot find namespace 'vscode'.
src/platform/languages/vscode/languageFeaturesServicesImpl.ts(23,27): error TS2503: Cannot find namespace 'vscode'.
src/platform/languages/vscode/languageFeaturesServicesImpl.ts(23,49): error TS2503: Cannot find namespace 'vscode'.
src/platform/languages/vscode/languageFeaturesServicesImpl.ts(23,75): error TS2503: Cannot find namespace 'vscode'.
src/platform/languages/vscode/languageFeaturesServicesImpl.ts(27,52): error TS2503: Cannot find namespace 'vscode'.
src/platform/languages/vscode/languageFeaturesServicesImpl.ts(28,47): error TS2503: Cannot find namespace 'vscode'.
src/platform/languages/vscode/languageFeaturesServicesImpl.ts(31,32): error TS2503: Cannot find namespace 'vscode'.
src/platform/languages/vscode/languageFeaturesServicesImpl.ts(31,53): error TS2503: Cannot find namespace 'vscode'.
src/platform/languages/vscode/languageFeaturesServicesImpl.ts(32,47): error TS2503: Cannot find namespace 'vscode'.
src/platform/languages/vscode/languageFeaturesServicesImpl.ts(35,22): error TS2503: Cannot find namespace 'vscode'.
src/platform/languages/vscode/languageFeaturesServicesImpl.ts(35,35): error TS2503: Cannot find namespace 'vscode'.
src/platform/languageServer/common/languageContextService.ts(6,1): error TS6133: 'vscode' is declared but its value is never read.
src/platform/languageServer/common/languageContextService.ts(42,7): error TS2503: Cannot find namespace 'vscode'.
src/platform/languageServer/common/languageContextService.ts(47,19): error TS2503: Cannot find namespace 'vscode'.
src/platform/languageServer/common/languageContextService.ts(105,7): error TS2503: Cannot find namespace 'vscode'.
src/platform/languageServer/common/languageContextService.ts(110,10): error TS2503: Cannot find namespace 'vscode'.
src/platform/languageServer/common/languageContextService.ts(165,26): error TS2503: Cannot find namespace 'vscode'.
src/platform/languageServer/common/languageContextService.ts(182,36): error TS2503: Cannot find namespace 'vscode'.
src/platform/languageServer/common/languageContextService.ts(191,26): error TS2503: Cannot find namespace 'vscode'.
src/platform/languageServer/common/languageContextService.ts(191,57): error TS2503: Cannot find namespace 'vscode'.
src/platform/languageServer/common/languageContextService.ts(202,23): error TS2503: Cannot find namespace 'vscode'.
src/platform/languageServer/common/languageContextService.ts(202,54): error TS2503: Cannot find namespace 'vscode'.
src/platform/languageServer/common/languageContextService.ts(202,103): error TS2503: Cannot find namespace 'vscode'.
src/platform/languageServer/common/languageContextService.ts(217,32): error TS2503: Cannot find namespace 'vscode'.
src/platform/languageServer/common/languageContextService.ts(217,63): error TS2503: Cannot find namespace 'vscode'.
src/platform/log/vscode/outputChannelLogTarget.ts(6,10): error TS2305: Module '"vscode"' has no exported member 'ExtensionContext'.
src/platform/log/vscode/outputChannelLogTarget.ts(6,28): error TS2305: Module '"vscode"' has no exported member 'LogLevel'.
src/platform/log/vscode/outputChannelLogTarget.ts(6,38): error TS2305: Module '"vscode"' has no exported member 'OutputChannel'.
src/platform/log/vscode/outputChannelLogTarget.ts(6,53): error TS2305: Module '"vscode"' has no exported member 'window'.
src/platform/mcp/common/mcpService.ts(6,15): error TS2305: Module '"vscode"' has no exported member 'Event'.
src/platform/mcp/common/mcpService.ts(6,22): error TS2305: Module '"vscode"' has no exported member 'McpGateway'.
src/platform/mcp/common/mcpService.ts(6,34): error TS2305: Module '"vscode"' has no exported member 'McpServerDefinition'.
src/platform/mcp/vscode/mcpServiceImpl.ts(6,10): error TS2305: Module '"vscode"' has no exported member 'McpGateway'.
src/platform/mcp/vscode/mcpServiceImpl.ts(6,22): error TS2305: Module '"vscode"' has no exported member 'McpGatewayServer'.
src/platform/mcp/vscode/mcpServiceImpl.ts(6,40): error TS2305: Module '"vscode"' has no exported member 'lm'.
src/platform/mcp/vscode/mcpServiceImpl.ts(6,49): error TS2305: Module '"vscode"' has no exported member 'Event'.
src/platform/multiFileEdit/common/editLogService.ts(7,15): error TS2305: Module '"vscode"' has no exported member 'Uri'.
src/platform/multiFileEdit/common/editLogService.ts(68,70): error TS2339: Property 'globalStorageUri' does not exist on type 'IVSCodeExtensionContext'.
src/platform/multiFileEdit/common/multiFileEditQualityTelemetry.ts(6,15): error TS2305: Module '"vscode"' has no exported member 'NotebookDocument'.
src/platform/multiFileEdit/common/multiFileEditQualityTelemetry.ts(6,33): error TS2305: Module '"vscode"' has no exported member 'TextDocument'.
src/platform/multiFileEdit/common/multiFileEditQualityTelemetry.ts(6,47): error TS2305: Module '"vscode"' has no exported member 'Uri'.
src/platform/networking/common/networking.ts(8,15): error TS2305: Module '"vscode"' has no exported member 'CancellationToken'.
src/platform/networking/node/stream.ts(6,15): error TS2305: Module '"vscode"' has no exported member 'CancellationToken'.
src/platform/notebook/common/alternativeContent.ts(6,15): error TS2305: Module '"vscode"' has no exported member 'LanguageModelChat'.
src/platform/notebook/common/alternativeContent.ts(6,34): error TS2305: Module '"vscode"' has no exported member 'NotebookDocument'.
src/platform/notebook/common/alternativeContent.ts(6,52): error TS2305: Module '"vscode"' has no exported member 'Uri'.
src/platform/notebook/common/alternativeContentEditGenerator.ts(6,15): error TS2305: Module '"vscode"' has no exported member 'CancellationToken'.
src/platform/notebook/common/alternativeContentEditGenerator.ts(6,34): error TS2305: Module '"vscode"' has no exported member 'NotebookCell'.
src/platform/notebook/common/alternativeContentEditGenerator.ts(6,48): error TS2305: Module '"vscode"' has no exported member 'NotebookDocument'.
src/platform/notebook/common/alternativeContentEditGenerator.ts(70,83): error TS2339: Property 'getCells' does not exist on type 'never'.
src/platform/notebook/common/alternativeContentEditGenerator.ts(70,99): error TS7006: Parameter 'c' implicitly has an 'any' type.
src/platform/notebook/common/alternativeContentEditGenerator.ts(92,65): error TS2339: Property 'cellCount' does not exist on type 'never'.
src/platform/notebook/common/alternativeContentEditGenerator.ts(106,70): error TS2339: Property 'uri' does not exist on type 'never'.
src/platform/notebook/common/alternativeContentEditGenerator.ts(144,101): error TS2339: Property 'uri' does not exist on type 'never'.
src/platform/notebook/common/alternativeContentEditGenerator.ts(154,65): error TS2339: Property 'cellCount' does not exist on type 'never'.
src/platform/notebook/common/alternativeContentEditGenerator.ts(176,91): error TS2339: Property 'getCells' does not exist on type 'never'.
src/platform/notebook/common/alternativeContentEditGenerator.ts(176,106): error TS7006: Parameter 'cell' implicitly has an 'any' type.
src/platform/notebook/common/alternativeContentEditGenerator.ts(225,102): error TS2339: Property 'cellCount' does not exist on type 'never'.
src/platform/notebook/common/alternativeContentEditGenerator.ts(225,129): error TS2339: Property 'cellAt' does not exist on type 'never'.
src/platform/notebook/common/alternativeContentEditGenerator.ts(282,70): error TS2339: Property 'uri' does not exist on type 'never'.
src/platform/notebook/common/alternativeContentProvider.json.ts(6,15): error TS2305: Module '"vscode"' has no exported member 'CancellationToken'.
src/platform/notebook/common/alternativeContentProvider.json.ts(6,34): error TS2305: Module '"vscode"' has no exported member 'NotebookCell'.
src/platform/notebook/common/alternativeContentProvider.json.ts(6,48): error TS2305: Module '"vscode"' has no exported member 'NotebookDocument'.
src/platform/notebook/common/alternativeContentProvider.json.ts(6,66): error TS2305: Module '"vscode"' has no exported member 'TextDocument'.
src/platform/notebook/common/alternativeContentProvider.json.ts(72,44): error TS7006: Parameter 'cell' implicitly has an 'any' type.
src/platform/notebook/common/alternativeContentProvider.json.ts(72,125): error TS7006: Parameter 'cell' implicitly has an 'any' type.
src/platform/notebook/common/alternativeContentProvider.json.ts(95,32): error TS7006: Parameter 'cell' implicitly has an 'any' type.
src/platform/notebook/common/alternativeContentProvider.text.ts(5,15): error TS2305: Module '"vscode"' has no exported member 'CancellationToken'.
src/platform/notebook/common/alternativeContentProvider.text.ts(5,34): error TS2305: Module '"vscode"' has no exported member 'NotebookCell'.
src/platform/notebook/common/alternativeContentProvider.text.ts(5,48): error TS2305: Module '"vscode"' has no exported member 'NotebookDocument'.
src/platform/notebook/common/alternativeContentProvider.text.ts(5,66): error TS2305: Module '"vscode"' has no exported member 'Position'.
src/platform/notebook/common/alternativeContentProvider.text.ts(5,76): error TS2305: Module '"vscode"' has no exported member 'Uri'.
src/platform/notebook/common/alternativeContentProvider.text.ts(74,32): error TS7006: Parameter 'cell' implicitly has an 'any' type.
src/platform/notebook/common/alternativeContentProvider.text.ts(207,75): error TS7006: Parameter 'c' implicitly has an 'any' type.
src/platform/notebook/common/alternativeContentProvider.text.ts(231,44): error TS7006: Parameter 'cell' implicitly has an 'any' type.
src/platform/notebook/common/alternativeContentProvider.text.ts(231,125): error TS7006: Parameter 'cell' implicitly has an 'any' type.
src/platform/notebook/common/alternativeContentProvider.text.ts(234,33): error TS7006: Parameter 'cell' implicitly has an 'any' type.
src/platform/notebook/common/alternativeContentProvider.text.ts(235,35): error TS7006: Parameter 'cell' implicitly has an 'any' type.
src/platform/notebook/common/alternativeContentProvider.text.ts(236,41): error TS7006: Parameter 'cellContent' implicitly has an 'any' type.
src/platform/notebook/common/alternativeContentProvider.ts(6,15): error TS2305: Module '"vscode"' has no exported member 'CancellationToken'.
src/platform/notebook/common/alternativeContentProvider.ts(6,34): error TS2305: Module '"vscode"' has no exported member 'NotebookCell'.
src/platform/notebook/common/alternativeContentProvider.ts(6,48): error TS2305: Module '"vscode"' has no exported member 'NotebookDocument'.
src/platform/notebook/common/alternativeContentProvider.xml.ts(5,15): error TS2305: Module '"vscode"' has no exported member 'CancellationToken'.
src/platform/notebook/common/alternativeContentProvider.xml.ts(5,34): error TS2305: Module '"vscode"' has no exported member 'NotebookCell'.
src/platform/notebook/common/alternativeContentProvider.xml.ts(5,48): error TS2305: Module '"vscode"' has no exported member 'NotebookDocument'.
src/platform/notebook/common/alternativeContentProvider.xml.ts(5,66): error TS2305: Module '"vscode"' has no exported member 'Uri'.
src/platform/notebook/common/alternativeContentProvider.xml.ts(77,32): error TS7006: Parameter 'cell' implicitly has an 'any' type.
src/platform/notebook/common/alternativeContentProvider.xml.ts(189,74): error TS7006: Parameter 'c' implicitly has an 'any' type.
src/platform/notebook/common/alternativeContentProvider.xml.ts(210,44): error TS7006: Parameter 'cell' implicitly has an 'any' type.
src/platform/notebook/common/alternativeContentProvider.xml.ts(210,125): error TS7006: Parameter 'cell' implicitly has an 'any' type.
src/platform/notebook/common/alternativeContentProvider.xml.ts(212,33): error TS7006: Parameter 'cell' implicitly has an 'any' type.
src/platform/notebook/common/alternativeContentProvider.xml.ts(217,35): error TS7006: Parameter 'cell' implicitly has an 'any' type.
src/platform/notebook/common/alternativeContentProvider.xml.ts(218,41): error TS7006: Parameter 'cellContent' implicitly has an 'any' type.
src/platform/notebook/common/alternativeNotebookDocument.ts(6,15): error TS2305: Module '"vscode"' has no exported member 'NotebookCell'.
src/platform/notebook/common/alternativeNotebookDocument.ts(6,29): error TS2305: Module '"vscode"' has no exported member 'NotebookDocument'.
src/platform/notebook/common/alternativeNotebookDocument.ts(6,47): error TS2305: Module '"vscode"' has no exported member 'TextLine'.
src/platform/notebook/common/alternativeNotebookDocument.ts(97,7): error TS18048: 'line' is possibly 'undefined'.
src/platform/notebook/common/alternativeNotebookDocument.ts(97,19): error TS18048: 'line' is possibly 'undefined'.
src/platform/notebook/common/alternativeNotebookDocument.ts(101,35): error TS2345: Argument of type 'number | undefined' is not assignable to parameter of type 'number'.
  Type 'undefined' is not assignable to type 'number'.
src/platform/notebook/common/alternativeNotebookDocument.ts(101,52): error TS2538: Type 'undefined' cannot be used as an index type.
src/platform/notebook/common/alternativeNotebookTextDocument.ts(6,15): error TS2305: Module '"vscode"' has no exported member 'NotebookCell'.
src/platform/notebook/common/alternativeNotebookTextDocument.ts(6,29): error TS2305: Module '"vscode"' has no exported member 'NotebookDocument'.
src/platform/notebook/common/alternativeNotebookTextDocument.ts(6,47): error TS2305: Module '"vscode"' has no exported member 'NotebookDocumentContentChange'.
src/platform/notebook/common/alternativeNotebookTextDocument.ts(6,78): error TS2305: Module '"vscode"' has no exported member 'TextDocument'.
src/platform/notebook/common/alternativeNotebookTextDocument.ts(6,92): error TS2305: Module '"vscode"' has no exported member 'TextDocumentContentChangeEvent'.
src/platform/notebook/common/alternativeNotebookTextDocument.ts(292,52): error TS7006: Parameter 'cell' implicitly has an 'any' type.
src/platform/notebook/common/alternativeNotebookTextDocument.ts(332,52): error TS7006: Parameter 'cell' implicitly has an 'any' type.
src/platform/notebook/common/alternativeNotebookTextDocument.ts(383,74): error TS7006: Parameter 'c' implicitly has an 'any' type.
src/platform/notebook/common/alternativeNotebookTextDocument.ts(389,44): error TS7006: Parameter 'c' implicitly has an 'any' type.
src/platform/notebook/common/alternativeNotebookTextDocument.ts(389,117): error TS7006: Parameter 'cell' implicitly has an 'any' type.
src/platform/notebook/common/alternativeNotebookTextDocument.ts(400,39): error TS7006: Parameter 'cell' implicitly has an 'any' type.
src/platform/notebook/common/helpers.ts(6,15): error TS2305: Module '"vscode"' has no exported member 'ChatRequest'.
src/platform/notebook/common/helpers.ts(6,28): error TS2305: Module '"vscode"' has no exported member 'NotebookCell'.
src/platform/notebook/common/helpers.ts(6,42): error TS2305: Module '"vscode"' has no exported member 'NotebookDocument'.
src/platform/notebook/common/helpers.ts(6,60): error TS2305: Module '"vscode"' has no exported member 'TextDocument'.
src/platform/notebook/common/helpers.ts(6,74): error TS2305: Module '"vscode"' has no exported member 'Uri'.
src/platform/notebook/common/helpers.ts(93,30): error TS7006: Parameter 'cell' implicitly has an 'any' type.
src/platform/notebook/common/helpers.ts(173,44): error TS7006: Parameter 'cell' implicitly has an 'any' type.
src/platform/notebook/common/helpers.ts(190,33): error TS7006: Parameter 'ref' implicitly has an 'any' type.
src/platform/notebook/common/notebookService.ts(6,15): error TS2305: Module '"vscode"' has no exported member 'NotebookCell'.
src/platform/notebook/common/notebookService.ts(6,29): error TS2305: Module '"vscode"' has no exported member 'Uri'.
src/platform/notebook/common/notebookSummaryTracker.ts(6,15): error TS2305: Module '"vscode"' has no exported member 'NotebookDocument'.
src/platform/notebook/test/node/alternativeContent.spec.ts(8,15): error TS2305: Module '"vscode"' has no exported member 'NotebookDocument'.
src/platform/notebook/test/node/alternativeContent.spec.ts(91,26): error TS7006: Parameter 'cell' implicitly has an 'any' type.
src/platform/notebook/test/node/alternativeContent.spec.ts(179,27): error TS7006: Parameter 'cell' implicitly has an 'any' type.
src/platform/notebook/test/node/alternativeContent.spec.ts(202,31): error TS7006: Parameter 'c' implicitly has an 'any' type.
src/platform/notebook/test/node/alternativeContent.spec.ts(202,34): error TS7006: Parameter 'j' implicitly has an 'any' type.
src/platform/notebook/test/node/alternativeContent.spec.ts(549,27): error TS7006: Parameter 'cell' implicitly has an 'any' type.
src/platform/notebook/test/node/alternativeContent.spec.ts(592,36): error TS7006: Parameter 'cell' implicitly has an 'any' type.
src/platform/notebook/test/node/alternativeContent.spec.ts(592,42): error TS7006: Parameter 'i' implicitly has an 'any' type.
src/platform/notebook/test/node/alternativeContent.spec.ts(650,26): error TS7006: Parameter 'cell' implicitly has an 'any' type.
src/platform/notebook/test/node/alternativeContent.spec.ts(658,37): error TS7006: Parameter 'c' implicitly has an 'any' type.
src/platform/notebook/test/node/alternativeContent.spec.ts(842,35): error TS7006: Parameter 'cell' implicitly has an 'any' type.
src/platform/notebook/test/node/alternativeContent.spec.ts(842,41): error TS7006: Parameter 'i' implicitly has an 'any' type.
src/platform/notebook/test/node/alternativeContent.spec.ts(861,37): error TS7006: Parameter 'cell' implicitly has an 'any' type.
src/platform/notebook/test/node/alternativeContent.spec.ts(873,35): error TS7006: Parameter 'cell' implicitly has an 'any' type.
src/platform/notebook/test/node/alternativeContent.spec.ts(873,41): error TS7006: Parameter 'i' implicitly has an 'any' type.
src/platform/notebook/test/node/alternativeContent.spec.ts(889,37): error TS7006: Parameter 'cell' implicitly has an 'any' type.
src/platform/notebook/test/node/alternativeContent.spec.ts(898,35): error TS7006: Parameter 'cell' implicitly has an 'any' type.
src/platform/notebook/test/node/alternativeContent.spec.ts(898,41): error TS7006: Parameter 'i' implicitly has an 'any' type.
src/platform/notebook/test/node/alternativeContent.spec.ts(1031,31): error TS7006: Parameter 'cell' implicitly has an 'any' type.
src/platform/notebook/test/node/alternativeContent.spec.ts(1031,37): error TS7006: Parameter 'i' implicitly has an 'any' type.
src/platform/notebook/test/node/alternativeContent.spec.ts(1078,73): error TS7006: Parameter 'l' implicitly has an 'any' type.
src/platform/notebook/test/node/alternativeContent.spec.ts(1078,159): error TS7006: Parameter 'l' implicitly has an 'any' type.
src/platform/notebook/test/node/alternativeNotebookTextDocument.spec.tsx(7,15): error TS2305: Module '"vscode"' has no exported member 'NotebookDocument'.
src/platform/notebook/test/node/alternativeNotebookTextDocument.spec.tsx(7,33): error TS2305: Module '"vscode"' has no exported member 'NotebookDocumentContentChange'.
src/platform/notebook/test/node/alternativeNotebookTextDocument.spec.tsx(7,64): error TS2305: Module '"vscode"' has no exported member 'TextDocumentChangeEvent'.
src/platform/notebook/test/node/notebookService.spec.ts(7,1): error TS6133: 'vscode' is declared but its value is never read.
src/platform/notebook/test/node/notebookService.spec.ts(54,24): error TS2503: Cannot find namespace 'vscode'.
src/platform/notebook/test/node/notebookService.spec.ts(292,21): error TS2503: Cannot find namespace 'vscode'.
src/platform/notebook/test/node/notebookService.spec.ts(306,21): error TS2503: Cannot find namespace 'vscode'.
src/platform/notebook/test/node/utils.ts(7,1): error TS6133: 'vscode' is declared but its value is never read.
src/platform/notebook/test/node/utils.ts(57,22): error TS2503: Cannot find namespace 'vscode'.
src/platform/notebook/test/node/utils.ts(62,41): error TS2503: Cannot find namespace 'vscode'.
src/platform/notebook/vscode/notebookExectionServiceImpl.ts(6,10): error TS2305: Module '"vscode"' has no exported member 'NotebookCell'.
src/platform/notebook/vscode/notebookExectionServiceImpl.ts(6,24): error TS2305: Module '"vscode"' has no exported member 'workspace'.
src/platform/notebook/vscode/notebookExectionServiceImpl.ts(45,64): error TS7006: Parameter 'e' implicitly has an 'any' type.
src/platform/notebook/vscode/notebookServiceImpl.ts(6,10): error TS2305: Module '"vscode"' has no exported member 'commands'.
src/platform/notebook/vscode/notebookServiceImpl.ts(6,20): error TS2305: Module '"vscode"' has no exported member 'DocumentSymbol'.
src/platform/notebook/vscode/notebookServiceImpl.ts(6,36): error TS2305: Module '"vscode"' has no exported member 'extensions'.
src/platform/notebook/vscode/notebookServiceImpl.ts(6,48): error TS2305: Module '"vscode"' has no exported member 'NotebookCell'.
src/platform/notebook/vscode/notebookServiceImpl.ts(6,62): error TS2305: Module '"vscode"' has no exported member 'Uri'.
src/platform/notebook/vscode/notebookServiceImpl.ts(6,67): error TS2305: Module '"vscode"' has no exported member 'window'.
src/platform/notebook/vscode/notebookServiceImpl.ts(6,75): error TS2305: Module '"vscode"' has no exported member 'workspace'.
src/platform/notebook/vscode/notebookServiceImpl.ts(117,75): error TS7006: Parameter 'cell' implicitly has an 'any' type.
src/platform/notebook/vscode/notebookServiceImpl.ts(202,64): error TS7006: Parameter 'e' implicitly has an 'any' type.
src/platform/notebook/vscode/notebookServiceImpl.ts(216,14): error TS7006: Parameter 'symbols' implicitly has an 'any' type.
src/platform/notebook/vscode/notebookServiceImpl.ts(229,40): error TS7006: Parameter 'cell' implicitly has an 'any' type.
src/platform/notebook/vscode/notebookServiceImpl.ts(247,42): error TS7006: Parameter 'editor' implicitly has an 'any' type.
src/platform/notebook/vscode/notebookSummaryTrackerImpl.ts(6,10): error TS2305: Module '"vscode"' has no exported member 'NotebookDocument'.
src/platform/notebook/vscode/notebookSummaryTrackerImpl.ts(21,26): error TS2339: Property 'subscriptions' does not exist on type 'IVSCodeExtensionContext'.
src/platform/notebook/vscode/notebookSummaryTrackerImpl.ts(23,63): error TS7006: Parameter 'e' implicitly has an 'any' type.
src/platform/notebook/vscode/notebookSummaryTrackerImpl.ts(31,27): error TS7006: Parameter 'c' implicitly has an 'any' type.
src/platform/notification/vscode/notificationServiceImpl.ts(6,10): error TS2305: Module '"vscode"' has no exported member 'commands'.
src/platform/notification/vscode/notificationServiceImpl.ts(6,20): error TS2305: Module '"vscode"' has no exported member 'MessageOptions'.
src/platform/notification/vscode/notificationServiceImpl.ts(6,36): error TS2305: Module '"vscode"' has no exported member 'Progress'.
src/platform/notification/vscode/notificationServiceImpl.ts(6,46): error TS2305: Module '"vscode"' has no exported member 'ProgressOptions'.
src/platform/notification/vscode/notificationServiceImpl.ts(6,63): error TS2305: Module '"vscode"' has no exported member 'window'.
src/platform/otel/common/sessionUtils.ts(6,15): error TS2305: Module '"vscode"' has no exported member 'Uri'.
src/platform/parser/node/indentationStructure.ts(6,1): error TS6133: 'vscode' is declared but its value is never read.
src/platform/parser/node/indentationStructure.ts(16,21): error TS2503: Cannot find namespace 'vscode'.
src/platform/parser/node/parserService.ts(6,1): error TS6133: 'vscode' is declared but its value is never read.
src/platform/parser/node/parserService.ts(128,48): error TS2503: Cannot find namespace 'vscode'.
src/platform/parser/node/parserService.ts(149,115): error TS2503: Cannot find namespace 'vscode'.
src/platform/parser/test/node/indentationStructure.spec.ts(8,1): error TS6133: 'vscode' is declared but its value is never read.
src/platform/parser/test/node/indentationStructure.spec.ts(37,22): error TS2503: Cannot find namespace 'vscode'.
src/platform/promptFiles/common/promptsService.ts(6,15): error TS2305: Module '"vscode"' has no exported member 'ChatCustomAgent'.
src/platform/promptFiles/common/promptsService.ts(6,32): error TS2305: Module '"vscode"' has no exported member 'ChatHook'.
src/platform/promptFiles/common/promptsService.ts(6,42): error TS2305: Module '"vscode"' has no exported member 'ChatInstruction'.
src/platform/promptFiles/common/promptsService.ts(6,59): error TS2305: Module '"vscode"' has no exported member 'ChatPlugin'.
src/platform/promptFiles/common/promptsService.ts(6,71): error TS2305: Module '"vscode"' has no exported member 'ChatSkill'.
src/platform/promptFiles/common/promptsService.ts(6,82): error TS2305: Module '"vscode"' has no exported member 'ChatSlashCommand'.
src/platform/promptFiles/test/common/mockPromptsService.ts(6,15): error TS2305: Module '"vscode"' has no exported member 'ChatCustomAgent'.
src/platform/promptFiles/test/common/mockPromptsService.ts(6,32): error TS2305: Module '"vscode"' has no exported member 'ChatHook'.
src/platform/promptFiles/test/common/mockPromptsService.ts(6,42): error TS2305: Module '"vscode"' has no exported member 'ChatInstruction'.
src/platform/promptFiles/test/common/mockPromptsService.ts(6,59): error TS2305: Module '"vscode"' has no exported member 'ChatPlugin'.
src/platform/promptFiles/test/common/mockPromptsService.ts(6,71): error TS2305: Module '"vscode"' has no exported member 'ChatSkill'.
src/platform/promptFiles/test/common/mockPromptsService.ts(6,82): error TS2305: Module '"vscode"' has no exported member 'ChatSlashCommand'.
src/platform/promptFiles/test/node/agentInstructionsLocator.spec.ts(6,15): error TS2305: Module '"vscode"' has no exported member 'Uri'.
src/platform/promptFiles/vscode-node/agentInstructionsLocator.ts(156,20): error TS7006: Parameter 'uri' implicitly has an 'any' type.
src/platform/promptFiles/vscode-node/promptsServiceImpl.ts(6,15): error TS2305: Module '"vscode"' has no exported member 'ChatCustomAgent'.
src/platform/promptFiles/vscode-node/promptsServiceImpl.ts(6,32): error TS2305: Module '"vscode"' has no exported member 'ChatHook'.
src/platform/promptFiles/vscode-node/promptsServiceImpl.ts(6,42): error TS2305: Module '"vscode"' has no exported member 'ChatInstruction'.
src/platform/promptFiles/vscode-node/promptsServiceImpl.ts(6,59): error TS2305: Module '"vscode"' has no exported member 'ChatPlugin'.
src/platform/promptFiles/vscode-node/promptsServiceImpl.ts(6,71): error TS2305: Module '"vscode"' has no exported member 'ChatSkill'.
src/platform/promptFiles/vscode-node/promptsServiceImpl.ts(61,63): error TS2503: Cannot find namespace 'vscode'.
src/platform/prompts/common/promptPathRepresentationService.ts(6,15): error TS2305: Module '"vscode"' has no exported member 'Uri'.
src/platform/remoteCodeSearch/vscode-node/codeSearchRepoAuth.ts(26,23): error TS2503: Cannot find namespace 'vscode'.
src/platform/remoteCodeSearch/vscode-node/codeSearchRepoAuth.ts(29,23): error TS2503: Cannot find namespace 'vscode'.
src/platform/remoteCodeSearch/vscode-node/codeSearchRepoAuth.ts(64,23): error TS2503: Cannot find namespace 'vscode'.
src/platform/remoteCodeSearch/vscode-node/codeSearchRepoAuth.ts(67,23): error TS2503: Cannot find namespace 'vscode'.
src/platform/remoteCodeSearch/vscode-node/codeSearchRepoAuth.ts(100,24): error TS2503: Cannot find namespace 'vscode'.
src/platform/remoteCodeSearch/vscode-node/codeSearchRepoAuth.ts(103,23): error TS2503: Cannot find namespace 'vscode'.
src/platform/remoteRepositories/vscode/remoteRepositories.ts(5,10): error TS2305: Module '"vscode"' has no exported member 'Extension'.
src/platform/remoteRepositories/vscode/remoteRepositories.ts(5,21): error TS2305: Module '"vscode"' has no exported member 'extensions'.
src/platform/remoteRepositories/vscode/remoteRepositories.ts(5,33): error TS2305: Module '"vscode"' has no exported member 'Uri'.
src/platform/remoteSearch/common/codeOrDocsSearchClient.ts(6,15): error TS2305: Module '"vscode"' has no exported member 'CancellationToken'.
src/platform/requestLogger/common/requestLogger.ts(8,15): error TS2305: Module '"vscode"' has no exported member 'Event'.
src/platform/requestLogger/node/nullRequestLogger.ts(7,15): error TS2305: Module '"vscode"' has no exported member 'LanguageModelToolResult2'.
src/platform/requestLogger/node/requestLogger.ts(9,15): error TS2305: Module '"vscode"' has no exported member 'Event'.
src/platform/requestLogger/test/node/testRequestLogger.ts(8,15): error TS2305: Module '"vscode"' has no exported member 'LanguageModelToolResult2'.
src/platform/review/common/reviewCommand.ts(6,1): error TS6133: 'vscode' is declared but its value is never read.
src/platform/review/common/reviewCommand.ts(13,23): error TS2503: Cannot find namespace 'vscode'.
src/platform/review/common/reviewCommand.ts(14,21): error TS2503: Cannot find namespace 'vscode'.
src/platform/review/common/reviewCommand.ts(28,18): error TS2503: Cannot find namespace 'vscode'.
src/platform/review/common/reviewCommand.ts(44,16): error TS2503: Cannot find namespace 'vscode'.
src/platform/review/common/reviewCommand.ts(45,18): error TS2503: Cannot find namespace 'vscode'.
src/platform/review/common/reviewService.ts(6,1): error TS6133: 'vscode' is declared but its value is never read.
src/platform/review/common/reviewService.ts(13,11): error TS2503: Cannot find namespace 'vscode'.
src/platform/review/common/reviewService.ts(13,33): error TS2503: Cannot find namespace 'vscode'.
src/platform/review/common/reviewService.ts(14,11): error TS2503: Cannot find namespace 'vscode'.
src/platform/review/common/reviewService.ts(14,45): error TS2503: Cannot find namespace 'vscode'.
src/platform/review/common/reviewService.ts(18,7): error TS2503: Cannot find namespace 'vscode'.
src/platform/review/common/reviewService.ts(19,10): error TS2503: Cannot find namespace 'vscode'.
src/platform/review/common/reviewService.ts(31,9): error TS2503: Cannot find namespace 'vscode'.
src/platform/review/common/reviewService.ts(44,7): error TS2503: Cannot find namespace 'vscode'.
src/platform/review/common/reviewService.ts(46,9): error TS2503: Cannot find namespace 'vscode'.
src/platform/review/common/reviewService.ts(47,17): error TS2503: Cannot find namespace 'vscode'.
src/platform/review/common/reviewService.ts(68,37): error TS2503: Cannot find namespace 'vscode'.
src/platform/review/common/reviewService.ts(68,60): error TS2503: Cannot find namespace 'vscode'.
src/platform/review/common/reviewService.ts(69,45): error TS2503: Cannot find namespace 'vscode'.
src/platform/review/vscode/reviewServiceImpl.ts(7,10): error TS2305: Module '"vscode"' has no exported member 'l10n'.
src/platform/review/vscode/reviewServiceImpl.ts(18,10): error TS2503: Cannot find namespace 'vscode'.
src/platform/review/vscode/reviewServiceImpl.ts(30,33): error TS2503: Cannot find namespace 'vscode'.
src/platform/review/vscode/reviewServiceImpl.ts(34,25): error TS2503: Cannot find namespace 'vscode'.
src/platform/review/vscode/reviewServiceImpl.ts(42,67): error TS7006: Parameter 'e' implicitly has an 'any' type.
src/platform/review/vscode/reviewServiceImpl.ts(90,50): error TS2503: Cannot find namespace 'vscode'.
src/platform/review/vscode/reviewServiceImpl.ts(174,50): error TS2339: Property 'extensionUri' does not exist on type 'IVSCodeExtensionContext'.
src/platform/review/vscode/reviewServiceImpl.ts(219,37): error TS2503: Cannot find namespace 'vscode'.
src/platform/review/vscode/reviewServiceImpl.ts(219,60): error TS2503: Cannot find namespace 'vscode'.
src/platform/review/vscode/reviewServiceImpl.ts(224,45): error TS2503: Cannot find namespace 'vscode'.
src/platform/scopeSelection/common/scopeSelection.ts(6,15): error TS2305: Module '"vscode"' has no exported member 'Selection'.
src/platform/scopeSelection/common/scopeSelection.ts(6,26): error TS2305: Module '"vscode"' has no exported member 'TextEditor'.
src/platform/scopeSelection/vscode-node/scopeSelectionImpl.ts(6,10): error TS2305: Module '"vscode"' has no exported member 'DocumentSymbol'.
src/platform/scopeSelection/vscode-node/scopeSelectionImpl.ts(6,26): error TS2305: Module '"vscode"' has no exported member 'Position'.
src/platform/scopeSelection/vscode-node/scopeSelectionImpl.ts(6,36): error TS2305: Module '"vscode"' has no exported member 'Range'.
src/platform/scopeSelection/vscode-node/scopeSelectionImpl.ts(6,43): error TS2305: Module '"vscode"' has no exported member 'Selection'.
src/platform/scopeSelection/vscode-node/scopeSelectionImpl.ts(6,54): error TS2305: Module '"vscode"' has no exported member 'TextEditor'.
src/platform/scopeSelection/vscode-node/scopeSelectionImpl.ts(6,66): error TS2305: Module '"vscode"' has no exported member 'ThemeIcon'.
src/platform/scopeSelection/vscode-node/scopeSelectionImpl.ts(6,77): error TS2305: Module '"vscode"' has no exported member 'l10n'.
src/platform/scopeSelection/vscode-node/scopeSelectionImpl.ts(93,21): error TS7006: Parameter 'item' implicitly has an 'any' type.
src/platform/search/common/searchService.ts(6,1): error TS6133: 'vscode' is declared but its value is never read.
src/platform/search/common/searchService.ts(14,40): error TS2503: Cannot find namespace 'vscode'.
src/platform/search/common/searchService.ts(14,82): error TS2503: Cannot find namespace 'vscode'.
src/platform/search/common/searchService.ts(14,117): error TS2503: Cannot find namespace 'vscode'.
src/platform/search/common/searchService.ts(15,40): error TS2503: Cannot find namespace 'vscode'.
src/platform/search/common/searchService.ts(15,99): error TS2503: Cannot find namespace 'vscode'.
src/platform/search/common/searchService.ts(15,134): error TS2503: Cannot find namespace 'vscode'.
src/platform/search/common/searchService.ts(16,25): error TS2503: Cannot find namespace 'vscode'.
src/platform/search/common/searchService.ts(16,58): error TS2503: Cannot find namespace 'vscode'.
src/platform/search/common/searchService.ts(16,99): error TS2503: Cannot find namespace 'vscode'.
src/platform/search/common/searchService.ts(16,115): error TS2503: Cannot find namespace 'vscode'.
src/platform/search/common/searchService.ts(16,148): error TS2503: Cannot find namespace 'vscode'.
src/platform/search/common/searchService.ts(16,183): error TS2503: Cannot find namespace 'vscode'.
src/platform/search/common/searchService.ts(17,26): error TS2503: Cannot find namespace 'vscode'.
src/platform/search/common/searchService.ts(17,61): error TS2503: Cannot find namespace 'vscode'.
src/platform/search/common/searchService.ts(17,101): error TS2503: Cannot find namespace 'vscode'.
src/platform/search/common/searchService.ts(17,128): error TS2503: Cannot find namespace 'vscode'.
src/platform/search/common/searchService.ts(18,25): error TS2503: Cannot find namespace 'vscode'.
src/platform/search/common/searchService.ts(18,46): error TS2503: Cannot find namespace 'vscode'.
src/platform/search/common/searchService.ts(18,78): error TS2503: Cannot find namespace 'vscode'.
src/platform/search/common/searchService.ts(18,112): error TS2503: Cannot find namespace 'vscode'.
src/platform/search/common/searchService.ts(18,148): error TS2503: Cannot find namespace 'vscode'.
src/platform/search/common/searchService.ts(19,33): error TS2503: Cannot find namespace 'vscode'.
src/platform/search/common/searchService.ts(19,62): error TS2503: Cannot find namespace 'vscode'.
src/platform/search/common/searchService.ts(19,104): error TS2503: Cannot find namespace 'vscode'.
src/platform/search/common/searchService.ts(19,139): error TS2503: Cannot find namespace 'vscode'.
src/platform/search/common/searchService.ts(26,46): error TS2503: Cannot find namespace 'vscode'.
src/platform/search/common/searchService.ts(26,88): error TS2503: Cannot find namespace 'vscode'.
src/platform/search/common/searchService.ts(26,123): error TS2503: Cannot find namespace 'vscode'.
src/platform/search/common/searchService.ts(27,46): error TS2503: Cannot find namespace 'vscode'.
src/platform/search/common/searchService.ts(27,105): error TS2503: Cannot find namespace 'vscode'.
src/platform/search/common/searchService.ts(27,140): error TS2503: Cannot find namespace 'vscode'.
src/platform/search/common/searchService.ts(28,46): error TS2503: Cannot find namespace 'vscode'.
src/platform/search/common/searchService.ts(28,105): error TS2503: Cannot find namespace 'vscode'.
src/platform/search/common/searchService.ts(28,140): error TS2503: Cannot find namespace 'vscode'.
src/platform/search/common/searchService.ts(28,155): error TS2503: Cannot find namespace 'vscode'.
src/platform/search/common/searchService.ts(31,39): error TS2503: Cannot find namespace 'vscode'.
src/platform/search/common/searchService.ts(31,68): error TS2503: Cannot find namespace 'vscode'.
src/platform/search/common/searchService.ts(31,110): error TS2503: Cannot find namespace 'vscode'.
src/platform/search/common/searchService.ts(31,145): error TS2503: Cannot find namespace 'vscode'.
src/platform/search/common/searchService.ts(32,39): error TS2503: Cannot find namespace 'vscode'.
src/platform/search/common/searchService.ts(32,68): error TS2503: Cannot find namespace 'vscode'.
src/platform/search/common/searchService.ts(32,127): error TS2503: Cannot find namespace 'vscode'.
src/platform/search/common/searchService.ts(32,162): error TS2503: Cannot find namespace 'vscode'.
src/platform/search/common/searchService.ts(32,177): error TS2503: Cannot find namespace 'vscode'.
src/platform/search/common/searchService.ts(36,68): error TS2503: Cannot find namespace 'vscode'.
src/platform/search/common/searchService.ts(36,97): error TS2503: Cannot find namespace 'vscode'.
src/platform/search/common/searchService.ts(36,168): error TS2503: Cannot find namespace 'vscode'.
src/platform/search/common/searchService.ts(36,203): error TS2503: Cannot find namespace 'vscode'.
src/platform/search/common/searchService.ts(36,218): error TS2503: Cannot find namespace 'vscode'.
src/platform/search/common/searchService.ts(38,18): error TS2503: Cannot find namespace 'vscode'.
src/platform/search/common/searchService.ts(53,34): error TS2503: Cannot find namespace 'vscode'.
src/platform/search/common/searchService.ts(53,67): error TS2503: Cannot find namespace 'vscode'.
src/platform/search/common/searchService.ts(53,108): error TS2503: Cannot find namespace 'vscode'.
src/platform/search/common/searchService.ts(53,124): error TS2503: Cannot find namespace 'vscode'.
src/platform/search/common/searchService.ts(53,157): error TS2503: Cannot find namespace 'vscode'.
src/platform/search/common/searchService.ts(53,192): error TS2503: Cannot find namespace 'vscode'.
src/platform/search/common/searchService.ts(54,35): error TS2503: Cannot find namespace 'vscode'.
src/platform/search/common/searchService.ts(54,70): error TS2503: Cannot find namespace 'vscode'.
src/platform/search/common/searchService.ts(54,110): error TS2503: Cannot find namespace 'vscode'.
src/platform/search/common/searchService.ts(54,137): error TS2503: Cannot find namespace 'vscode'.
src/platform/search/common/searchService.ts(55,34): error TS2503: Cannot find namespace 'vscode'.
src/platform/search/common/searchService.ts(55,55): error TS2503: Cannot find namespace 'vscode'.
src/platform/search/common/searchService.ts(55,87): error TS2503: Cannot find namespace 'vscode'.
src/platform/search/common/searchService.ts(55,133): error TS2503: Cannot find namespace 'vscode'.
src/platform/search/common/searchService.ts(55,181): error TS2503: Cannot find namespace 'vscode'.
src/platform/search/vscode-node/searchServiceImpl.ts(6,1): error TS6133: 'vscode' is declared but its value is never read.
src/platform/search/vscode-node/searchServiceImpl.ts(22,55): error TS2503: Cannot find namespace 'vscode'.
src/platform/search/vscode-node/searchServiceImpl.ts(22,97): error TS2503: Cannot find namespace 'vscode'.
src/platform/search/vscode-node/searchServiceImpl.ts(22,132): error TS2503: Cannot find namespace 'vscode'.
src/platform/search/vscode-node/searchServiceImpl.ts(23,55): error TS2503: Cannot find namespace 'vscode'.
src/platform/search/vscode-node/searchServiceImpl.ts(23,114): error TS2503: Cannot find namespace 'vscode'.
src/platform/search/vscode-node/searchServiceImpl.ts(23,149): error TS2503: Cannot find namespace 'vscode'.
src/platform/search/vscode-node/searchServiceImpl.ts(24,55): error TS2503: Cannot find namespace 'vscode'.
src/platform/search/vscode-node/searchServiceImpl.ts(24,118): error TS2503: Cannot find namespace 'vscode'.
src/platform/search/vscode-node/searchServiceImpl.ts(24,153): error TS2503: Cannot find namespace 'vscode'.
src/platform/search/vscode-node/searchServiceImpl.ts(24,166): error TS2503: Cannot find namespace 'vscode'.
src/platform/search/vscode-node/searchServiceImpl.ts(37,40): error TS2503: Cannot find namespace 'vscode'.
src/platform/search/vscode-node/searchServiceImpl.ts(37,61): error TS2503: Cannot find namespace 'vscode'.
src/platform/search/vscode-node/searchServiceImpl.ts(37,93): error TS2503: Cannot find namespace 'vscode'.
src/platform/search/vscode-node/searchServiceImpl.ts(37,139): error TS2503: Cannot find namespace 'vscode'.
src/platform/search/vscode-node/searchServiceImpl.ts(37,186): error TS2503: Cannot find namespace 'vscode'.
src/platform/search/vscode-node/searchServiceImpl.ts(40,80): error TS7006: Parameter 'e' implicitly has an 'any' type.
src/platform/search/vscode-node/searchServiceImpl.ts(52,40): error TS2503: Cannot find namespace 'vscode'.
src/platform/search/vscode-node/searchServiceImpl.ts(52,73): error TS2503: Cannot find namespace 'vscode'.
src/platform/search/vscode-node/searchServiceImpl.ts(52,114): error TS2503: Cannot find namespace 'vscode'.
src/platform/search/vscode-node/searchServiceImpl.ts(52,130): error TS2503: Cannot find namespace 'vscode'.
src/platform/search/vscode-node/searchServiceImpl.ts(52,163): error TS2503: Cannot find namespace 'vscode'.
src/platform/search/vscode-node/searchServiceImpl.ts(52,198): error TS2503: Cannot find namespace 'vscode'.
src/platform/search/vscode-node/searchServiceImpl.ts(54,34): error TS2503: Cannot find namespace 'vscode'.
src/platform/search/vscode-node/searchServiceImpl.ts(54,50): error TS2503: Cannot find namespace 'vscode'.
src/platform/search/vscode-node/searchServiceImpl.ts(55,19): error TS7006: Parameter 'value' implicitly has an 'any' type.
src/platform/search/vscode/baseSearchServiceImpl.ts(10,31): error TS2503: Cannot find namespace 'vscode'.
src/platform/search/vscode/baseSearchServiceImpl.ts(10,64): error TS2503: Cannot find namespace 'vscode'.
src/platform/search/vscode/baseSearchServiceImpl.ts(10,105): error TS2503: Cannot find namespace 'vscode'.
src/platform/search/vscode/baseSearchServiceImpl.ts(10,121): error TS2503: Cannot find namespace 'vscode'.
src/platform/search/vscode/baseSearchServiceImpl.ts(10,154): error TS2503: Cannot find namespace 'vscode'.
src/platform/search/vscode/baseSearchServiceImpl.ts(10,189): error TS2503: Cannot find namespace 'vscode'.
src/platform/search/vscode/baseSearchServiceImpl.ts(11,65): error TS7006: Parameter 'result' implicitly has an 'any' type.
src/platform/search/vscode/baseSearchServiceImpl.ts(14,26): error TS2503: Cannot find namespace 'vscode'.
src/platform/search/vscode/baseSearchServiceImpl.ts(14,61): error TS2503: Cannot find namespace 'vscode'.
src/platform/search/vscode/baseSearchServiceImpl.ts(14,101): error TS2503: Cannot find namespace 'vscode'.
src/platform/search/vscode/baseSearchServiceImpl.ts(14,128): error TS2503: Cannot find namespace 'vscode'.
src/platform/search/vscode/baseSearchServiceImpl.ts(18,34): error TS2503: Cannot find namespace 'vscode'.
src/platform/search/vscode/baseSearchServiceImpl.ts(18,55): error TS2503: Cannot find namespace 'vscode'.
src/platform/search/vscode/baseSearchServiceImpl.ts(18,87): error TS2503: Cannot find namespace 'vscode'.
src/platform/search/vscode/baseSearchServiceImpl.ts(18,133): error TS2503: Cannot find namespace 'vscode'.
src/platform/search/vscode/baseSearchServiceImpl.ts(18,181): error TS2503: Cannot find namespace 'vscode'.
src/platform/settingsEditor/common/settingsEditorSearchService.ts(5,15): error TS2305: Module '"vscode"' has no exported member 'CancellationToken'.
src/platform/settingsEditor/common/settingsEditorSearchService.ts(5,34): error TS2305: Module '"vscode"' has no exported member 'Progress'.
src/platform/settingsEditor/common/settingsEditorSearchService.ts(5,44): error TS2305: Module '"vscode"' has no exported member 'SettingsSearchProvider'.
src/platform/settingsEditor/common/settingsEditorSearchService.ts(5,68): error TS2305: Module '"vscode"' has no exported member 'SettingsSearchProviderOptions'.
src/platform/settingsEditor/common/settingsEditorSearchService.ts(5,99): error TS2305: Module '"vscode"' has no exported member 'SettingsSearchResult'.
src/platform/snippy/common/snippyNotifier.ts(29,34): error TS2339: Property 'globalState' does not exist on type 'IVSCodeExtensionContext'.
src/platform/snippy/common/snippyNotifier.ts(53,16): error TS2339: Property 'globalState' does not exist on type 'IVSCodeExtensionContext'.
src/platform/survey/vscode/surveyServiceImpl.ts(6,10): error TS2305: Module '"vscode"' has no exported member 'l10n'.
src/platform/survey/vscode/surveyServiceImpl.ts(36,30): error TS2503: Cannot find namespace 'vscode'.
src/platform/survey/vscode/surveyServiceImpl.ts(127,49): error TS2339: Property 'globalState' does not exist on type 'IVSCodeExtensionContext'.
src/platform/survey/vscode/surveyServiceImpl.ts(135,38): error TS2339: Property 'globalState' does not exist on type 'IVSCodeExtensionContext'.
src/platform/survey/vscode/surveyServiceImpl.ts(158,37): error TS2339: Property 'globalState' does not exist on type 'IVSCodeExtensionContext'.
src/platform/survey/vscode/surveyServiceImpl.ts(162,37): error TS2339: Property 'globalState' does not exist on type 'IVSCodeExtensionContext'.
src/platform/survey/vscode/surveyServiceImpl.ts(194,139): error TS7006: Parameter 'selection' implicitly has an 'any' type.
src/platform/tabs/common/tabsAndEditorsService.ts(6,1): error TS6133: 'vscode' is declared but its value is never read.
src/platform/tabs/common/tabsAndEditorsService.ts(10,16): error TS2503: Cannot find namespace 'vscode'.
src/platform/tabs/common/tabsAndEditorsService.ts(11,16): error TS2503: Cannot find namespace 'vscode'.
src/platform/tabs/common/tabsAndEditorsService.ts(24,40): error TS2503: Cannot find namespace 'vscode'.
src/platform/tabs/common/tabsAndEditorsService.ts(24,53): error TS2503: Cannot find namespace 'vscode'.
src/platform/tabs/common/tabsAndEditorsService.ts(25,29): error TS2503: Cannot find namespace 'vscode'.
src/platform/tabs/common/tabsAndEditorsService.ts(26,40): error TS2503: Cannot find namespace 'vscode'.
src/platform/tabs/common/tabsAndEditorsService.ts(27,33): error TS2503: Cannot find namespace 'vscode'.
src/platform/tabs/common/tabsAndEditorsService.ts(28,44): error TS2503: Cannot find namespace 'vscode'.
src/platform/tabs/common/tabsAndEditorsService.ts(29,28): error TS2503: Cannot find namespace 'vscode'.
src/platform/tabs/vscode/tabsAndEditorsServiceImpl.ts(18,47): error TS2503: Cannot find namespace 'vscode'.
src/platform/tabs/vscode/tabsAndEditorsServiceImpl.ts(21,40): error TS2503: Cannot find namespace 'vscode'.
src/platform/tabs/vscode/tabsAndEditorsServiceImpl.ts(21,53): error TS2503: Cannot find namespace 'vscode'.
src/platform/tabs/vscode/tabsAndEditorsServiceImpl.ts(30,64): error TS7006: Parameter 'e' implicitly has an 'any' type.
src/platform/tabs/vscode/tabsAndEditorsServiceImpl.ts(32,21): error TS7006: Parameter 'item' implicitly has an 'any' type.
src/platform/tabs/vscode/tabsAndEditorsServiceImpl.ts(37,59): error TS7006: Parameter 'e' implicitly has an 'any' type.
src/platform/tabs/vscode/tabsAndEditorsServiceImpl.ts(39,28): error TS7006: Parameter 't' implicitly has an 'any' type.
src/platform/tabs/vscode/tabsAndEditorsServiceImpl.ts(40,26): error TS7006: Parameter 't' implicitly has an 'any' type.
src/platform/tabs/vscode/tabsAndEditorsServiceImpl.ts(41,26): error TS7006: Parameter 't' implicitly has an 'any' type.
src/platform/tabs/vscode/tabsAndEditorsServiceImpl.ts(56,26): error TS2503: Cannot find namespace 'vscode'.
src/platform/tabs/vscode/tabsAndEditorsServiceImpl.ts(63,38): error TS2503: Cannot find namespace 'vscode'.
src/platform/tabs/vscode/tabsAndEditorsServiceImpl.ts(64,44): error TS7006: Parameter 'e' implicitly has an 'any' type.
src/platform/tabs/vscode/tabsAndEditorsServiceImpl.ts(81,37): error TS2503: Cannot find namespace 'vscode'.
src/platform/tabs/vscode/tabsAndEditorsServiceImpl.ts(85,30): error TS2503: Cannot find namespace 'vscode'.
src/platform/tabs/vscode/tabsAndEditorsServiceImpl.ts(89,41): error TS2503: Cannot find namespace 'vscode'.
src/platform/tabs/vscode/tabsAndEditorsServiceImpl.ts(94,46): error TS7006: Parameter 'g' implicitly has an 'any' type.
src/platform/tabs/vscode/tabsAndEditorsServiceImpl.ts(97,26): error TS2503: Cannot find namespace 'vscode'.
src/platform/tabs/vscode/tabsAndEditorsServiceImpl.ts(98,12): error TS2503: Cannot find namespace 'vscode'.
src/platform/tasks/common/tasksService.ts(7,1): error TS6133: 'vscode' is declared but its value is never read.
src/platform/tasks/common/tasksService.ts(30,47): error TS2503: Cannot find namespace 'vscode'.
src/platform/tasks/common/tasksService.ts(34,44): error TS2503: Cannot find namespace 'vscode'.
src/platform/tasks/common/tasksService.ts(38,51): error TS2503: Cannot find namespace 'vscode'.
src/platform/tasks/common/tasksService.ts(44,20): error TS2503: Cannot find namespace 'vscode'.
src/platform/tasks/common/tasksService.ts(49,34): error TS2503: Cannot find namespace 'vscode'.
src/platform/tasks/common/tasksService.ts(53,26): error TS2503: Cannot find namespace 'vscode'.
src/platform/tasks/common/tasksService.ts(59,27): error TS2503: Cannot find namespace 'vscode'.
src/platform/tasks/common/tasksService.ts(68,27): error TS2503: Cannot find namespace 'vscode'.
src/platform/tasks/common/tasksService.ts(68,51): error TS2503: Cannot find namespace 'vscode'.
src/platform/tasks/common/testTasksService.ts(7,1): error TS6133: 'vscode' is declared but its value is never read.
src/platform/tasks/common/testTasksService.ts(30,25): error TS2503: Cannot find namespace 'vscode'.
src/platform/tasks/common/testTasksService.ts(30,55): error TS2503: Cannot find namespace 'vscode'.
src/platform/tasks/common/testTasksService.ts(37,20): error TS2503: Cannot find namespace 'vscode'.
src/platform/tasks/common/testTasksService.ts(41,27): error TS2503: Cannot find namespace 'vscode'.
src/platform/tasks/common/testTasksService.ts(41,51): error TS2503: Cannot find namespace 'vscode'.
src/platform/tasks/common/testTasksService.ts(47,19): error TS2503: Cannot find namespace 'vscode'.
src/platform/tasks/vscode/tasksService.ts(26,47): error TS2503: Cannot find namespace 'vscode'.
src/platform/tasks/vscode/tasksService.ts(26,70): error TS2503: Cannot find namespace 'vscode'.
src/platform/tasks/vscode/tasksService.ts(34,40): error TS7006: Parameter 'e' implicitly has an 'any' type.
src/platform/tasks/vscode/tasksService.ts(35,20): error TS2503: Cannot find namespace 'vscode'.
src/platform/tasks/vscode/tasksService.ts(35,90): error TS2503: Cannot find namespace 'vscode'.
src/platform/tasks/vscode/tasksService.ts(40,59): error TS7006: Parameter 'closedTerminal' implicitly has an 'any' type.
src/platform/tasks/vscode/tasksService.ts(48,50): error TS7006: Parameter 'ev' implicitly has an 'any' type.
src/platform/tasks/vscode/tasksService.ts(58,52): error TS2503: Cannot find namespace 'vscode'.
src/platform/tasks/vscode/tasksService.ts(60,20): error TS2503: Cannot find namespace 'vscode'.
src/platform/tasks/vscode/tasksService.ts(63,28): error TS2503: Cannot find namespace 'vscode'.
src/platform/tasks/vscode/tasksService.ts(63,56): error TS2503: Cannot find namespace 'vscode'.
src/platform/tasks/vscode/tasksService.ts(67,37): error TS2503: Cannot find namespace 'vscode'.
src/platform/tasks/vscode/tasksService.ts(77,37): error TS2503: Cannot find namespace 'vscode'.
src/platform/tasks/vscode/tasksService.ts(77,61): error TS2503: Cannot find namespace 'vscode'.
src/platform/tasks/vscode/tasksService.ts(97,37): error TS2503: Cannot find namespace 'vscode'.
src/platform/tasks/vscode/tasksService.ts(104,57): error TS2503: Cannot find namespace 'vscode'.
src/platform/tasks/vscode/tasksService.ts(139,46): error TS2503: Cannot find namespace 'vscode'.
src/platform/tasks/vscode/tasksService.ts(153,21): error TS2503: Cannot find namespace 'vscode'.
src/platform/tasks/vscode/tasksService.ts(163,20): error TS2503: Cannot find namespace 'vscode'.
src/platform/tasks/vscode/tasksService.ts(164,34): error TS2503: Cannot find namespace 'vscode'.
src/platform/tasks/vscode/tasksService.ts(165,41): error TS2503: Cannot find namespace 'vscode'.
src/platform/tasks/vscode/tasksService.ts(165,70): error TS2503: Cannot find namespace 'vscode'.
src/platform/tasks/vscode/tasksService.ts(171,25): error TS2503: Cannot find namespace 'vscode'.
src/platform/tasks/vscode/tasksService.ts(175,52): error TS2503: Cannot find namespace 'vscode'.
src/platform/tasks/vscode/tasksService.ts(178,13): error TS2503: Cannot find namespace 'vscode'.
src/platform/tasks/vscode/tasksService.ts(180,17): error TS7006: Parameter 'task' implicitly has an 'any' type.
src/platform/tasks/vscode/tasksService.ts(198,25): error TS2503: Cannot find namespace 'vscode'.
src/platform/tasks/vscode/tasksService.ts(212,54): error TS7006: Parameter 'e' implicitly has an 'any' type.
src/platform/tasks/vscode/tasksService.ts(218,47): error TS7006: Parameter 'e' implicitly has an 'any' type.
src/platform/tasks/vscode/tasksService.ts(229,20): error TS2503: Cannot find namespace 'vscode'.
src/platform/tasks/vscode/tasksService.ts(243,56): error TS7006: Parameter 'e' implicitly has an 'any' type.
src/platform/tasks/vscode/tasksService.ts(252,72): error TS7006: Parameter 'e' implicitly has an 'any' type.
src/platform/tasks/vscode/tasksService.ts(279,50): error TS7006: Parameter 'e' implicitly has an 'any' type.
src/platform/tasks/vscode/tasksService.ts(283,48): error TS7006: Parameter 'e' implicitly has an 'any' type.
src/platform/telemetry/common/failingTelemetryReporter.ts(6,15): error TS2305: Module '"vscode"' has no exported member 'TelemetrySender'.
src/platform/telemetry/common/ghTelemetrySender.ts(6,15): error TS2305: Module '"vscode"' has no exported member 'TelemetryLogger'.
src/platform/telemetry/common/ghTelemetryService.ts(6,15): error TS2305: Module '"vscode"' has no exported member 'TelemetrySender'.
src/platform/telemetry/common/telemetry.ts(5,15): error TS2305: Module '"vscode"' has no exported member 'TelemetrySender'.
src/platform/telemetry/common/telemetry.ts(19,52): error TS2694: Namespace 'shim' has no exported member 'TelemetryTrustedValue'.
src/platform/telemetry/common/telemetryData.ts(5,15): error TS2305: Module '"vscode"' has no exported member 'TelemetryTrustedValue'.
src/platform/telemetry/node/azureInsightsReporter.ts(11,15): error TS2305: Module '"vscode"' has no exported member 'TelemetrySender'.
src/platform/telemetry/node/baseExperimentationService.ts(6,1): error TS6133: 'vscode' is declared but its value is never read.
src/platform/telemetry/node/baseExperimentationService.ts(57,46): error TS2339: Property 'globalState' does not exist on type 'IVSCodeExtensionContext'.
src/platform/telemetry/node/baseExperimentationService.ts(58,41): error TS2339: Property 'globalState' does not exist on type 'IVSCodeExtensionContext'.
src/platform/telemetry/node/baseExperimentationService.ts(59,44): error TS2339: Property 'globalState' does not exist on type 'IVSCodeExtensionContext'.
src/platform/telemetry/node/baseExperimentationService.ts(60,42): error TS2339: Property 'globalState' does not exist on type 'IVSCodeExtensionContext'.
src/platform/telemetry/node/baseExperimentationService.ts(61,56): error TS2339: Property 'globalState' does not exist on type 'IVSCodeExtensionContext'.
src/platform/telemetry/node/baseExperimentationService.ts(62,54): error TS2339: Property 'globalState' does not exist on type 'IVSCodeExtensionContext'.
src/platform/telemetry/node/baseExperimentationService.ts(108,21): error TS2339: Property 'globalState' does not exist on type 'IVSCodeExtensionContext'.
src/platform/telemetry/node/baseExperimentationService.ts(109,21): error TS2339: Property 'globalState' does not exist on type 'IVSCodeExtensionContext'.
src/platform/telemetry/node/baseExperimentationService.ts(110,21): error TS2339: Property 'globalState' does not exist on type 'IVSCodeExtensionContext'.
src/platform/telemetry/node/baseExperimentationService.ts(111,21): error TS2339: Property 'globalState' does not exist on type 'IVSCodeExtensionContext'.
src/platform/telemetry/node/baseExperimentationService.ts(112,21): error TS2339: Property 'globalState' does not exist on type 'IVSCodeExtensionContext'.
src/platform/telemetry/node/baseExperimentationService.ts(113,21): error TS2339: Property 'globalState' does not exist on type 'IVSCodeExtensionContext'.
src/platform/telemetry/node/baseExperimentationService.ts(119,49): error TS2503: Cannot find namespace 'vscode'.
src/platform/telemetry/node/baseExperimentationService.ts(158,39): error TS2339: Property 'globalState' does not exist on type 'IVSCodeExtensionContext'.
src/platform/telemetry/test/node/experimentation.spec.ts(244,26): error TS2339: Property 'globalState' does not exist on type 'IVSCodeExtensionContext'.
src/platform/telemetry/test/node/experimentation.spec.ts(245,26): error TS2339: Property 'globalState' does not exist on type 'IVSCodeExtensionContext'.
src/platform/telemetry/test/node/experimentation.spec.ts(256,26): error TS2339: Property 'globalState' does not exist on type 'IVSCodeExtensionContext'.
src/platform/telemetry/test/node/experimentation.spec.ts(257,26): error TS2339: Property 'globalState' does not exist on type 'IVSCodeExtensionContext'.
src/platform/telemetry/test/node/experimentation.spec.ts(378,26): error TS2339: Property 'globalState' does not exist on type 'IVSCodeExtensionContext'.
src/platform/telemetry/test/node/experimentation.spec.ts(379,26): error TS2339: Property 'globalState' does not exist on type 'IVSCodeExtensionContext'.
src/platform/telemetry/test/node/experimentation.spec.ts(387,38): error TS2339: Property 'globalState' does not exist on type 'IVSCodeExtensionContext'.
src/platform/telemetry/test/node/experimentation.spec.ts(388,38): error TS2339: Property 'globalState' does not exist on type 'IVSCodeExtensionContext'.
src/platform/telemetry/test/node/experimentation.spec.ts(471,26): error TS2339: Property 'globalState' does not exist on type 'IVSCodeExtensionContext'.
src/platform/telemetry/test/node/experimentation.spec.ts(479,53): error TS2339: Property 'globalState' does not exist on type 'IVSCodeExtensionContext'.
src/platform/telemetry/test/node/experimentation.spec.ts(485,26): error TS2339: Property 'globalState' does not exist on type 'IVSCodeExtensionContext'.
src/platform/telemetry/test/node/experimentation.spec.ts(494,26): error TS2339: Property 'globalState' does not exist on type 'IVSCodeExtensionContext'.
src/platform/telemetry/test/node/experimentation.spec.ts(516,26): error TS2339: Property 'globalState' does not exist on type 'IVSCodeExtensionContext'.
src/platform/telemetry/test/node/experimentation.spec.ts(524,42): error TS2339: Property 'globalState' does not exist on type 'IVSCodeExtensionContext'.
src/platform/telemetry/test/node/experimentation.spec.ts(533,26): error TS2339: Property 'globalState' does not exist on type 'IVSCodeExtensionContext'.
src/platform/telemetry/test/node/experimentation.spec.ts(542,26): error TS2339: Property 'globalState' does not exist on type 'IVSCodeExtensionContext'.
src/platform/telemetry/test/node/experimentation.spec.ts(614,26): error TS2339: Property 'globalState' does not exist on type 'IVSCodeExtensionContext'.
src/platform/telemetry/test/node/experimentation.spec.ts(622,39): error TS2339: Property 'globalState' does not exist on type 'IVSCodeExtensionContext'.
src/platform/telemetry/test/node/experimentation.spec.ts(628,26): error TS2339: Property 'globalState' does not exist on type 'IVSCodeExtensionContext'.
src/platform/telemetry/test/node/experimentation.spec.ts(637,26): error TS2339: Property 'globalState' does not exist on type 'IVSCodeExtensionContext'.
src/platform/telemetry/test/node/telemetry.spec.ts(7,15): error TS2305: Module '"vscode"' has no exported member 'TelemetryLogger'.
src/platform/telemetry/vscode-node/githubTelemetrySender.ts(8,10): error TS2305: Module '"vscode"' has no exported member 'env'.
src/platform/telemetry/vscode-node/githubTelemetrySender.ts(8,15): error TS2305: Module '"vscode"' has no exported member 'TelemetryLogger'.
src/platform/telemetry/vscode-node/githubTelemetrySender.ts(8,32): error TS2305: Module '"vscode"' has no exported member 'TelemetrySender'.
src/platform/telemetry/vscode-node/microsoftExperimentationService.ts(212,22): error TS2339: Property 'extension' does not exist on type 'IVSCodeExtensionContext'.
src/platform/telemetry/vscode-node/microsoftExperimentationService.ts(213,27): error TS2339: Property 'extension' does not exist on type 'IVSCodeExtensionContext'.
src/platform/telemetry/vscode-node/microsoftExperimentationService.ts(216,36): error TS2503: Cannot find namespace 'vscode'.
src/platform/telemetry/vscode-node/microsoftExperimentationService.ts(244,36): error TS2503: Cannot find namespace 'vscode'.
src/platform/telemetry/vscode-node/microsoftExperimentationService.ts(247,29): error TS2503: Cannot find namespace 'vscode'.
src/platform/terminal/common/terminalService.ts(19,32): error TS2503: Cannot find namespace 'vscode'.
src/platform/terminal/common/terminalService.ts(25,48): error TS2503: Cannot find namespace 'vscode'.
src/platform/terminal/common/terminalService.ts(25,61): error TS2503: Cannot find namespace 'vscode'.
src/platform/terminal/common/terminalService.ts(26,43): error TS2503: Cannot find namespace 'vscode'.
src/platform/terminal/common/terminalService.ts(26,56): error TS2503: Cannot find namespace 'vscode'.
src/platform/terminal/common/terminalService.ts(27,31): error TS2503: Cannot find namespace 'vscode'.
src/platform/terminal/common/terminalService.ts(27,44): error TS2503: Cannot find namespace 'vscode'.
src/platform/terminal/common/terminalService.ts(28,35): error TS2503: Cannot find namespace 'vscode'.
src/platform/terminal/common/terminalService.ts(28,48): error TS2503: Cannot find namespace 'vscode'.
src/platform/terminal/common/terminalService.ts(33,93): error TS2503: Cannot find namespace 'vscode'.
src/platform/terminal/common/terminalService.ts(34,26): error TS2503: Cannot find namespace 'vscode'.
src/platform/terminal/common/terminalService.ts(34,51): error TS2503: Cannot find namespace 'vscode'.
src/platform/terminal/common/terminalService.ts(35,26): error TS2503: Cannot find namespace 'vscode'.
src/platform/terminal/common/terminalService.ts(35,60): error TS2503: Cannot find namespace 'vscode'.
src/platform/terminal/common/terminalService.ts(41,33): error TS2503: Cannot find namespace 'vscode'.
src/platform/terminal/common/terminalService.ts(53,38): error TS2503: Cannot find namespace 'vscode'.
src/platform/terminal/common/terminalService.ts(53,56): error TS2503: Cannot find namespace 'vscode'.
src/platform/terminal/common/terminalService.ts(78,31): error TS2503: Cannot find namespace 'vscode'.
src/platform/terminal/common/terminalService.ts(89,63): error TS2503: Cannot find namespace 'vscode'.
src/platform/terminal/common/terminalService.ts(90,32): error TS2503: Cannot find namespace 'vscode'.
src/platform/terminal/common/terminalService.ts(91,76): error TS2503: Cannot find namespace 'vscode'.
src/platform/terminal/common/terminalService.ts(92,45): error TS2503: Cannot find namespace 'vscode'.
src/platform/terminal/common/terminalService.ts(93,71): error TS2503: Cannot find namespace 'vscode'.
src/platform/terminal/common/terminalService.ts(94,40): error TS2503: Cannot find namespace 'vscode'.
src/platform/terminal/common/terminalService.ts(95,59): error TS2503: Cannot find namespace 'vscode'.
src/platform/terminal/common/terminalService.ts(96,28): error TS2503: Cannot find namespace 'vscode'.
src/platform/terminal/common/terminalService.ts(106,29): error TS2503: Cannot find namespace 'vscode'.
src/platform/terminal/common/terminalService.ts(118,53): error TS2503: Cannot find namespace 'vscode'.
src/platform/terminal/common/terminalService.ts(134,47): error TS2503: Cannot find namespace 'vscode'.
src/platform/terminal/common/terminalService.ts(138,93): error TS2503: Cannot find namespace 'vscode'.
src/platform/terminal/common/terminalService.ts(139,26): error TS2503: Cannot find namespace 'vscode'.
src/platform/terminal/common/terminalService.ts(139,51): error TS2503: Cannot find namespace 'vscode'.
src/platform/terminal/common/terminalService.ts(140,26): error TS2503: Cannot find namespace 'vscode'.
src/platform/terminal/common/terminalService.ts(140,60): error TS2503: Cannot find namespace 'vscode'.
src/platform/terminal/common/terminalService.ts(141,64): error TS2503: Cannot find namespace 'vscode'.
src/platform/terminal/common/terminalService.ts(142,16): error TS2503: Cannot find namespace 'vscode'.
src/platform/terminal/common/terminalService.ts(145,28): error TS2503: Cannot find namespace 'vscode'.
src/platform/terminal/common/terminalService.ts(149,33): error TS2503: Cannot find namespace 'vscode'.
src/platform/terminal/common/terminalService.ts(157,38): error TS2503: Cannot find namespace 'vscode'.
src/platform/terminal/common/terminalService.ts(157,56): error TS2503: Cannot find namespace 'vscode'.
src/platform/terminal/common/terminalService.ts(179,41): error TS2503: Cannot find namespace 'vscode'.
src/platform/terminal/vscode/terminalBufferListener.ts(6,10): error TS2305: Module '"vscode"' has no exported member 'Disposable'.
src/platform/terminal/vscode/terminalBufferListener.ts(6,22): error TS2305: Module '"vscode"' has no exported member 'Terminal'.
src/platform/terminal/vscode/terminalBufferListener.ts(6,32): error TS2305: Module '"vscode"' has no exported member 'TerminalExecutedCommand'.
src/platform/terminal/vscode/terminalBufferListener.ts(6,57): error TS2305: Module '"vscode"' has no exported member 'window'.
src/platform/terminal/vscode/terminalBufferListener.ts(115,35): error TS7006: Parameter 't' implicitly has an 'any' type.
src/platform/terminal/vscode/terminalBufferListener.ts(123,33): error TS7006: Parameter 'e' implicitly has an 'any' type.
src/platform/terminal/vscode/terminalBufferListener.ts(131,38): error TS7006: Parameter 'e' implicitly has an 'any' type.
src/platform/terminal/vscode/terminalBufferListener.ts(139,29): error TS7006: Parameter 'e' implicitly has an 'any' type.
src/platform/terminal/vscode/terminalServiceImpl.ts(7,10): error TS2305: Module '"vscode"' has no exported member 'Event'.
src/platform/terminal/vscode/terminalServiceImpl.ts(7,17): error TS2305: Module '"vscode"' has no exported member 'ExtensionTerminalOptions'.
src/platform/terminal/vscode/terminalServiceImpl.ts(7,43): error TS2305: Module '"vscode"' has no exported member 'Terminal'.
src/platform/terminal/vscode/terminalServiceImpl.ts(7,53): error TS2305: Module '"vscode"' has no exported member 'TerminalExecutedCommand'.
src/platform/terminal/vscode/terminalServiceImpl.ts(7,78): error TS2305: Module '"vscode"' has no exported member 'TerminalOptions'.
src/platform/terminal/vscode/terminalServiceImpl.ts(7,95): error TS2305: Module '"vscode"' has no exported member 'TerminalShellExecutionEndEvent'.
src/platform/terminal/vscode/terminalServiceImpl.ts(7,127): error TS2305: Module '"vscode"' has no exported member 'TerminalShellIntegrationChangeEvent'.
src/platform/terminal/vscode/terminalServiceImpl.ts(7,164): error TS2305: Module '"vscode"' has no exported member 'window'.
src/platform/terminal/vscode/terminalServiceImpl.ts(7,177): error TS2305: Module '"vscode"' has no exported member 'TerminalDataWriteEvent'.
src/platform/terminal/vscode/terminalServiceImpl.ts(33,16): error TS2339: Property 'environmentVariableCollection' does not exist on type 'IVSCodeExtensionContext'.
src/platform/terminal/vscode/terminalServiceImpl.ts(130,16): error TS2339: Property 'environmentVariableCollection' does not exist on type 'IVSCodeExtensionContext'.
src/platform/terminal/vscode/terminalServiceImpl.ts(161,16): error TS2339: Property 'environmentVariableCollection' does not exist on type 'IVSCodeExtensionContext'.
src/platform/terminal/vscode/terminalServiceImpl.ts(168,17): error TS2339: Property 'environmentVariableCollection' does not exist on type 'IVSCodeExtensionContext'.
src/platform/terminal/vscode/terminalServiceImpl.ts(171,17): error TS2339: Property 'environmentVariableCollection' does not exist on type 'IVSCodeExtensionContext'.
src/platform/test/common/testExtensionsService.ts(6,15): error TS2305: Module '"vscode"' has no exported member 'Extension'.
src/platform/test/common/testNotebookService.ts(6,15): error TS2305: Module '"vscode"' has no exported member 'NotebookCell'.
src/platform/test/common/testNotebookService.ts(6,29): error TS2305: Module '"vscode"' has no exported member 'Uri'.
src/platform/test/node/extensionContext.ts(7,15): error TS2305: Module '"vscode"' has no exported member 'Memento'.
src/platform/test/node/extensionContext.ts(7,24): error TS2305: Module '"vscode"' has no exported member 'Uri'.
src/platform/test/node/promptContextModel.ts(7,1): error TS6133: 'vscode' is declared but its value is never read.
src/platform/test/node/promptContextModel.ts(32,29): error TS2503: Cannot find namespace 'vscode'.
src/platform/test/node/promptContextModel.ts(34,33): error TS2503: Cannot find namespace 'vscode'.
src/platform/test/node/promptContextModel.ts(35,38): error TS2503: Cannot find namespace 'vscode'.
src/platform/test/node/promptContextModel.ts(36,39): error TS2503: Cannot find namespace 'vscode'.
src/platform/test/node/promptContextModel.ts(37,34): error TS2503: Cannot find namespace 'vscode'.
src/platform/test/node/promptContextModel.ts(40,32): error TS2503: Cannot find namespace 'vscode'.
src/platform/test/node/promptContextModel.ts(209,59): error TS2503: Cannot find namespace 'vscode'.
src/platform/test/node/services.ts(7,15): error TS2305: Module '"vscode"' has no exported member 'CancellationToken'.
src/platform/test/node/services.ts(7,34): error TS2305: Module '"vscode"' has no exported member 'OpenDialogOptions'.
src/platform/test/node/services.ts(7,53): error TS2305: Module '"vscode"' has no exported member 'QuickPickItem'.
src/platform/test/node/services.ts(7,68): error TS2305: Module '"vscode"' has no exported member 'QuickPickOptions'.
src/platform/test/node/services.ts(7,86): error TS2305: Module '"vscode"' has no exported member 'Selection'.
src/platform/test/node/services.ts(7,97): error TS2305: Module '"vscode"' has no exported member 'TextEditor'.
src/platform/test/node/services.ts(7,109): error TS2305: Module '"vscode"' has no exported member 'Uri'.
src/platform/test/node/simulationWorkspace.ts(8,1): error TS6133: 'vscode' is declared but its value is never read.
src/platform/test/node/simulationWorkspace.ts(82,80): error TS2503: Cannot find namespace 'vscode'.
src/platform/test/node/simulationWorkspace.ts(94,29): error TS2503: Cannot find namespace 'vscode'.
src/platform/test/node/simulationWorkspace.ts(105,43): error TS2503: Cannot find namespace 'vscode'.
src/platform/test/node/simulationWorkspace.ts(105,56): error TS2503: Cannot find namespace 'vscode'.
src/platform/test/node/simulationWorkspace.ts(119,72): error TS2503: Cannot find namespace 'vscode'.
src/platform/test/node/simulationWorkspace.ts(126,41): error TS2503: Cannot find namespace 'vscode'.
src/platform/test/node/simulationWorkspace.ts(146,33): error TS2503: Cannot find namespace 'vscode'.
src/platform/test/node/simulationWorkspace.ts(150,37): error TS2503: Cannot find namespace 'vscode'.
src/platform/test/node/simulationWorkspace.ts(158,38): error TS2503: Cannot find namespace 'vscode'.
src/platform/test/node/simulationWorkspace.ts(184,39): error TS2503: Cannot find namespace 'vscode'.
src/platform/test/node/simulationWorkspace.ts(244,41): error TS2503: Cannot find namespace 'vscode'.
src/platform/test/node/simulationWorkspace.ts(294,32): error TS2503: Cannot find namespace 'vscode'.
src/platform/test/node/simulationWorkspace.ts(310,33): error TS2503: Cannot find namespace 'vscode'.
src/platform/test/node/simulationWorkspace.ts(325,47): error TS2503: Cannot find namespace 'vscode'.
src/platform/test/node/simulationWorkspace.ts(332,40): error TS2503: Cannot find namespace 'vscode'.
src/platform/test/node/simulationWorkspace.ts(338,57): error TS2503: Cannot find namespace 'vscode'.
src/platform/test/node/simulationWorkspace.ts(344,49): error TS2503: Cannot find namespace 'vscode'.
src/platform/test/node/simulationWorkspace.ts(345,39): error TS2503: Cannot find namespace 'vscode'.
src/platform/test/node/simulationWorkspace.ts(352,22): error TS2503: Cannot find namespace 'vscode'.
src/platform/test/node/simulationWorkspace.ts(359,35): error TS2503: Cannot find namespace 'vscode'.
src/platform/test/node/simulationWorkspace.ts(363,31): error TS2503: Cannot find namespace 'vscode'.
src/platform/test/node/simulationWorkspace.ts(363,43): error TS2503: Cannot find namespace 'vscode'.
src/platform/test/node/simulationWorkspace.ts(367,45): error TS2503: Cannot find namespace 'vscode'.
src/platform/test/node/simulationWorkspace.ts(376,26): error TS2503: Cannot find namespace 'vscode'.
src/platform/test/node/simulationWorkspace.ts(384,34): error TS2503: Cannot find namespace 'vscode'.
src/platform/test/node/simulationWorkspace.ts(388,42): error TS2503: Cannot find namespace 'vscode'.
src/platform/test/node/simulationWorkspace.ts(396,48): error TS2503: Cannot find namespace 'vscode'.
src/platform/test/node/simulationWorkspace.ts(411,45): error TS2503: Cannot find namespace 'vscode'.
src/platform/test/node/simulationWorkspace.ts(428,58): error TS2503: Cannot find namespace 'vscode'.
src/platform/test/node/simulationWorkspace.ts(435,26): error TS2503: Cannot find namespace 'vscode'.
src/platform/test/node/simulationWorkspace.ts(439,47): error TS2503: Cannot find namespace 'vscode'.
src/platform/test/node/simulationWorkspace.ts(443,25): error TS2503: Cannot find namespace 'vscode'.
src/platform/test/node/simulationWorkspace.ts(443,44): error TS2503: Cannot find namespace 'vscode'.
src/platform/test/node/simulationWorkspace.ts(443,78): error TS2503: Cannot find namespace 'vscode'.
src/platform/test/node/simulationWorkspace.ts(443,93): error TS2503: Cannot find namespace 'vscode'.
src/platform/test/node/simulationWorkspace.ts(445,43): error TS2345: Argument of type 'ExtHostTextEditor | undefined' is not assignable to parameter of type 'ExtHostTextEditor'.
  Type 'undefined' is not assignable to type 'ExtHostTextEditor'.
src/platform/test/node/simulationWorkspace.ts(456,33): error TS2503: Cannot find namespace 'vscode'.
src/platform/test/node/simulationWorkspace.ts(456,52): error TS2503: Cannot find namespace 'vscode'.
src/platform/test/node/simulationWorkspace.ts(464,71): error TS2503: Cannot find namespace 'vscode'.
src/platform/test/node/simulationWorkspace.ts(464,104): error TS2503: Cannot find namespace 'vscode'.
src/platform/test/node/simulationWorkspace.ts(464,131): error TS2503: Cannot find namespace 'vscode'.
src/platform/test/node/simulationWorkspace.ts(492,9): error TS2503: Cannot find namespace 'vscode'.
src/platform/test/node/simulationWorkspace.ts(493,9): error TS2503: Cannot find namespace 'vscode'.
src/platform/test/node/simulationWorkspace.ts(494,13): error TS2503: Cannot find namespace 'vscode'.
src/platform/test/node/simulationWorkspace.ts(495,13): error TS2503: Cannot find namespace 'vscode'.
src/platform/test/node/simulationWorkspace.ts(495,38): error TS2503: Cannot find namespace 'vscode'.
src/platform/test/node/simulationWorkspace.ts(524,9): error TS2503: Cannot find namespace 'vscode'.
src/platform/test/node/simulationWorkspace.ts(535,46): error TS2503: Cannot find namespace 'vscode'.
src/platform/test/node/simulationWorkspace.ts(535,74): error TS2503: Cannot find namespace 'vscode'.
src/platform/test/node/simulationWorkspace.ts(544,50): error TS2503: Cannot find namespace 'vscode'.
src/platform/test/node/simulationWorkspace.ts(544,97): error TS2503: Cannot find namespace 'vscode'.
src/platform/test/node/simulationWorkspaceServices.ts(9,1): error TS6133: 'vscode' is declared but its value is never read.
src/platform/test/node/simulationWorkspaceServices.ts(49,16): error TS2503: Cannot find namespace 'vscode'.
src/platform/test/node/simulationWorkspaceServices.ts(54,41): error TS2503: Cannot find namespace 'vscode'.
src/platform/test/node/simulationWorkspaceServices.ts(58,34): error TS2503: Cannot find namespace 'vscode'.
src/platform/test/node/simulationWorkspaceServices.ts(58,47): error TS2503: Cannot find namespace 'vscode'.
src/platform/test/node/simulationWorkspaceServices.ts(59,35): error TS2503: Cannot find namespace 'vscode'.
src/platform/test/node/simulationWorkspaceServices.ts(59,48): error TS2503: Cannot find namespace 'vscode'.
src/platform/test/node/simulationWorkspaceServices.ts(60,38): error TS2503: Cannot find namespace 'vscode'.
src/platform/test/node/simulationWorkspaceServices.ts(60,51): error TS2503: Cannot find namespace 'vscode'.
src/platform/test/node/simulationWorkspaceServices.ts(61,39): error TS2503: Cannot find namespace 'vscode'.
src/platform/test/node/simulationWorkspaceServices.ts(61,52): error TS2503: Cannot find namespace 'vscode'.
src/platform/test/node/simulationWorkspaceServices.ts(62,36): error TS2503: Cannot find namespace 'vscode'.
src/platform/test/node/simulationWorkspaceServices.ts(62,49): error TS2503: Cannot find namespace 'vscode'.
src/platform/test/node/simulationWorkspaceServices.ts(63,40): error TS2503: Cannot find namespace 'vscode'.
src/platform/test/node/simulationWorkspaceServices.ts(63,53): error TS2503: Cannot find namespace 'vscode'.
src/platform/test/node/simulationWorkspaceServices.ts(64,40): error TS2503: Cannot find namespace 'vscode'.
src/platform/test/node/simulationWorkspaceServices.ts(64,53): error TS2503: Cannot find namespace 'vscode'.
src/platform/test/node/simulationWorkspaceServices.ts(65,43): error TS2503: Cannot find namespace 'vscode'.
src/platform/test/node/simulationWorkspaceServices.ts(65,56): error TS2503: Cannot find namespace 'vscode'.
src/platform/test/node/simulationWorkspaceServices.ts(67,38): error TS2503: Cannot find namespace 'vscode'.
src/platform/test/node/simulationWorkspaceServices.ts(71,39): error TS2503: Cannot find namespace 'vscode'.
src/platform/test/node/simulationWorkspaceServices.ts(71,60): error TS2503: Cannot find namespace 'vscode'.
src/platform/test/node/simulationWorkspaceServices.ts(87,43): error TS2503: Cannot find namespace 'vscode'.
src/platform/test/node/simulationWorkspaceServices.ts(87,64): error TS2503: Cannot find namespace 'vscode'.
src/platform/test/node/simulationWorkspaceServices.ts(88,70): error TS2503: Cannot find namespace 'vscode'.
src/platform/test/node/simulationWorkspaceServices.ts(88,100): error TS2503: Cannot find namespace 'vscode'.
src/platform/test/node/simulationWorkspaceServices.ts(89,44): error TS2503: Cannot find namespace 'vscode'.
src/platform/test/node/simulationWorkspaceServices.ts(89,72): error TS2503: Cannot find namespace 'vscode'.
src/platform/test/node/simulationWorkspaceServices.ts(89,102): error TS2503: Cannot find namespace 'vscode'.
src/platform/test/node/simulationWorkspaceServices.ts(102,45): error TS2503: Cannot find namespace 'vscode'.
src/platform/test/node/simulationWorkspaceServices.ts(119,54): error TS2503: Cannot find namespace 'vscode'.
src/platform/test/node/simulationWorkspaceServices.ts(123,27): error TS2503: Cannot find namespace 'vscode'.
src/platform/test/node/simulationWorkspaceServices.ts(127,40): error TS2503: Cannot find namespace 'vscode'.
src/platform/test/node/simulationWorkspaceServices.ts(131,41): error TS2503: Cannot find namespace 'vscode'.
src/platform/test/node/simulationWorkspaceServices.ts(135,43): error TS2503: Cannot find namespace 'vscode'.
src/platform/test/node/simulationWorkspaceServices.ts(148,35): error TS2503: Cannot find namespace 'vscode'.
src/platform/test/node/simulationWorkspaceServices.ts(148,48): error TS2503: Cannot find namespace 'vscode'.
src/platform/test/node/simulationWorkspaceServices.ts(149,38): error TS2503: Cannot find namespace 'vscode'.
src/platform/test/node/simulationWorkspaceServices.ts(149,53): error TS2503: Cannot find namespace 'vscode'.
src/platform/test/node/simulationWorkspaceServices.ts(150,33): error TS2503: Cannot find namespace 'vscode'.
src/platform/test/node/simulationWorkspaceServices.ts(150,45): error TS2503: Cannot find namespace 'vscode'.
src/platform/test/node/simulationWorkspaceServices.ts(169,32): error TS2503: Cannot find namespace 'vscode'.
src/platform/test/node/simulationWorkspaceServices.ts(255,41): error TS2503: Cannot find namespace 'vscode'.
src/platform/test/node/simulationWorkspaceServices.ts(255,66): error TS2503: Cannot find namespace 'vscode'.
src/platform/test/node/simulationWorkspaceServices.ts(264,50): error TS2503: Cannot find namespace 'vscode'.
src/platform/test/node/simulationWorkspaceServices.ts(265,12): error TS2503: Cannot find namespace 'vscode'.
src/platform/test/node/simulationWorkspaceServices.ts(268,12): error TS2503: Cannot find namespace 'vscode'.
src/platform/test/node/simulationWorkspaceServices.ts(268,46): error TS2503: Cannot find namespace 'vscode'.
src/platform/test/node/simulationWorkspaceServices.ts(321,38): error TS2503: Cannot find namespace 'vscode'.
src/platform/test/node/simulationWorkspaceServices.ts(321,61): error TS2503: Cannot find namespace 'vscode'.
src/platform/test/node/simulationWorkspaceServices.ts(325,45): error TS2503: Cannot find namespace 'vscode'.
src/platform/test/node/simulationWorkspaceServices.ts(340,30): error TS2503: Cannot find namespace 'vscode'.
src/platform/test/node/simulationWorkspaceServices.ts(340,43): error TS2503: Cannot find namespace 'vscode'.
src/platform/test/node/simulationWorkspaceServices.ts(344,21): error TS2503: Cannot find namespace 'vscode'.
src/platform/test/node/simulationWorkspaceServices.ts(348,33): error TS2503: Cannot find namespace 'vscode'.
src/platform/test/node/simulationWorkspaceServices.ts(352,31): error TS2503: Cannot find namespace 'vscode'.
src/platform/test/node/simulationWorkspaceServices.ts(356,33): error TS2503: Cannot find namespace 'vscode'.
src/platform/test/node/simulationWorkspaceServices.ts(360,20): error TS2503: Cannot find namespace 'vscode'.
src/platform/test/node/simulationWorkspaceServices.ts(370,29): error TS2503: Cannot find namespace 'vscode'.
src/platform/test/node/simulationWorkspaceServices.ts(399,26): error TS2503: Cannot find namespace 'vscode'.
src/platform/test/node/simulationWorkspaceServices.ts(402,23): error TS2503: Cannot find namespace 'vscode'.
src/platform/test/node/simulationWorkspaceServices.ts(405,30): error TS2503: Cannot find namespace 'vscode'.
src/platform/test/node/simulationWorkspaceServices.ts(439,40): error TS2503: Cannot find namespace 'vscode'.
src/platform/test/node/simulationWorkspaceServices.ts(439,73): error TS2503: Cannot find namespace 'vscode'.
src/platform/test/node/simulationWorkspaceServices.ts(439,114): error TS2503: Cannot find namespace 'vscode'.
src/platform/test/node/simulationWorkspaceServices.ts(439,130): error TS2503: Cannot find namespace 'vscode'.
src/platform/test/node/simulationWorkspaceServices.ts(439,163): error TS2503: Cannot find namespace 'vscode'.
src/platform/test/node/simulationWorkspaceServices.ts(439,198): error TS2503: Cannot find namespace 'vscode'.
src/platform/test/node/simulationWorkspaceServices.ts(460,35): error TS2503: Cannot find namespace 'vscode'.
src/platform/test/node/simulationWorkspaceServices.ts(460,70): error TS2503: Cannot find namespace 'vscode'.
src/platform/test/node/simulationWorkspaceServices.ts(460,110): error TS2503: Cannot find namespace 'vscode'.
src/platform/test/node/simulationWorkspaceServices.ts(460,137): error TS2503: Cannot find namespace 'vscode'.
src/platform/test/node/simulationWorkspaceServices.ts(461,50): error TS2503: Cannot find namespace 'vscode'.
src/platform/test/node/simulationWorkspaceServices.ts(462,38): error TS2503: Cannot find namespace 'vscode'.
src/platform/test/node/simulationWorkspaceServices.ts(494,26): error TS2503: Cannot find namespace 'vscode'.
src/platform/test/node/simulationWorkspaceServices.ts(494,61): error TS2503: Cannot find namespace 'vscode'.
src/platform/test/node/simulationWorkspaceServices.ts(494,118): error TS2503: Cannot find namespace 'vscode'.
src/platform/test/node/simulationWorkspaceServices.ts(496,12): error TS7006: Parameter 'match' implicitly has an 'any' type.
src/platform/test/node/simulationWorkspaceServices.ts(509,25): error TS2503: Cannot find namespace 'vscode'.
src/platform/test/node/simulationWorkspaceServices.ts(509,59): error TS2503: Cannot find namespace 'vscode'.
src/platform/test/node/simulationWorkspaceServices.ts(509,90): error TS2503: Cannot find namespace 'vscode'.
src/platform/test/node/simulationWorkspaceServices.ts(509,106): error TS2503: Cannot find namespace 'vscode'.
src/platform/test/node/simulationWorkspaceServices.ts(543,40): error TS2503: Cannot find namespace 'vscode'.
src/platform/test/node/simulationWorkspaceServices.ts(543,61): error TS2503: Cannot find namespace 'vscode'.
src/platform/test/node/simulationWorkspaceServices.ts(543,93): error TS2503: Cannot find namespace 'vscode'.
src/platform/test/node/simulationWorkspaceServices.ts(543,139): error TS2503: Cannot find namespace 'vscode'.
src/platform/test/node/simulationWorkspaceServices.ts(543,186): error TS2503: Cannot find namespace 'vscode'.
src/platform/test/node/simulationWorkspaceServices.ts(545,14): error TS2503: Cannot find namespace 'vscode'.
src/platform/test/node/simulationWorkspaceServices.ts(560,40): error TS2503: Cannot find namespace 'vscode'.
src/platform/test/node/simulationWorkspaceServices.ts(572,54): error TS7006: Parameter 'e' implicitly has an 'any' type.
src/platform/test/node/simulationWorkspaceServices.ts(594,26): error TS2503: Cannot find namespace 'vscode'.
src/platform/test/node/simulationWorkspaceServices.ts(594,103): error TS2503: Cannot find namespace 'vscode'.
src/platform/test/node/simulationWorkspaceServices.ts(594,136): error TS2503: Cannot find namespace 'vscode'.
src/platform/test/node/simulationWorkspaceServices.ts(598,26): error TS2503: Cannot find namespace 'vscode'.
src/platform/test/node/simulationWorkspaceServices.ts(598,62): error TS2503: Cannot find namespace 'vscode'.
src/platform/test/node/simulationWorkspaceServices.ts(604,29): error TS2503: Cannot find namespace 'vscode'.
src/platform/test/node/simulationWorkspaceServices.ts(605,40): error TS2503: Cannot find namespace 'vscode'.
src/platform/test/node/simulationWorkspaceServices.ts(606,33): error TS2503: Cannot find namespace 'vscode'.
src/platform/test/node/simulationWorkspaceServices.ts(621,26): error TS2503: Cannot find namespace 'vscode'.
src/platform/test/node/simulationWorkspaceServices.ts(624,37): error TS2503: Cannot find namespace 'vscode'.
src/platform/test/node/simulationWorkspaceServices.ts(627,30): error TS2503: Cannot find namespace 'vscode'.
src/platform/test/node/simulationWorkspaceServices.ts(630,41): error TS2503: Cannot find namespace 'vscode'.
src/platform/test/node/simulationWorkspaceServices.ts(640,14): error TS2503: Cannot find namespace 'vscode'.
src/platform/test/node/simulationWorkspaceServices.ts(780,22): error TS2503: Cannot find namespace 'vscode'.
src/platform/test/node/simulationWorkspaceServices.ts(852,28): error TS2503: Cannot find namespace 'vscode'.
src/platform/test/node/simulationWorkspaceServices.ts(856,76): error TS2503: Cannot find namespace 'vscode'.
src/platform/test/node/simulationWorkspaceServices.ts(857,39): error TS2503: Cannot find namespace 'vscode'.
src/platform/test/node/simulationWorkspaceServices.ts(857,52): error TS2503: Cannot find namespace 'vscode'.
src/platform/test/node/simulationWorkspaceServices.ts(859,71): error TS2503: Cannot find namespace 'vscode'.
src/platform/test/node/simulationWorkspaceServices.ts(860,40): error TS2503: Cannot find namespace 'vscode'.
src/platform/test/node/simulationWorkspaceServices.ts(862,22): error TS2503: Cannot find namespace 'vscode'.
src/platform/test/node/simulationWorkspaceServices.ts(862,35): error TS2503: Cannot find namespace 'vscode'.
src/platform/test/node/simulationWorkspaceServices.ts(863,26): error TS2503: Cannot find namespace 'vscode'.
src/platform/test/node/simulationWorkspaceServices.ts(863,39): error TS2503: Cannot find namespace 'vscode'.
src/platform/test/node/simulationWorkspaceServices.ts(865,66): error TS2503: Cannot find namespace 'vscode'.
src/platform/test/node/simulationWorkspaceServices.ts(867,84): error TS2503: Cannot find namespace 'vscode'.
src/platform/test/node/simulationWorkspaceServices.ts(868,26): error TS2503: Cannot find namespace 'vscode'.
src/platform/test/node/simulationWorkspaceServices.ts(868,51): error TS2503: Cannot find namespace 'vscode'.
src/platform/test/node/simulationWorkspaceServices.ts(869,26): error TS2503: Cannot find namespace 'vscode'.
src/platform/test/node/simulationWorkspaceServices.ts(869,60): error TS2503: Cannot find namespace 'vscode'.
src/platform/test/node/simulationWorkspaceServices.ts(870,39): error TS2503: Cannot find namespace 'vscode'.
src/platform/test/node/simulationWorkspaceServices.ts(870,64): error TS2503: Cannot find namespace 'vscode'.
src/platform/test/node/simulationWorkspaceServices.ts(870,149): error TS2503: Cannot find namespace 'vscode'.
src/platform/test/node/simulationWorkspaceServices.ts(871,18): error TS2503: Cannot find namespace 'vscode'.
src/platform/test/node/simulationWorkspaceServices.ts(871,43): error TS2503: Cannot find namespace 'vscode'.
src/platform/test/node/simulationWorkspaceServices.ts(872,57): error TS2503: Cannot find namespace 'vscode'.
src/platform/test/node/simulationWorkspaceServices.ts(887,47): error TS2503: Cannot find namespace 'vscode'.
src/platform/test/node/simulationWorkspaceServices.ts(891,41): error TS2503: Cannot find namespace 'vscode'.
src/platform/test/node/simulationWorkspaceServices.ts(905,68): error TS2503: Cannot find namespace 'vscode'.
src/platform/test/node/simulationWorkspaceServices.ts(909,38): error TS2503: Cannot find namespace 'vscode'.
src/platform/test/node/simulationWorkspaceServices.ts(909,56): error TS2503: Cannot find namespace 'vscode'.
src/platform/test/node/simulationWorkspaceServices.ts(916,29): error TS2503: Cannot find namespace 'vscode'.
src/platform/test/node/simulationWorkspaceServices.ts(925,33): error TS2503: Cannot find namespace 'vscode'.
src/platform/test/node/simulationWorkspaceServices.ts(939,56): error TS2503: Cannot find namespace 'vscode'.
src/platform/test/node/simulationWorkspaceServices.ts(945,14): error TS2503: Cannot find namespace 'vscode'.
src/platform/test/node/simulationWorkspaceServices.ts(946,9): error TS2503: Cannot find namespace 'vscode'.
src/platform/test/node/simulationWorkspaceServices.ts(947,20): error TS2503: Cannot find namespace 'vscode'.
src/platform/test/node/simulationWorkspaceServices.ts(950,36): error TS2503: Cannot find namespace 'vscode'.
src/platform/test/node/simulationWorkspaceServices.ts(978,72): error TS2503: Cannot find namespace 'vscode'.
src/platform/test/node/simulationWorkspaceServices.ts(979,80): error TS2503: Cannot find namespace 'vscode'.
src/platform/test/node/simulationWorkspaceServices.ts(980,40): error TS2503: Cannot find namespace 'vscode'.
src/platform/test/node/simulationWorkspaceServices.ts(983,24): error TS2503: Cannot find namespace 'vscode'.
src/platform/test/node/simulationWorkspaceServices.ts(992,52): error TS2503: Cannot find namespace 'vscode'.
src/platform/test/node/simulationWorkspaceServices.ts(1005,70): error TS2503: Cannot find namespace 'vscode'.
src/platform/test/node/simulationWorkspaceServices.ts(1010,32): error TS2503: Cannot find namespace 'vscode'.
src/platform/test/node/simulationWorkspaceServices.ts(1011,24): error TS2503: Cannot find namespace 'vscode'.
src/platform/test/node/simulationWorkspaceServices.ts(1084,52): error TS2503: Cannot find namespace 'vscode'.
src/platform/test/node/simulationWorkspaceServices.ts(1087,28): error TS2503: Cannot find namespace 'vscode'.
src/platform/test/node/simulationWorkspaceServices.ts(1087,50): error TS2503: Cannot find namespace 'vscode'.
src/platform/test/node/simulationWorkspaceServices.ts(1087,77): error TS2503: Cannot find namespace 'vscode'.
src/platform/test/node/simulationWorkspaceServices.ts(1087,95): error TS2503: Cannot find namespace 'vscode'.
src/platform/test/node/simulationWorkspaceServices.ts(1090,32): error TS2503: Cannot find namespace 'vscode'.
src/platform/test/node/simulationWorkspaceServices.ts(1090,54): error TS2503: Cannot find namespace 'vscode'.
src/platform/test/node/simulationWorkspaceServices.ts(1090,81): error TS2503: Cannot find namespace 'vscode'.
src/platform/test/node/simulationWorkspaceServices.ts(1090,99): error TS2503: Cannot find namespace 'vscode'.
src/platform/test/node/simulationWorkspaceServices.ts(1093,27): error TS2503: Cannot find namespace 'vscode'.
src/platform/test/node/simulationWorkspaceServices.ts(1093,49): error TS2503: Cannot find namespace 'vscode'.
src/platform/test/node/simulationWorkspaceServices.ts(1093,75): error TS2503: Cannot find namespace 'vscode'.
src/platform/test/node/simulationWorkspaceServices.ts(1096,32): error TS2503: Cannot find namespace 'vscode'.
src/platform/test/node/simulationWorkspaceServices.ts(1096,53): error TS2503: Cannot find namespace 'vscode'.
src/platform/test/node/simulationWorkspaceServices.ts(1099,22): error TS2503: Cannot find namespace 'vscode'.
src/platform/test/node/simulationWorkspaceServices.ts(1099,35): error TS2503: Cannot find namespace 'vscode'.
src/platform/test/node/testWorkbenchService.ts(6,15): error TS2305: Module '"vscode"' has no exported member 'Extension'.
src/platform/test/node/testWorkbenchService.ts(6,26): error TS2305: Module '"vscode"' has no exported member 'Memento'.
src/platform/test/node/testWorkbenchService.ts(6,35): error TS2305: Module '"vscode"' has no exported member 'Uri'.
src/platform/test/node/testWorkbenchService.ts(131,38): error TS2339: Property 'globalStorageUri' does not exist on type 'IVSCodeExtensionContext'.
src/platform/test/node/testWorkbenchService.ts(135,38): error TS2339: Property 'globalState' does not exist on type 'IVSCodeExtensionContext'.
src/platform/testing/common/nullTestProvider.ts(6,15): error TS2305: Module '"vscode"' has no exported member 'Position'.
src/platform/testing/common/nullTestProvider.ts(6,25): error TS2305: Module '"vscode"' has no exported member 'TestItem'.
src/platform/testing/common/nullTestProvider.ts(6,35): error TS2305: Module '"vscode"' has no exported member 'Uri'.
src/platform/testing/common/testProvider.ts(6,1): error TS6133: 'vscode' is declared but its value is never read.
src/platform/testing/common/testProvider.ts(12,12): error TS2503: Cannot find namespace 'vscode'.
src/platform/testing/common/testProvider.ts(13,8): error TS2503: Cannot find namespace 'vscode'.
src/platform/testing/common/testProvider.ts(23,31): error TS2503: Cannot find namespace 'vscode'.
src/platform/testing/common/testProvider.ts(29,30): error TS2503: Cannot find namespace 'vscode'.
src/platform/testing/common/testProvider.ts(32,28): error TS2503: Cannot find namespace 'vscode'.
src/platform/testing/common/testProvider.ts(32,50): error TS2503: Cannot find namespace 'vscode'.
src/platform/testing/common/testProvider.ts(35,21): error TS2503: Cannot find namespace 'vscode'.
src/platform/testing/common/workspaceMutationManager.ts(6,1): error TS6133: 'vscode' is declared but its value is never read.
src/platform/testing/common/workspaceMutationManager.ts(33,30): error TS2503: Cannot find namespace 'vscode'.
src/platform/testing/common/workspaceMutationManager.ts(33,75): error TS2503: Cannot find namespace 'vscode'.
src/platform/testing/node/setupTestDetector.tsx(7,1): error TS6133: 'vscode' is declared but its value is never read.
src/platform/testing/node/setupTestDetector.tsx(25,23): error TS2503: Cannot find namespace 'vscode'.
src/platform/testing/node/setupTestDetector.tsx(26,22): error TS2503: Cannot find namespace 'vscode'.
src/platform/testing/node/setupTestDetector.tsx(36,57): error TS2503: Cannot find namespace 'vscode'.
src/platform/testing/node/setupTestDetector.tsx(36,85): error TS2503: Cannot find namespace 'vscode'.
src/platform/testing/node/setupTestDetector.tsx(41,43): error TS2503: Cannot find namespace 'vscode'.
src/platform/testing/node/setupTestDetector.tsx(44,68): error TS2503: Cannot find namespace 'vscode'.
src/platform/testing/node/setupTestDetector.tsx(68,83): error TS2503: Cannot find namespace 'vscode'.
src/platform/testing/node/setupTestDetector.tsx(110,50): error TS2503: Cannot find namespace 'vscode'.
src/platform/testing/node/setupTestDetector.tsx(113,17): error TS2503: Cannot find namespace 'vscode'.
src/platform/testing/node/setupTestDetector.tsx(210,75): error TS2503: Cannot find namespace 'vscode'.
src/platform/testing/node/setupTestDetector.tsx(210,103): error TS2503: Cannot find namespace 'vscode'.
src/platform/testing/node/setupTestDetector.tsx(211,46): error TS7006: Parameter 'r' implicitly has an 'any' type.
src/platform/testing/node/setupTestDetector.tsx(215,60): error TS7006: Parameter 'r' implicitly has an 'any' type.
src/platform/testing/node/setupTestDetector.tsx(245,18): error TS2503: Cannot find namespace 'vscode'.
src/platform/testing/node/setupTestDetector.tsx(257,30): error TS2339: Property 'extensionMode' does not exist on type 'IVSCodeExtensionContext'.
src/platform/testing/node/setupTestDetector.tsx(260,34): error TS2339: Property 'workspaceState' does not exist on type 'IVSCodeExtensionContext'.
src/platform/testing/node/setupTestDetector.tsx(265,30): error TS2339: Property 'extensionMode' does not exist on type 'IVSCodeExtensionContext'.
src/platform/testing/node/setupTestDetector.tsx(268,27): error TS2339: Property 'workspaceState' does not exist on type 'IVSCodeExtensionContext'.
src/platform/testing/test/node/setupTestDetector.spec.ts(8,1): error TS6133: 'vscode' is declared but its value is never read.
src/platform/testing/test/node/setupTestDetector.spec.ts(50,53): error TS2503: Cannot find namespace 'vscode'.
src/platform/testing/test/node/setupTestDetector.spec.ts(51,26): error TS2503: Cannot find namespace 'vscode'.
src/platform/testing/test/node/setupTestDetector.spec.ts(52,25): error TS2503: Cannot find namespace 'vscode'.
src/platform/testing/test/node/setupTestDetector.spec.ts(63,53): error TS2503: Cannot find namespace 'vscode'.
src/platform/testing/test/node/setupTestDetector.spec.ts(64,26): error TS2503: Cannot find namespace 'vscode'.
src/platform/testing/test/node/setupTestDetector.spec.ts(65,25): error TS2503: Cannot find namespace 'vscode'.
src/platform/testing/test/node/setupTestDetector.spec.ts(81,53): error TS2503: Cannot find namespace 'vscode'.
src/platform/testing/test/node/setupTestDetector.spec.ts(82,26): error TS2503: Cannot find namespace 'vscode'.
src/platform/testing/test/node/setupTestDetector.spec.ts(83,25): error TS2503: Cannot find namespace 'vscode'.
src/platform/testing/test/node/setupTestDetector.spec.ts(91,53): error TS2503: Cannot find namespace 'vscode'.
src/platform/testing/test/node/setupTestDetector.spec.ts(92,26): error TS2503: Cannot find namespace 'vscode'.
src/platform/testing/test/node/setupTestDetector.spec.ts(93,25): error TS2503: Cannot find namespace 'vscode'.
src/platform/testing/test/node/setupTestDetector.spec.ts(102,53): error TS2503: Cannot find namespace 'vscode'.
src/platform/testing/test/node/setupTestDetector.spec.ts(103,26): error TS2503: Cannot find namespace 'vscode'.
src/platform/testing/test/node/setupTestDetector.spec.ts(104,25): error TS2503: Cannot find namespace 'vscode'.
src/platform/testing/test/node/setupTestDetector.spec.ts(116,49): error TS2503: Cannot find namespace 'vscode'.
src/platform/testing/test/node/setupTestDetector.spec.ts(117,26): error TS2503: Cannot find namespace 'vscode'.
src/platform/testing/test/node/setupTestDetector.spec.ts(118,25): error TS2503: Cannot find namespace 'vscode'.
src/platform/testing/test/node/setupTestDetector.spec.ts(133,49): error TS2503: Cannot find namespace 'vscode'.
src/platform/testing/test/node/setupTestDetector.spec.ts(134,26): error TS2503: Cannot find namespace 'vscode'.
src/platform/testing/test/node/setupTestDetector.spec.ts(135,25): error TS2503: Cannot find namespace 'vscode'.
src/platform/testing/test/node/setupTestDetector.spec.ts(162,49): error TS2503: Cannot find namespace 'vscode'.
src/platform/testing/test/node/setupTestDetector.spec.ts(163,26): error TS2503: Cannot find namespace 'vscode'.
src/platform/testing/test/node/setupTestDetector.spec.ts(164,25): error TS2503: Cannot find namespace 'vscode'.
src/platform/testing/test/node/setupTestDetector.spec.ts(172,49): error TS2503: Cannot find namespace 'vscode'.
src/platform/testing/test/node/setupTestDetector.spec.ts(173,26): error TS2503: Cannot find namespace 'vscode'.
src/platform/testing/test/node/setupTestDetector.spec.ts(174,25): error TS2503: Cannot find namespace 'vscode'.
src/platform/testing/test/node/setupTestDetector.spec.ts(194,49): error TS2503: Cannot find namespace 'vscode'.
src/platform/testing/test/node/setupTestDetector.spec.ts(195,26): error TS2503: Cannot find namespace 'vscode'.
src/platform/testing/test/node/setupTestDetector.spec.ts(196,25): error TS2503: Cannot find namespace 'vscode'.
src/platform/testing/vscode/testProviderImpl.ts(16,58): error TS2503: Cannot find namespace 'vscode'.
src/platform/testing/vscode/testProviderImpl.ts(17,36): error TS2503: Cannot find namespace 'vscode'.
src/platform/testing/vscode/testProviderImpl.ts(39,40): error TS7006: Parameter 'r' implicitly has an 'any' type.
src/platform/testing/vscode/testProviderImpl.ts(44,43): error TS7006: Parameter 'r' implicitly has an 'any' type.
src/platform/testing/vscode/testProviderImpl.ts(53,37): error TS2503: Cannot find namespace 'vscode'.
src/platform/testing/vscode/testProviderImpl.ts(55,15): error TS2503: Cannot find namespace 'vscode'.
src/platform/testing/vscode/testProviderImpl.ts(62,24): error TS2503: Cannot find namespace 'vscode'.
src/platform/testing/vscode/testProviderImpl.ts(64,32): error TS7006: Parameter 'c' implicitly has an 'any' type.
src/platform/testing/vscode/testProviderImpl.ts(70,47): error TS7006: Parameter 't' implicitly has an 'any' type.
src/platform/testing/vscode/testProviderImpl.ts(79,35): error TS2503: Cannot find namespace 'vscode'.
src/platform/testing/vscode/testProviderImpl.ts(79,57): error TS2503: Cannot find namespace 'vscode'.
src/platform/testing/vscode/testProviderImpl.ts(80,43): error TS7006: Parameter 'r' implicitly has an 'any' type.
src/platform/testing/vscode/testProviderImpl.ts(118,34): error TS2503: Cannot find namespace 'vscode'.
src/platform/testing/vscode/testProviderImpl.ts(131,48): error TS2503: Cannot find namespace 'vscode'.
src/platform/testing/vscode/testProviderImpl.ts(142,29): error TS2503: Cannot find namespace 'vscode'.
src/platform/testing/vscode/testProviderImpl.ts(178,40): error TS2503: Cannot find namespace 'vscode'.
src/platform/testing/vscode/testProviderImpl.ts(178,84): error TS2503: Cannot find namespace 'vscode'.
src/platform/tokenizer/node/promptTokenDetails.ts(7,15): error TS2305: Module '"vscode"' has no exported member 'ChatResultPromptTokenDetail'.
src/platform/tokenizer/node/promptTokenDetails.ts(7,44): error TS2305: Module '"vscode"' has no exported member 'LanguageModelToolInformation'.
src/platform/tokenizer/node/tokenizer.ts(7,15): error TS2305: Module '"vscode"' has no exported member 'LanguageModelChatTool'.
src/platform/workbench/common/workbenchService.ts(6,1): error TS6133: 'vscode' is declared but its value is never read.
src/platform/workbench/common/workbenchService.ts(14,31): error TS2503: Cannot find namespace 'vscode'.
src/platform/workbench/vscode/workbenchServiceImpt.ts(14,31): error TS2503: Cannot find namespace 'vscode'.
src/platform/workspace/common/workspaceService.ts(6,15): error TS2305: Module '"vscode"' has no exported member 'Event'.
src/platform/workspace/common/workspaceService.ts(6,22): error TS2305: Module '"vscode"' has no exported member 'FileSystem'.
src/platform/workspace/common/workspaceService.ts(6,34): error TS2305: Module '"vscode"' has no exported member 'NotebookData'.
src/platform/workspace/common/workspaceService.ts(6,48): error TS2305: Module '"vscode"' has no exported member 'NotebookDocument'.
src/platform/workspace/common/workspaceService.ts(6,66): error TS2305: Module '"vscode"' has no exported member 'NotebookDocumentChangeEvent'.
src/platform/workspace/common/workspaceService.ts(6,95): error TS2305: Module '"vscode"' has no exported member 'ResourceTrustRequestOptions'.
src/platform/workspace/common/workspaceService.ts(6,124): error TS2305: Module '"vscode"' has no exported member 'TextDocument'.
src/platform/workspace/common/workspaceService.ts(6,138): error TS2305: Module '"vscode"' has no exported member 'TextDocumentChangeEvent'.
src/platform/workspace/common/workspaceService.ts(6,163): error TS2305: Module '"vscode"' has no exported member 'TextEditorSelectionChangeEvent'.
src/platform/workspace/common/workspaceService.ts(6,195): error TS2305: Module '"vscode"' has no exported member 'Uri'.
src/platform/workspace/common/workspaceService.ts(6,200): error TS2305: Module '"vscode"' has no exported member 'WorkspaceEdit'.
src/platform/workspace/common/workspaceService.ts(6,215): error TS2305: Module '"vscode"' has no exported member 'WorkspaceFolder'.
src/platform/workspace/common/workspaceService.ts(6,232): error TS2305: Module '"vscode"' has no exported member 'WorkspaceFoldersChangeEvent'.
src/platform/workspace/common/workspaceService.ts(6,261): error TS2305: Module '"vscode"' has no exported member 'WorkspaceTrustRequestOptions'.
src/platform/workspace/vscode/workspaceServiceImpl.ts(6,10): error TS2305: Module '"vscode"' has no exported member 'FileSystem'.
src/platform/workspace/vscode/workspaceServiceImpl.ts(6,22): error TS2305: Module '"vscode"' has no exported member 'NotebookData'.
src/platform/workspace/vscode/workspaceServiceImpl.ts(6,36): error TS2305: Module '"vscode"' has no exported member 'NotebookDocument'.
src/platform/workspace/vscode/workspaceServiceImpl.ts(6,54): error TS2305: Module '"vscode"' has no exported member 'ResourceTrustRequestOptions'.
src/platform/workspace/vscode/workspaceServiceImpl.ts(6,83): error TS2305: Module '"vscode"' has no exported member 'TextDocument'.
src/platform/workspace/vscode/workspaceServiceImpl.ts(6,97): error TS2305: Module '"vscode"' has no exported member 'Uri'.
src/platform/workspace/vscode/workspaceServiceImpl.ts(6,102): error TS2305: Module '"vscode"' has no exported member 'window'.
src/platform/workspace/vscode/workspaceServiceImpl.ts(6,110): error TS2305: Module '"vscode"' has no exported member 'workspace'.
src/platform/workspace/vscode/workspaceServiceImpl.ts(6,121): error TS2305: Module '"vscode"' has no exported member 'WorkspaceFolder'.
src/platform/workspace/vscode/workspaceServiceImpl.ts(6,138): error TS2305: Module '"vscode"' has no exported member 'WorkspaceTrustRequestOptions'.
src/platform/workspace/vscode/workspaceServiceImpl.ts(6,173): error TS2305: Module '"vscode"' has no exported member 'WorkspaceEdit'.
src/platform/workspace/vscode/workspaceServiceImpl.ts(67,42): error TS7006: Parameter 'f' implicitly has an 'any' type.
src/platform/workspaceChunkSearch/common/workspaceChunkSearch.ts(6,1): error TS6133: 'vscode' is declared but its value is never read.
src/platform/workspaceChunkSearch/common/workspaceChunkSearch.ts(44,4): error TS2503: Cannot find namespace 'vscode'.
src/platform/workspaceChunkSearch/common/workspaceChunkSearch.ts(45,4): error TS2503: Cannot find namespace 'vscode'.
src/platform/workspaceChunkSearch/common/workspaceChunkSearch.ts(46,4): error TS2503: Cannot find namespace 'vscode'.
src/platform/workspaceChunkSearch/node/codeSearch/externalIngestIndex.ts(164,81): error TS2339: Property 'workspaceState' does not exist on type 'IVSCodeExtensionContext'.
src/platform/workspaceChunkSearch/node/codeSearch/externalIngestIndex.ts(171,42): error TS2339: Property 'storageUri' does not exist on type 'IVSCodeExtensionContext'.
src/platform/workspaceChunkSearch/node/codeSearch/externalIngestIndex.ts(171,81): error TS2339: Property 'storageUri' does not exist on type 'IVSCodeExtensionContext'.
src/platform/workspaceChunkSearch/node/codeSearch/externalIngestIndex.ts(174,51): error TS2339: Property 'storageUri' does not exist on type 'IVSCodeExtensionContext'.
src/platform/workspaceChunkSearch/node/codeSearch/externalIngestIndex.ts(194,35): error TS2339: Property 'workspaceState' does not exist on type 'IVSCodeExtensionContext'.
src/platform/workspaceChunkSearch/node/codeSearch/externalIngestIndex.ts(198,28): error TS2339: Property 'workspaceState' does not exist on type 'IVSCodeExtensionContext'.
src/platform/workspaceChunkSearch/node/codeSearch/externalIngestIndex.ts(202,28): error TS2339: Property 'workspaceState' does not exist on type 'IVSCodeExtensionContext'.
src/platform/workspaceChunkSearch/node/codeSearch/externalIngestIndex.ts(970,41): error TS7006: Parameter 'uri' implicitly has an 'any' type.
src/platform/workspaceChunkSearch/node/codeSearch/externalIngestIndex.ts(971,41): error TS7006: Parameter 'uri' implicitly has an 'any' type.
src/platform/workspaceChunkSearch/node/codeSearch/externalIngestIndex.ts(972,41): error TS7006: Parameter 'uri' implicitly has an 'any' type.
src/platform/workspaceChunkSearch/node/codeSearch/externalIngestIndex.ts(986,87): error TS7006: Parameter 'e' implicitly has an 'any' type.
src/platform/workspaceChunkSearch/node/codeSearch/externalIngestIndex.ts(1069,43): error TS2339: Property 'workspaceState' does not exist on type 'IVSCodeExtensionContext'.
src/platform/workspaceChunkSearch/node/codeSearch/externalIngestIndex.ts(1082,28): error TS2339: Property 'workspaceState' does not exist on type 'IVSCodeExtensionContext'.
src/platform/workspaceChunkSearch/node/codeSearch/workspaceFolderIdMap.ts(6,15): error TS2305: Module '"vscode"' has no exported member 'Memento'.
src/platform/workspaceChunkSearch/node/scenarioAutomationWorkspaceChunkSearchService.ts(6,1): error TS6133: 'vscode' is declared but its value is never read.
src/platform/workspaceChunkSearch/node/scenarioAutomationWorkspaceChunkSearchService.ts(87,14): error TS2503: Cannot find namespace 'vscode'.
src/platform/workspaceChunkSearch/node/scenarioAutomationWorkspaceChunkSearchService.ts(87,30): error TS2503: Cannot find namespace 'vscode'.
src/platform/workspaceChunkSearch/node/workspaceChunkEmbeddingsIndex.ts(70,40): error TS2339: Property 'storageUri' does not exist on type 'IVSCodeExtensionContext'.
src/platform/workspaceChunkSearch/node/workspaceChunkSearchService.ts(7,1): error TS6133: 'vscode' is declared but its value is never read.
src/platform/workspaceChunkSearch/node/workspaceChunkSearchService.ts(78,13): error TS2503: Cannot find namespace 'vscode'.
src/platform/workspaceChunkSearch/node/workspaceChunkSearchService.ts(78,29): error TS2503: Cannot find namespace 'vscode'.
src/platform/workspaceChunkSearch/node/workspaceChunkSearchService.ts(194,176): error TS2503: Cannot find namespace 'vscode'.
src/platform/workspaceChunkSearch/node/workspaceChunkSearchService.ts(194,192): error TS2503: Cannot find namespace 'vscode'.
src/platform/workspaceChunkSearch/node/workspaceChunkSearchService.ts(304,13): error TS2503: Cannot find namespace 'vscode'.
src/platform/workspaceChunkSearch/node/workspaceChunkSearchService.ts(304,29): error TS2503: Cannot find namespace 'vscode'.
src/platform/workspaceChunkSearch/node/workspaceChunkSearchService.ts(307,61): error TS2339: Property 'workspaceState' does not exist on type 'IVSCodeExtensionContext'.
src/platform/workspaceChunkSearch/node/workspaceChunkSearchService.ts(308,26): error TS2339: Property 'workspaceState' does not exist on type 'IVSCodeExtensionContext'.
src/platform/workspaceChunkSearch/node/workspaceChunkSearchService.ts(491,178): error TS2503: Cannot find namespace 'vscode'.
src/platform/workspaceChunkSearch/node/workspaceChunkSearchService.ts(491,194): error TS2503: Cannot find namespace 'vscode'.
src/platform/workspaceChunkSearch/node/workspaceChunkSearchService.ts(501,180): error TS2503: Cannot find namespace 'vscode'.
src/platform/workspaceChunkSearch/node/workspaceChunkSearchService.ts(501,196): error TS2503: Cannot find namespace 'vscode'.
src/platform/workspaceChunkSearch/node/workspaceChunkSearchService.ts(644,170): error TS2503: Cannot find namespace 'vscode'.
src/platform/workspaceChunkSearch/node/workspaceChunkSearchService.ts(644,186): error TS2503: Cannot find namespace 'vscode'.
src/platform/workspaceChunkSearch/node/workspaceFileIndex.ts(8,1): error TS6133: 'vscode' is declared but its value is never read.
src/platform/workspaceChunkSearch/node/workspaceFileIndex.ts(363,35): error TS2503: Cannot find namespace 'vscode'.
src/platform/workspaceChunkSearch/node/workspaceFileIndex.ts(611,63): error TS7006: Parameter 'doc' implicitly has an 'any' type.
src/platform/workspaceChunkSearch/node/workspaceFileIndex.ts(612,65): error TS7006: Parameter 'e' implicitly has an 'any' type.
src/platform/workspaceChunkSearch/node/workspaceFileIndex.ts(613,64): error TS7006: Parameter 'doc' implicitly has an 'any' type.
src/platform/workspaceChunkSearch/node/workspaceFileIndex.ts(615,62): error TS7006: Parameter 'e' implicitly has an 'any' type.
src/platform/workspaceChunkSearch/node/workspaceFileIndex.ts(636,30): error TS7006: Parameter 'uri' implicitly has an 'any' type.
src/platform/workspaceChunkSearch/node/workspaceFileIndex.ts(655,30): error TS7006: Parameter 'uri' implicitly has an 'any' type.
src/platform/workspaceChunkSearch/node/workspaceFileIndex.ts(673,24): error TS7006: Parameter 'deletedUri' implicitly has an 'any' type.
src/platform/workspaceChunkSearch/node/workspaceFileIndex.ts(815,50): error TS2503: Cannot find namespace 'vscode'.
src/platform/workspaceChunkSearch/node/workspaceFileIndex.ts(829,96): error TS2554: Expected 1 arguments, but got 2.
src/platform/workspaceChunkSearch/test/node/externalIngest.spec.ts(8,15): error TS2305: Module '"vscode"' has no exported member 'FileSystemWatcher'.
src/platform/workspaceChunkSearch/test/node/workspaceFolderIdMap.spec.ts(8,15): error TS2305: Module '"vscode"' has no exported member 'Memento'.
src/platform/workspaceState/common/promptContextModel.ts(6,1): error TS6133: 'vscode' is declared but its value is never read.
src/platform/workspaceState/common/promptContextModel.ts(19,25): error TS2503: Cannot find namespace 'vscode'.
src/platform/workspaceState/common/promptContextModel.ts(19,50): error TS2503: Cannot find namespace 'vscode'.
src/platform/workspaceState/common/promptContextModel.ts(21,27): error TS2503: Cannot find namespace 'vscode'.
src/platform/workspaceState/common/promptContextModel.ts(21,49): error TS2503: Cannot find namespace 'vscode'.
src/platform/workspaceState/common/promptContextModel.ts(26,9): error TS2503: Cannot find namespace 'vscode'.
src/platform/workspaceState/common/promptContextModel.ts(29,10): error TS2503: Cannot find namespace 'vscode'.
src/platform/workspaceState/common/promptContextModel.ts(30,8): error TS2503: Cannot find namespace 'vscode'.
src/platform/workspaceState/common/promptContextModel.ts(34,10): error TS2503: Cannot find namespace 'vscode'.
src/platform/workspaceState/common/promptContextModel.ts(35,8): error TS2503: Cannot find namespace 'vscode'.
src/platform/workspaceState/common/promptContextModel.ts(37,14): error TS2503: Cannot find namespace 'vscode'.
src/platform/workspaceState/common/promptContextModel.ts(62,18): error TS2503: Cannot find namespace 'vscode'.
src/platform/workspaceState/common/promptContextModel.ts(63,16): error TS2503: Cannot find namespace 'vscode'.
src/util/common/chatResponseStreamImpl.ts(7,15): error TS2305: Module '"vscode"' has no exported member 'ChatQuestion'.
src/util/common/chatResponseStreamImpl.ts(7,29): error TS2305: Module '"vscode"' has no exported member 'ChatResponseFileTree'.
src/util/common/chatResponseStreamImpl.ts(7,51): error TS2305: Module '"vscode"' has no exported member 'ChatResponseStream'.
src/util/common/chatResponseStreamImpl.ts(7,71): error TS2305: Module '"vscode"' has no exported member 'ChatResultUsage'.
src/util/common/chatResponseStreamImpl.ts(7,88): error TS2305: Module '"vscode"' has no exported member 'ChatToolInvocationStreamData'.
src/util/common/chatResponseStreamImpl.ts(7,118): error TS2305: Module '"vscode"' has no exported member 'ChatVulnerability'.
src/util/common/chatResponseStreamImpl.ts(7,137): error TS2305: Module '"vscode"' has no exported member 'ChatWorkspaceFileEdit'.
src/util/common/chatResponseStreamImpl.ts(7,160): error TS2305: Module '"vscode"' has no exported member 'Command'.
src/util/common/chatResponseStreamImpl.ts(7,169): error TS2305: Module '"vscode"' has no exported member 'ExtendedChatResponsePart'.
src/util/common/chatResponseStreamImpl.ts(7,195): error TS2305: Module '"vscode"' has no exported member 'Location'.
src/util/common/chatResponseStreamImpl.ts(7,205): error TS2305: Module '"vscode"' has no exported member 'NotebookEdit'.
src/util/common/chatResponseStreamImpl.ts(7,219): error TS2305: Module '"vscode"' has no exported member 'Progress'.
src/util/common/chatResponseStreamImpl.ts(7,229): error TS2305: Module '"vscode"' has no exported member 'ThinkingDelta'.
src/util/common/chatResponseStreamImpl.ts(7,244): error TS2305: Module '"vscode"' has no exported member 'Uri'.
src/util/common/fileTree.ts(6,1): error TS6133: 'vscode' is declared but its value is never read.
src/util/common/fileTree.ts(8,50): error TS2503: Cannot find namespace 'vscode'.
src/util/common/fileTree.ts(9,27): error TS2503: Cannot find namespace 'vscode'.
src/util/common/fileTree.ts(19,27): error TS7006: Parameter 'child' implicitly has an 'any' type.
src/util/common/fileTree.ts(19,34): error TS7006: Parameter 'index' implicitly has an 'any' type.
src/util/common/fileTree.ts(29,26): error TS7006: Parameter 'tree' implicitly has an 'any' type.
src/util/common/fileTree.ts(29,32): error TS7006: Parameter 'index' implicitly has an 'any' type.
src/util/common/glob.ts(7,1): error TS6133: 'vscode' is declared but its value is never read.
src/util/common/glob.ts(12,41): error TS2503: Cannot find namespace 'vscode'.
src/util/common/glob.ts(35,30): error TS2503: Cannot find namespace 'vscode'.
src/util/common/glob.ts(42,30): error TS2503: Cannot find namespace 'vscode'.
src/util/common/glob.ts(61,45): error TS2503: Cannot find namespace 'vscode'.
src/util/common/glob.ts(61,85): error TS2503: Cannot find namespace 'vscode'.
src/util/common/notebooks.ts(6,1): error TS6133: 'vscode' is declared but its value is never read.
src/util/common/notebooks.ts(26,21): error TS2503: Cannot find namespace 'vscode'.
src/util/common/notebooks.ts(27,21): error TS2503: Cannot find namespace 'vscode'.
src/util/common/notebooks.ts(35,32): error TS2503: Cannot find namespace 'vscode'.
src/util/common/notebooks.ts(60,35): error TS2503: Cannot find namespace 'vscode'.
src/util/common/notebooks.ts(60,75): error TS2503: Cannot find namespace 'vscode'.
src/util/common/notebooks.ts(60,103): error TS2503: Cannot find namespace 'vscode'.
src/util/common/notebooks.ts(64,35): error TS2503: Cannot find namespace 'vscode'.
src/util/common/notebooks.ts(64,57): error TS2503: Cannot find namespace 'vscode'.
src/util/common/notebooks.ts(64,83): error TS2503: Cannot find namespace 'vscode'.
src/util/common/notebooks.ts(67,47): error TS7006: Parameter 'cell' implicitly has an 'any' type.
src/util/common/notebooks.ts(75,83): error TS2503: Cannot find namespace 'vscode'.
src/util/common/notebooks.ts(75,112): error TS2503: Cannot find namespace 'vscode'.
src/util/common/notebooks.ts(75,137): error TS2503: Cannot find namespace 'vscode'.
src/util/common/notebooks.ts(75,158): error TS2503: Cannot find namespace 'vscode'.
src/util/common/notebooks.ts(91,81): error TS2503: Cannot find namespace 'vscode'.
src/util/common/notebooks.ts(91,135): error TS2503: Cannot find namespace 'vscode'.
src/util/common/notebooks.ts(91,160): error TS2503: Cannot find namespace 'vscode'.
src/util/common/notebooks.ts(104,56): error TS2503: Cannot find namespace 'vscode'.
src/util/common/notebooks.ts(110,37): error TS2503: Cannot find namespace 'vscode'.
src/util/common/notebooks.ts(114,43): error TS2503: Cannot find namespace 'vscode'.
src/util/common/notebooks.ts(118,45): error TS2503: Cannot find namespace 'vscode'.
src/util/common/notebooks.ts(123,53): error TS2503: Cannot find namespace 'vscode'.
src/util/common/notebooks.ts(125,34): error TS7006: Parameter 'cell' implicitly has an 'any' type.
src/util/common/notebooks.ts(153,60): error TS2503: Cannot find namespace 'vscode'.
src/util/common/notebooks.ts(164,53): error TS2503: Cannot find namespace 'vscode'.
src/util/common/notebooks.ts(174,57): error TS2503: Cannot find namespace 'vscode'.
src/util/common/notebooks.ts(175,20): error TS2503: Cannot find namespace 'vscode'.
src/util/common/notebooks.ts(265,87): error TS2503: Cannot find namespace 'vscode'.
src/util/common/progress.ts(6,15): error TS2305: Module '"vscode"' has no exported member 'Progress'.
src/util/common/progressRecorder.ts(6,1): error TS6133: 'vscode' is declared but its value is never read.
src/util/common/progressRecorder.ts(8,45): error TS2503: Cannot find namespace 'vscode'.
src/util/common/progressRecorder.ts(16,31): error TS2503: Cannot find namespace 'vscode'.
src/util/common/test/mockChatResponseStream.ts(6,1): error TS6133: 'vscode' is declared but its value is never read.
src/util/common/test/mockChatResponseStream.ts(14,9): error TS2503: Cannot find namespace 'vscode'.
src/util/common/test/mockChatResponseStream.ts(37,23): error TS2503: Cannot find namespace 'vscode'.
src/util/common/test/mockChatResponseStream.ts(41,19): error TS2503: Cannot find namespace 'vscode'.
src/util/common/test/mockChatResponseStream.ts(45,24): error TS2503: Cannot find namespace 'vscode'.
src/util/common/test/mockChatResponseStream.ts(49,26): error TS2503: Cannot find namespace 'vscode'.
src/util/common/test/mockChatResponseStream.ts(59,38): error TS2503: Cannot find namespace 'vscode'.
src/util/common/test/mockChatResponseStream.ts(59,51): error TS2503: Cannot find namespace 'vscode'.
src/util/common/test/shims/chatTypes.ts(6,1): error TS6133: 'vscode' is declared but its value is never read.
src/util/common/test/shims/chatTypes.ts(11,9): error TS2503: Cannot find namespace 'vscode'.
src/util/common/test/shims/chatTypes.ts(12,30): error TS2503: Cannot find namespace 'vscode'.
src/util/common/test/shims/chatTypes.ts(19,9): error TS2503: Cannot find namespace 'vscode'.
src/util/common/test/shims/chatTypes.ts(21,21): error TS2503: Cannot find namespace 'vscode'.
src/util/common/test/shims/chatTypes.ts(28,9): error TS2503: Cannot find namespace 'vscode'.
src/util/common/test/shims/chatTypes.ts(29,11): error TS2503: Cannot find namespace 'vscode'.
src/util/common/test/shims/chatTypes.ts(30,21): error TS2503: Cannot find namespace 'vscode'.
src/util/common/test/shims/chatTypes.ts(30,61): error TS2503: Cannot find namespace 'vscode'.
src/util/common/test/shims/chatTypes.ts(36,9): error TS2503: Cannot find namespace 'vscode'.
src/util/common/test/shims/chatTypes.ts(36,22): error TS2503: Cannot find namespace 'vscode'.
src/util/common/test/shims/chatTypes.ts(39,21): error TS2503: Cannot find namespace 'vscode'.
src/util/common/test/shims/chatTypes.ts(39,34): error TS2503: Cannot find namespace 'vscode'.
src/util/common/test/shims/chatTypes.ts(88,16): error TS2503: Cannot find namespace 'vscode'.
src/util/common/test/shims/chatTypes.ts(99,20): error TS2503: Cannot find namespace 'vscode'.
src/util/common/test/shims/chatTypes.ts(99,36): error TS2503: Cannot find namespace 'vscode'.
src/util/common/test/shims/chatTypes.ts(100,47): error TS2503: Cannot find namespace 'vscode'.
src/util/common/test/shims/chatTypes.ts(100,63): error TS2503: Cannot find namespace 'vscode'.
src/util/common/test/shims/chatTypes.ts(107,9): error TS2503: Cannot find namespace 'vscode'.
src/util/common/test/shims/chatTypes.ts(108,30): error TS2503: Cannot find namespace 'vscode'.
src/util/common/test/shims/chatTypes.ts(114,9): error TS2503: Cannot find namespace 'vscode'.
src/util/common/test/shims/chatTypes.ts(115,30): error TS2503: Cannot find namespace 'vscode'.
src/util/common/test/shims/chatTypes.ts(121,9): error TS2503: Cannot find namespace 'vscode'.
src/util/common/test/shims/chatTypes.ts(121,22): error TS2503: Cannot find namespace 'vscode'.
src/util/common/test/shims/chatTypes.ts(122,21): error TS2503: Cannot find namespace 'vscode'.
src/util/common/test/shims/chatTypes.ts(122,34): error TS2503: Cannot find namespace 'vscode'.
src/util/common/test/shims/chatTypes.ts(128,9): error TS2503: Cannot find namespace 'vscode'.
src/util/common/test/shims/chatTypes.ts(128,22): error TS2503: Cannot find namespace 'vscode'.
src/util/common/test/shims/chatTypes.ts(128,72): error TS2503: Cannot find namespace 'vscode'.
src/util/common/test/shims/chatTypes.ts(128,85): error TS2503: Cannot find namespace 'vscode'.
src/util/common/test/shims/chatTypes.ts(129,13): error TS2503: Cannot find namespace 'vscode'.
src/util/common/test/shims/chatTypes.ts(129,26): error TS2503: Cannot find namespace 'vscode'.
src/util/common/test/shims/chatTypes.ts(129,54): error TS2503: Cannot find namespace 'vscode'.
src/util/common/test/shims/chatTypes.ts(129,72): error TS2503: Cannot find namespace 'vscode'.
src/util/common/test/shims/chatTypes.ts(130,52): error TS2503: Cannot find namespace 'vscode'.
src/util/common/test/shims/chatTypes.ts(131,21): error TS2503: Cannot find namespace 'vscode'.
src/util/common/test/shims/chatTypes.ts(131,34): error TS2503: Cannot find namespace 'vscode'.
src/util/common/test/shims/chatTypes.ts(131,84): error TS2503: Cannot find namespace 'vscode'.
src/util/common/test/shims/chatTypes.ts(131,97): error TS2503: Cannot find namespace 'vscode'.
src/util/common/test/shims/chatTypes.ts(131,127): error TS2503: Cannot find namespace 'vscode'.
src/util/common/test/shims/chatTypes.ts(131,140): error TS2503: Cannot find namespace 'vscode'.
src/util/common/test/shims/chatTypes.ts(131,168): error TS2503: Cannot find namespace 'vscode'.
src/util/common/test/shims/chatTypes.ts(131,186): error TS2503: Cannot find namespace 'vscode'.
src/util/common/test/shims/chatTypes.ts(131,250): error TS2503: Cannot find namespace 'vscode'.
src/util/common/test/shims/chatTypes.ts(140,16): error TS2503: Cannot find namespace 'vscode'.
src/util/common/test/shims/chatTypes.ts(141,18): error TS2503: Cannot find namespace 'vscode'.
src/util/common/test/shims/chatTypes.ts(143,19): error TS2503: Cannot find namespace 'vscode'.
src/util/common/test/shims/chatTypes.ts(143,38): error TS2503: Cannot find namespace 'vscode'.
src/util/common/test/shims/chatTypes.ts(162,17): error TS2503: Cannot find namespace 'vscode'.
src/util/common/test/shims/chatTypes.ts(167,20): error TS2503: Cannot find namespace 'vscode'.
src/util/common/test/shims/chatTypes.ts(168,28): error TS2503: Cannot find namespace 'vscode'.
src/util/common/test/shims/chatTypes.ts(168,41): error TS2503: Cannot find namespace 'vscode'.
src/util/common/test/shims/chatTypes.ts(174,31): error TS2503: Cannot find namespace 'vscode'.
src/util/common/test/shims/chatTypes.ts(190,9): error TS2503: Cannot find namespace 'vscode'.
src/util/common/test/shims/chatTypes.ts(193,21): error TS2503: Cannot find namespace 'vscode'.
src/util/common/test/shims/chatTypes.ts(201,9): error TS2503: Cannot find namespace 'vscode'.
src/util/common/test/shims/chatTypes.ts(202,21): error TS2503: Cannot find namespace 'vscode'.
src/util/common/test/shims/chatTypes.ts(208,9): error TS2503: Cannot find namespace 'vscode'.
src/util/common/test/shims/chatTypes.ts(209,19): error TS2503: Cannot find namespace 'vscode'.
src/util/common/test/shims/chatTypes.ts(210,30): error TS2503: Cannot find namespace 'vscode'.
src/util/common/test/shims/chatTypes.ts(210,70): error TS2503: Cannot find namespace 'vscode'.
src/util/common/test/shims/chatTypes.ts(217,7): error TS2503: Cannot find namespace 'vscode'.
src/util/common/test/shims/chatTypes.ts(218,9): error TS2503: Cannot find namespace 'vscode'.
src/util/common/test/shims/chatTypes.ts(220,19): error TS2503: Cannot find namespace 'vscode'.
src/util/common/test/shims/chatTypes.ts(220,44): error TS2503: Cannot find namespace 'vscode'.
src/util/common/test/shims/chatTypes.ts(220,62): error TS2503: Cannot find namespace 'vscode'.
src/util/common/test/shims/chatTypes.ts(231,54): error TS2503: Cannot find namespace 'vscode'.
src/util/common/test/shims/chatTypes.ts(232,7): error TS2503: Cannot find namespace 'vscode'.
src/util/common/test/shims/chatTypes.ts(233,9): error TS2503: Cannot find namespace 'vscode'.
src/util/common/test/shims/chatTypes.ts(235,19): error TS2503: Cannot find namespace 'vscode'.
src/util/common/test/shims/chatTypes.ts(235,44): error TS2503: Cannot find namespace 'vscode'.
src/util/common/test/shims/chatTypes.ts(235,66): error TS2503: Cannot find namespace 'vscode'.
src/util/common/test/shims/chatTypes.ts(247,55): error TS2503: Cannot find namespace 'vscode'.
src/util/common/test/shims/chatTypes.ts(248,9): error TS2503: Cannot find namespace 'vscode'.
src/util/common/test/shims/chatTypes.ts(249,21): error TS2503: Cannot find namespace 'vscode'.
src/util/common/test/shims/chatTypes.ts(273,38): error TS2503: Cannot find namespace 'vscode'.
src/util/common/test/shims/chatTypes.ts(275,8): error TS2503: Cannot find namespace 'vscode'.
src/util/common/test/shims/chatTypes.ts(277,21): error TS2503: Cannot find namespace 'vscode'.
src/util/common/test/shims/chatTypes.ts(278,12): error TS2503: Cannot find namespace 'vscode'.
src/util/common/test/shims/chatTypes.ts(284,9): error TS2503: Cannot find namespace 'vscode'.
src/util/common/test/shims/chatTypes.ts(287,23): error TS2503: Cannot find namespace 'vscode'.
src/util/common/test/shims/chatTypes.ts(288,14): error TS2503: Cannot find namespace 'vscode'.
src/util/common/test/shims/chatTypes.ts(305,58): error TS2503: Cannot find namespace 'vscode'.
src/util/common/test/shims/chatTypes.ts(306,13): error TS2503: Cannot find namespace 'vscode'.
src/util/common/test/shims/chatTypes.ts(308,25): error TS2503: Cannot find namespace 'vscode'.
src/util/common/test/shims/chatTypes.ts(314,41): error TS2503: Cannot find namespace 'vscode'.
src/util/common/test/shims/chatTypes.ts(318,24): error TS2503: Cannot find namespace 'vscode'.
src/util/common/test/shims/chatTypes.ts(320,28): error TS2503: Cannot find namespace 'vscode'.
src/util/common/test/shims/chatTypes.ts(324,42): error TS2503: Cannot find namespace 'vscode'.
src/util/common/test/shims/chatTypes.ts(328,24): error TS2503: Cannot find namespace 'vscode'.
src/util/common/test/shims/chatTypes.ts(330,37): error TS2503: Cannot find namespace 'vscode'.
src/util/common/test/shims/chatTypes.ts(331,30): error TS2503: Cannot find namespace 'vscode'.
src/util/common/test/shims/chatTypes.ts(334,31): error TS2503: Cannot find namespace 'vscode'.
src/util/common/test/shims/chatTypes.ts(338,42): error TS2503: Cannot find namespace 'vscode'.
src/util/common/test/shims/chatTypes.ts(342,20): error TS2503: Cannot find namespace 'vscode'.
src/util/common/test/shims/chatTypes.ts(350,20): error TS2503: Cannot find namespace 'vscode'.
src/util/common/test/shims/chatTypes.ts(351,22): error TS2503: Cannot find namespace 'vscode'.
src/util/common/test/shims/chatTypes.ts(352,23): error TS2503: Cannot find namespace 'vscode'.
src/util/common/test/shims/chatTypes.ts(353,24): error TS2503: Cannot find namespace 'vscode'.
src/util/common/test/shims/chatTypes.ts(359,18): error TS2503: Cannot find namespace 'vscode'.
src/util/common/test/shims/chatTypes.ts(366,26): error TS2503: Cannot find namespace 'vscode'.
src/util/common/test/shims/chatTypes.ts(366,38): error TS2503: Cannot find namespace 'vscode'.
src/util/common/test/shims/chatTypes.ts(386,47): error TS2503: Cannot find namespace 'vscode'.
src/util/common/test/shims/chatTypes.ts(409,51): error TS2503: Cannot find namespace 'vscode'.
src/util/common/test/shims/chatTypes.ts(421,47): error TS2503: Cannot find namespace 'vscode'.
src/util/common/test/shims/chatTypes.ts(430,69): error TS2503: Cannot find namespace 'vscode'.
src/util/common/test/shims/chatTypes.ts(434,30): error TS2503: Cannot find namespace 'vscode'.
src/util/common/test/shims/chatTypes.ts(439,30): error TS2503: Cannot find namespace 'vscode'.
src/util/common/test/shims/chatTypes.ts(475,26): error TS2503: Cannot find namespace 'vscode'.
src/util/common/test/shims/chatTypes.ts(475,68): error TS2503: Cannot find namespace 'vscode'.
src/util/common/test/shims/chatTypes.ts(475,96): error TS2503: Cannot find namespace 'vscode'.
src/util/common/test/shims/chatTypes.ts(506,58): error TS2503: Cannot find namespace 'vscode'.
src/util/common/test/shims/chatTypes.ts(510,52): error TS2503: Cannot find namespace 'vscode'.
src/util/common/test/shims/chatTypes.ts(514,51): error TS2503: Cannot find namespace 'vscode'.
src/util/common/test/shims/chatTypes.ts(527,53): error TS2503: Cannot find namespace 'vscode'.
src/util/common/test/shims/chatTypes.ts(539,54): error TS2503: Cannot find namespace 'vscode'.
src/util/common/test/shims/chatTypes.ts(562,50): error TS2503: Cannot find namespace 'vscode'.
src/util/common/test/shims/chatTypes.ts(582,54): error TS2503: Cannot find namespace 'vscode'.
src/util/common/test/shims/chatTypes.ts(592,52): error TS2503: Cannot find namespace 'vscode'.
src/util/common/test/shims/chatTypes.ts(601,31): error TS2503: Cannot find namespace 'vscode'.
src/util/common/test/shims/chatTypes.ts(602,27): error TS2503: Cannot find namespace 'vscode'.
src/util/common/test/shims/chatTypes.ts(603,30): error TS2503: Cannot find namespace 'vscode'.
src/util/common/test/shims/chatTypes.ts(606,21): error TS2503: Cannot find namespace 'vscode'.
src/util/common/test/shims/chatTypes.ts(630,43): error TS2503: Cannot find namespace 'vscode'.
src/util/common/test/shims/chatTypes.ts(634,20): error TS2503: Cannot find namespace 'vscode'.
src/util/common/test/shims/chatTypes.ts(675,38): error TS2503: Cannot find namespace 'vscode'.
src/util/common/test/shims/chatTypes.ts(676,16): error TS2503: Cannot find namespace 'vscode'.
src/util/common/test/shims/chatTypes.ts(678,19): error TS2503: Cannot find namespace 'vscode'.
src/util/common/test/shims/chatTypes.ts(699,8): error TS2503: Cannot find namespace 'vscode'.
src/util/common/test/shims/chatTypes.ts(755,7): error TS2503: Cannot find namespace 'vscode'.
src/util/common/test/shims/chatTypes.ts(773,34): error TS2503: Cannot find namespace 'vscode'.
src/util/common/test/shims/notebookDocument.ts(6,1): error TS6133: 'vscode' is declared but its value is never read.
src/util/common/test/shims/notebookDocument.ts(170,43): error TS2503: Cannot find namespace 'vscode'.
src/util/common/test/shims/notebookDocument.ts(196,38): error TS2503: Cannot find namespace 'vscode'.
src/util/common/test/shims/notebookDocument.ts(199,12): error TS7006: Parameter 'opit' implicitly has an 'any' type.
src/util/common/test/shims/notebookDocument.ts(200,9): error TS7006: Parameter 'opit' implicitly has an 'any' type.
src/util/common/test/shims/notebookDocument.ts(201,12): error TS7006: Parameter 'value' implicitly has an 'any' type.
src/util/common/test/shims/notebookDocument.ts(232,38): error TS2503: Cannot find namespace 'vscode'.
src/util/common/test/shims/notebookDocument.ts(272,45): error TS2503: Cannot find namespace 'vscode'.
src/util/common/test/shims/notebookDocument.ts(290,43): error TS7006: Parameter 'curr' implicitly has an 'any' type.
src/util/common/test/shims/notebookDocument.ts(301,43): error TS7006: Parameter 'curr' implicitly has an 'any' type.
src/util/common/test/shims/notebookDocument.ts(314,43): error TS7006: Parameter 'curr' implicitly has an 'any' type.
src/util/common/test/shims/notebookDocument.ts(324,54): error TS7006: Parameter 'item' implicitly has an 'any' type.
src/util/common/test/shims/notebookDocument.ts(326,6): error TS7006: Parameter 'item' implicitly has an 'any' type.
src/util/common/test/shims/notebookDocument.ts(359,58): error TS7006: Parameter 'curr' implicitly has an 'any' type.
src/util/common/test/shims/notebookDocument.ts(384,20): error TS2503: Cannot find namespace 'vscode'.
src/util/common/test/shims/notebookDocument.ts(391,20): error TS2503: Cannot find namespace 'vscode'.
src/util/common/test/shims/notebookDocument.ts(399,12): error TS2503: Cannot find namespace 'vscode'.
src/util/common/test/shims/notebookDocument.ts(411,17): error TS2503: Cannot find namespace 'vscode'.
src/util/common/test/shims/notebookDocument.ts(414,19): error TS2503: Cannot find namespace 'vscode'.
src/util/common/test/shims/notebookDocument.ts(428,24): error TS2503: Cannot find namespace 'vscode'.
src/util/common/test/shims/notebookDocument.ts(518,81): error TS2503: Cannot find namespace 'vscode'.
src/util/common/test/shims/notebookDocument.ts(534,84): error TS2503: Cannot find namespace 'vscode'.
src/util/common/test/shims/notebookDocument.ts(534,113): error TS2503: Cannot find namespace 'vscode'.
src/util/common/test/shims/notebookDocument.ts(565,21): error TS2503: Cannot find namespace 'vscode'.
src/util/common/test/shims/notebookDocument.ts(583,18): error TS2503: Cannot find namespace 'vscode'.
src/util/common/test/shims/notebookDocument.ts(586,21): error TS2503: Cannot find namespace 'vscode'.
src/util/common/test/shims/notebookDocument.ts(595,12): error TS7006: Parameter 'index' implicitly has an 'any' type.
src/util/common/test/shims/notebookDocument.ts(598,14): error TS7006: Parameter 'range' implicitly has an 'any' type.
src/util/common/test/shims/notebookDocument.ts(618,27): error TS2503: Cannot find namespace 'vscode'.
src/util/common/test/shims/notebookDocument.ts(642,47): error TS2503: Cannot find namespace 'vscode'.
src/util/common/test/shims/notebookEditor.ts(6,1): error TS6133: 'vscode' is declared but its value is never read.
src/util/common/test/shims/notebookEditor.ts(10,23): error TS2503: Cannot find namespace 'vscode'.
src/util/common/test/shims/notebookEditor.ts(11,24): error TS2503: Cannot find namespace 'vscode'.
src/util/common/test/shims/notebookEditor.ts(12,20): error TS2503: Cannot find namespace 'vscode'.
src/util/common/test/shims/notebookEditor.ts(16,15): error TS2503: Cannot find namespace 'vscode'.
src/util/common/test/shims/notebookEditor.ts(21,19): error TS2503: Cannot find namespace 'vscode'.
src/util/common/test/shims/notebookEditor.ts(31,30): error TS2503: Cannot find namespace 'vscode'.
src/util/common/test/shims/notebookEditor.ts(37,27): error TS2503: Cannot find namespace 'vscode'.
src/util/common/test/shims/notebookEditor.ts(43,17): error TS7006: Parameter 'range' implicitly has an 'any' type.
src/util/common/test/shims/notebookEditor.ts(43,24): error TS7006: Parameter 'revealType' implicitly has an 'any' type.
src/util/common/test/shims/textDocument.ts(6,1): error TS6133: 'vscode' is declared but its value is never read.
src/util/common/test/shims/textDocument.ts(14,21): error TS2503: Cannot find namespace 'vscode'.
src/util/common/test/shims/textEditor.ts(6,1): error TS6133: 'vscode' is declared but its value is never read.
src/util/common/test/shims/textEditor.ts(15,9): error TS2503: Cannot find namespace 'vscode'.
src/util/common/test/shims/textEditor.ts(23,16): error TS2503: Cannot find namespace 'vscode'.
src/util/common/test/shims/textEditor.ts(30,30): error TS2503: Cannot find namespace 'vscode'.
src/util/common/test/shims/textEditor.ts(35,25): error TS2503: Cannot find namespace 'vscode'.
src/util/common/test/shims/textEditor.ts(38,24): error TS2503: Cannot find namespace 'vscode'.
src/util/common/test/shims/textEditor.ts(104,26): error TS2503: Cannot find namespace 'vscode'.
src/util/common/test/shims/textEditor.ts(116,23): error TS2503: Cannot find namespace 'vscode'.
src/util/common/test/shims/textEditor.ts(117,20): error TS2503: Cannot find namespace 'vscode'.
src/util/common/test/shims/textEditor.ts(118,26): error TS2503: Cannot find namespace 'vscode'.
src/util/common/test/shims/textEditor.ts(119,23): error TS2503: Cannot find namespace 'vscode'.
src/util/common/test/shims/textEditor.ts(121,18): error TS2503: Cannot find namespace 'vscode'.
src/util/common/test/shims/textEditor.ts(124,13): error TS2503: Cannot find namespace 'vscode'.
src/util/common/test/shims/textEditor.ts(125,15): error TS2503: Cannot find namespace 'vscode'.
src/util/common/test/shims/textEditor.ts(126,12): error TS2503: Cannot find namespace 'vscode'.
src/util/common/test/shims/textEditor.ts(127,18): error TS2503: Cannot find namespace 'vscode'.
src/util/common/test/shims/textEditor.ts(128,15): error TS2503: Cannot find namespace 'vscode'.
src/util/common/test/shims/textEditor.ts(138,20): error TS2503: Cannot find namespace 'vscode'.
src/util/common/test/shims/textEditor.ts(145,21): error TS2503: Cannot find namespace 'vscode'.
src/util/common/test/shims/textEditor.ts(154,22): error TS2503: Cannot find namespace 'vscode'.
src/util/common/test/shims/textEditor.ts(164,25): error TS2503: Cannot find namespace 'vscode'.
src/util/common/test/shims/textEditor.ts(171,19): error TS2503: Cannot find namespace 'vscode'.
src/util/common/test/shims/textEditor.ts(174,23): error TS2503: Cannot find namespace 'vscode'.
src/util/common/test/shims/textEditor.ts(178,22): error TS2503: Cannot find namespace 'vscode'.
src/util/common/test/shims/textEditor.ts(192,35): error TS2503: Cannot find namespace 'vscode'.
src/util/common/test/shims/textEditor.ts(192,86): error TS2503: Cannot find namespace 'vscode'.
src/util/common/test/shims/textEditor.ts(195,42): error TS2503: Cannot find namespace 'vscode'.
src/util/common/test/shims/textEditor.ts(198,17): error TS2503: Cannot find namespace 'vscode'.
src/util/common/test/shims/textEditor.ts(207,26): error TS2503: Cannot find namespace 'vscode'.
src/util/common/test/shims/textEditor.ts(211,39): error TS2503: Cannot find namespace 'vscode'.
src/util/common/test/shims/textEditor.ts(215,27): error TS2503: Cannot find namespace 'vscode'.
src/util/common/test/shims/textEditor.ts(219,32): error TS2503: Cannot find namespace 'vscode'.
src/util/common/test/shims/vscodeTypesShim.ts(29,7): error TS2502: 'shim' is referenced directly or indirectly in its own type annotation.
src/util/common/tokenizer.ts(7,15): error TS2305: Module '"vscode"' has no exported member 'LanguageModelChatTool'.
src/util/vs/workbench/api/common/extHostDocumentData.ts(14,1): error TS6133: 'vscode' is declared but its value is never read.
src/util/vs/workbench/api/common/extHostDocumentData.ts(39,22): error TS2503: Cannot find namespace 'vscode'.
src/util/vs/workbench/api/common/extHostDocumentData.ts(67,18): error TS2503: Cannot find namespace 'vscode'.
src/util/vs/workbench/api/common/extHostDocumentData.ts(80,13): error TS7006: Parameter 'range' implicitly has an 'any' type.
src/util/vs/workbench/api/common/extHostDocumentData.ts(83,32): error TS2503: Cannot find namespace 'vscode'.
src/util/vs/workbench/api/common/extHostDocumentData.ts(84,14): error TS7006: Parameter 'pos' implicitly has an 'any' type.
src/util/vs/workbench/api/common/extHostDocumentData.ts(85,16): error TS7006: Parameter 'offset' implicitly has an 'any' type.
src/util/vs/workbench/api/common/extHostDocumentData.ts(86,19): error TS7006: Parameter 'ran' implicitly has an 'any' type.
src/util/vs/workbench/api/common/extHostDocumentData.ts(87,22): error TS7006: Parameter 'pos' implicitly has an 'any' type.
src/util/vs/workbench/api/common/extHostDocumentData.ts(88,28): error TS7006: Parameter 'pos' implicitly has an 'any' type.
src/util/vs/workbench/api/common/extHostDocumentData.ts(88,33): error TS7006: Parameter 'regexp' implicitly has an 'any' type.
src/util/vs/workbench/api/common/extHostDocumentData.ts(119,34): error TS2503: Cannot find namespace 'vscode'.
src/util/vs/workbench/api/common/extHostDocumentData.ts(144,43): error TS2503: Cannot find namespace 'vscode'.
src/util/vs/workbench/api/common/extHostDocumentData.ts(144,61): error TS2503: Cannot find namespace 'vscode'.
src/util/vs/workbench/api/common/extHostDocumentData.ts(162,30): error TS2503: Cannot find namespace 'vscode'.
src/util/vs/workbench/api/common/extHostDocumentData.ts(168,39): error TS2503: Cannot find namespace 'vscode'.
src/util/vs/workbench/api/common/extHostDocumentData.ts(183,32): error TS2503: Cannot find namespace 'vscode'.
src/util/vs/workbench/api/common/extHostDocumentData.ts(183,47): error TS2503: Cannot find namespace 'vscode'.
src/util/vs/workbench/api/common/extHostDocumentData.ts(203,38): error TS2503: Cannot find namespace 'vscode'.
src/util/vs/workbench/api/common/extHostDocumentData.ts(203,56): error TS2503: Cannot find namespace 'vscode'.
src/util/vs/workbench/api/common/extHostDocumentData.ts(249,45): error TS2503: Cannot find namespace 'vscode'.
src/util/vs/workbench/api/common/extHostDocumentData.ts(249,80): error TS2503: Cannot find namespace 'vscode'.
src/util/vs/workbench/api/common/extHostDocumentData.ts(275,45): error TS2503: Cannot find namespace 'vscode'.
src/util/vs/workbench/api/common/extHostTypes/location.ts(8,1): error TS6133: 'vscode' is declared but its value is never read.
src/util/vs/workbench/api/common/extHostTypes/location.ts(17,46): error TS2503: Cannot find namespace 'vscode'.
src/util/vs/workbench/api/common/extHostTypes/markdownString.ts(8,1): error TS6133: 'vscode' is declared but its value is never read.
src/util/vs/workbench/api/common/extHostTypes/markdownString.ts(13,40): error TS2503: Cannot find namespace 'vscode'.
src/util/vs/workbench/api/common/extHostTypes/markdownString.ts(17,52): error TS2503: Cannot find namespace 'vscode'.
src/util/vs/workbench/api/common/extHostTypes/markdownString.ts(24,20): error TS2503: Cannot find namespace 'vscode'.
src/util/vs/workbench/api/common/extHostTypes/markdownString.ts(24,72): error TS2503: Cannot find namespace 'vscode'.
src/util/vs/workbench/api/common/extHostTypes/markdownString.ts(24,123): error TS2503: Cannot find namespace 'vscode'.
src/util/vs/workbench/api/common/extHostTypes/markdownString.ts(24,171): error TS2503: Cannot find namespace 'vscode'.
src/util/vs/workbench/api/common/extHostTypes/markdownString.ts(70,17): error TS2503: Cannot find namespace 'vscode'.
src/util/vs/workbench/api/common/extHostTypes/markdownString.ts(74,21): error TS2503: Cannot find namespace 'vscode'.
src/util/vs/workbench/api/common/extHostTypes/markdownString.ts(78,29): error TS2503: Cannot find namespace 'vscode'.
src/util/vs/workbench/api/common/extHostTypes/markdownString.ts(83,33): error TS2503: Cannot find namespace 'vscode'.
src/util/vs/workbench/api/common/extHostTypes/markdownString.ts(88,53): error TS2503: Cannot find namespace 'vscode'.
src/util/vs/workbench/api/common/extHostTypes/notebooks.ts(8,1): error TS6133: 'vscode' is declared but its value is never read.
src/util/vs/workbench/api/common/extHostTypes/notebooks.ts(20,51): error TS2503: Cannot find namespace 'vscode'.
src/util/vs/workbench/api/common/extHostTypes/notebooks.ts(93,59): error TS2503: Cannot find namespace 'vscode'.
src/util/vs/workbench/api/common/extHostTypes/notebooks.ts(97,54): error TS2503: Cannot find namespace 'vscode'.
src/util/vs/workbench/api/common/extHostTypes/notebooks.ts(106,12): error TS2503: Cannot find namespace 'vscode'.
src/util/vs/workbench/api/common/extHostTypes/notebooks.ts(108,21): error TS2503: Cannot find namespace 'vscode'.
src/util/vs/workbench/api/common/extHostTypes/notebooks.ts(110,98): error TS2503: Cannot find namespace 'vscode'.
src/util/vs/workbench/api/common/extHostTypes/notebooks.ts(110,182): error TS2503: Cannot find namespace 'vscode'.
src/util/vs/workbench/api/common/extHostTypes/notebooks.ts(134,38): error TS2503: Cannot find namespace 'vscode'.
src/util/vs/workbench/api/common/extHostTypes/notebooks.ts(151,46): error TS2503: Cannot find namespace 'vscode'.
src/util/vs/workbench/api/common/extHostTypes/notebooks.ts(151,74): error TS2503: Cannot find namespace 'vscode'.
src/util/vs/workbench/api/common/extHostTypes/notebooks.ts(184,56): error TS2503: Cannot find namespace 'vscode'.
src/util/vs/workbench/api/common/extHostTypes/notebooks.ts(191,19): error TS2503: Cannot find namespace 'vscode'.
src/util/vs/workbench/api/common/extHostTypes/notebooks.ts(192,9): error TS2503: Cannot find namespace 'vscode'.
src/util/vs/workbench/api/common/extHostTypes/notebooks.ts(242,64): error TS2503: Cannot find namespace 'vscode'.
src/util/vs/workbench/api/common/extHostTypes/position.ts(8,1): error TS6133: 'vscode' is declared but its value is never read.
src/util/vs/workbench/api/common/extHostTypes/position.ts(57,17): error TS2503: Cannot find namespace 'vscode'.
src/util/vs/workbench/api/common/extHostTypes/range.ts(8,1): error TS6133: 'vscode' is declared but its value is never read.
src/util/vs/workbench/api/common/extHostTypes/range.ts(16,43): error TS2503: Cannot find namespace 'vscode'.
src/util/vs/workbench/api/common/extHostTypes/range.ts(27,17): error TS2503: Cannot find namespace 'vscode'.
src/util/vs/workbench/api/common/extHostTypes/range.ts(48,21): error TS2503: Cannot find namespace 'vscode'.
src/util/vs/workbench/api/common/extHostTypes/range.ts(48,43): error TS2503: Cannot find namespace 'vscode'.
src/util/vs/workbench/api/common/extHostTypes/range.ts(51,52): error TS2503: Cannot find namespace 'vscode'.
src/util/vs/workbench/api/common/extHostTypes/range.ts(51,107): error TS2503: Cannot find namespace 'vscode'.
src/util/vs/workbench/api/common/extHostTypes/range.ts(78,41): error TS2339: Property 'start' does not exist on type 'Position | Range'.
  Property 'start' does not exist on type 'Position'.
src/util/vs/workbench/api/common/extHostTypes/range.ts(79,38): error TS2339: Property 'end' does not exist on type 'Position | Range'.
  Property 'end' does not exist on type 'Position'.
src/util/vs/workbench/api/common/extHostTypes/range.ts(163,51): error TS2503: Cannot find namespace 'vscode'.
src/util/vs/workbench/api/common/extHostTypes/selection.ts(8,1): error TS6133: 'vscode' is declared but its value is never read.
src/util/vs/workbench/api/common/extHostTypes/selection.ts(84,59): error TS2503: Cannot find namespace 'vscode'.
src/util/vs/workbench/api/common/extHostTypes/snippetTextEdit.ts(8,1): error TS6133: 'vscode' is declared but its value is never read.
src/util/vs/workbench/api/common/extHostTypes/snippetTextEdit.ts(13,41): error TS2503: Cannot find namespace 'vscode'.
src/vscodeTypes.ts(7,26): error TS2503: Cannot find namespace 'vscode'.
src/vscodeTypes.ts(8,23): error TS2503: Cannot find namespace 'vscode'.
src/vscodeTypes.ts(9,27): error TS2503: Cannot find namespace 'vscode'.
src/vscodeTypes.ts(10,30): error TS2503: Cannot find namespace 'vscode'.
src/vscodeTypes.ts(11,41): error TS2503: Cannot find namespace 'vscode'.
src/vscodeTypes.ts(12,28): error TS2503: Cannot find namespace 'vscode'.
src/vscodeTypes.ts(13,26): error TS2503: Cannot find namespace 'vscode'.
src/vscodeTypes.ts(14,31): error TS2503: Cannot find namespace 'vscode'.
src/vscodeTypes.ts(15,21): error TS2503: Cannot find namespace 'vscode'.
src/vscodeTypes.ts(16,32): error TS2503: Cannot find namespace 'vscode'.
src/vscodeTypes.ts(17,39): error TS2503: Cannot find namespace 'vscode'.
src/vscodeTypes.ts(18,44): error TS2503: Cannot find namespace 'vscode'.
src/vscodeTypes.ts(19,38): error TS2503: Cannot find namespace 'vscode'.
src/vscodeTypes.ts(20,27): error TS2503: Cannot find namespace 'vscode'.
src/vscodeTypes.ts(21,36): error TS2503: Cannot find namespace 'vscode'.
src/vscodeTypes.ts(22,31): error TS2503: Cannot find namespace 'vscode'.
src/vscodeTypes.ts(23,26): error TS2503: Cannot find namespace 'vscode'.
src/vscodeTypes.ts(24,46): error TS2503: Cannot find namespace 'vscode'.
src/vscodeTypes.ts(25,35): error TS2503: Cannot find namespace 'vscode'.
src/vscodeTypes.ts(26,65): error TS2503: Cannot find namespace 'vscode'.
src/vscodeTypes.ts(27,42): error TS2503: Cannot find namespace 'vscode'.
src/vscodeTypes.ts(28,50): error TS2503: Cannot find namespace 'vscode'.
src/vscodeTypes.ts(29,38): error TS2503: Cannot find namespace 'vscode'.
src/vscodeTypes.ts(30,30): error TS2503: Cannot find namespace 'vscode'.
src/vscodeTypes.ts(31,42): error TS2503: Cannot find namespace 'vscode'.
src/vscodeTypes.ts(32,40): error TS2503: Cannot find namespace 'vscode'.
src/vscodeTypes.ts(33,42): error TS2503: Cannot find namespace 'vscode'.
src/vscodeTypes.ts(34,43): error TS2503: Cannot find namespace 'vscode'.
src/vscodeTypes.ts(35,43): error TS2503: Cannot find namespace 'vscode'.
src/vscodeTypes.ts(36,44): error TS2503: Cannot find namespace 'vscode'.
src/vscodeTypes.ts(37,46): error TS2503: Cannot find namespace 'vscode'.
src/vscodeTypes.ts(38,47): error TS2503: Cannot find namespace 'vscode'.
src/vscodeTypes.ts(39,41): error TS2503: Cannot find namespace 'vscode'.
src/vscodeTypes.ts(40,38): error TS2503: Cannot find namespace 'vscode'.
src/vscodeTypes.ts(41,38): error TS2503: Cannot find namespace 'vscode'.
src/vscodeTypes.ts(42,44): error TS2503: Cannot find namespace 'vscode'.
src/vscodeTypes.ts(43,46): error TS2503: Cannot find namespace 'vscode'.
src/vscodeTypes.ts(44,45): error TS2503: Cannot find namespace 'vscode'.
src/vscodeTypes.ts(45,61): error TS2503: Cannot find namespace 'vscode'.
src/vscodeTypes.ts(46,46): error TS2503: Cannot find namespace 'vscode'.
src/vscodeTypes.ts(47,42): error TS2503: Cannot find namespace 'vscode'.
src/vscodeTypes.ts(48,46): error TS2503: Cannot find namespace 'vscode'.
src/vscodeTypes.ts(49,47): error TS2503: Cannot find namespace 'vscode'.
src/vscodeTypes.ts(50,46): error TS2503: Cannot find namespace 'vscode'.
src/vscodeTypes.ts(51,30): error TS2503: Cannot find namespace 'vscode'.
src/vscodeTypes.ts(52,34): error TS2503: Cannot find namespace 'vscode'.
src/vscodeTypes.ts(53,50): error TS2503: Cannot find namespace 'vscode'.
src/vscodeTypes.ts(54,29): error TS2503: Cannot find namespace 'vscode'.
src/vscodeTypes.ts(55,33): error TS2503: Cannot find namespace 'vscode'.
src/vscodeTypes.ts(56,34): error TS2503: Cannot find namespace 'vscode'.
src/vscodeTypes.ts(57,31): error TS2503: Cannot find namespace 'vscode'.
src/vscodeTypes.ts(58,34): error TS2503: Cannot find namespace 'vscode'.
src/vscodeTypes.ts(59,42): error TS2503: Cannot find namespace 'vscode'.
src/vscodeTypes.ts(60,30): error TS2503: Cannot find namespace 'vscode'.
src/vscodeTypes.ts(61,39): error TS2503: Cannot find namespace 'vscode'.
src/vscodeTypes.ts(62,41): error TS2503: Cannot find namespace 'vscode'.
src/vscodeTypes.ts(63,46): error TS2503: Cannot find namespace 'vscode'.
src/vscodeTypes.ts(64,41): error TS2503: Cannot find namespace 'vscode'.
src/vscodeTypes.ts(65,49): error TS2503: Cannot find namespace 'vscode'.
src/vscodeTypes.ts(66,42): error TS2503: Cannot find namespace 'vscode'.
src/vscodeTypes.ts(67,35): error TS2503: Cannot find namespace 'vscode'.
src/vscodeTypes.ts(68,44): error TS2503: Cannot find namespace 'vscode'.
src/vscodeTypes.ts(69,39): error TS2503: Cannot find namespace 'vscode'.
src/vscodeTypes.ts(70,40): error TS2503: Cannot find namespace 'vscode'.
src/vscodeTypes.ts(71,43): error TS2503: Cannot find namespace 'vscode'.
src/vscodeTypes.ts(72,39): error TS2503: Cannot find namespace 'vscode'.
src/vscodeTypes.ts(73,40): error TS2503: Cannot find namespace 'vscode'.
src/vscodeTypes.ts(74,43): error TS2503: Cannot find namespace 'vscode'.
src/vscodeTypes.ts(75,44): error TS2503: Cannot find namespace 'vscode'.
src/vscodeTypes.ts(76,50): error TS2503: Cannot find namespace 'vscode'.
src/vscodeTypes.ts(77,41): error TS2503: Cannot find namespace 'vscode'.
src/vscodeTypes.ts(78,41): error TS2503: Cannot find namespace 'vscode'.
src/vscodeTypes.ts(79,34): error TS2503: Cannot find namespace 'vscode'.
src/vscodeTypes.ts(80,33): error TS2503: Cannot find namespace 'vscode'.
src/vscodeTypes.ts(81,39): error TS2503: Cannot find namespace 'vscode'.
src/vscodeTypes.ts(82,34): error TS2503: Cannot find namespace 'vscode'.
src/vscodeTypes.ts(83,31): error TS2503: Cannot find namespace 'vscode'.
src/vscodeTypes.ts(84,30): error TS2503: Cannot find namespace 'vscode'.
src/vscodeTypes.ts(85,34): error TS2503: Cannot find namespace 'vscode'.
src/vscodeTypes.ts(86,30): error TS2503: Cannot find namespace 'vscode'.
src/vscodeTypes.ts(87,32): error TS2503: Cannot find namespace 'vscode'.
src/vscodeTypes.ts(88,47): error TS2503: Cannot find namespace 'vscode'.
src/vscodeTypes.ts(89,61): error TS2503: Cannot find namespace 'vscode'.
src/vscodeTypes.ts(90,48): error TS2503: Cannot find namespace 'vscode'.
src/vscodeTypes.ts(91,27): error TS2503: Cannot find namespace 'vscode'.
src/vscodeTypes.ts(92,43): error TS2503: Cannot find namespace 'vscode'.
src/vscodeTypes.ts(93,45): error TS2503: Cannot find namespace 'vscode'.
src/vscodeTypes.ts(94,46): error TS2503: Cannot find namespace 'vscode'.
src/vscodeTypes.ts(95,46): error TS2503: Cannot find namespace 'vscode'.
src/vscodeTypes.ts(96,42): error TS2503: Cannot find namespace 'vscode'.
src/vscodeTypes.ts(97,43): error TS2503: Cannot find namespace 'vscode'.
src/vscodeTypes.ts(98,47): error TS2503: Cannot find namespace 'vscode'.
src/vscodeTypes.ts(99,42): error TS2503: Cannot find namespace 'vscode'.
src/vscodeTypes.ts(100,40): error TS2503: Cannot find namespace 'vscode'.
src/vscodeTypes.ts(101,48): error TS2503: Cannot find namespace 'vscode'.
src/vscodeTypes.ts(102,43): error TS2503: Cannot find namespace 'vscode'.
src/vscodeTypes.ts(103,46): error TS2503: Cannot find namespace 'vscode'.
src/vscodeTypes.ts(104,35): error TS2503: Cannot find namespace 'vscode'.
src/vscodeTypes.ts(105,34): error TS2503: Cannot find namespace 'vscode'.
src/vscodeTypes.ts(106,36): error TS2503: Cannot find namespace 'vscode'.
src/vscodeTypes.ts(107,28): error TS2503: Cannot find namespace 'vscode'.
src/vscodeTypes.ts(108,31): error TS2503: Cannot find namespace 'vscode'.
src/vscodeTypes.ts(109,33): error TS2503: Cannot find namespace 'vscode'.
src/vscodeTypes.ts(110,26): error TS2503: Cannot find namespace 'vscode'.
src/vscodeTypes.ts(111,35): error TS2503: Cannot find namespace 'vscode'.
src/vscodeTypes.ts(112,41): error TS2503: Cannot find namespace 'vscode'.
src/vscodeTypes.ts(113,42): error TS2503: Cannot find namespace 'vscode'.
src/vscodeTypes.ts(114,27): error TS2503: Cannot find namespace 'vscode'.
test/base/cachingChatMLFetcher.ts(9,15): error TS2305: Module '"vscode"' has no exported member 'CancellationToken'.
test/base/cachingCodeSearchClient.ts(5,15): error TS2305: Module '"vscode"' has no exported member 'CancellationToken'.
test/base/cachingEmbeddingsFetcher.ts(5,15): error TS2305: Module '"vscode"' has no exported member 'CancellationToken'.
test/base/extHostContext/simulationExtHostToolsService.ts(6,15): error TS2305: Module '"vscode"' has no exported member 'CancellationToken'.
test/base/extHostContext/simulationExtHostToolsService.ts(6,34): error TS2305: Module '"vscode"' has no exported member 'ChatRequest'.
test/base/extHostContext/simulationExtHostToolsService.ts(6,47): error TS2305: Module '"vscode"' has no exported member 'LanguageModelTool'.
test/base/extHostContext/simulationExtHostToolsService.ts(6,66): error TS2305: Module '"vscode"' has no exported member 'LanguageModelToolInformation'.
test/base/extHostContext/simulationExtHostToolsService.ts(6,96): error TS2305: Module '"vscode"' has no exported member 'LanguageModelToolInvocationOptions'.
test/base/extHostContext/simulationExtHostToolsService.ts(6,132): error TS2305: Module '"vscode"' has no exported member 'LanguageModelToolResult'.
test/base/extHostContext/simulationWorkspaceExtHost.ts(26,27): error TS2503: Cannot find namespace 'vscode'.
test/base/extHostContext/simulationWorkspaceExtHost.ts(26,46): error TS2503: Cannot find namespace 'vscode'.
test/base/extHostContext/simulationWorkspaceExtHost.ts(26,80): error TS2503: Cannot find namespace 'vscode'.
test/base/extHostContext/simulationWorkspaceExtHost.ts(26,95): error TS2503: Cannot find namespace 'vscode'.
test/base/simuliationWorkspaceChunkSearch.ts(5,15): error TS2305: Module '"vscode"' has no exported member 'ChatResponsePart'.
test/base/simuliationWorkspaceChunkSearch.ts(5,33): error TS2305: Module '"vscode"' has no exported member 'Progress'.
test/base/spyingChatMLFetcher.ts(6,15): error TS2305: Module '"vscode"' has no exported member 'CancellationToken'.
test/base/throttlingChatMLFetcher.ts(5,15): error TS2305: Module '"vscode"' has no exported member 'CancellationToken'.
test/base/throttlingCodeOrDocsSearchClient.ts(5,15): error TS2305: Module '"vscode"' has no exported member 'CancellationToken'.
test/codeMapper/codeMapper.stest.ts(6,15): error TS2305: Module '"vscode"' has no exported member 'MappedEditsResponseStream'.
test/codeMapper/codeMapper.stest.ts(627,14): error TS7006: Parameter 'target' implicitly has an 'any' type.
test/codeMapper/codeMapper.stest.ts(627,22): error TS7006: Parameter 'edits' implicitly has an 'any' type.
test/codeMapper/codeMapper.stest.ts(637,18): error TS7006: Parameter 'target' implicitly has an 'any' type.
test/codeMapper/codeMapper.stest.ts(637,26): error TS7006: Parameter 'edits' implicitly has an 'any' type.
test/e2e/cli.stest.ts(11,15): error TS2305: Module '"vscode"' has no exported member 'ChatParticipantToolToken'.
test/e2e/cli.stest.ts(11,41): error TS2305: Module '"vscode"' has no exported member 'ChatPromptReference'.
test/e2e/cli.stest.ts(182,97): error TS2554: Expected 1 arguments, but got 2.
test/e2e/newWorkspace.stest.ts(9,15): error TS2305: Module '"vscode"' has no exported member 'ChatResponseFileTree'.
test/e2e/notebookTools.stest.ts(38,62): error TS7006: Parameter 'c' implicitly has an 'any' type.
test/e2e/notebookTools.stest.ts(38,85): error TS7006: Parameter 'c' implicitly has an 'any' type.
test/e2e/notebookTools.stest.ts(149,66): error TS7006: Parameter 'c' implicitly has an 'any' type.
test/e2e/notebookTools.stest.ts(149,89): error TS7006: Parameter 'c' implicitly has an 'any' type.
test/e2e/notebookTools.stest.ts(217,67): error TS7006: Parameter 'c' implicitly has an 'any' type.
test/e2e/scenarioLoader.ts(10,15): error TS2305: Module '"vscode"' has no exported member 'ChatResponseFileTreePart'.
test/e2e/scenarioLoader.ts(10,41): error TS2305: Module '"vscode"' has no exported member 'Command'.
test/e2e/scenarioTest.ts(8,15): error TS2305: Module '"vscode"' has no exported member 'ChatErrorDetails'.
test/e2e/scenarioTest.ts(8,33): error TS2305: Module '"vscode"' has no exported member 'LanguageModelToolInformation'.
test/e2e/scenarioTest.ts(8,63): error TS2305: Module '"vscode"' has no exported member 'MappedEditsResponseStream'.
test/e2e/scenarioTest.ts(8,90): error TS2305: Module '"vscode"' has no exported member 'TextDocument'.
test/e2e/scenarioTest.ts(99,23): error TS2339: Property 'errorDetails' does not exist on type 'ICopilotChatResult'.
test/e2e/scenarioTest.ts(99,44): error TS2339: Property 'errorDetails' does not exist on type 'ICopilotChatResult'.
test/e2e/scenarioTest.ts(146,18): error TS7006: Parameter 'target' implicitly has an 'any' type.
test/e2e/scenarioTest.ts(146,26): error TS7006: Parameter 'edits' implicitly has an 'any' type.
test/e2e/scenarioTest.ts(149,22): error TS7006: Parameter 'target' implicitly has an 'any' type.
test/e2e/scenarioTest.ts(149,30): error TS7006: Parameter 'edits' implicitly has an 'any' type.
test/e2e/search.stest.ts(9,15): error TS2305: Module '"vscode"' has no exported member 'Command'.
test/e2e/semanticSearchView.stest.ts(8,15): error TS2305: Module '"vscode"' has no exported member 'TextSearchMatch2'.
test/e2e/testHelper.ts(6,15): error TS2305: Module '"vscode"' has no exported member 'ChatLanguageModelToolReference'.
test/e2e/testHelper.ts(6,47): error TS2305: Module '"vscode"' has no exported member 'ChatPromptReference'.
test/intent/intentTest.ts(9,15): error TS2305: Module '"vscode"' has no exported member 'ChatParticipantDetectionResult'.
test/intent/intentTest.ts(9,47): error TS2305: Module '"vscode"' has no exported member 'ChatParticipantMetadata'.
test/pipeline/promptStep.ts(83,4): error TS2353: Object literal may only specify known properties, and 'triggerKind' does not exist in type 'NESInlineCompletionContext'.
test/simulation/diagnosticProviders/utils.ts(10,1): error TS6133: 'vscode' is declared but its value is never read.
test/simulation/diagnosticProviders/utils.ts(93,109): error TS2503: Cannot find namespace 'vscode'.
test/simulation/diagnosticProviders/utils.ts(93,134): error TS2503: Cannot find namespace 'vscode'.
test/simulation/diagnosticProviders/utils.ts(94,33): error TS2503: Cannot find namespace 'vscode'.
test/simulation/inlineChatSimulator.ts(7,1): error TS6133: 'vscode' is declared but its value is never read.
test/simulation/inlineChatSimulator.ts(173,22): error TS2503: Cannot find namespace 'vscode'.
test/simulation/inlineChatSimulator.ts(173,50): error TS2503: Cannot find namespace 'vscode'.
test/simulation/inlineChatSimulator.ts(174,90): error TS2503: Cannot find namespace 'vscode'.
test/simulation/inlineChatSimulator.ts(180,13): error TS2503: Cannot find namespace 'vscode'.
test/simulation/inlineChatSimulator.ts(181,14): error TS2503: Cannot find namespace 'vscode'.
test/simulation/inlineChatSimulator.ts(183,101): error TS2503: Cannot find namespace 'vscode'.
test/simulation/inlineChatSimulator.ts(183,134): error TS2503: Cannot find namespace 'vscode'.
test/simulation/inlineChatSimulator.ts(212,43): error TS2503: Cannot find namespace 'vscode'.
test/simulation/inlineChatSimulator.ts(216,20): error TS2503: Cannot find namespace 'vscode'.
test/simulation/inlineChatSimulator.ts(264,40): error TS2503: Cannot find namespace 'vscode'.
test/simulation/inlineChatSimulator.ts(279,41): error TS2503: Cannot find namespace 'vscode'.
test/simulation/inlineChatSimulator.ts(342,23): error TS2503: Cannot find namespace 'vscode'.
test/simulation/inlineChatSimulator.ts(343,22): error TS2503: Cannot find namespace 'vscode'.
test/simulation/inlineChatSimulator.ts(344,26): error TS2503: Cannot find namespace 'vscode'.
test/simulation/inlineChatSimulator.ts(369,17): error TS2503: Cannot find namespace 'vscode'.
test/simulation/inlineChatSimulator.ts(401,16): error TS2503: Cannot find namespace 'vscode'.
test/simulation/inlineChatSimulator.ts(447,38): error TS7006: Parameter 'edit' implicitly has an 'any' type.
test/simulation/inlineChatSimulator.ts(518,22): error TS2339: Property 'errorDetails' does not exist on type 'ICopilotChatResult'.
test/simulation/inlineChatSimulator.ts(519,53): error TS2339: Property 'errorDetails' does not exist on type 'ICopilotChatResult'.
test/simulation/inlineChatSimulator.ts(706,29): error TS2503: Cannot find namespace 'vscode'.
test/simulation/inlineChatSimulator.ts(709,65): error TS2554: Expected 1 arguments, but got 2.
test/simulation/inlineChatSimulator.ts(730,43): error TS2503: Cannot find namespace 'vscode'.
test/simulation/inlineChatSimulator.ts(730,70): error TS2503: Cannot find namespace 'vscode'.
test/simulation/inlineChatSimulator.ts(730,88): error TS2503: Cannot find namespace 'vscode'.
test/simulation/inlineChatSimulator.ts(735,40): error TS2503: Cannot find namespace 'vscode'.
test/simulation/inlineChatSimulator.ts(735,67): error TS2503: Cannot find namespace 'vscode'.
test/simulation/inlineChatSimulator.ts(735,85): error TS2503: Cannot find namespace 'vscode'.
test/simulation/inlineChatSimulator.ts(751,40): error TS2503: Cannot find namespace 'vscode'.
test/simulation/inlineChatSimulator.ts(751,67): error TS2503: Cannot find namespace 'vscode'.
test/simulation/inlineChatSimulator.ts(751,85): error TS2503: Cannot find namespace 'vscode'.
test/simulation/inlineChatSimulator.ts(768,77): error TS2503: Cannot find namespace 'vscode'.
test/simulation/inlineChatSimulator.ts(768,105): error TS2503: Cannot find namespace 'vscode'.
test/simulation/inlineChatSimulator.ts(768,131): error TS2503: Cannot find namespace 'vscode'.
test/simulation/inlineChatSimulator.ts(768,146): error TS2503: Cannot find namespace 'vscode'.
test/simulation/inlineChatSimulator.ts(769,77): error TS2503: Cannot find namespace 'vscode'.
test/simulation/inlineChatSimulator.ts(769,105): error TS2503: Cannot find namespace 'vscode'.
test/simulation/inlineChatSimulator.ts(769,131): error TS2503: Cannot find namespace 'vscode'.
test/simulation/inlineChatSimulator.ts(769,158): error TS2503: Cannot find namespace 'vscode'.
test/simulation/inlineChatSimulator.ts(770,77): error TS2503: Cannot find namespace 'vscode'.
test/simulation/inlineChatSimulator.ts(770,105): error TS2503: Cannot find namespace 'vscode'.
test/simulation/inlineChatSimulator.ts(770,131): error TS2503: Cannot find namespace 'vscode'.
test/simulation/inlineChatSimulator.ts(770,158): error TS2503: Cannot find namespace 'vscode'.
test/simulation/inlineChatSimulator.ts(800,112): error TS2503: Cannot find namespace 'vscode'.
test/simulation/inlineChatSimulator.ts(819,36): error TS2503: Cannot find namespace 'vscode'.
test/simulation/inlineChatSimulator.ts(823,33): error TS2503: Cannot find namespace 'vscode'.
test/simulation/inlineChatSimulator.ts(830,94): error TS2503: Cannot find namespace 'vscode'.
test/simulation/inlineChatSimulator.ts(838,86): error TS2503: Cannot find namespace 'vscode'.
test/simulation/inlineEdit/inlineEditTester.ts(172,49): error TS2353: Object literal may only specify known properties, and 'triggerKind' does not exist in type 'NESInlineCompletionContext'.
test/simulation/language/lsifLanguageFeatureService.ts(8,1): error TS6133: 'vscode' is declared but its value is never read.
test/simulation/language/lsifLanguageFeatureService.ts(17,97): error TS2503: Cannot find namespace 'vscode'.
test/simulation/language/lsifLanguageFeatureService.ts(196,32): error TS2503: Cannot find namespace 'vscode'.
test/simulation/language/lsifLanguageFeatureService.ts(196,53): error TS2503: Cannot find namespace 'vscode'.
test/simulation/language/lsifLanguageFeatureService.ts(200,28): error TS2503: Cannot find namespace 'vscode'.
test/simulation/language/lsifLanguageFeatureService.ts(200,50): error TS2503: Cannot find namespace 'vscode'.
test/simulation/language/lsifLanguageFeatureService.ts(200,77): error TS2503: Cannot find namespace 'vscode'.
test/simulation/language/lsifLanguageFeatureService.ts(200,99): error TS2503: Cannot find namespace 'vscode'.
test/simulation/language/lsifLanguageFeatureService.ts(205,32): error TS2503: Cannot find namespace 'vscode'.
test/simulation/language/lsifLanguageFeatureService.ts(205,54): error TS2503: Cannot find namespace 'vscode'.
test/simulation/language/lsifLanguageFeatureService.ts(205,81): error TS2503: Cannot find namespace 'vscode'.
test/simulation/language/lsifLanguageFeatureService.ts(205,103): error TS2503: Cannot find namespace 'vscode'.
test/simulation/language/lsifLanguageFeatureService.ts(210,27): error TS2503: Cannot find namespace 'vscode'.
test/simulation/language/lsifLanguageFeatureService.ts(210,49): error TS2503: Cannot find namespace 'vscode'.
test/simulation/language/lsifLanguageFeatureService.ts(210,75): error TS2503: Cannot find namespace 'vscode'.
test/simulation/language/lsifLanguageFeatureService.ts(215,23): error TS2503: Cannot find namespace 'vscode'.
test/simulation/language/lsifLanguageFeatureService.ts(215,36): error TS2503: Cannot find namespace 'vscode'.
test/simulation/language/lsifLanguageFeatureService.ts(219,52): error TS2503: Cannot find namespace 'vscode'.
test/simulation/language/simulationLanguageFeatureService.ts(5,1): error TS6133: 'vscode' is declared but its value is never read.
test/simulation/language/simulationLanguageFeatureService.ts(31,35): error TS2503: Cannot find namespace 'vscode'.
test/simulation/language/simulationLanguageFeatureService.ts(44,26): error TS2503: Cannot find namespace 'vscode'.
test/simulation/language/simulationLanguageFeatureService.ts(44,47): error TS2503: Cannot find namespace 'vscode'.
test/simulation/language/simulationLanguageFeatureService.ts(47,22): error TS2503: Cannot find namespace 'vscode'.
test/simulation/language/simulationLanguageFeatureService.ts(47,44): error TS2503: Cannot find namespace 'vscode'.
test/simulation/language/simulationLanguageFeatureService.ts(47,71): error TS2503: Cannot find namespace 'vscode'.
test/simulation/language/simulationLanguageFeatureService.ts(47,93): error TS2503: Cannot find namespace 'vscode'.
test/simulation/language/simulationLanguageFeatureService.ts(50,26): error TS2503: Cannot find namespace 'vscode'.
test/simulation/language/simulationLanguageFeatureService.ts(50,48): error TS2503: Cannot find namespace 'vscode'.
test/simulation/language/simulationLanguageFeatureService.ts(50,75): error TS2503: Cannot find namespace 'vscode'.
test/simulation/language/simulationLanguageFeatureService.ts(50,97): error TS2503: Cannot find namespace 'vscode'.
test/simulation/language/simulationLanguageFeatureService.ts(53,21): error TS2503: Cannot find namespace 'vscode'.
test/simulation/language/simulationLanguageFeatureService.ts(53,43): error TS2503: Cannot find namespace 'vscode'.
test/simulation/language/simulationLanguageFeatureService.ts(53,69): error TS2503: Cannot find namespace 'vscode'.
test/simulation/language/simulationLanguageFeatureService.ts(56,22): error TS2503: Cannot find namespace 'vscode'.
test/simulation/language/simulationLanguageFeatureService.ts(56,35): error TS2503: Cannot find namespace 'vscode'.
test/simulation/language/simulationLanguageFeatureService.ts(59,46): error TS2503: Cannot find namespace 'vscode'.
test/simulation/language/simulationLanguageFeatureService.ts(91,35): error TS2503: Cannot find namespace 'vscode'.
test/simulation/language/simulationLanguageFeatureService.ts(91,57): error TS2503: Cannot find namespace 'vscode'.
test/simulation/language/simulationLanguageFeatureService.ts(91,83): error TS2503: Cannot find namespace 'vscode'.
test/simulation/language/simulationLanguageFeatureService.ts(109,34): error TS2503: Cannot find namespace 'vscode'.
test/simulation/language/simulationLanguageFeatureService.ts(109,56): error TS2503: Cannot find namespace 'vscode'.
test/simulation/language/simulationLanguageFeatureService.ts(109,82): error TS2503: Cannot find namespace 'vscode'.
test/simulation/language/simulationLanguageFeatureService.ts(127,48): error TS2503: Cannot find namespace 'vscode'.
test/simulation/language/simulationLanguageFeatureService.ts(127,70): error TS2503: Cannot find namespace 'vscode'.
test/simulation/language/simulationLanguageFeatureService.ts(128,8): error TS2503: Cannot find namespace 'vscode'.
test/simulation/language/simulationLanguageFeatureService.ts(129,13): error TS2503: Cannot find namespace 'vscode'.
test/simulation/language/simulationLanguageFeatureService.ts(131,59): error TS2503: Cannot find namespace 'vscode'.
test/simulation/language/simulationLanguageFeatureService.ts(152,26): error TS2503: Cannot find namespace 'vscode'.
test/simulation/language/simulationLanguageFeatureService.ts(152,48): error TS2503: Cannot find namespace 'vscode'.
test/simulation/language/simulationLanguageFeatureService.ts(152,75): error TS2503: Cannot find namespace 'vscode'.
test/simulation/language/simulationLanguageFeatureService.ts(152,93): error TS2503: Cannot find namespace 'vscode'.
test/simulation/language/simulationLanguageFeatureService.ts(155,46): error TS2503: Cannot find namespace 'vscode'.
test/simulation/language/simulationLanguageFeatureService.ts(158,26): error TS2503: Cannot find namespace 'vscode'.
test/simulation/language/simulationLanguageFeatureService.ts(158,47): error TS2503: Cannot find namespace 'vscode'.
test/simulation/language/simulationLanguageFeatureService.ts(161,22): error TS2503: Cannot find namespace 'vscode'.
test/simulation/language/simulationLanguageFeatureService.ts(161,35): error TS2503: Cannot find namespace 'vscode'.
test/simulation/language/tsServerClient.ts(10,1): error TS6133: 'vscode' is declared but its value is never read.
test/simulation/language/tsServerClient.ts(190,52): error TS2503: Cannot find namespace 'vscode'.
test/simulation/language/tsServerClient.ts(190,105): error TS2503: Cannot find namespace 'vscode'.
test/simulation/language/tsServerClient.ts(194,51): error TS2503: Cannot find namespace 'vscode'.
test/simulation/language/tsServerClient.ts(194,104): error TS2503: Cannot find namespace 'vscode'.
test/simulation/language/tsServerClient.ts(200,31): error TS2503: Cannot find namespace 'vscode'.
test/simulation/language/tsServerClient.ts(201,40): error TS2503: Cannot find namespace 'vscode'.
test/simulation/notebookEdits.stest.ts(7,15): error TS2305: Module '"vscode"' has no exported member 'NotebookCell'.
test/simulation/notebookEdits.stest.ts(321,65): error TS7006: Parameter 'cell' implicitly has an 'any' type.
test/simulation/notebookEdits.stest.ts(350,65): error TS7006: Parameter 'cell' implicitly has an 'any' type.
test/simulation/notebookEdits.stest.ts(353,37): error TS7006: Parameter 'md' implicitly has an 'any' type.
test/simulation/notebookEdits.stest.ts(354,37): error TS7006: Parameter 'md' implicitly has an 'any' type.
test/simulation/notebookEdits.stest.ts(355,37): error TS7006: Parameter 'md' implicitly has an 'any' type.
test/simulation/notebookEdits.stest.ts(435,44): error TS7006: Parameter 'cell' implicitly has an 'any' type.
test/simulation/notebookEdits.stest.ts(495,65): error TS7006: Parameter 'c' implicitly has an 'any' type.
test/simulation/notebookEdits.stest.ts(496,61): error TS7006: Parameter 'c' implicitly has an 'any' type.
test/simulation/notebookEdits.stest.ts(499,33): error TS7006: Parameter 'c' implicitly has an 'any' type.
test/simulation/notebookEdits.stest.ts(499,140): error TS7006: Parameter 'c' implicitly has an 'any' type.
test/simulation/notebooks.stest.ts(10,15): error TS2305: Module '"vscode"' has no exported member 'NotebookDocument'.
test/simulation/panelCodeMapperSimulator.ts(5,15): error TS2305: Module '"vscode"' has no exported member 'ChatPromptReference'.
test/simulation/panelCodeMapperSimulator.ts(5,36): error TS2305: Module '"vscode"' has no exported member 'ChatResponseStream'.
test/simulation/panelCodeMapperSimulator.ts(91,23): error TS2339: Property 'errorDetails' does not exist on type 'ICopilotChatResult'.
test/simulation/panelCodeMapperSimulator.ts(95,53): error TS2339: Property 'errorDetails' does not exist on type 'ICopilotChatResult'.
test/simulation/renameSuggestionsProvider.stest.ts(7,1): error TS6133: 'vscode' is declared but its value is never read.
test/simulation/renameSuggestionsProvider.stest.ts(25,73): error TS2503: Cannot find namespace 'vscode'.
test/simulation/renameSuggestionsProvider.stest.ts(25,95): error TS2503: Cannot find namespace 'vscode'.
test/simulation/renameSuggestionsProvider.stest.ts(45,52): error TS2503: Cannot find namespace 'vscode'.
test/simulation/renameSuggestionsProvider.stest.ts(57,40): error TS2503: Cannot find namespace 'vscode'.
test/simulation/renameSuggestionsProvider.stest.ts(62,40): error TS2503: Cannot find namespace 'vscode'.
test/simulation/setupTests.stest.ts(7,15): error TS2305: Module '"vscode"' has no exported member 'ChatResponseFileTree'.
test/simulation/setupTests.stest.ts(81,30): error TS7006: Parameter 'child' implicitly has an 'any' type.
test/simulation/setupTests.stest.ts(86,32): error TS7006: Parameter 'v' implicitly has an 'any' type.
test/simulation/types.ts(5,15): error TS2305: Module '"vscode"' has no exported member 'ChatErrorDetails'.
test/simulation/types.ts(5,33): error TS2305: Module '"vscode"' has no exported member 'Diagnostic'.
test/simulation/types.ts(5,45): error TS2305: Module '"vscode"' has no exported member 'FormattingOptions'.
test/simulation/types.ts(5,64): error TS2305: Module '"vscode"' has no exported member 'Uri'.
test/simulation/types.ts(5,69): error TS2305: Module '"vscode"' has no exported member 'WorkspaceEdit'.
