npm warn Unknown project config "timeout". This will stop working in the next major version of npm.

> copilot-chat@0.49.52 typecheck
> npx tsgo --noEmit --project tsconfig.json && npx tsgo --noEmit --project test/simulation/workbench/tsconfig.json && npx tsgo --noEmit --project tsconfig.worker.json && npx tsgo --noEmit --project src/extension/completions-core/vscode-node/extension/src/copilotPanel/webView/tsconfig.json

npm warn Unknown env config "timeout". This will stop working in the next major version of npm.
npm warn Unknown project config "timeout". This will stop working in the next major version of npm.
npm error code E404
npm error 404 Not Found - GET https://registry.npmjs.org/tsgo - Not found
npm error 404
npm error 404  'tsgo@*' is not in this registry.
npm error 404
npm error 404 Note that you can also install from a
npm error 404 tarball, folder, http url, or git url.
npm error A complete log of this run can be found in: /Users/guillaume/.npm/_logs/2026-05-18T09_10_00_530Z-debug-0.log
